{
  "data": [
    {
      "collection_id": "9ce2b465-74e7-4ba2-8977-af70470f7a81",
      "errors": [],
      "files": {
        "crockett.pdf": {
          "messages": [],
          "status": "uploaded"
        }
      },
      "item_index": 0,
      "metadata": {
        "access": {
          "embargo": {
            "active": false,
            "reason": null
          },
          "files": "public",
          "record": "public",
          "status": "open"
        },
        "created": "2026-08-30T11:14:47.007269+00:00",
        "custom_fields": {
          "journal:journal": {
            "issn": "1530-5228",
            "issue": "1",
            "pages": "",
            "title": "Journal for Cultural & Religious Theory",
            "volume": "1"
          },
          "kcr:user_defined_tags": [
            "science-fiction",
            "desire-and-religion",
            "other-philosophy",
            "human-body-in-religion",
            "1901-1981",
            "jacques",
            "lacan",
            "psychoanalysis-and-religion",
            "slavoj",
            "z-iz-ek",
            "the",
            "feminist-theory",
            "subject-philosophy",
            "1856-1939",
            "freud",
            "sigmund",
            "sublime",
            "bergeron",
            "danielle"
          ]
        },
        "deletion_status": {
          "is_deleted": false,
          "status": "P"
        },
        "files": {
          "count": 1,
          "enabled": true,
          "entries": {
            "crockett.pdf": {
              "access": {
                "hidden": false
              },
              "checksum": "md5:56b50e1f4001dd75a67a32a4ce9ae157",
              "ext": "pdf",
              "id": "53c7a26c-72b9-4013-b1b8-6b355181b83d",
              "key": "crockett.pdf",
              "links": {
                "content": "https://works.hcommons.org/api/records/20gbx-k8r38/files/crockett.pdf/content",
                "iiif_api": "https://works.hcommons.org/api/iiif/record:20gbx-k8r38:crockett.pdf/full/full/0/default.png",
                "iiif_base": "https://works.hcommons.org/api/iiif/record:20gbx-k8r38:crockett.pdf",
                "iiif_canvas": "https://works.hcommons.org/api/iiif/record:20gbx-k8r38/canvas/crockett.pdf",
                "iiif_info": "https://works.hcommons.org/api/iiif/record:20gbx-k8r38:crockett.pdf/info.json",
                "self": "https://works.hcommons.org/api/records/20gbx-k8r38/files/crockett.pdf"
              },
              "metadata": {},
              "mimetype": "application/pdf",
              "size": 869100,
              "storage_class": "L"
            }
          },
          "order": [],
          "total_bytes": 869100
        },
        "id": "20gbx-k8r38",
        "is_draft": false,
        "is_published": true,
        "links": {
          "access": "https://works.hcommons.org/api/records/20gbx-k8r38/access",
          "access_grants": "https://works.hcommons.org/api/records/20gbx-k8r38/access/grants",
          "access_groups": "https://works.hcommons.org/api/records/20gbx-k8r38/access/groups",
          "access_links": "https://works.hcommons.org/api/records/20gbx-k8r38/access/links",
          "access_request": "https://works.hcommons.org/api/records/20gbx-k8r38/access/request",
          "access_users": "https://works.hcommons.org/api/records/20gbx-k8r38/access/users",
          "archive": "https://works.hcommons.org/api/records/20gbx-k8r38/files-archive",
          "archive_media": "https://works.hcommons.org/api/records/20gbx-k8r38/media-files-archive",
          "communities": "https://works.hcommons.org/api/records/20gbx-k8r38/communities",
          "communities-suggestions": "https://works.hcommons.org/api/records/20gbx-k8r38/communities-suggestions",
          "doi": "https://doi.org/10.17613/20gbx-k8r38",
          "draft": "https://works.hcommons.org/api/records/20gbx-k8r38/draft",
          "files": "https://works.hcommons.org/api/records/20gbx-k8r38/files",
          "latest": "https://works.hcommons.org/api/records/20gbx-k8r38/versions/latest",
          "latest_html": "https://works.hcommons.org/records/20gbx-k8r38/latest",
          "media_files": "https://works.hcommons.org/api/records/20gbx-k8r38/media-files",
          "parent": "https://works.hcommons.org/api/records/0bkat-x3c78",
          "parent_doi": "https://works.hcommons.org/doi/10.17613/0bkat-x3c78",
          "parent_html": "https://works.hcommons.org/records/0bkat-x3c78",
          "requests": "https://works.hcommons.org/api/records/20gbx-k8r38/requests",
          "reserve_doi": "https://works.hcommons.org/api/records/20gbx-k8r38/draft/pids/doi",
          "self": "https://works.hcommons.org/api/records/20gbx-k8r38",
          "self_doi": "https://works.hcommons.org/doi/10.17613/20gbx-k8r38",
          "self_html": "https://works.hcommons.org/records/20gbx-k8r38",
          "self_iiif_manifest": "https://works.hcommons.org/api/iiif/record:20gbx-k8r38/manifest",
          "self_iiif_sequence": "https://works.hcommons.org/api/iiif/record:20gbx-k8r38/sequence/default",
          "versions": "https://works.hcommons.org/api/records/20gbx-k8r38/versions"
        },
        "media_files": {
          "count": 0,
          "enabled": false,
          "entries": {},
          "order": [],
          "total_bytes": 0
        },
        "metadata": {
          "creators": [
            {
              "person_or_org": {
                "family_name": "Crockett",
                "given_name": "Clayton",
                "name": "Crockett, Clayton",
                "type": "personal"
              },
              "role": {
                "id": "author",
                "title": {
                  "en": "Author"
                }
              }
            }
          ],
          "identifiers": [
            {
              "identifier": "lSgffu",
              "scheme": "import-recid"
            },
            {
              "identifier": "https://jcrt.org/archives/01.1/crockett/",
              "scheme": "url"
            }
          ],
          "languages": [
            {
              "id": "eng",
              "title": {
                "en": "English"
              }
            }
          ],
          "publication_date": "1999",
          "publisher": "Whitestone Publications",
          "resource_type": {
            "id": "textDocument-journalArticle",
            "title": {
              "de": "Zeitschriftenartikel",
              "en": "Journal article"
            }
          },
          "rights": [
            {
              "link": "https://jcrt.org/copyright/",
              "title": {
                "en": "Copyright held by the author(s). Published in the Journal for Cultural and Religious Theory."
              }
            }
          ],
          "subjects": [
            {
              "id": "http://id.worldcat.org/fast/922816",
              "scheme": "FAST-topical",
              "subject": "Feminist theory"
            },
            {
              "id": "http://id.worldcat.org/fast/1048904",
              "scheme": "FAST-topical",
              "subject": "Other (Philosophy)"
            },
            {
              "id": "http://id.worldcat.org/fast/1081280",
              "scheme": "FAST-topical",
              "subject": "Psychoanalysis and religion"
            },
            {
              "id": "http://id.worldcat.org/fast/1108566",
              "scheme": "FAST-topical",
              "subject": "Science fiction"
            },
            {
              "id": "http://id.worldcat.org/fast/1136447",
              "scheme": "FAST-topical",
              "subject": "Subject (Philosophy)"
            }
          ],
          "title": "Anxiety and the S(Ub)Lime Body of God"
        },
        "parent": {
          "access": {
            "grants": [],
            "links": [],
            "owned_by": {
              "user": "3742"
            },
            "settings": {
              "accept_conditions_text": null,
              "allow_guest_requests": false,
              "allow_user_requests": false,
              "secret_link_expiration": 0
            }
          },
          "communities": {
            "default": "9ce2b465-74e7-4ba2-8977-af70470f7a81",
            "entries": [
              {
                "access": {
                  "member_policy": "open",
                  "members_visibility": "public",
                  "record_policy": "open",
                  "review_policy": "closed",
                  "visibility": "public"
                },
                "children": {
                  "allow": false
                },
                "created": "2026-08-30T11:14:42.583612+00:00",
                "custom_fields": {
                  "stats:dashboard_enabled": false
                },
                "deletion_status": {
                  "is_deleted": false,
                  "status": "P"
                },
                "id": "9ce2b465-74e7-4ba2-8977-af70470f7a81",
                "links": {},
                "metadata": {
                  "description": "JCRT 01.1",
                  "title": "JCRT 01.1",
                  "type": {
                    "id": "journal"
                  },
                  "website": "https://jcrt.org/archives/01.1/"
                },
                "revision_id": 3,
                "slug": "jcrt-011",
                "updated": "2026-08-30T11:14:43.414009+00:00"
              }
            ],
            "ids": [
              "9ce2b465-74e7-4ba2-8977-af70470f7a81"
            ]
          },
          "id": "0bkat-x3c78",
          "pids": {
            "doi": {
              "client": "datacite",
              "identifier": "10.17613/0bkat-x3c78",
              "provider": "datacite"
            }
          }
        },
        "pids": {
          "doi": {
            "client": "datacite",
            "identifier": "10.17613/20gbx-k8r38",
            "provider": "datacite"
          },
          "oai": {
            "identifier": "oai:https://works.hcommons.org:20gbx-k8r38",
            "provider": "oai"
          }
        },
        "revision_id": 5,
        "stats": {
          "all_versions": {
            "data_volume": 0.0,
            "downloads": 0,
            "unique_downloads": 0,
            "unique_views": 0,
            "views": 0
          },
          "this_version": {
            "data_volume": 0.0,
            "downloads": 0,
            "unique_downloads": 0,
            "unique_views": 0,
            "views": 0
          }
        },
        "status": "published",
        "updated": "2026-08-30T11:14:47.255079+00:00",
        "versions": {
          "index": 1,
          "is_latest": true,
          "is_latest_draft": true
        }
      },
      "record_id": "20gbx-k8r38",
      "record_url": "https://works.hcommons.org/records/20gbx-k8r38",
      "source_id": ""
    },
    {
      "collection_id": "9ce2b465-74e7-4ba2-8977-af70470f7a81",
      "errors": [],
      "files": {
        "kavka.pdf": {
          "messages": [],
          "status": "uploaded"
        }
      },
      "item_index": 1,
      "metadata": {
        "access": {
          "embargo": {
            "active": false,
            "reason": null
          },
          "files": "public",
          "record": "public",
          "status": "open"
        },
        "created": "2026-08-30T11:14:48.934720+00:00",
        "custom_fields": {
          "journal:journal": {
            "issn": "1530-5228",
            "issue": "1",
            "pages": "",
            "title": "Journal for Cultural & Religious Theory",
            "volume": "1"
          },
          "kcr:user_defined_tags": [
            "deconstruction",
            "jacques-derrida",
            "john-caputo",
            "religion-without-religion",
            "phenomenology",
            "edmund-husserl",
            "messianism",
            "emmanuel-levinas",
            "negative-theology",
            "faith-and-knowledge",
            "alterity",
            "meister-eckhart",
            "rationality"
          ]
        },
        "deletion_status": {
          "is_deleted": false,
          "status": "P"
        },
        "files": {
          "count": 1,
          "enabled": true,
          "entries": {
            "kavka.pdf": {
              "access": {
                "hidden": false
              },
              "checksum": "md5:433ecfc1ee647a5b377e9688c73f68b5",
              "ext": "pdf",
              "id": "f599ac2f-de18-4361-8ffc-49a7245c8343",
              "key": "kavka.pdf",
              "links": {
                "content": "https://works.hcommons.org/api/records/nz2hk-nae64/files/kavka.pdf/content",
                "iiif_api": "https://works.hcommons.org/api/iiif/record:nz2hk-nae64:kavka.pdf/full/full/0/default.png",
                "iiif_base": "https://works.hcommons.org/api/iiif/record:nz2hk-nae64:kavka.pdf",
                "iiif_canvas": "https://works.hcommons.org/api/iiif/record:nz2hk-nae64/canvas/kavka.pdf",
                "iiif_info": "https://works.hcommons.org/api/iiif/record:nz2hk-nae64:kavka.pdf/info.json",
                "self": "https://works.hcommons.org/api/records/nz2hk-nae64/files/kavka.pdf"
              },
              "metadata": {},
              "mimetype": "application/pdf",
              "size": 698859,
              "storage_class": "L"
            }
          },
          "order": [],
          "total_bytes": 698859
        },
        "id": "nz2hk-nae64",
        "is_draft": false,
        "is_published": true,
        "links": {
          "access": "https://works.hcommons.org/api/records/nz2hk-nae64/access",
          "access_grants": "https://works.hcommons.org/api/records/nz2hk-nae64/access/grants",
          "access_groups": "https://works.hcommons.org/api/records/nz2hk-nae64/access/groups",
          "access_links": "https://works.hcommons.org/api/records/nz2hk-nae64/access/links",
          "access_request": "https://works.hcommons.org/api/records/nz2hk-nae64/access/request",
          "access_users": "https://works.hcommons.org/api/records/nz2hk-nae64/access/users",
          "archive": "https://works.hcommons.org/api/records/nz2hk-nae64/files-archive",
          "archive_media": "https://works.hcommons.org/api/records/nz2hk-nae64/media-files-archive",
          "communities": "https://works.hcommons.org/api/records/nz2hk-nae64/communities",
          "communities-suggestions": "https://works.hcommons.org/api/records/nz2hk-nae64/communities-suggestions",
          "doi": "https://doi.org/10.17613/nz2hk-nae64",
          "draft": "https://works.hcommons.org/api/records/nz2hk-nae64/draft",
          "files": "https://works.hcommons.org/api/records/nz2hk-nae64/files",
          "latest": "https://works.hcommons.org/api/records/nz2hk-nae64/versions/latest",
          "latest_html": "https://works.hcommons.org/records/nz2hk-nae64/latest",
          "media_files": "https://works.hcommons.org/api/records/nz2hk-nae64/media-files",
          "parent": "https://works.hcommons.org/api/records/cgjga-a2t96",
          "parent_doi": "https://works.hcommons.org/doi/10.17613/cgjga-a2t96",
          "parent_html": "https://works.hcommons.org/records/cgjga-a2t96",
          "requests": "https://works.hcommons.org/api/records/nz2hk-nae64/requests",
          "reserve_doi": "https://works.hcommons.org/api/records/nz2hk-nae64/draft/pids/doi",
          "self": "https://works.hcommons.org/api/records/nz2hk-nae64",
          "self_doi": "https://works.hcommons.org/doi/10.17613/nz2hk-nae64",
          "self_html": "https://works.hcommons.org/records/nz2hk-nae64",
          "self_iiif_manifest": "https://works.hcommons.org/api/iiif/record:nz2hk-nae64/manifest",
          "self_iiif_sequence": "https://works.hcommons.org/api/iiif/record:nz2hk-nae64/sequence/default",
          "versions": "https://works.hcommons.org/api/records/nz2hk-nae64/versions"
        },
        "media_files": {
          "count": 0,
          "enabled": false,
          "entries": {},
          "order": [],
          "total_bytes": 0
        },
        "metadata": {
          "creators": [
            {
              "person_or_org": {
                "family_name": "Kavka",
                "given_name": "Martin",
                "name": "Kavka, Martin",
                "type": "personal"
              },
              "role": {
                "id": "author",
                "title": {
                  "en": "Author"
                }
              }
            }
          ],
          "identifiers": [
            {
              "identifier": "vxdU4I",
              "scheme": "import-recid"
            },
            {
              "identifier": "https://jcrt.org/archives/01.1/kavka/",
              "scheme": "url"
            }
          ],
          "languages": [
            {
              "id": "eng",
              "title": {
                "en": "English"
              }
            }
          ],
          "publication_date": "1999",
          "publisher": "Whitestone Publications",
          "resource_type": {
            "id": "textDocument-journalArticle",
            "title": {
              "de": "Zeitschriftenartikel",
              "en": "Journal article"
            }
          },
          "rights": [
            {
              "link": "https://jcrt.org/copyright/",
              "title": {
                "en": "Copyright held by the author(s). Published in the Journal for Cultural and Religious Theory."
              }
            }
          ],
          "subjects": [
            {
              "id": "http://id.worldcat.org/fast/889137",
              "scheme": "FAST-topical",
              "subject": "Deconstruction"
            },
            {
              "id": "http://id.worldcat.org/fast/1017438",
              "scheme": "FAST-topical",
              "subject": "Messianism"
            },
            {
              "id": "http://id.worldcat.org/fast/1035499",
              "scheme": "FAST-topical",
              "subject": "Negative theology"
            },
            {
              "id": "http://id.worldcat.org/fast/1060522",
              "scheme": "FAST-topical",
              "subject": "Phenomenology"
            }
          ],
          "title": "The Prayers and Tears of Jacques Derrida: Religion without Religion"
        },
        "parent": {
          "access": {
            "grants": [],
            "links": [],
            "owned_by": {
              "user": "3742"
            },
            "settings": {
              "accept_conditions_text": null,
              "allow_guest_requests": false,
              "allow_user_requests": false,
              "secret_link_expiration": 0
            }
          },
          "communities": {
            "default": "9ce2b465-74e7-4ba2-8977-af70470f7a81",
            "entries": [
              {
                "access": {
                  "member_policy": "open",
                  "members_visibility": "public",
                  "record_policy": "open",
                  "review_policy": "closed",
                  "visibility": "public"
                },
                "children": {
                  "allow": false
                },
                "created": "2026-08-30T11:14:42.583612+00:00",
                "custom_fields": {
                  "stats:dashboard_enabled": false
                },
                "deletion_status": {
                  "is_deleted": false,
                  "status": "P"
                },
                "id": "9ce2b465-74e7-4ba2-8977-af70470f7a81",
                "links": {},
                "metadata": {
                  "description": "JCRT 01.1",
                  "title": "JCRT 01.1",
                  "type": {
                    "id": "journal"
                  },
                  "website": "https://jcrt.org/archives/01.1/"
                },
                "revision_id": 3,
                "slug": "jcrt-011",
                "updated": "2026-08-30T11:14:43.414009+00:00"
              }
            ],
            "ids": [
              "9ce2b465-74e7-4ba2-8977-af70470f7a81"
            ]
          },
          "id": "cgjga-a2t96",
          "pids": {
            "doi": {
              "client": "datacite",
              "identifier": "10.17613/cgjga-a2t96",
              "provider": "datacite"
            }
          }
        },
        "pids": {
          "doi": {
            "client": "datacite",
            "identifier": "10.17613/nz2hk-nae64",
            "provider": "datacite"
          },
          "oai": {
            "identifier": "oai:https://works.hcommons.org:nz2hk-nae64",
            "provider": "oai"
          }
        },
        "revision_id": 5,
        "stats": {
          "all_versions": {
            "data_volume": 0.0,
            "downloads": 0,
            "unique_downloads": 0,
            "unique_views": 0,
            "views": 0
          },
          "this_version": {
            "data_volume": 0.0,
            "downloads": 0,
            "unique_downloads": 0,
            "unique_views": 0,
            "views": 0
          }
        },
        "status": "published",
        "updated": "2026-08-30T11:14:49.146545+00:00",
        "versions": {
          "index": 1,
          "is_latest": true,
          "is_latest_draft": true
        }
      },
      "record_id": "nz2hk-nae64",
      "record_url": "https://works.hcommons.org/records/nz2hk-nae64",
      "source_id": ""
    },
    {
      "collection_id": "9ce2b465-74e7-4ba2-8977-af70470f7a81",
      "errors": [],
      "files": {
        "lambert.pdf": {
          "messages": [],
          "status": "uploaded"
        }
      },
      "item_index": 2,
      "metadata": {
        "access": {
          "embargo": {
            "active": false,
            "reason": null
          },
          "files": "public",
          "record": "public",
          "status": "open"
        },
        "created": "2026-08-30T11:14:50.791613+00:00",
        "custom_fields": {
          "journal:journal": {
            "issn": "1530-5228",
            "issue": "1",
            "pages": "",
            "title": "Journal for Cultural & Religious Theory",
            "volume": "1"
          },
          "kcr:user_defined_tags": [
            "aesthetics",
            "immanuel-kant",
            "extraterrestrials",
            "gilles-deleuze",
            "philosophy-of-art",
            "sensibility",
            "science-fiction",
            "the-sublime",
            "emmanuel-levinas",
            "alterity",
            "paul-klee",
            "modern-art",
            "perception"
          ]
        },
        "deletion_status": {
          "is_deleted": false,
          "status": "P"
        },
        "files": {
          "count": 1,
          "enabled": true,
          "entries": {
            "lambert.pdf": {
              "access": {
                "hidden": false
              },
              "checksum": "md5:5422b012c848d34daae64d1f74d625ee",
              "ext": "pdf",
              "id": "c45e85c3-2d4d-4655-8bc0-ebd8b919fb95",
              "key": "lambert.pdf",
              "links": {
                "content": "https://works.hcommons.org/api/records/e7yd7-6fk50/files/lambert.pdf/content",
                "iiif_api": "https://works.hcommons.org/api/iiif/record:e7yd7-6fk50:lambert.pdf/full/full/0/default.png",
                "iiif_base": "https://works.hcommons.org/api/iiif/record:e7yd7-6fk50:lambert.pdf",
                "iiif_canvas": "https://works.hcommons.org/api/iiif/record:e7yd7-6fk50/canvas/lambert.pdf",
                "iiif_info": "https://works.hcommons.org/api/iiif/record:e7yd7-6fk50:lambert.pdf/info.json",
                "self": "https://works.hcommons.org/api/records/e7yd7-6fk50/files/lambert.pdf"
              },
              "metadata": {},
              "mimetype": "application/pdf",
              "size": 955708,
              "storage_class": "L"
            }
          },
          "order": [],
          "total_bytes": 955708
        },
        "id": "e7yd7-6fk50",
        "is_draft": false,
        "is_published": true,
        "links": {
          "access": "https://works.hcommons.org/api/records/e7yd7-6fk50/access",
          "access_grants": "https://works.hcommons.org/api/records/e7yd7-6fk50/access/grants",
          "access_groups": "https://works.hcommons.org/api/records/e7yd7-6fk50/access/groups",
          "access_links": "https://works.hcommons.org/api/records/e7yd7-6fk50/access/links",
          "access_request": "https://works.hcommons.org/api/records/e7yd7-6fk50/access/request",
          "access_users": "https://works.hcommons.org/api/records/e7yd7-6fk50/access/users",
          "archive": "https://works.hcommons.org/api/records/e7yd7-6fk50/files-archive",
          "archive_media": "https://works.hcommons.org/api/records/e7yd7-6fk50/media-files-archive",
          "communities": "https://works.hcommons.org/api/records/e7yd7-6fk50/communities",
          "communities-suggestions": "https://works.hcommons.org/api/records/e7yd7-6fk50/communities-suggestions",
          "doi": "https://doi.org/10.17613/e7yd7-6fk50",
          "draft": "https://works.hcommons.org/api/records/e7yd7-6fk50/draft",
          "files": "https://works.hcommons.org/api/records/e7yd7-6fk50/files",
          "latest": "https://works.hcommons.org/api/records/e7yd7-6fk50/versions/latest",
          "latest_html": "https://works.hcommons.org/records/e7yd7-6fk50/latest",
          "media_files": "https://works.hcommons.org/api/records/e7yd7-6fk50/media-files",
          "parent": "https://works.hcommons.org/api/records/61cgt-9hh87",
          "parent_doi": "https://works.hcommons.org/doi/10.17613/61cgt-9hh87",
          "parent_html": "https://works.hcommons.org/records/61cgt-9hh87",
          "requests": "https://works.hcommons.org/api/records/e7yd7-6fk50/requests",
          "reserve_doi": "https://works.hcommons.org/api/records/e7yd7-6fk50/draft/pids/doi",
          "self": "https://works.hcommons.org/api/records/e7yd7-6fk50",
          "self_doi": "https://works.hcommons.org/doi/10.17613/e7yd7-6fk50",
          "self_html": "https://works.hcommons.org/records/e7yd7-6fk50",
          "self_iiif_manifest": "https://works.hcommons.org/api/iiif/record:e7yd7-6fk50/manifest",
          "self_iiif_sequence": "https://works.hcommons.org/api/iiif/record:e7yd7-6fk50/sequence/default",
          "versions": "https://works.hcommons.org/api/records/e7yd7-6fk50/versions"
        },
        "media_files": {
          "count": 0,
          "enabled": false,
          "entries": {},
          "order": [],
          "total_bytes": 0
        },
        "metadata": {
          "creators": [
            {
              "person_or_org": {
                "family_name": "Lambert",
                "given_name": "Gregg",
                "name": "Lambert, Gregg",
                "type": "personal"
              },
              "role": {
                "id": "author",
                "title": {
                  "en": "Author"
                }
              }
            },
            {
              "person_or_org": {
                "family_name": "Sicre",
                "given_name": "Jorge",
                "name": "Sicre, Jorge",
                "type": "personal"
              },
              "role": {
                "id": "author",
                "title": {
                  "en": "Author"
                }
              }
            }
          ],
          "identifiers": [
            {
              "identifier": "-FZmh6",
              "scheme": "import-recid"
            },
            {
              "identifier": "https://jcrt.org/archives/01.1/lambert/",
              "scheme": "url"
            }
          ],
          "languages": [
            {
              "id": "eng",
              "title": {
                "en": "English"
              }
            }
          ],
          "publication_date": "1999",
          "publisher": "Whitestone Publications",
          "resource_type": {
            "id": "textDocument-journalArticle",
            "title": {
              "de": "Zeitschriftenartikel",
              "en": "Journal article"
            }
          },
          "rights": [
            {
              "link": "https://jcrt.org/copyright/",
              "title": {
                "en": "Copyright held by the author(s). Published in the Journal for Cultural and Religious Theory."
              }
            }
          ],
          "subjects": [
            {
              "id": "http://id.worldcat.org/fast/798702",
              "scheme": "FAST-topical",
              "subject": "Aesthetics"
            },
            {
              "id": "http://id.worldcat.org/fast/1742248",
              "scheme": "FAST-topical",
              "subject": "Extraterrestrial beings"
            },
            {
              "id": "http://id.worldcat.org/fast/1057622",
              "scheme": "FAST-topical",
              "subject": "Perception"
            },
            {
              "id": "http://id.worldcat.org/fast/1108566",
              "scheme": "FAST-topical",
              "subject": "Science fiction"
            }
          ],
          "title": "The Work of Art in the Age of Alien Reproduction"
        },
        "parent": {
          "access": {
            "grants": [],
            "links": [],
            "owned_by": {
              "user": "3742"
            },
            "settings": {
              "accept_conditions_text": null,
              "allow_guest_requests": false,
              "allow_user_requests": false,
              "secret_link_expiration": 0
            }
          },
          "communities": {
            "default": "9ce2b465-74e7-4ba2-8977-af70470f7a81",
            "entries": [
              {
                "access": {
                  "member_policy": "open",
                  "members_visibility": "public",
                  "record_policy": "open",
                  "review_policy": "closed",
                  "visibility": "public"
                },
                "children": {
                  "allow": false
                },
                "created": "2026-08-30T11:14:42.583612+00:00",
                "custom_fields": {
                  "stats:dashboard_enabled": false
                },
                "deletion_status": {
                  "is_deleted": false,
                  "status": "P"
                },
                "id": "9ce2b465-74e7-4ba2-8977-af70470f7a81",
                "links": {},
                "metadata": {
                  "description": "JCRT 01.1",
                  "title": "JCRT 01.1",
                  "type": {
                    "id": "journal"
                  },
                  "website": "https://jcrt.org/archives/01.1/"
                },
                "revision_id": 3,
                "slug": "jcrt-011",
                "updated": "2026-08-30T11:14:43.414009+00:00"
              }
            ],
            "ids": [
              "9ce2b465-74e7-4ba2-8977-af70470f7a81"
            ]
          },
          "id": "61cgt-9hh87",
          "pids": {
            "doi": {
              "client": "datacite",
              "identifier": "10.17613/61cgt-9hh87",
              "provider": "datacite"
            }
          }
        },
        "pids": {
          "doi": {
            "client": "datacite",
            "identifier": "10.17613/e7yd7-6fk50",
            "provider": "datacite"
          },
          "oai": {
            "identifier": "oai:https://works.hcommons.org:e7yd7-6fk50",
            "provider": "oai"
          }
        },
        "revision_id": 5,
        "stats": {
          "all_versions": {
            "data_volume": 0.0,
            "downloads": 0,
            "unique_downloads": 0,
            "unique_views": 0,
            "views": 0
          },
          "this_version": {
            "data_volume": 0.0,
            "downloads": 0,
            "unique_downloads": 0,
            "unique_views": 0,
            "views": 0
          }
        },
        "status": "published",
        "updated": "2026-08-30T11:14:51.020991+00:00",
        "versions": {
          "index": 1,
          "is_latest": true,
          "is_latest_draft": true
        }
      },
      "record_id": "e7yd7-6fk50",
      "record_url": "https://works.hcommons.org/records/e7yd7-6fk50",
      "source_id": ""
    },
    {
      "collection_id": "9ce2b465-74e7-4ba2-8977-af70470f7a81",
      "errors": [],
      "files": {
        "lee.pdf": {
          "messages": [],
          "status": "uploaded"
        }
      },
      "item_index": 3,
      "metadata": {
        "access": {
          "embargo": {
            "active": false,
            "reason": null
          },
          "files": "public",
          "record": "public",
          "status": "open"
        },
        "created": "2026-08-30T11:14:52.672845+00:00",
        "custom_fields": {
          "journal:journal": {
            "issn": "1530-5228",
            "issue": "1",
            "pages": "",
            "title": "Journal for Cultural & Religious Theory",
            "volume": "1"
          },
          "kcr:user_defined_tags": [
            "mysticism",
            "plotinus",
            "great-chain-of-being",
            "neoplatonism",
            "negative-theology",
            "apophatic-theology",
            "jacques-derrida",
            "nonduality",
            "prayer",
            "deconstruction",
            "pseudo-dionysius",
            "meister-eckhart",
            "buddhism"
          ]
        },
        "deletion_status": {
          "is_deleted": false,
          "status": "P"
        },
        "files": {
          "count": 1,
          "enabled": true,
          "entries": {
            "lee.pdf": {
              "access": {
                "hidden": false
              },
              "checksum": "md5:b209b9e96dd3de562f1643a7599e49dd",
              "ext": "pdf",
              "id": "db6be69c-65ae-43f3-bf83-d29256d8c6c9",
              "key": "lee.pdf",
              "links": {
                "content": "https://works.hcommons.org/api/records/ab5p9-yx739/files/lee.pdf/content",
                "iiif_api": "https://works.hcommons.org/api/iiif/record:ab5p9-yx739:lee.pdf/full/full/0/default.png",
                "iiif_base": "https://works.hcommons.org/api/iiif/record:ab5p9-yx739:lee.pdf",
                "iiif_canvas": "https://works.hcommons.org/api/iiif/record:ab5p9-yx739/canvas/lee.pdf",
                "iiif_info": "https://works.hcommons.org/api/iiif/record:ab5p9-yx739:lee.pdf/info.json",
                "self": "https://works.hcommons.org/api/records/ab5p9-yx739/files/lee.pdf"
              },
              "metadata": {},
              "mimetype": "application/pdf",
              "size": 449033,
              "storage_class": "L"
            }
          },
          "order": [],
          "total_bytes": 449033
        },
        "id": "ab5p9-yx739",
        "is_draft": false,
        "is_published": true,
        "links": {
          "access": "https://works.hcommons.org/api/records/ab5p9-yx739/access",
          "access_grants": "https://works.hcommons.org/api/records/ab5p9-yx739/access/grants",
          "access_groups": "https://works.hcommons.org/api/records/ab5p9-yx739/access/groups",
          "access_links": "https://works.hcommons.org/api/records/ab5p9-yx739/access/links",
          "access_request": "https://works.hcommons.org/api/records/ab5p9-yx739/access/request",
          "access_users": "https://works.hcommons.org/api/records/ab5p9-yx739/access/users",
          "archive": "https://works.hcommons.org/api/records/ab5p9-yx739/files-archive",
          "archive_media": "https://works.hcommons.org/api/records/ab5p9-yx739/media-files-archive",
          "communities": "https://works.hcommons.org/api/records/ab5p9-yx739/communities",
          "communities-suggestions": "https://works.hcommons.org/api/records/ab5p9-yx739/communities-suggestions",
          "doi": "https://doi.org/10.17613/ab5p9-yx739",
          "draft": "https://works.hcommons.org/api/records/ab5p9-yx739/draft",
          "files": "https://works.hcommons.org/api/records/ab5p9-yx739/files",
          "latest": "https://works.hcommons.org/api/records/ab5p9-yx739/versions/latest",
          "latest_html": "https://works.hcommons.org/records/ab5p9-yx739/latest",
          "media_files": "https://works.hcommons.org/api/records/ab5p9-yx739/media-files",
          "parent": "https://works.hcommons.org/api/records/mj987-tfn48",
          "parent_doi": "https://works.hcommons.org/doi/10.17613/mj987-tfn48",
          "parent_html": "https://works.hcommons.org/records/mj987-tfn48",
          "requests": "https://works.hcommons.org/api/records/ab5p9-yx739/requests",
          "reserve_doi": "https://works.hcommons.org/api/records/ab5p9-yx739/draft/pids/doi",
          "self": "https://works.hcommons.org/api/records/ab5p9-yx739",
          "self_doi": "https://works.hcommons.org/doi/10.17613/ab5p9-yx739",
          "self_html": "https://works.hcommons.org/records/ab5p9-yx739",
          "self_iiif_manifest": "https://works.hcommons.org/api/iiif/record:ab5p9-yx739/manifest",
          "self_iiif_sequence": "https://works.hcommons.org/api/iiif/record:ab5p9-yx739/sequence/default",
          "versions": "https://works.hcommons.org/api/records/ab5p9-yx739/versions"
        },
        "media_files": {
          "count": 0,
          "enabled": false,
          "entries": {},
          "order": [],
          "total_bytes": 0
        },
        "metadata": {
          "creators": [
            {
              "person_or_org": {
                "family_name": "Lee",
                "given_name": "Jonathan Scott",
                "name": "Lee, Jonathan Scott",
                "type": "personal"
              },
              "role": {
                "id": "author",
                "title": {
                  "en": "Author"
                }
              }
            }
          ],
          "identifiers": [
            {
              "identifier": "hSSNhS",
              "scheme": "import-recid"
            },
            {
              "identifier": "https://jcrt.org/archives/01.1/lee/",
              "scheme": "url"
            }
          ],
          "languages": [
            {
              "id": "eng",
              "title": {
                "en": "English"
              }
            }
          ],
          "publication_date": "1999",
          "publisher": "Whitestone Publications",
          "resource_type": {
            "id": "textDocument-journalArticle",
            "title": {
              "de": "Zeitschriftenartikel",
              "en": "Journal article"
            }
          },
          "rights": [
            {
              "link": "https://jcrt.org/copyright/",
              "title": {
                "en": "Copyright held by the author(s). Published in the Journal for Cultural and Religious Theory."
              }
            }
          ],
          "subjects": [
            {
              "id": "http://id.worldcat.org/fast/840028",
              "scheme": "FAST-topical",
              "subject": "Buddhism"
            },
            {
              "id": "http://id.worldcat.org/fast/889137",
              "scheme": "FAST-topical",
              "subject": "Deconstruction"
            },
            {
              "id": "http://id.worldcat.org/fast/1031629",
              "scheme": "FAST-topical",
              "subject": "Mysticism"
            },
            {
              "id": "http://id.worldcat.org/fast/1035499",
              "scheme": "FAST-topical",
              "subject": "Negative theology"
            },
            {
              "id": "http://id.worldcat.org/fast/1035884",
              "scheme": "FAST-topical",
              "subject": "Neoplatonism"
            },
            {
              "id": "http://id.worldcat.org/fast/1074680",
              "scheme": "FAST-topical",
              "subject": "Prayer"
            }
          ],
          "title": "Deconstructing the Great Chain of Being"
        },
        "parent": {
          "access": {
            "grants": [],
            "links": [],
            "owned_by": {
              "user": "3742"
            },
            "settings": {
              "accept_conditions_text": null,
              "allow_guest_requests": false,
              "allow_user_requests": false,
              "secret_link_expiration": 0
            }
          },
          "communities": {
            "default": "9ce2b465-74e7-4ba2-8977-af70470f7a81",
            "entries": [
              {
                "access": {
                  "member_policy": "open",
                  "members_visibility": "public",
                  "record_policy": "open",
                  "review_policy": "closed",
                  "visibility": "public"
                },
                "children": {
                  "allow": false
                },
                "created": "2026-08-30T11:14:42.583612+00:00",
                "custom_fields": {
                  "stats:dashboard_enabled": false
                },
                "deletion_status": {
                  "is_deleted": false,
                  "status": "P"
                },
                "id": "9ce2b465-74e7-4ba2-8977-af70470f7a81",
                "links": {},
                "metadata": {
                  "description": "JCRT 01.1",
                  "title": "JCRT 01.1",
                  "type": {
                    "id": "journal"
                  },
                  "website": "https://jcrt.org/archives/01.1/"
                },
                "revision_id": 3,
                "slug": "jcrt-011",
                "updated": "2026-08-30T11:14:43.414009+00:00"
              }
            ],
            "ids": [
              "9ce2b465-74e7-4ba2-8977-af70470f7a81"
            ]
          },
          "id": "mj987-tfn48",
          "pids": {
            "doi": {
              "client": "datacite",
              "identifier": "10.17613/mj987-tfn48",
              "provider": "datacite"
            }
          }
        },
        "pids": {
          "doi": {
            "client": "datacite",
            "identifier": "10.17613/ab5p9-yx739",
            "provider": "datacite"
          },
          "oai": {
            "identifier": "oai:https://works.hcommons.org:ab5p9-yx739",
            "provider": "oai"
          }
        },
        "revision_id": 5,
        "stats": {
          "all_versions": {
            "data_volume": 0.0,
            "downloads": 0,
            "unique_downloads": 0,
            "unique_views": 0,
            "views": 0
          },
          "this_version": {
            "data_volume": 0.0,
            "downloads": 0,
            "unique_downloads": 0,
            "unique_views": 0,
            "views": 0
          }
        },
        "status": "published",
        "updated": "2026-08-30T11:14:52.891824+00:00",
        "versions": {
          "index": 1,
          "is_latest": true,
          "is_latest_draft": true
        }
      },
      "record_id": "ab5p9-yx739",
      "record_url": "https://works.hcommons.org/records/ab5p9-yx739",
      "source_id": ""
    }
  ],
  "errors": [],
  "message": "All records were successfully imported",
  "status": "success"
}