{
  "data": [
    {
      "collection_id": "0a3b9d23-832e-4138-96c2-926ebddeecf0",
      "errors": [],
      "files": {
        "nvahanian.pdf": {
          "messages": [],
          "status": "uploaded"
        }
      },
      "item_index": 0,
      "metadata": {
        "access": {
          "embargo": {
            "active": false,
            "reason": null
          },
          "files": "public",
          "record": "public",
          "status": "open"
        },
        "created": "2026-08-30T11:14:15.364357+00:00",
        "custom_fields": {
          "journal:journal": {
            "issn": "1530-5228",
            "issue": "2",
            "pages": "",
            "title": "Journal for Cultural & Religious Theory",
            "volume": "1"
          },
          "kcr:user_defined_tags": [
            "language-and-religion",
            "cosmology",
            "emotions",
            "the",
            "language-and-languages-philosophy",
            "finite",
            "1861-1947",
            "alfred-north",
            "whitehead"
          ]
        },
        "deletion_status": {
          "is_deleted": false,
          "status": "P"
        },
        "files": {
          "count": 1,
          "enabled": true,
          "entries": {
            "nvahanian.pdf": {
              "access": {
                "hidden": false
              },
              "checksum": "md5:f56076b3f82e92e347028df12d032109",
              "ext": "pdf",
              "id": "2798cdd7-1dec-4d95-9d68-4b2495f75ab5",
              "key": "nvahanian.pdf",
              "links": {
                "content": "https://works.hcommons.org/api/records/5greh-ajr46/files/nvahanian.pdf/content",
                "iiif_api": "https://works.hcommons.org/api/iiif/record:5greh-ajr46:nvahanian.pdf/full/full/0/default.png",
                "iiif_base": "https://works.hcommons.org/api/iiif/record:5greh-ajr46:nvahanian.pdf",
                "iiif_canvas": "https://works.hcommons.org/api/iiif/record:5greh-ajr46/canvas/nvahanian.pdf",
                "iiif_info": "https://works.hcommons.org/api/iiif/record:5greh-ajr46:nvahanian.pdf/info.json",
                "self": "https://works.hcommons.org/api/records/5greh-ajr46/files/nvahanian.pdf"
              },
              "metadata": {},
              "mimetype": "application/pdf",
              "size": 645220,
              "storage_class": "L"
            }
          },
          "order": [],
          "total_bytes": 645220
        },
        "id": "5greh-ajr46",
        "is_draft": false,
        "is_published": true,
        "links": {
          "access": "https://works.hcommons.org/api/records/5greh-ajr46/access",
          "access_grants": "https://works.hcommons.org/api/records/5greh-ajr46/access/grants",
          "access_groups": "https://works.hcommons.org/api/records/5greh-ajr46/access/groups",
          "access_links": "https://works.hcommons.org/api/records/5greh-ajr46/access/links",
          "access_request": "https://works.hcommons.org/api/records/5greh-ajr46/access/request",
          "access_users": "https://works.hcommons.org/api/records/5greh-ajr46/access/users",
          "archive": "https://works.hcommons.org/api/records/5greh-ajr46/files-archive",
          "archive_media": "https://works.hcommons.org/api/records/5greh-ajr46/media-files-archive",
          "communities": "https://works.hcommons.org/api/records/5greh-ajr46/communities",
          "communities-suggestions": "https://works.hcommons.org/api/records/5greh-ajr46/communities-suggestions",
          "doi": "https://doi.org/10.17613/5greh-ajr46",
          "draft": "https://works.hcommons.org/api/records/5greh-ajr46/draft",
          "files": "https://works.hcommons.org/api/records/5greh-ajr46/files",
          "latest": "https://works.hcommons.org/api/records/5greh-ajr46/versions/latest",
          "latest_html": "https://works.hcommons.org/records/5greh-ajr46/latest",
          "media_files": "https://works.hcommons.org/api/records/5greh-ajr46/media-files",
          "parent": "https://works.hcommons.org/api/records/5y3nb-jbz58",
          "parent_doi": "https://works.hcommons.org/doi/10.17613/5y3nb-jbz58",
          "parent_html": "https://works.hcommons.org/records/5y3nb-jbz58",
          "requests": "https://works.hcommons.org/api/records/5greh-ajr46/requests",
          "reserve_doi": "https://works.hcommons.org/api/records/5greh-ajr46/draft/pids/doi",
          "self": "https://works.hcommons.org/api/records/5greh-ajr46",
          "self_doi": "https://works.hcommons.org/doi/10.17613/5greh-ajr46",
          "self_html": "https://works.hcommons.org/records/5greh-ajr46",
          "self_iiif_manifest": "https://works.hcommons.org/api/iiif/record:5greh-ajr46/manifest",
          "self_iiif_sequence": "https://works.hcommons.org/api/iiif/record:5greh-ajr46/sequence/default",
          "versions": "https://works.hcommons.org/api/records/5greh-ajr46/versions"
        },
        "media_files": {
          "count": 0,
          "enabled": false,
          "entries": {},
          "order": [],
          "total_bytes": 0
        },
        "metadata": {
          "creators": [
            {
              "affiliations": [
                {
                  "name": "Le Moyne College"
                }
              ],
              "person_or_org": {
                "family_name": "Vahanian",
                "given_name": "No\u00eblle",
                "name": "Vahanian, No\u00eblle",
                "type": "personal"
              },
              "role": {
                "id": "author",
                "title": {
                  "en": "Author"
                }
              }
            }
          ],
          "identifiers": [
            {
              "identifier": "HiJKhL",
              "scheme": "import-recid"
            },
            {
              "identifier": "https://jcrt.org/archives/01.2/nvahanian/",
              "scheme": "url"
            }
          ],
          "languages": [
            {
              "id": "eng",
              "title": {
                "en": "English"
              }
            }
          ],
          "publication_date": "2000",
          "publisher": "Whitestone Publications",
          "resource_type": {
            "id": "textDocument-journalArticle",
            "title": {
              "de": "Zeitschriftenartikel",
              "en": "Journal article"
            }
          },
          "rights": [
            {
              "link": "https://jcrt.org/copyright/",
              "title": {
                "en": "Copyright held by the author(s). Published in the Journal for Cultural and Religious Theory."
              }
            }
          ],
          "subjects": [
            {
              "id": "http://id.worldcat.org/fast/880600",
              "scheme": "FAST-topical",
              "subject": "Cosmology"
            },
            {
              "id": "http://id.worldcat.org/fast/908819",
              "scheme": "FAST-topical",
              "subject": "Emotions"
            },
            {
              "id": "http://id.worldcat.org/fast/992193",
              "scheme": "FAST-topical",
              "subject": "Language and languages--Philosophy"
            }
          ],
          "title": "Rebellious No"
        },
        "parent": {
          "access": {
            "grants": [],
            "links": [],
            "owned_by": {
              "user": "3742"
            },
            "settings": {
              "accept_conditions_text": null,
              "allow_guest_requests": false,
              "allow_user_requests": false,
              "secret_link_expiration": 0
            }
          },
          "communities": {
            "default": "0a3b9d23-832e-4138-96c2-926ebddeecf0",
            "entries": [
              {
                "access": {
                  "member_policy": "open",
                  "members_visibility": "public",
                  "record_policy": "open",
                  "review_policy": "closed",
                  "visibility": "public"
                },
                "children": {
                  "allow": false
                },
                "created": "2026-08-30T11:13:59.219948+00:00",
                "custom_fields": {
                  "stats:dashboard_enabled": false
                },
                "deletion_status": {
                  "is_deleted": false,
                  "status": "P"
                },
                "id": "0a3b9d23-832e-4138-96c2-926ebddeecf0",
                "links": {},
                "metadata": {
                  "description": "JCRT 01.2",
                  "title": "JCRT 01.2",
                  "type": {
                    "id": "journal"
                  },
                  "website": "https://jcrt.org/archives/01.2/"
                },
                "revision_id": 3,
                "slug": "jcrt-012",
                "updated": "2026-08-30T11:13:59.950434+00:00"
              }
            ],
            "ids": [
              "0a3b9d23-832e-4138-96c2-926ebddeecf0"
            ]
          },
          "id": "5y3nb-jbz58",
          "pids": {
            "doi": {
              "client": "datacite",
              "identifier": "10.17613/5y3nb-jbz58",
              "provider": "datacite"
            }
          }
        },
        "pids": {
          "doi": {
            "client": "datacite",
            "identifier": "10.17613/5greh-ajr46",
            "provider": "datacite"
          },
          "oai": {
            "identifier": "oai:https://works.hcommons.org:5greh-ajr46",
            "provider": "oai"
          }
        },
        "revision_id": 5,
        "stats": {
          "all_versions": {
            "data_volume": 0.0,
            "downloads": 0,
            "unique_downloads": 0,
            "unique_views": 0,
            "views": 0
          },
          "this_version": {
            "data_volume": 0.0,
            "downloads": 0,
            "unique_downloads": 0,
            "unique_views": 0,
            "views": 0
          }
        },
        "status": "published",
        "updated": "2026-08-30T11:14:15.599442+00:00",
        "versions": {
          "index": 1,
          "is_latest": true,
          "is_latest_draft": true
        }
      },
      "record_id": "5greh-ajr46",
      "record_url": "https://works.hcommons.org/records/5greh-ajr46",
      "source_id": ""
    },
    {
      "collection_id": "0a3b9d23-832e-4138-96c2-926ebddeecf0",
      "errors": [],
      "files": {
        "ruf.pdf": {
          "messages": [],
          "status": "uploaded"
        }
      },
      "item_index": 1,
      "metadata": {
        "access": {
          "embargo": {
            "active": false,
            "reason": null
          },
          "files": "public",
          "record": "public",
          "status": "open"
        },
        "created": "2026-08-30T11:14:17.204490+00:00",
        "custom_fields": {
          "journal:journal": {
            "issn": "1530-5228",
            "issue": "2",
            "pages": "",
            "title": "Journal for Cultural & Religious Theory",
            "volume": "1"
          },
          "kcr:user_defined_tags": [
            "travel",
            "rite-of-passage",
            "liminality",
            "implicit-religion",
            "mark-twain",
            "paul-bowles",
            "henry-miller",
            "danger",
            "trance",
            "rupture",
            "self-transformation",
            "american-literature"
          ]
        },
        "deletion_status": {
          "is_deleted": false,
          "status": "P"
        },
        "files": {
          "count": 1,
          "enabled": true,
          "entries": {
            "ruf.pdf": {
              "access": {
                "hidden": false
              },
              "checksum": "md5:787a1b6dc25a33eb3e8fffcad593383b",
              "ext": "pdf",
              "id": "86bc2a7c-c8d6-4322-b8de-aad3ece295a4",
              "key": "ruf.pdf",
              "links": {
                "content": "https://works.hcommons.org/api/records/g8m70-vqq64/files/ruf.pdf/content",
                "iiif_api": "https://works.hcommons.org/api/iiif/record:g8m70-vqq64:ruf.pdf/full/full/0/default.png",
                "iiif_base": "https://works.hcommons.org/api/iiif/record:g8m70-vqq64:ruf.pdf",
                "iiif_canvas": "https://works.hcommons.org/api/iiif/record:g8m70-vqq64/canvas/ruf.pdf",
                "iiif_info": "https://works.hcommons.org/api/iiif/record:g8m70-vqq64:ruf.pdf/info.json",
                "self": "https://works.hcommons.org/api/records/g8m70-vqq64/files/ruf.pdf"
              },
              "metadata": {},
              "mimetype": "application/pdf",
              "size": 955757,
              "storage_class": "L"
            }
          },
          "order": [],
          "total_bytes": 955757
        },
        "id": "g8m70-vqq64",
        "is_draft": false,
        "is_published": true,
        "links": {
          "access": "https://works.hcommons.org/api/records/g8m70-vqq64/access",
          "access_grants": "https://works.hcommons.org/api/records/g8m70-vqq64/access/grants",
          "access_groups": "https://works.hcommons.org/api/records/g8m70-vqq64/access/groups",
          "access_links": "https://works.hcommons.org/api/records/g8m70-vqq64/access/links",
          "access_request": "https://works.hcommons.org/api/records/g8m70-vqq64/access/request",
          "access_users": "https://works.hcommons.org/api/records/g8m70-vqq64/access/users",
          "archive": "https://works.hcommons.org/api/records/g8m70-vqq64/files-archive",
          "archive_media": "https://works.hcommons.org/api/records/g8m70-vqq64/media-files-archive",
          "communities": "https://works.hcommons.org/api/records/g8m70-vqq64/communities",
          "communities-suggestions": "https://works.hcommons.org/api/records/g8m70-vqq64/communities-suggestions",
          "doi": "https://doi.org/10.17613/g8m70-vqq64",
          "draft": "https://works.hcommons.org/api/records/g8m70-vqq64/draft",
          "files": "https://works.hcommons.org/api/records/g8m70-vqq64/files",
          "latest": "https://works.hcommons.org/api/records/g8m70-vqq64/versions/latest",
          "latest_html": "https://works.hcommons.org/records/g8m70-vqq64/latest",
          "media_files": "https://works.hcommons.org/api/records/g8m70-vqq64/media-files",
          "parent": "https://works.hcommons.org/api/records/fvzb0-jmk96",
          "parent_doi": "https://works.hcommons.org/doi/10.17613/fvzb0-jmk96",
          "parent_html": "https://works.hcommons.org/records/fvzb0-jmk96",
          "requests": "https://works.hcommons.org/api/records/g8m70-vqq64/requests",
          "reserve_doi": "https://works.hcommons.org/api/records/g8m70-vqq64/draft/pids/doi",
          "self": "https://works.hcommons.org/api/records/g8m70-vqq64",
          "self_doi": "https://works.hcommons.org/doi/10.17613/g8m70-vqq64",
          "self_html": "https://works.hcommons.org/records/g8m70-vqq64",
          "self_iiif_manifest": "https://works.hcommons.org/api/iiif/record:g8m70-vqq64/manifest",
          "self_iiif_sequence": "https://works.hcommons.org/api/iiif/record:g8m70-vqq64/sequence/default",
          "versions": "https://works.hcommons.org/api/records/g8m70-vqq64/versions"
        },
        "media_files": {
          "count": 0,
          "enabled": false,
          "entries": {},
          "order": [],
          "total_bytes": 0
        },
        "metadata": {
          "creators": [
            {
              "person_or_org": {
                "family_name": "Ruf",
                "given_name": "Frederick J",
                "name": "Ruf, Frederick J",
                "type": "personal"
              },
              "role": {
                "id": "author",
                "title": {
                  "en": "Author"
                }
              }
            }
          ],
          "identifiers": [
            {
              "identifier": "DNCMs3",
              "scheme": "import-recid"
            },
            {
              "identifier": "https://jcrt.org/archives/01.2/ruf/",
              "scheme": "url"
            }
          ],
          "languages": [
            {
              "id": "eng",
              "title": {
                "en": "English"
              }
            }
          ],
          "publication_date": "2000",
          "publisher": "Whitestone Publications",
          "resource_type": {
            "id": "textDocument-journalArticle",
            "title": {
              "de": "Zeitschriftenartikel",
              "en": "Journal article"
            }
          },
          "rights": [
            {
              "link": "https://jcrt.org/copyright/",
              "title": {
                "en": "Copyright held by the author(s). Published in the Journal for Cultural and Religious Theory."
              }
            }
          ],
          "subjects": [
            {
              "id": "http://id.worldcat.org/fast/807113",
              "scheme": "FAST-topical",
              "subject": "American literature"
            },
            {
              "id": "http://id.worldcat.org/fast/2010151",
              "scheme": "FAST-topical",
              "subject": "Danger"
            },
            {
              "id": "http://id.worldcat.org/fast/968178",
              "scheme": "FAST-topical",
              "subject": "Implicit religion"
            },
            {
              "id": "http://id.worldcat.org/fast/998872",
              "scheme": "FAST-topical",
              "subject": "Liminality"
            },
            {
              "id": "http://id.worldcat.org/fast/1154483",
              "scheme": "FAST-topical",
              "subject": "Trance"
            },
            {
              "id": "http://id.worldcat.org/fast/1155558",
              "scheme": "FAST-topical",
              "subject": "Travel"
            }
          ],
          "title": "The Ride of Passage: the Pursuit of Danger, Trance, and Failure in Mark Twain, Paul Bowles, and US"
        },
        "parent": {
          "access": {
            "grants": [],
            "links": [],
            "owned_by": {
              "user": "3742"
            },
            "settings": {
              "accept_conditions_text": null,
              "allow_guest_requests": false,
              "allow_user_requests": false,
              "secret_link_expiration": 0
            }
          },
          "communities": {
            "default": "0a3b9d23-832e-4138-96c2-926ebddeecf0",
            "entries": [
              {
                "access": {
                  "member_policy": "open",
                  "members_visibility": "public",
                  "record_policy": "open",
                  "review_policy": "closed",
                  "visibility": "public"
                },
                "children": {
                  "allow": false
                },
                "created": "2026-08-30T11:13:59.219948+00:00",
                "custom_fields": {
                  "stats:dashboard_enabled": false
                },
                "deletion_status": {
                  "is_deleted": false,
                  "status": "P"
                },
                "id": "0a3b9d23-832e-4138-96c2-926ebddeecf0",
                "links": {},
                "metadata": {
                  "description": "JCRT 01.2",
                  "title": "JCRT 01.2",
                  "type": {
                    "id": "journal"
                  },
                  "website": "https://jcrt.org/archives/01.2/"
                },
                "revision_id": 3,
                "slug": "jcrt-012",
                "updated": "2026-08-30T11:13:59.950434+00:00"
              }
            ],
            "ids": [
              "0a3b9d23-832e-4138-96c2-926ebddeecf0"
            ]
          },
          "id": "fvzb0-jmk96",
          "pids": {
            "doi": {
              "client": "datacite",
              "identifier": "10.17613/fvzb0-jmk96",
              "provider": "datacite"
            }
          }
        },
        "pids": {
          "doi": {
            "client": "datacite",
            "identifier": "10.17613/g8m70-vqq64",
            "provider": "datacite"
          },
          "oai": {
            "identifier": "oai:https://works.hcommons.org:g8m70-vqq64",
            "provider": "oai"
          }
        },
        "revision_id": 5,
        "stats": {
          "all_versions": {
            "data_volume": 0.0,
            "downloads": 0,
            "unique_downloads": 0,
            "unique_views": 0,
            "views": 0
          },
          "this_version": {
            "data_volume": 0.0,
            "downloads": 0,
            "unique_downloads": 0,
            "unique_views": 0,
            "views": 0
          }
        },
        "status": "published",
        "updated": "2026-08-30T11:14:17.418643+00:00",
        "versions": {
          "index": 1,
          "is_latest": true,
          "is_latest_draft": true
        }
      },
      "record_id": "g8m70-vqq64",
      "record_url": "https://works.hcommons.org/records/g8m70-vqq64",
      "source_id": ""
    },
    {
      "collection_id": "0a3b9d23-832e-4138-96c2-926ebddeecf0",
      "errors": [],
      "files": {
        "smith.pdf": {
          "messages": [],
          "status": "uploaded"
        }
      },
      "item_index": 2,
      "metadata": {
        "access": {
          "embargo": {
            "active": false,
            "reason": null
          },
          "files": "public",
          "record": "public",
          "status": "open"
        },
        "created": "2026-08-30T11:14:19.178896+00:00",
        "custom_fields": {
          "journal:journal": {
            "issn": "1530-5228",
            "issue": "2",
            "pages": "",
            "title": "Journal for Cultural & Religious Theory",
            "volume": "1"
          },
          "kcr:user_defined_tags": [
            "heterology",
            "philosophy-of-history",
            "alterity",
            "ethics-of-remembering",
            "edith-wyschogrod",
            "historiography",
            "emmanuel-levinas",
            "memory",
            "representation",
            "the-sublime",
            "otherness",
            "collective-memory"
          ]
        },
        "deletion_status": {
          "is_deleted": false,
          "status": "P"
        },
        "files": {
          "count": 1,
          "enabled": true,
          "entries": {
            "smith.pdf": {
              "access": {
                "hidden": false
              },
              "checksum": "md5:b4309edda7508f54e050a2adb5ab60fc",
              "ext": "pdf",
              "id": "d4d52645-c1ee-419f-85e8-3098069990ad",
              "key": "smith.pdf",
              "links": {
                "content": "https://works.hcommons.org/api/records/8f8c3-kcb40/files/smith.pdf/content",
                "iiif_api": "https://works.hcommons.org/api/iiif/record:8f8c3-kcb40:smith.pdf/full/full/0/default.png",
                "iiif_base": "https://works.hcommons.org/api/iiif/record:8f8c3-kcb40:smith.pdf",
                "iiif_canvas": "https://works.hcommons.org/api/iiif/record:8f8c3-kcb40/canvas/smith.pdf",
                "iiif_info": "https://works.hcommons.org/api/iiif/record:8f8c3-kcb40:smith.pdf/info.json",
                "self": "https://works.hcommons.org/api/records/8f8c3-kcb40/files/smith.pdf"
              },
              "metadata": {},
              "mimetype": "application/pdf",
              "size": 458242,
              "storage_class": "L"
            }
          },
          "order": [],
          "total_bytes": 458242
        },
        "id": "8f8c3-kcb40",
        "is_draft": false,
        "is_published": true,
        "links": {
          "access": "https://works.hcommons.org/api/records/8f8c3-kcb40/access",
          "access_grants": "https://works.hcommons.org/api/records/8f8c3-kcb40/access/grants",
          "access_groups": "https://works.hcommons.org/api/records/8f8c3-kcb40/access/groups",
          "access_links": "https://works.hcommons.org/api/records/8f8c3-kcb40/access/links",
          "access_request": "https://works.hcommons.org/api/records/8f8c3-kcb40/access/request",
          "access_users": "https://works.hcommons.org/api/records/8f8c3-kcb40/access/users",
          "archive": "https://works.hcommons.org/api/records/8f8c3-kcb40/files-archive",
          "archive_media": "https://works.hcommons.org/api/records/8f8c3-kcb40/media-files-archive",
          "communities": "https://works.hcommons.org/api/records/8f8c3-kcb40/communities",
          "communities-suggestions": "https://works.hcommons.org/api/records/8f8c3-kcb40/communities-suggestions",
          "doi": "https://doi.org/10.17613/8f8c3-kcb40",
          "draft": "https://works.hcommons.org/api/records/8f8c3-kcb40/draft",
          "files": "https://works.hcommons.org/api/records/8f8c3-kcb40/files",
          "latest": "https://works.hcommons.org/api/records/8f8c3-kcb40/versions/latest",
          "latest_html": "https://works.hcommons.org/records/8f8c3-kcb40/latest",
          "media_files": "https://works.hcommons.org/api/records/8f8c3-kcb40/media-files",
          "parent": "https://works.hcommons.org/api/records/xga3t-vvq54",
          "parent_doi": "https://works.hcommons.org/doi/10.17613/xga3t-vvq54",
          "parent_html": "https://works.hcommons.org/records/xga3t-vvq54",
          "requests": "https://works.hcommons.org/api/records/8f8c3-kcb40/requests",
          "reserve_doi": "https://works.hcommons.org/api/records/8f8c3-kcb40/draft/pids/doi",
          "self": "https://works.hcommons.org/api/records/8f8c3-kcb40",
          "self_doi": "https://works.hcommons.org/doi/10.17613/8f8c3-kcb40",
          "self_html": "https://works.hcommons.org/records/8f8c3-kcb40",
          "self_iiif_manifest": "https://works.hcommons.org/api/iiif/record:8f8c3-kcb40/manifest",
          "self_iiif_sequence": "https://works.hcommons.org/api/iiif/record:8f8c3-kcb40/sequence/default",
          "versions": "https://works.hcommons.org/api/records/8f8c3-kcb40/versions"
        },
        "media_files": {
          "count": 0,
          "enabled": false,
          "entries": {},
          "order": [],
          "total_bytes": 0
        },
        "metadata": {
          "creators": [
            {
              "person_or_org": {
                "family_name": "Smith",
                "given_name": "Steven G",
                "name": "Smith, Steven G",
                "type": "personal"
              },
              "role": {
                "id": "author",
                "title": {
                  "en": "Author"
                }
              }
            }
          ],
          "identifiers": [
            {
              "identifier": "hFghCo",
              "scheme": "import-recid"
            },
            {
              "identifier": "https://jcrt.org/archives/01.2/smith/",
              "scheme": "url"
            }
          ],
          "languages": [
            {
              "id": "eng",
              "title": {
                "en": "English"
              }
            }
          ],
          "publication_date": "2000",
          "publisher": "Whitestone Publications",
          "resource_type": {
            "id": "textDocument-journalArticle",
            "title": {
              "de": "Zeitschriftenartikel",
              "en": "Journal article"
            }
          },
          "rights": [
            {
              "link": "https://jcrt.org/copyright/",
              "title": {
                "en": "Copyright held by the author(s). Published in the Journal for Cultural and Religious Theory."
              }
            }
          ],
          "subjects": [
            {
              "id": "http://id.worldcat.org/fast/1739814",
              "scheme": "FAST-topical",
              "subject": "Collective memory"
            },
            {
              "id": "http://id.worldcat.org/fast/958221",
              "scheme": "FAST-topical",
              "subject": "Historiography"
            },
            {
              "id": "http://id.worldcat.org/fast/1015913",
              "scheme": "FAST-topical",
              "subject": "Memory"
            },
            {
              "id": "http://id.worldcat.org/fast/1094941",
              "scheme": "FAST-topical",
              "subject": "Representative government and representation"
            }
          ],
          "title": "An Ethics of Remembering: History, Heterology, and the Nameless Others"
        },
        "parent": {
          "access": {
            "grants": [],
            "links": [],
            "owned_by": {
              "user": "3742"
            },
            "settings": {
              "accept_conditions_text": null,
              "allow_guest_requests": false,
              "allow_user_requests": false,
              "secret_link_expiration": 0
            }
          },
          "communities": {
            "default": "0a3b9d23-832e-4138-96c2-926ebddeecf0",
            "entries": [
              {
                "access": {
                  "member_policy": "open",
                  "members_visibility": "public",
                  "record_policy": "open",
                  "review_policy": "closed",
                  "visibility": "public"
                },
                "children": {
                  "allow": false
                },
                "created": "2026-08-30T11:13:59.219948+00:00",
                "custom_fields": {
                  "stats:dashboard_enabled": false
                },
                "deletion_status": {
                  "is_deleted": false,
                  "status": "P"
                },
                "id": "0a3b9d23-832e-4138-96c2-926ebddeecf0",
                "links": {},
                "metadata": {
                  "description": "JCRT 01.2",
                  "title": "JCRT 01.2",
                  "type": {
                    "id": "journal"
                  },
                  "website": "https://jcrt.org/archives/01.2/"
                },
                "revision_id": 3,
                "slug": "jcrt-012",
                "updated": "2026-08-30T11:13:59.950434+00:00"
              }
            ],
            "ids": [
              "0a3b9d23-832e-4138-96c2-926ebddeecf0"
            ]
          },
          "id": "xga3t-vvq54",
          "pids": {
            "doi": {
              "client": "datacite",
              "identifier": "10.17613/xga3t-vvq54",
              "provider": "datacite"
            }
          }
        },
        "pids": {
          "doi": {
            "client": "datacite",
            "identifier": "10.17613/8f8c3-kcb40",
            "provider": "datacite"
          },
          "oai": {
            "identifier": "oai:https://works.hcommons.org:8f8c3-kcb40",
            "provider": "oai"
          }
        },
        "revision_id": 5,
        "stats": {
          "all_versions": {
            "data_volume": 0.0,
            "downloads": 0,
            "unique_downloads": 0,
            "unique_views": 0,
            "views": 0
          },
          "this_version": {
            "data_volume": 0.0,
            "downloads": 0,
            "unique_downloads": 0,
            "unique_views": 0,
            "views": 0
          }
        },
        "status": "published",
        "updated": "2026-08-30T11:14:19.402607+00:00",
        "versions": {
          "index": 1,
          "is_latest": true,
          "is_latest_draft": true
        }
      },
      "record_id": "8f8c3-kcb40",
      "record_url": "https://works.hcommons.org/records/8f8c3-kcb40",
      "source_id": ""
    },
    {
      "collection_id": "0a3b9d23-832e-4138-96c2-926ebddeecf0",
      "errors": [],
      "files": {
        "taylor.pdf": {
          "messages": [],
          "status": "uploaded"
        }
      },
      "item_index": 3,
      "metadata": {
        "access": {
          "embargo": {
            "active": false,
            "reason": null
          },
          "files": "public",
          "record": "public",
          "status": "open"
        },
        "created": "2026-08-30T11:14:20.998789+00:00",
        "custom_fields": {
          "journal:journal": {
            "issn": "1530-5228",
            "issue": "2",
            "pages": "",
            "title": "Journal for Cultural & Religious Theory",
            "volume": "1"
          },
          "kcr:user_defined_tags": [
            "religious-theory",
            "deconstruction",
            "semiotics",
            "jacques-derrida",
            "carl-raschke",
            "disciplinarity",
            "supplementarity",
            "critical-theory",
            "mark-c-taylor",
            "clement-greenberg",
            "postmodernism",
            "study-of-religion",
            "philosophy-of-religion"
          ]
        },
        "deletion_status": {
          "is_deleted": false,
          "status": "P"
        },
        "files": {
          "count": 1,
          "enabled": true,
          "entries": {
            "taylor.pdf": {
              "access": {
                "hidden": false
              },
              "checksum": "md5:973e37b012f32a96e276cb19ec2f460c",
              "ext": "pdf",
              "id": "ce32d816-3cb3-4346-926f-b541ba0a0904",
              "key": "taylor.pdf",
              "links": {
                "content": "https://works.hcommons.org/api/records/k2m2w-zbz26/files/taylor.pdf/content",
                "iiif_api": "https://works.hcommons.org/api/iiif/record:k2m2w-zbz26:taylor.pdf/full/full/0/default.png",
                "iiif_base": "https://works.hcommons.org/api/iiif/record:k2m2w-zbz26:taylor.pdf",
                "iiif_canvas": "https://works.hcommons.org/api/iiif/record:k2m2w-zbz26/canvas/taylor.pdf",
                "iiif_info": "https://works.hcommons.org/api/iiif/record:k2m2w-zbz26:taylor.pdf/info.json",
                "self": "https://works.hcommons.org/api/records/k2m2w-zbz26/files/taylor.pdf"
              },
              "metadata": {},
              "mimetype": "application/pdf",
              "size": 482288,
              "storage_class": "L"
            }
          },
          "order": [],
          "total_bytes": 482288
        },
        "id": "k2m2w-zbz26",
        "is_draft": false,
        "is_published": true,
        "links": {
          "access": "https://works.hcommons.org/api/records/k2m2w-zbz26/access",
          "access_grants": "https://works.hcommons.org/api/records/k2m2w-zbz26/access/grants",
          "access_groups": "https://works.hcommons.org/api/records/k2m2w-zbz26/access/groups",
          "access_links": "https://works.hcommons.org/api/records/k2m2w-zbz26/access/links",
          "access_request": "https://works.hcommons.org/api/records/k2m2w-zbz26/access/request",
          "access_users": "https://works.hcommons.org/api/records/k2m2w-zbz26/access/users",
          "archive": "https://works.hcommons.org/api/records/k2m2w-zbz26/files-archive",
          "archive_media": "https://works.hcommons.org/api/records/k2m2w-zbz26/media-files-archive",
          "communities": "https://works.hcommons.org/api/records/k2m2w-zbz26/communities",
          "communities-suggestions": "https://works.hcommons.org/api/records/k2m2w-zbz26/communities-suggestions",
          "doi": "https://doi.org/10.17613/k2m2w-zbz26",
          "draft": "https://works.hcommons.org/api/records/k2m2w-zbz26/draft",
          "files": "https://works.hcommons.org/api/records/k2m2w-zbz26/files",
          "latest": "https://works.hcommons.org/api/records/k2m2w-zbz26/versions/latest",
          "latest_html": "https://works.hcommons.org/records/k2m2w-zbz26/latest",
          "media_files": "https://works.hcommons.org/api/records/k2m2w-zbz26/media-files",
          "parent": "https://works.hcommons.org/api/records/4p1vn-46h50",
          "parent_doi": "https://works.hcommons.org/doi/10.17613/4p1vn-46h50",
          "parent_html": "https://works.hcommons.org/records/4p1vn-46h50",
          "requests": "https://works.hcommons.org/api/records/k2m2w-zbz26/requests",
          "reserve_doi": "https://works.hcommons.org/api/records/k2m2w-zbz26/draft/pids/doi",
          "self": "https://works.hcommons.org/api/records/k2m2w-zbz26",
          "self_doi": "https://works.hcommons.org/doi/10.17613/k2m2w-zbz26",
          "self_html": "https://works.hcommons.org/records/k2m2w-zbz26",
          "self_iiif_manifest": "https://works.hcommons.org/api/iiif/record:k2m2w-zbz26/manifest",
          "self_iiif_sequence": "https://works.hcommons.org/api/iiif/record:k2m2w-zbz26/sequence/default",
          "versions": "https://works.hcommons.org/api/records/k2m2w-zbz26/versions"
        },
        "media_files": {
          "count": 0,
          "enabled": false,
          "entries": {},
          "order": [],
          "total_bytes": 0
        },
        "metadata": {
          "creators": [
            {
              "person_or_org": {
                "family_name": "Taylor",
                "given_name": "Victor",
                "name": "Taylor, Victor",
                "type": "personal"
              },
              "role": {
                "id": "author",
                "title": {
                  "en": "Author"
                }
              }
            }
          ],
          "identifiers": [
            {
              "identifier": "9PTTA3",
              "scheme": "import-recid"
            },
            {
              "identifier": "https://jcrt.org/archives/01.2/taylor/",
              "scheme": "url"
            }
          ],
          "languages": [
            {
              "id": "eng",
              "title": {
                "en": "English"
              }
            }
          ],
          "publication_date": "2000",
          "publisher": "Whitestone Publications",
          "resource_type": {
            "id": "textDocument-journalArticle",
            "title": {
              "de": "Zeitschriftenartikel",
              "en": "Journal article"
            }
          },
          "rights": [
            {
              "link": "https://jcrt.org/copyright/",
              "title": {
                "en": "Copyright held by the author(s). Published in the Journal for Cultural and Religious Theory."
              }
            }
          ],
          "subjects": [
            {
              "id": "http://id.worldcat.org/fast/883690",
              "scheme": "FAST-topical",
              "subject": "Critical theory"
            },
            {
              "id": "http://id.worldcat.org/fast/889137",
              "scheme": "FAST-topical",
              "subject": "Deconstruction"
            },
            {
              "id": "http://id.worldcat.org/fast/1073164",
              "scheme": "FAST-topical",
              "subject": "Postmodernism"
            },
            {
              "id": "http://id.worldcat.org/fast/1112351",
              "scheme": "FAST-topical",
              "subject": "Semiotics"
            }
          ],
          "title": "The Division of Religion with Signs Following"
        },
        "parent": {
          "access": {
            "grants": [],
            "links": [],
            "owned_by": {
              "user": "3742"
            },
            "settings": {
              "accept_conditions_text": null,
              "allow_guest_requests": false,
              "allow_user_requests": false,
              "secret_link_expiration": 0
            }
          },
          "communities": {
            "default": "0a3b9d23-832e-4138-96c2-926ebddeecf0",
            "entries": [
              {
                "access": {
                  "member_policy": "open",
                  "members_visibility": "public",
                  "record_policy": "open",
                  "review_policy": "closed",
                  "visibility": "public"
                },
                "children": {
                  "allow": false
                },
                "created": "2026-08-30T11:13:59.219948+00:00",
                "custom_fields": {
                  "stats:dashboard_enabled": false
                },
                "deletion_status": {
                  "is_deleted": false,
                  "status": "P"
                },
                "id": "0a3b9d23-832e-4138-96c2-926ebddeecf0",
                "links": {},
                "metadata": {
                  "description": "JCRT 01.2",
                  "title": "JCRT 01.2",
                  "type": {
                    "id": "journal"
                  },
                  "website": "https://jcrt.org/archives/01.2/"
                },
                "revision_id": 3,
                "slug": "jcrt-012",
                "updated": "2026-08-30T11:13:59.950434+00:00"
              }
            ],
            "ids": [
              "0a3b9d23-832e-4138-96c2-926ebddeecf0"
            ]
          },
          "id": "4p1vn-46h50",
          "pids": {
            "doi": {
              "client": "datacite",
              "identifier": "10.17613/4p1vn-46h50",
              "provider": "datacite"
            }
          }
        },
        "pids": {
          "doi": {
            "client": "datacite",
            "identifier": "10.17613/k2m2w-zbz26",
            "provider": "datacite"
          },
          "oai": {
            "identifier": "oai:https://works.hcommons.org:k2m2w-zbz26",
            "provider": "oai"
          }
        },
        "revision_id": 5,
        "stats": {
          "all_versions": {
            "data_volume": 0.0,
            "downloads": 0,
            "unique_downloads": 0,
            "unique_views": 0,
            "views": 0
          },
          "this_version": {
            "data_volume": 0.0,
            "downloads": 0,
            "unique_downloads": 0,
            "unique_views": 0,
            "views": 0
          }
        },
        "status": "published",
        "updated": "2026-08-30T11:14:21.215414+00:00",
        "versions": {
          "index": 1,
          "is_latest": true,
          "is_latest_draft": true
        }
      },
      "record_id": "k2m2w-zbz26",
      "record_url": "https://works.hcommons.org/records/k2m2w-zbz26",
      "source_id": ""
    }
  ],
  "errors": [],
  "message": "All records were successfully imported",
  "status": "success"
}