{
  "data": [
    {
      "collection_id": "0a3b9d23-832e-4138-96c2-926ebddeecf0",
      "errors": [],
      "files": {
        "wyschogrod_raschke.pdf": {
          "messages": [],
          "status": "uploaded"
        }
      },
      "item_index": 0,
      "metadata": {
        "access": {
          "embargo": {
            "active": false,
            "reason": null
          },
          "files": "public",
          "record": "public",
          "status": "open"
        },
        "created": "2026-08-30T11:14:25.917529+00:00",
        "custom_fields": {
          "journal:journal": {
            "issn": "1530-5228",
            "issue": "2",
            "pages": "",
            "title": "Journal for Cultural & Religious Theory",
            "volume": "1"
          },
          "kcr:user_defined_tags": [
            "heterology",
            "philosophy-of-history",
            "alterity",
            "radical-orthodoxy",
            "emmanuel-levinas",
            "jacques-derrida",
            "john-milbank",
            "the-trace",
            "ethics-of-alterity",
            "memory",
            "glory",
            "justice",
            "community"
          ]
        },
        "deletion_status": {
          "is_deleted": false,
          "status": "P"
        },
        "files": {
          "count": 1,
          "enabled": true,
          "entries": {
            "wyschogrod_raschke.pdf": {
              "access": {
                "hidden": false
              },
              "checksum": "md5:caa6a8c036ec3e6bcffeb8261b002bc4",
              "ext": "pdf",
              "id": "79b96aca-3298-4842-a346-3731490dbaf9",
              "key": "wyschogrod_raschke.pdf",
              "links": {
                "content": "https://works.hcommons.org/api/records/ve7jq-6y688/files/wyschogrod_raschke.pdf/content",
                "iiif_api": "https://works.hcommons.org/api/iiif/record:ve7jq-6y688:wyschogrod_raschke.pdf/full/full/0/default.png",
                "iiif_base": "https://works.hcommons.org/api/iiif/record:ve7jq-6y688:wyschogrod_raschke.pdf",
                "iiif_canvas": "https://works.hcommons.org/api/iiif/record:ve7jq-6y688/canvas/wyschogrod_raschke.pdf",
                "iiif_info": "https://works.hcommons.org/api/iiif/record:ve7jq-6y688:wyschogrod_raschke.pdf/info.json",
                "self": "https://works.hcommons.org/api/records/ve7jq-6y688/files/wyschogrod_raschke.pdf"
              },
              "metadata": {},
              "mimetype": "application/pdf",
              "size": 651721,
              "storage_class": "L"
            }
          },
          "order": [],
          "total_bytes": 651721
        },
        "id": "ve7jq-6y688",
        "is_draft": false,
        "is_published": true,
        "links": {
          "access": "https://works.hcommons.org/api/records/ve7jq-6y688/access",
          "access_grants": "https://works.hcommons.org/api/records/ve7jq-6y688/access/grants",
          "access_groups": "https://works.hcommons.org/api/records/ve7jq-6y688/access/groups",
          "access_links": "https://works.hcommons.org/api/records/ve7jq-6y688/access/links",
          "access_request": "https://works.hcommons.org/api/records/ve7jq-6y688/access/request",
          "access_users": "https://works.hcommons.org/api/records/ve7jq-6y688/access/users",
          "archive": "https://works.hcommons.org/api/records/ve7jq-6y688/files-archive",
          "archive_media": "https://works.hcommons.org/api/records/ve7jq-6y688/media-files-archive",
          "communities": "https://works.hcommons.org/api/records/ve7jq-6y688/communities",
          "communities-suggestions": "https://works.hcommons.org/api/records/ve7jq-6y688/communities-suggestions",
          "doi": "https://doi.org/10.17613/ve7jq-6y688",
          "draft": "https://works.hcommons.org/api/records/ve7jq-6y688/draft",
          "files": "https://works.hcommons.org/api/records/ve7jq-6y688/files",
          "latest": "https://works.hcommons.org/api/records/ve7jq-6y688/versions/latest",
          "latest_html": "https://works.hcommons.org/records/ve7jq-6y688/latest",
          "media_files": "https://works.hcommons.org/api/records/ve7jq-6y688/media-files",
          "parent": "https://works.hcommons.org/api/records/h77es-92523",
          "parent_doi": "https://works.hcommons.org/doi/10.17613/h77es-92523",
          "parent_html": "https://works.hcommons.org/records/h77es-92523",
          "requests": "https://works.hcommons.org/api/records/ve7jq-6y688/requests",
          "reserve_doi": "https://works.hcommons.org/api/records/ve7jq-6y688/draft/pids/doi",
          "self": "https://works.hcommons.org/api/records/ve7jq-6y688",
          "self_doi": "https://works.hcommons.org/doi/10.17613/ve7jq-6y688",
          "self_html": "https://works.hcommons.org/records/ve7jq-6y688",
          "self_iiif_manifest": "https://works.hcommons.org/api/iiif/record:ve7jq-6y688/manifest",
          "self_iiif_sequence": "https://works.hcommons.org/api/iiif/record:ve7jq-6y688/sequence/default",
          "versions": "https://works.hcommons.org/api/records/ve7jq-6y688/versions"
        },
        "media_files": {
          "count": 0,
          "enabled": false,
          "entries": {},
          "order": [],
          "total_bytes": 0
        },
        "metadata": {
          "creators": [
            {
              "person_or_org": {
                "family_name": "Wyschogrod",
                "given_name": "Edith",
                "name": "Wyschogrod, Edith",
                "type": "personal"
              },
              "role": {
                "id": "author",
                "title": {
                  "en": "Author"
                }
              }
            },
            {
              "person_or_org": {
                "family_name": "Raschke",
                "given_name": "Carl A.",
                "name": "Raschke, Carl A.",
                "type": "personal"
              },
              "role": {
                "id": "author",
                "title": {
                  "en": "Author"
                }
              }
            }
          ],
          "identifiers": [
            {
              "identifier": "-XwQ5a",
              "scheme": "import-recid"
            },
            {
              "identifier": "https://jcrt.org/archives/01.2/wyschogrod_raschke/",
              "scheme": "url"
            }
          ],
          "languages": [
            {
              "id": "eng",
              "title": {
                "en": "English"
              }
            }
          ],
          "publication_date": "2000",
          "publisher": "Whitestone Publications",
          "resource_type": {
            "id": "textDocument-journalArticle",
            "title": {
              "de": "Zeitschriftenartikel",
              "en": "Journal article"
            }
          },
          "rights": [
            {
              "link": "https://jcrt.org/copyright/",
              "title": {
                "en": "Copyright held by the author(s). Published in the Journal for Cultural and Religious Theory."
              }
            }
          ],
          "subjects": [
            {
              "id": "http://id.worldcat.org/fast/870635",
              "scheme": "FAST-topical",
              "subject": "Community"
            },
            {
              "id": "http://id.worldcat.org/fast/943612",
              "scheme": "FAST-topical",
              "subject": "Glory"
            },
            {
              "id": "http://id.worldcat.org/fast/985122",
              "scheme": "FAST-topical",
              "subject": "Justice"
            },
            {
              "id": "http://id.worldcat.org/fast/1015913",
              "scheme": "FAST-topical",
              "subject": "Memory"
            }
          ],
          "title": "Heterological History: a Conversation"
        },
        "parent": {
          "access": {
            "grants": [],
            "links": [],
            "owned_by": {
              "user": "3742"
            },
            "settings": {
              "accept_conditions_text": null,
              "allow_guest_requests": false,
              "allow_user_requests": false,
              "secret_link_expiration": 0
            }
          },
          "communities": {
            "default": "0a3b9d23-832e-4138-96c2-926ebddeecf0",
            "entries": [
              {
                "access": {
                  "member_policy": "open",
                  "members_visibility": "public",
                  "record_policy": "open",
                  "review_policy": "closed",
                  "visibility": "public"
                },
                "children": {
                  "allow": false
                },
                "created": "2026-08-30T11:13:59.219948+00:00",
                "custom_fields": {
                  "stats:dashboard_enabled": false
                },
                "deletion_status": {
                  "is_deleted": false,
                  "status": "P"
                },
                "id": "0a3b9d23-832e-4138-96c2-926ebddeecf0",
                "links": {},
                "metadata": {
                  "description": "JCRT 01.2",
                  "title": "JCRT 01.2",
                  "type": {
                    "id": "journal"
                  },
                  "website": "https://jcrt.org/archives/01.2/"
                },
                "revision_id": 3,
                "slug": "jcrt-012",
                "updated": "2026-08-30T11:13:59.950434+00:00"
              }
            ],
            "ids": [
              "0a3b9d23-832e-4138-96c2-926ebddeecf0"
            ]
          },
          "id": "h77es-92523",
          "pids": {
            "doi": {
              "client": "datacite",
              "identifier": "10.17613/h77es-92523",
              "provider": "datacite"
            }
          }
        },
        "pids": {
          "doi": {
            "client": "datacite",
            "identifier": "10.17613/ve7jq-6y688",
            "provider": "datacite"
          },
          "oai": {
            "identifier": "oai:https://works.hcommons.org:ve7jq-6y688",
            "provider": "oai"
          }
        },
        "revision_id": 5,
        "stats": {
          "all_versions": {
            "data_volume": 0.0,
            "downloads": 0,
            "unique_downloads": 0,
            "unique_views": 0,
            "views": 0
          },
          "this_version": {
            "data_volume": 0.0,
            "downloads": 0,
            "unique_downloads": 0,
            "unique_views": 0,
            "views": 0
          }
        },
        "status": "published",
        "updated": "2026-08-30T11:14:26.134175+00:00",
        "versions": {
          "index": 1,
          "is_latest": true,
          "is_latest_draft": true
        }
      },
      "record_id": "ve7jq-6y688",
      "record_url": "https://works.hcommons.org/records/ve7jq-6y688",
      "source_id": ""
    }
  ],
  "errors": [],
  "message": "All records were successfully imported",
  "status": "success"
}