{
  "status": 200,
  "message": "01.3 records verified in KC Works",
  "errors": [],
  "data": [
    {
      "record_id": "aqe9f-w6658"
    },
    {
      "record_id": "k32w0-k1b27"
    },
    {
      "record_id": "1b6g1-rtd84"
    },
    {
      "record_id": "gn1j8-mng50"
    },
    {
      "record_id": "1vj0j-z3t37"
    },
    {
      "record_id": "p4q7j-r8442"
    },
    {
      "record_id": "retsx-mkv93"
    },
    {
      "record_id": "3p9nc-qdr87"
    },
    {
      "record_id": "3yxqx-95495"
    },
    {
      "record_id": "khwpq-x7894"
    }
  ]
}
