{
  "data": [
    {
      "collection_id": "42c9b937-0934-4a56-82e3-049a28cf54a0",
      "errors": [],
      "files": {
        "raschke.pdf": {
          "messages": [],
          "status": "uploaded"
        }
      },
      "item_index": 0,
      "metadata": {
        "access": {
          "embargo": {
            "active": false,
            "reason": null
          },
          "files": "public",
          "record": "public",
          "status": "open"
        },
        "created": "2026-08-30T11:12:48.228431+00:00",
        "custom_fields": {
          "journal:journal": {
            "issn": "1530-5228",
            "issue": "1",
            "pages": "",
            "title": "Journal for Cultural & Religious Theory",
            "volume": "2"
          },
          "kcr:user_defined_tags": [
            "jacques-derrida",
            "negative-theology",
            "deconstruction",
            "study-of-religion",
            "apophasis",
            "mark-c-taylor",
            "atheology",
            "denegation",
            "paralogy",
            "the-sacred",
            "jonathan-z-smith",
            "ritual-theory",
            "differance",
            "martin-heidegger"
          ]
        },
        "deletion_status": {
          "is_deleted": false,
          "status": "P"
        },
        "files": {
          "count": 1,
          "enabled": true,
          "entries": {
            "raschke.pdf": {
              "access": {
                "hidden": false
              },
              "checksum": "md5:1742ee8e444e68f828ac3231b8fcc411",
              "ext": "pdf",
              "id": "9d552eb6-5746-4373-8340-22e87221ab62",
              "key": "raschke.pdf",
              "links": {
                "content": "https://works.hcommons.org/api/records/yayh5-hmx40/files/raschke.pdf/content",
                "iiif_api": "https://works.hcommons.org/api/iiif/record:yayh5-hmx40:raschke.pdf/full/full/0/default.png",
                "iiif_base": "https://works.hcommons.org/api/iiif/record:yayh5-hmx40:raschke.pdf",
                "iiif_canvas": "https://works.hcommons.org/api/iiif/record:yayh5-hmx40/canvas/raschke.pdf",
                "iiif_info": "https://works.hcommons.org/api/iiif/record:yayh5-hmx40:raschke.pdf/info.json",
                "self": "https://works.hcommons.org/api/records/yayh5-hmx40/files/raschke.pdf"
              },
              "metadata": null,
              "mimetype": "application/pdf",
              "size": 718999,
              "storage_class": "L"
            }
          },
          "order": [],
          "total_bytes": 718999
        },
        "id": "yayh5-hmx40",
        "is_draft": false,
        "is_published": true,
        "links": {
          "access": "https://works.hcommons.org/api/records/yayh5-hmx40/access",
          "access_grants": "https://works.hcommons.org/api/records/yayh5-hmx40/access/grants",
          "access_groups": "https://works.hcommons.org/api/records/yayh5-hmx40/access/groups",
          "access_links": "https://works.hcommons.org/api/records/yayh5-hmx40/access/links",
          "access_request": "https://works.hcommons.org/api/records/yayh5-hmx40/access/request",
          "access_users": "https://works.hcommons.org/api/records/yayh5-hmx40/access/users",
          "archive": "https://works.hcommons.org/api/records/yayh5-hmx40/files-archive",
          "archive_media": "https://works.hcommons.org/api/records/yayh5-hmx40/media-files-archive",
          "communities": "https://works.hcommons.org/api/records/yayh5-hmx40/communities",
          "communities-suggestions": "https://works.hcommons.org/api/records/yayh5-hmx40/communities-suggestions",
          "doi": "https://doi.org/10.17613/yayh5-hmx40",
          "draft": "https://works.hcommons.org/api/records/yayh5-hmx40/draft",
          "files": "https://works.hcommons.org/api/records/yayh5-hmx40/files",
          "latest": "https://works.hcommons.org/api/records/yayh5-hmx40/versions/latest",
          "latest_html": "https://works.hcommons.org/records/yayh5-hmx40/latest",
          "media_files": "https://works.hcommons.org/api/records/yayh5-hmx40/media-files",
          "parent": "https://works.hcommons.org/api/records/w4ss1-kj618",
          "parent_doi": "https://works.hcommons.org/doi/10.17613/w4ss1-kj618",
          "parent_html": "https://works.hcommons.org/records/w4ss1-kj618",
          "requests": "https://works.hcommons.org/api/records/yayh5-hmx40/requests",
          "reserve_doi": "https://works.hcommons.org/api/records/yayh5-hmx40/draft/pids/doi",
          "self": "https://works.hcommons.org/api/records/yayh5-hmx40",
          "self_doi": "https://works.hcommons.org/doi/10.17613/yayh5-hmx40",
          "self_html": "https://works.hcommons.org/records/yayh5-hmx40",
          "self_iiif_manifest": "https://works.hcommons.org/api/iiif/record:yayh5-hmx40/manifest",
          "self_iiif_sequence": "https://works.hcommons.org/api/iiif/record:yayh5-hmx40/sequence/default",
          "versions": "https://works.hcommons.org/api/records/yayh5-hmx40/versions"
        },
        "media_files": {
          "count": 0,
          "enabled": false,
          "entries": {},
          "order": [],
          "total_bytes": 0
        },
        "metadata": {
          "creators": [
            {
              "person_or_org": {
                "family_name": "Raschke",
                "given_name": "Carl A.",
                "name": "Raschke, Carl A.",
                "type": "personal"
              },
              "role": {
                "id": "author",
                "title": {
                  "en": "Author"
                }
              }
            }
          ],
          "identifiers": [
            {
              "identifier": "S6oydM",
              "scheme": "import-recid"
            },
            {
              "identifier": "https://jcrt.org/archives/02.1/raschke/",
              "scheme": "url"
            }
          ],
          "languages": [
            {
              "id": "eng",
              "title": {
                "en": "English"
              }
            }
          ],
          "publication_date": "2000",
          "publisher": "Whitestone Publications",
          "resource_type": {
            "id": "textDocument-journalArticle",
            "title": {
              "de": "Zeitschriftenartikel",
              "en": "Journal article"
            }
          },
          "rights": [
            {
              "link": "https://jcrt.org/copyright/",
              "title": {
                "en": "Copyright held by the author(s). Published in the Journal for Cultural and Religious Theory."
              }
            }
          ],
          "subjects": [
            {
              "id": "http://id.worldcat.org/fast/889137",
              "scheme": "FAST-topical",
              "subject": "Deconstruction"
            },
            {
              "id": "http://id.worldcat.org/fast/1035499",
              "scheme": "FAST-topical",
              "subject": "Negative theology"
            }
          ],
          "title": "Para/Theology: the Study of Religion and the Science of the Negative"
        },
        "parent": {
          "access": {
            "grants": [],
            "links": [],
            "owned_by": {
              "user": "3742"
            },
            "settings": {
              "accept_conditions_text": null,
              "allow_guest_requests": false,
              "allow_user_requests": false,
              "secret_link_expiration": 0
            }
          },
          "communities": {
            "default": "42c9b937-0934-4a56-82e3-049a28cf54a0",
            "entries": [
              {
                "access": {
                  "member_policy": "open",
                  "members_visibility": "public",
                  "record_policy": "open",
                  "review_policy": "closed",
                  "visibility": "public"
                },
                "children": {
                  "allow": false
                },
                "created": "2026-08-30T11:12:33.274656+00:00",
                "custom_fields": {
                  "stats:dashboard_enabled": false
                },
                "deletion_status": {
                  "is_deleted": false,
                  "status": "P"
                },
                "id": "42c9b937-0934-4a56-82e3-049a28cf54a0",
                "links": {},
                "metadata": {
                  "description": "JCRT 02.1",
                  "title": "JCRT 02.1",
                  "type": {
                    "id": "journal"
                  },
                  "website": "https://jcrt.org/archives/02.1/"
                },
                "revision_id": 3,
                "slug": "jcrt-021",
                "updated": "2026-08-30T11:12:34.532502+00:00"
              }
            ],
            "ids": [
              "42c9b937-0934-4a56-82e3-049a28cf54a0"
            ]
          },
          "id": "w4ss1-kj618",
          "pids": {
            "doi": {
              "client": "datacite",
              "identifier": "10.17613/w4ss1-kj618",
              "provider": "datacite"
            }
          }
        },
        "pids": {
          "doi": {
            "client": "datacite",
            "identifier": "10.17613/yayh5-hmx40",
            "provider": "datacite"
          },
          "oai": {
            "identifier": "oai:https://works.hcommons.org:yayh5-hmx40",
            "provider": "oai"
          }
        },
        "revision_id": 5,
        "stats": {
          "all_versions": {
            "data_volume": 0.0,
            "downloads": 0,
            "unique_downloads": 0,
            "unique_views": 0,
            "views": 0
          },
          "this_version": {
            "data_volume": 0.0,
            "downloads": 0,
            "unique_downloads": 0,
            "unique_views": 0,
            "views": 0
          }
        },
        "status": "published",
        "updated": "2026-08-30T11:12:48.435624+00:00",
        "versions": {
          "index": 1,
          "is_latest": true,
          "is_latest_draft": true
        }
      },
      "record_id": "yayh5-hmx40",
      "record_url": "https://works.hcommons.org/records/yayh5-hmx40",
      "source_id": ""
    },
    {
      "collection_id": "42c9b937-0934-4a56-82e3-049a28cf54a0",
      "errors": [],
      "files": {
        "reinhard_lupton.pdf": {
          "messages": [],
          "status": "uploaded"
        }
      },
      "item_index": 1,
      "metadata": {
        "access": {
          "embargo": {
            "active": false,
            "reason": null
          },
          "files": "public",
          "record": "public",
          "status": "open"
        },
        "created": "2026-08-30T11:12:50.051711+00:00",
        "custom_fields": {
          "journal:journal": {
            "issn": "1530-5228",
            "issue": "1",
            "pages": "",
            "title": "Journal for Cultural & Religious Theory",
            "volume": "2"
          },
          "kcr:user_defined_tags": [
            "jacques-lacan",
            "revelation",
            "ten-commandments",
            "decalogue",
            "sabbath",
            "name-of-god",
            "jouissance",
            "the-neighbor",
            "das-ding",
            "sublimation",
            "bill-of-rights",
            "objet-petit-a",
            "franz-rosenzweig",
            "sigmund-freud"
          ]
        },
        "deletion_status": {
          "is_deleted": false,
          "status": "P"
        },
        "files": {
          "count": 1,
          "enabled": true,
          "entries": {
            "reinhard_lupton.pdf": {
              "access": {
                "hidden": false
              },
              "checksum": "md5:46a8dffa23cfabc53caebfc53c9b4997",
              "ext": "pdf",
              "id": "f8c269ba-5cf2-4ddb-80c6-f9d1496cc314",
              "key": "reinhard_lupton.pdf",
              "links": {
                "content": "https://works.hcommons.org/api/records/17cvd-k9h98/files/reinhard_lupton.pdf/content",
                "iiif_api": "https://works.hcommons.org/api/iiif/record:17cvd-k9h98:reinhard_lupton.pdf/full/full/0/default.png",
                "iiif_base": "https://works.hcommons.org/api/iiif/record:17cvd-k9h98:reinhard_lupton.pdf",
                "iiif_canvas": "https://works.hcommons.org/api/iiif/record:17cvd-k9h98/canvas/reinhard_lupton.pdf",
                "iiif_info": "https://works.hcommons.org/api/iiif/record:17cvd-k9h98:reinhard_lupton.pdf/info.json",
                "self": "https://works.hcommons.org/api/records/17cvd-k9h98/files/reinhard_lupton.pdf"
              },
              "metadata": null,
              "mimetype": "application/pdf",
              "size": 661844,
              "storage_class": "L"
            }
          },
          "order": [],
          "total_bytes": 661844
        },
        "id": "17cvd-k9h98",
        "is_draft": false,
        "is_published": true,
        "links": {
          "access": "https://works.hcommons.org/api/records/17cvd-k9h98/access",
          "access_grants": "https://works.hcommons.org/api/records/17cvd-k9h98/access/grants",
          "access_groups": "https://works.hcommons.org/api/records/17cvd-k9h98/access/groups",
          "access_links": "https://works.hcommons.org/api/records/17cvd-k9h98/access/links",
          "access_request": "https://works.hcommons.org/api/records/17cvd-k9h98/access/request",
          "access_users": "https://works.hcommons.org/api/records/17cvd-k9h98/access/users",
          "archive": "https://works.hcommons.org/api/records/17cvd-k9h98/files-archive",
          "archive_media": "https://works.hcommons.org/api/records/17cvd-k9h98/media-files-archive",
          "communities": "https://works.hcommons.org/api/records/17cvd-k9h98/communities",
          "communities-suggestions": "https://works.hcommons.org/api/records/17cvd-k9h98/communities-suggestions",
          "doi": "https://doi.org/10.17613/17cvd-k9h98",
          "draft": "https://works.hcommons.org/api/records/17cvd-k9h98/draft",
          "files": "https://works.hcommons.org/api/records/17cvd-k9h98/files",
          "latest": "https://works.hcommons.org/api/records/17cvd-k9h98/versions/latest",
          "latest_html": "https://works.hcommons.org/records/17cvd-k9h98/latest",
          "media_files": "https://works.hcommons.org/api/records/17cvd-k9h98/media-files",
          "parent": "https://works.hcommons.org/api/records/v3kmw-18y65",
          "parent_doi": "https://works.hcommons.org/doi/10.17613/v3kmw-18y65",
          "parent_html": "https://works.hcommons.org/records/v3kmw-18y65",
          "requests": "https://works.hcommons.org/api/records/17cvd-k9h98/requests",
          "reserve_doi": "https://works.hcommons.org/api/records/17cvd-k9h98/draft/pids/doi",
          "self": "https://works.hcommons.org/api/records/17cvd-k9h98",
          "self_doi": "https://works.hcommons.org/doi/10.17613/17cvd-k9h98",
          "self_html": "https://works.hcommons.org/records/17cvd-k9h98",
          "self_iiif_manifest": "https://works.hcommons.org/api/iiif/record:17cvd-k9h98/manifest",
          "self_iiif_sequence": "https://works.hcommons.org/api/iiif/record:17cvd-k9h98/sequence/default",
          "versions": "https://works.hcommons.org/api/records/17cvd-k9h98/versions"
        },
        "media_files": {
          "count": 0,
          "enabled": false,
          "entries": {},
          "order": [],
          "total_bytes": 0
        },
        "metadata": {
          "creators": [
            {
              "person_or_org": {
                "family_name": "Reinhard",
                "given_name": "Kenneth",
                "name": "Reinhard, Kenneth",
                "type": "personal"
              },
              "role": {
                "id": "author",
                "title": {
                  "en": "Author"
                }
              }
            },
            {
              "person_or_org": {
                "family_name": "Lupton",
                "given_name": "Julia Reinhard",
                "name": "Lupton, Julia Reinhard",
                "type": "personal"
              },
              "role": {
                "id": "author",
                "title": {
                  "en": "Author"
                }
              }
            }
          ],
          "identifiers": [
            {
              "identifier": "RR1t1a",
              "scheme": "import-recid"
            },
            {
              "identifier": "https://jcrt.org/archives/02.1/reinhard_lupton/",
              "scheme": "url"
            }
          ],
          "languages": [
            {
              "id": "eng",
              "title": {
                "en": "English"
              }
            }
          ],
          "publication_date": "2000",
          "publisher": "Whitestone Publications",
          "resource_type": {
            "id": "textDocument-journalArticle",
            "title": {
              "de": "Zeitschriftenartikel",
              "en": "Journal article"
            }
          },
          "rights": [
            {
              "link": "https://jcrt.org/copyright/",
              "title": {
                "en": "Copyright held by the author(s). Published in the Journal for Cultural and Religious Theory."
              }
            }
          ],
          "subjects": [
            {
              "id": "http://id.worldcat.org/fast/1096460",
              "scheme": "FAST-topical",
              "subject": "Revelation"
            },
            {
              "id": "http://id.worldcat.org/fast/1102941",
              "scheme": "FAST-topical",
              "subject": "Sabbath"
            },
            {
              "id": "http://id.worldcat.org/fast/1136591",
              "scheme": "FAST-topical",
              "subject": "Sublimation (Psychology)"
            },
            {
              "id": "http://id.worldcat.org/fast/1356139",
              "scheme": "FAST-title",
              "subject": "Ten commandments"
            }
          ],
          "title": "Revelation: Lacan and the Ten Commandments"
        },
        "parent": {
          "access": {
            "grants": [],
            "links": [],
            "owned_by": {
              "user": "3742"
            },
            "settings": {
              "accept_conditions_text": null,
              "allow_guest_requests": false,
              "allow_user_requests": false,
              "secret_link_expiration": 0
            }
          },
          "communities": {
            "default": "42c9b937-0934-4a56-82e3-049a28cf54a0",
            "entries": [
              {
                "access": {
                  "member_policy": "open",
                  "members_visibility": "public",
                  "record_policy": "open",
                  "review_policy": "closed",
                  "visibility": "public"
                },
                "children": {
                  "allow": false
                },
                "created": "2026-08-30T11:12:33.274656+00:00",
                "custom_fields": {
                  "stats:dashboard_enabled": false
                },
                "deletion_status": {
                  "is_deleted": false,
                  "status": "P"
                },
                "id": "42c9b937-0934-4a56-82e3-049a28cf54a0",
                "links": {},
                "metadata": {
                  "description": "JCRT 02.1",
                  "title": "JCRT 02.1",
                  "type": {
                    "id": "journal"
                  },
                  "website": "https://jcrt.org/archives/02.1/"
                },
                "revision_id": 3,
                "slug": "jcrt-021",
                "updated": "2026-08-30T11:12:34.532502+00:00"
              }
            ],
            "ids": [
              "42c9b937-0934-4a56-82e3-049a28cf54a0"
            ]
          },
          "id": "v3kmw-18y65",
          "pids": {
            "doi": {
              "client": "datacite",
              "identifier": "10.17613/v3kmw-18y65",
              "provider": "datacite"
            }
          }
        },
        "pids": {
          "doi": {
            "client": "datacite",
            "identifier": "10.17613/17cvd-k9h98",
            "provider": "datacite"
          },
          "oai": {
            "identifier": "oai:https://works.hcommons.org:17cvd-k9h98",
            "provider": "oai"
          }
        },
        "revision_id": 5,
        "stats": {
          "all_versions": {
            "data_volume": 0.0,
            "downloads": 0,
            "unique_downloads": 0,
            "unique_views": 0,
            "views": 0
          },
          "this_version": {
            "data_volume": 0.0,
            "downloads": 0,
            "unique_downloads": 0,
            "unique_views": 0,
            "views": 0
          }
        },
        "status": "published",
        "updated": "2026-08-30T11:12:50.269225+00:00",
        "versions": {
          "index": 1,
          "is_latest": true,
          "is_latest_draft": true
        }
      },
      "record_id": "17cvd-k9h98",
      "record_url": "https://works.hcommons.org/records/17cvd-k9h98",
      "source_id": ""
    },
    {
      "collection_id": "42c9b937-0934-4a56-82e3-049a28cf54a0",
      "errors": [],
      "files": {
        "sugimoto.pdf": {
          "messages": [],
          "status": "uploaded"
        }
      },
      "item_index": 2,
      "metadata": {
        "access": {
          "embargo": {
            "active": false,
            "reason": null
          },
          "files": "public",
          "record": "public",
          "status": "open"
        },
        "created": "2026-08-30T11:12:52.027591+00:00",
        "custom_fields": {
          "journal:journal": {
            "issn": "1530-5228",
            "issue": "1",
            "pages": "",
            "title": "Journal for Cultural & Religious Theory",
            "volume": "2"
          },
          "kcr:user_defined_tags": [
            "evangelicalism",
            "mark-noll",
            "nation-state",
            "modern-university",
            "nationalism",
            "enlightenment",
            "secularization",
            "modernity",
            "immanuel-kant",
            "hegel",
            "knowledge-production",
            "higher-education",
            "walter-benjamin",
            "baconianism"
          ]
        },
        "deletion_status": {
          "is_deleted": false,
          "status": "P"
        },
        "files": {
          "count": 1,
          "enabled": true,
          "entries": {
            "sugimoto.pdf": {
              "access": {
                "hidden": false
              },
              "checksum": "md5:94338601e9e1ac22515cddba8ba3ca65",
              "ext": "pdf",
              "id": "1e57c8b1-d299-4801-80b1-8bc18061f092",
              "key": "sugimoto.pdf",
              "links": {
                "content": "https://works.hcommons.org/api/records/hnebc-tv943/files/sugimoto.pdf/content",
                "iiif_api": "https://works.hcommons.org/api/iiif/record:hnebc-tv943:sugimoto.pdf/full/full/0/default.png",
                "iiif_base": "https://works.hcommons.org/api/iiif/record:hnebc-tv943:sugimoto.pdf",
                "iiif_canvas": "https://works.hcommons.org/api/iiif/record:hnebc-tv943/canvas/sugimoto.pdf",
                "iiif_info": "https://works.hcommons.org/api/iiif/record:hnebc-tv943:sugimoto.pdf/info.json",
                "self": "https://works.hcommons.org/api/records/hnebc-tv943/files/sugimoto.pdf"
              },
              "metadata": null,
              "mimetype": "application/pdf",
              "size": 624439,
              "storage_class": "L"
            }
          },
          "order": [],
          "total_bytes": 624439
        },
        "id": "hnebc-tv943",
        "is_draft": false,
        "is_published": true,
        "links": {
          "access": "https://works.hcommons.org/api/records/hnebc-tv943/access",
          "access_grants": "https://works.hcommons.org/api/records/hnebc-tv943/access/grants",
          "access_groups": "https://works.hcommons.org/api/records/hnebc-tv943/access/groups",
          "access_links": "https://works.hcommons.org/api/records/hnebc-tv943/access/links",
          "access_request": "https://works.hcommons.org/api/records/hnebc-tv943/access/request",
          "access_users": "https://works.hcommons.org/api/records/hnebc-tv943/access/users",
          "archive": "https://works.hcommons.org/api/records/hnebc-tv943/files-archive",
          "archive_media": "https://works.hcommons.org/api/records/hnebc-tv943/media-files-archive",
          "communities": "https://works.hcommons.org/api/records/hnebc-tv943/communities",
          "communities-suggestions": "https://works.hcommons.org/api/records/hnebc-tv943/communities-suggestions",
          "doi": "https://doi.org/10.17613/hnebc-tv943",
          "draft": "https://works.hcommons.org/api/records/hnebc-tv943/draft",
          "files": "https://works.hcommons.org/api/records/hnebc-tv943/files",
          "latest": "https://works.hcommons.org/api/records/hnebc-tv943/versions/latest",
          "latest_html": "https://works.hcommons.org/records/hnebc-tv943/latest",
          "media_files": "https://works.hcommons.org/api/records/hnebc-tv943/media-files",
          "parent": "https://works.hcommons.org/api/records/7mf9k-13d75",
          "parent_doi": "https://works.hcommons.org/doi/10.17613/7mf9k-13d75",
          "parent_html": "https://works.hcommons.org/records/7mf9k-13d75",
          "requests": "https://works.hcommons.org/api/records/hnebc-tv943/requests",
          "reserve_doi": "https://works.hcommons.org/api/records/hnebc-tv943/draft/pids/doi",
          "self": "https://works.hcommons.org/api/records/hnebc-tv943",
          "self_doi": "https://works.hcommons.org/doi/10.17613/hnebc-tv943",
          "self_html": "https://works.hcommons.org/records/hnebc-tv943",
          "self_iiif_manifest": "https://works.hcommons.org/api/iiif/record:hnebc-tv943/manifest",
          "self_iiif_sequence": "https://works.hcommons.org/api/iiif/record:hnebc-tv943/sequence/default",
          "versions": "https://works.hcommons.org/api/records/hnebc-tv943/versions"
        },
        "media_files": {
          "count": 0,
          "enabled": false,
          "entries": {},
          "order": [],
          "total_bytes": 0
        },
        "metadata": {
          "creators": [
            {
              "person_or_org": {
                "family_name": "Sugimoto",
                "given_name": "Michael Tadashi",
                "name": "Sugimoto, Michael Tadashi",
                "type": "personal"
              },
              "role": {
                "id": "author",
                "title": {
                  "en": "Author"
                }
              }
            }
          ],
          "identifiers": [
            {
              "identifier": "2D7cN-",
              "scheme": "import-recid"
            },
            {
              "identifier": "https://jcrt.org/archives/02.1/sugimoto/",
              "scheme": "url"
            }
          ],
          "languages": [
            {
              "id": "eng",
              "title": {
                "en": "English"
              }
            }
          ],
          "publication_date": "2000",
          "publisher": "Whitestone Publications",
          "resource_type": {
            "id": "textDocument-journalArticle",
            "title": {
              "de": "Zeitschriftenartikel",
              "en": "Journal article"
            }
          },
          "rights": [
            {
              "link": "https://jcrt.org/copyright/",
              "title": {
                "en": "Copyright held by the author(s). Published in the Journal for Cultural and Religious Theory."
              }
            }
          ],
          "subjects": [
            {
              "id": "http://id.worldcat.org/fast/863073",
              "scheme": "FAST-topical",
              "subject": "Civilization, Modern"
            },
            {
              "id": "http://id.worldcat.org/fast/903005",
              "scheme": "FAST-topical",
              "subject": "Education, Higher"
            },
            {
              "id": "http://id.worldcat.org/fast/912527",
              "scheme": "FAST-topical",
              "subject": "Enlightenment"
            },
            {
              "id": "http://id.worldcat.org/fast/917002",
              "scheme": "FAST-topical",
              "subject": "Evangelicalism"
            },
            {
              "id": "http://id.worldcat.org/fast/1715961",
              "scheme": "FAST-topical",
              "subject": "Nation-state"
            },
            {
              "id": "http://id.worldcat.org/fast/1033832",
              "scheme": "FAST-topical",
              "subject": "Nationalism"
            },
            {
              "id": "http://id.worldcat.org/fast/1110738",
              "scheme": "FAST-topical",
              "subject": "Secularization"
            }
          ],
          "title": "The Scandal of the Evangelical Mind"
        },
        "parent": {
          "access": {
            "grants": [],
            "links": [],
            "owned_by": {
              "user": "3742"
            },
            "settings": {
              "accept_conditions_text": null,
              "allow_guest_requests": false,
              "allow_user_requests": false,
              "secret_link_expiration": 0
            }
          },
          "communities": {
            "default": "42c9b937-0934-4a56-82e3-049a28cf54a0",
            "entries": [
              {
                "access": {
                  "member_policy": "open",
                  "members_visibility": "public",
                  "record_policy": "open",
                  "review_policy": "closed",
                  "visibility": "public"
                },
                "children": {
                  "allow": false
                },
                "created": "2026-08-30T11:12:33.274656+00:00",
                "custom_fields": {
                  "stats:dashboard_enabled": false
                },
                "deletion_status": {
                  "is_deleted": false,
                  "status": "P"
                },
                "id": "42c9b937-0934-4a56-82e3-049a28cf54a0",
                "links": {},
                "metadata": {
                  "description": "JCRT 02.1",
                  "title": "JCRT 02.1",
                  "type": {
                    "id": "journal"
                  },
                  "website": "https://jcrt.org/archives/02.1/"
                },
                "revision_id": 3,
                "slug": "jcrt-021",
                "updated": "2026-08-30T11:12:34.532502+00:00"
              }
            ],
            "ids": [
              "42c9b937-0934-4a56-82e3-049a28cf54a0"
            ]
          },
          "id": "7mf9k-13d75",
          "pids": {
            "doi": {
              "client": "datacite",
              "identifier": "10.17613/7mf9k-13d75",
              "provider": "datacite"
            }
          }
        },
        "pids": {
          "doi": {
            "client": "datacite",
            "identifier": "10.17613/hnebc-tv943",
            "provider": "datacite"
          },
          "oai": {
            "identifier": "oai:https://works.hcommons.org:hnebc-tv943",
            "provider": "oai"
          }
        },
        "revision_id": 5,
        "stats": {
          "all_versions": {
            "data_volume": 0.0,
            "downloads": 0,
            "unique_downloads": 0,
            "unique_views": 0,
            "views": 0
          },
          "this_version": {
            "data_volume": 0.0,
            "downloads": 0,
            "unique_downloads": 0,
            "unique_views": 0,
            "views": 0
          }
        },
        "status": "published",
        "updated": "2026-08-30T11:12:52.261339+00:00",
        "versions": {
          "index": 1,
          "is_latest": true,
          "is_latest_draft": true
        }
      },
      "record_id": "hnebc-tv943",
      "record_url": "https://works.hcommons.org/records/hnebc-tv943",
      "source_id": ""
    },
    {
      "collection_id": "42c9b937-0934-4a56-82e3-049a28cf54a0",
      "errors": [],
      "files": {
        "taylor.pdf": {
          "messages": [],
          "status": "uploaded"
        }
      },
      "item_index": 3,
      "metadata": {
        "access": {
          "embargo": {
            "active": false,
            "reason": null
          },
          "files": "public",
          "record": "public",
          "status": "open"
        },
        "created": "2026-08-30T11:12:53.960988+00:00",
        "custom_fields": {
          "journal:journal": {
            "issn": "1530-5228",
            "issue": "1",
            "pages": "",
            "title": "Journal for Cultural & Religious Theory",
            "volume": "2"
          },
          "kcr:user_defined_tags": [
            "medium-specificity",
            "clement-greenberg",
            "rosalind-krauss",
            "stanley-cavell",
            "post-medium-condition",
            "modernism",
            "acknowledgment",
            "differential-specificity",
            "installation-art",
            "structuralist-film",
            "slide-projection",
            "aesthetics"
          ]
        },
        "deletion_status": {
          "is_deleted": false,
          "status": "P"
        },
        "files": {
          "count": 1,
          "enabled": true,
          "entries": {
            "taylor.pdf": {
              "access": {
                "hidden": false
              },
              "checksum": "md5:3c2efd778a93c54d99b58eb13b32bbc0",
              "ext": "pdf",
              "id": "e6cd4323-ddfa-4147-824b-65aed1622ccb",
              "key": "taylor.pdf",
              "links": {
                "content": "https://works.hcommons.org/api/records/g8xm2-ekb93/files/taylor.pdf/content",
                "iiif_api": "https://works.hcommons.org/api/iiif/record:g8xm2-ekb93:taylor.pdf/full/full/0/default.png",
                "iiif_base": "https://works.hcommons.org/api/iiif/record:g8xm2-ekb93:taylor.pdf",
                "iiif_canvas": "https://works.hcommons.org/api/iiif/record:g8xm2-ekb93/canvas/taylor.pdf",
                "iiif_info": "https://works.hcommons.org/api/iiif/record:g8xm2-ekb93:taylor.pdf/info.json",
                "self": "https://works.hcommons.org/api/records/g8xm2-ekb93/files/taylor.pdf"
              },
              "metadata": null,
              "mimetype": "application/pdf",
              "size": 238065,
              "storage_class": "L"
            }
          },
          "order": [],
          "total_bytes": 238065
        },
        "id": "g8xm2-ekb93",
        "is_draft": false,
        "is_published": true,
        "links": {
          "access": "https://works.hcommons.org/api/records/g8xm2-ekb93/access",
          "access_grants": "https://works.hcommons.org/api/records/g8xm2-ekb93/access/grants",
          "access_groups": "https://works.hcommons.org/api/records/g8xm2-ekb93/access/groups",
          "access_links": "https://works.hcommons.org/api/records/g8xm2-ekb93/access/links",
          "access_request": "https://works.hcommons.org/api/records/g8xm2-ekb93/access/request",
          "access_users": "https://works.hcommons.org/api/records/g8xm2-ekb93/access/users",
          "archive": "https://works.hcommons.org/api/records/g8xm2-ekb93/files-archive",
          "archive_media": "https://works.hcommons.org/api/records/g8xm2-ekb93/media-files-archive",
          "communities": "https://works.hcommons.org/api/records/g8xm2-ekb93/communities",
          "communities-suggestions": "https://works.hcommons.org/api/records/g8xm2-ekb93/communities-suggestions",
          "doi": "https://doi.org/10.17613/g8xm2-ekb93",
          "draft": "https://works.hcommons.org/api/records/g8xm2-ekb93/draft",
          "files": "https://works.hcommons.org/api/records/g8xm2-ekb93/files",
          "latest": "https://works.hcommons.org/api/records/g8xm2-ekb93/versions/latest",
          "latest_html": "https://works.hcommons.org/records/g8xm2-ekb93/latest",
          "media_files": "https://works.hcommons.org/api/records/g8xm2-ekb93/media-files",
          "parent": "https://works.hcommons.org/api/records/6kmm9-e7s11",
          "parent_doi": "https://works.hcommons.org/doi/10.17613/6kmm9-e7s11",
          "parent_html": "https://works.hcommons.org/records/6kmm9-e7s11",
          "requests": "https://works.hcommons.org/api/records/g8xm2-ekb93/requests",
          "reserve_doi": "https://works.hcommons.org/api/records/g8xm2-ekb93/draft/pids/doi",
          "self": "https://works.hcommons.org/api/records/g8xm2-ekb93",
          "self_doi": "https://works.hcommons.org/doi/10.17613/g8xm2-ekb93",
          "self_html": "https://works.hcommons.org/records/g8xm2-ekb93",
          "self_iiif_manifest": "https://works.hcommons.org/api/iiif/record:g8xm2-ekb93/manifest",
          "self_iiif_sequence": "https://works.hcommons.org/api/iiif/record:g8xm2-ekb93/sequence/default",
          "versions": "https://works.hcommons.org/api/records/g8xm2-ekb93/versions"
        },
        "media_files": {
          "count": 0,
          "enabled": false,
          "entries": {},
          "order": [],
          "total_bytes": 0
        },
        "metadata": {
          "creators": [
            {
              "person_or_org": {
                "family_name": "Taylor",
                "given_name": "Christopher M",
                "name": "Taylor, Christopher M",
                "type": "personal"
              },
              "role": {
                "id": "author",
                "title": {
                  "en": "Author"
                }
              }
            },
            {
              "person_or_org": {
                "family_name": "Taylor",
                "given_name": "Christopher M",
                "name": "Taylor, Christopher M",
                "type": "personal"
              },
              "role": {
                "id": "author",
                "title": {
                  "en": "Author"
                }
              }
            }
          ],
          "identifiers": [
            {
              "identifier": "4V6x0f",
              "scheme": "import-recid"
            },
            {
              "identifier": "https://jcrt.org/archives/02.1/taylor/",
              "scheme": "url"
            }
          ],
          "languages": [
            {
              "id": "eng",
              "title": {
                "en": "English"
              }
            }
          ],
          "publication_date": "2000",
          "publisher": "Whitestone Publications",
          "resource_type": {
            "id": "textDocument-journalArticle",
            "title": {
              "de": "Zeitschriftenartikel",
              "en": "Journal article"
            }
          },
          "rights": [
            {
              "link": "https://jcrt.org/copyright/",
              "title": {
                "en": "Copyright held by the author(s). Published in the Journal for Cultural and Religious Theory."
              }
            }
          ],
          "subjects": [
            {
              "id": "http://id.worldcat.org/fast/798702",
              "scheme": "FAST-topical",
              "subject": "Aesthetics"
            },
            {
              "id": "http://id.worldcat.org/fast/974250",
              "scheme": "FAST-topical",
              "subject": "Installations (Art)"
            },
            {
              "id": "http://id.worldcat.org/fast/1024448",
              "scheme": "FAST-topical",
              "subject": "Modernism (Christian theology)"
            }
          ],
          "title": "Artist's Statement"
        },
        "parent": {
          "access": {
            "grants": [],
            "links": [],
            "owned_by": {
              "user": "3742"
            },
            "settings": {
              "accept_conditions_text": null,
              "allow_guest_requests": false,
              "allow_user_requests": false,
              "secret_link_expiration": 0
            }
          },
          "communities": {
            "default": "42c9b937-0934-4a56-82e3-049a28cf54a0",
            "entries": [
              {
                "access": {
                  "member_policy": "open",
                  "members_visibility": "public",
                  "record_policy": "open",
                  "review_policy": "closed",
                  "visibility": "public"
                },
                "children": {
                  "allow": false
                },
                "created": "2026-08-30T11:12:33.274656+00:00",
                "custom_fields": {
                  "stats:dashboard_enabled": false
                },
                "deletion_status": {
                  "is_deleted": false,
                  "status": "P"
                },
                "id": "42c9b937-0934-4a56-82e3-049a28cf54a0",
                "links": {},
                "metadata": {
                  "description": "JCRT 02.1",
                  "title": "JCRT 02.1",
                  "type": {
                    "id": "journal"
                  },
                  "website": "https://jcrt.org/archives/02.1/"
                },
                "revision_id": 3,
                "slug": "jcrt-021",
                "updated": "2026-08-30T11:12:34.532502+00:00"
              }
            ],
            "ids": [
              "42c9b937-0934-4a56-82e3-049a28cf54a0"
            ]
          },
          "id": "6kmm9-e7s11",
          "pids": {
            "doi": {
              "client": "datacite",
              "identifier": "10.17613/6kmm9-e7s11",
              "provider": "datacite"
            }
          }
        },
        "pids": {
          "doi": {
            "client": "datacite",
            "identifier": "10.17613/g8xm2-ekb93",
            "provider": "datacite"
          },
          "oai": {
            "identifier": "oai:https://works.hcommons.org:g8xm2-ekb93",
            "provider": "oai"
          }
        },
        "revision_id": 5,
        "stats": {
          "all_versions": {
            "data_volume": 0.0,
            "downloads": 0,
            "unique_downloads": 0,
            "unique_views": 0,
            "views": 0
          },
          "this_version": {
            "data_volume": 0.0,
            "downloads": 0,
            "unique_downloads": 0,
            "unique_views": 0,
            "views": 0
          }
        },
        "status": "published",
        "updated": "2026-08-30T11:12:54.207678+00:00",
        "versions": {
          "index": 1,
          "is_latest": true,
          "is_latest_draft": true
        }
      },
      "record_id": "g8xm2-ekb93",
      "record_url": "https://works.hcommons.org/records/g8xm2-ekb93",
      "source_id": ""
    }
  ],
  "errors": [],
  "message": "All records were successfully imported",
  "status": "success"
}