{
  "data": [
    {
      "collection_id": "1c77ec9d-d8cc-4f8a-9a20-644e3a50d9ce",
      "errors": [],
      "files": {
        "altizer.pdf": {
          "messages": [],
          "status": "uploaded"
        }
      },
      "item_index": 0,
      "metadata": {
        "access": {
          "embargo": {
            "active": false,
            "reason": null
          },
          "files": "public",
          "record": "public",
          "status": "open"
        },
        "created": "2026-08-30T11:11:55.537670+00:00",
        "custom_fields": {
          "journal:journal": {
            "issn": "1530-5228",
            "issue": "2",
            "pages": "",
            "title": "Journal for Cultural & Religious Theory",
            "volume": "2"
          },
          "kcr:user_defined_tags": [
            "death-of-god",
            "negative-theology",
            "mark-c-taylor",
            "kenosis",
            "nihilism",
            "postmodern-atheology",
            "absolute-nothingness",
            "apocalypticism",
            "friedrich-nietzsche",
            "simulacra",
            "virtual-reality",
            "incarnation",
            "apophatic-theology",
            "sacrifice"
          ]
        },
        "deletion_status": {
          "is_deleted": false,
          "status": "P"
        },
        "files": {
          "count": 1,
          "enabled": true,
          "entries": {
            "altizer.pdf": {
              "access": {
                "hidden": false
              },
              "checksum": "md5:d01df61859e4a2e13dec078b5ca4a5b3",
              "ext": "pdf",
              "id": "d7208239-0777-4b33-9521-532e5d1160d6",
              "key": "altizer.pdf",
              "links": {
                "content": "https://works.hcommons.org/api/records/1egd1-kxz78/files/altizer.pdf/content",
                "iiif_api": "https://works.hcommons.org/api/iiif/record:1egd1-kxz78:altizer.pdf/full/full/0/default.png",
                "iiif_base": "https://works.hcommons.org/api/iiif/record:1egd1-kxz78:altizer.pdf",
                "iiif_canvas": "https://works.hcommons.org/api/iiif/record:1egd1-kxz78/canvas/altizer.pdf",
                "iiif_info": "https://works.hcommons.org/api/iiif/record:1egd1-kxz78:altizer.pdf/info.json",
                "self": "https://works.hcommons.org/api/records/1egd1-kxz78/files/altizer.pdf"
              },
              "metadata": null,
              "mimetype": "application/pdf",
              "size": 671097,
              "storage_class": "L"
            }
          },
          "order": [],
          "total_bytes": 671097
        },
        "id": "1egd1-kxz78",
        "is_draft": false,
        "is_published": true,
        "links": {
          "access": "https://works.hcommons.org/api/records/1egd1-kxz78/access",
          "access_grants": "https://works.hcommons.org/api/records/1egd1-kxz78/access/grants",
          "access_groups": "https://works.hcommons.org/api/records/1egd1-kxz78/access/groups",
          "access_links": "https://works.hcommons.org/api/records/1egd1-kxz78/access/links",
          "access_request": "https://works.hcommons.org/api/records/1egd1-kxz78/access/request",
          "access_users": "https://works.hcommons.org/api/records/1egd1-kxz78/access/users",
          "archive": "https://works.hcommons.org/api/records/1egd1-kxz78/files-archive",
          "archive_media": "https://works.hcommons.org/api/records/1egd1-kxz78/media-files-archive",
          "communities": "https://works.hcommons.org/api/records/1egd1-kxz78/communities",
          "communities-suggestions": "https://works.hcommons.org/api/records/1egd1-kxz78/communities-suggestions",
          "doi": "https://doi.org/10.17613/1egd1-kxz78",
          "draft": "https://works.hcommons.org/api/records/1egd1-kxz78/draft",
          "files": "https://works.hcommons.org/api/records/1egd1-kxz78/files",
          "latest": "https://works.hcommons.org/api/records/1egd1-kxz78/versions/latest",
          "latest_html": "https://works.hcommons.org/records/1egd1-kxz78/latest",
          "media_files": "https://works.hcommons.org/api/records/1egd1-kxz78/media-files",
          "parent": "https://works.hcommons.org/api/records/rpgk9-jzs66",
          "parent_doi": "https://works.hcommons.org/doi/10.17613/rpgk9-jzs66",
          "parent_html": "https://works.hcommons.org/records/rpgk9-jzs66",
          "requests": "https://works.hcommons.org/api/records/1egd1-kxz78/requests",
          "reserve_doi": "https://works.hcommons.org/api/records/1egd1-kxz78/draft/pids/doi",
          "self": "https://works.hcommons.org/api/records/1egd1-kxz78",
          "self_doi": "https://works.hcommons.org/doi/10.17613/1egd1-kxz78",
          "self_html": "https://works.hcommons.org/records/1egd1-kxz78",
          "self_iiif_manifest": "https://works.hcommons.org/api/iiif/record:1egd1-kxz78/manifest",
          "self_iiif_sequence": "https://works.hcommons.org/api/iiif/record:1egd1-kxz78/sequence/default",
          "versions": "https://works.hcommons.org/api/records/1egd1-kxz78/versions"
        },
        "media_files": {
          "count": 0,
          "enabled": false,
          "entries": {},
          "order": [],
          "total_bytes": 0
        },
        "metadata": {
          "creators": [
            {
              "person_or_org": {
                "family_name": "Altizer",
                "given_name": "Thomas J J",
                "name": "Altizer, Thomas J J",
                "type": "personal"
              },
              "role": {
                "id": "author",
                "title": {
                  "en": "Author"
                }
              }
            }
          ],
          "identifiers": [
            {
              "identifier": "1q-gTJ",
              "scheme": "import-recid"
            },
            {
              "identifier": "https://jcrt.org/archives/02.2/altizer/",
              "scheme": "url"
            }
          ],
          "languages": [
            {
              "id": "eng",
              "title": {
                "en": "English"
              }
            }
          ],
          "publication_date": "2001",
          "publisher": "Whitestone Publications",
          "resource_type": {
            "id": "textDocument-journalArticle",
            "title": {
              "de": "Zeitschriftenartikel",
              "en": "Journal article"
            }
          },
          "rights": [
            {
              "link": "https://jcrt.org/copyright/",
              "title": {
                "en": "Copyright held by the author(s). Published in the Journal for Cultural and Religious Theory."
              }
            }
          ],
          "subjects": [
            {
              "id": "http://id.worldcat.org/fast/888713",
              "scheme": "FAST-topical",
              "subject": "Death of God"
            },
            {
              "id": "http://id.worldcat.org/fast/968453",
              "scheme": "FAST-topical",
              "subject": "Incarnation"
            },
            {
              "id": "http://id.worldcat.org/fast/1035499",
              "scheme": "FAST-topical",
              "subject": "Negative theology"
            },
            {
              "id": "http://id.worldcat.org/fast/1037702",
              "scheme": "FAST-topical",
              "subject": "Nihilism"
            },
            {
              "id": "http://id.worldcat.org/fast/1103249",
              "scheme": "FAST-topical",
              "subject": "Sacrifice"
            },
            {
              "id": "http://id.worldcat.org/fast/1167688",
              "scheme": "FAST-topical",
              "subject": "Virtual reality"
            }
          ],
          "title": "Absolute Nothingness and Taylor's Imagology"
        },
        "parent": {
          "access": {
            "grants": [],
            "links": [],
            "owned_by": {
              "user": "3742"
            },
            "settings": {
              "accept_conditions_text": null,
              "allow_guest_requests": false,
              "allow_user_requests": false,
              "secret_link_expiration": 0
            }
          },
          "communities": {
            "default": "1c77ec9d-d8cc-4f8a-9a20-644e3a50d9ce",
            "entries": [
              {
                "access": {
                  "member_policy": "open",
                  "members_visibility": "public",
                  "record_policy": "open",
                  "review_policy": "closed",
                  "visibility": "public"
                },
                "children": {
                  "allow": false
                },
                "created": "2026-08-30T11:11:51.143209+00:00",
                "custom_fields": {
                  "stats:dashboard_enabled": false
                },
                "deletion_status": {
                  "is_deleted": false,
                  "status": "P"
                },
                "id": "1c77ec9d-d8cc-4f8a-9a20-644e3a50d9ce",
                "links": {},
                "metadata": {
                  "description": "JCRT 02.2",
                  "title": "JCRT 02.2",
                  "type": {
                    "id": "journal"
                  },
                  "website": "https://jcrt.org/archives/02.2/"
                },
                "revision_id": 3,
                "slug": "jcrt-022",
                "updated": "2026-08-30T11:11:52.373969+00:00"
              }
            ],
            "ids": [
              "1c77ec9d-d8cc-4f8a-9a20-644e3a50d9ce"
            ]
          },
          "id": "rpgk9-jzs66",
          "pids": {
            "doi": {
              "client": "datacite",
              "identifier": "10.17613/rpgk9-jzs66",
              "provider": "datacite"
            }
          }
        },
        "pids": {
          "doi": {
            "client": "datacite",
            "identifier": "10.17613/1egd1-kxz78",
            "provider": "datacite"
          },
          "oai": {
            "identifier": "oai:https://works.hcommons.org:1egd1-kxz78",
            "provider": "oai"
          }
        },
        "revision_id": 5,
        "stats": {
          "all_versions": {
            "data_volume": 0.0,
            "downloads": 0,
            "unique_downloads": 0,
            "unique_views": 0,
            "views": 0
          },
          "this_version": {
            "data_volume": 0.0,
            "downloads": 0,
            "unique_downloads": 0,
            "unique_views": 0,
            "views": 0
          }
        },
        "status": "published",
        "updated": "2026-08-30T11:11:55.765725+00:00",
        "versions": {
          "index": 1,
          "is_latest": true,
          "is_latest_draft": true
        }
      },
      "record_id": "1egd1-kxz78",
      "record_url": "https://works.hcommons.org/records/1egd1-kxz78",
      "source_id": ""
    },
    {
      "collection_id": "1c77ec9d-d8cc-4f8a-9a20-644e3a50d9ce",
      "errors": [],
      "files": {
        "arnold.pdf": {
          "messages": [],
          "status": "uploaded"
        }
      },
      "item_index": 1,
      "metadata": {
        "access": {
          "embargo": {
            "active": false,
            "reason": null
          },
          "files": "public",
          "record": "public",
          "status": "open"
        },
        "created": "2026-08-30T11:11:57.719513+00:00",
        "custom_fields": {
          "journal:journal": {
            "issn": "1530-5228",
            "issue": "2",
            "pages": "",
            "title": "Journal for Cultural & Religious Theory",
            "volume": "2"
          },
          "kcr:user_defined_tags": [
            "history-of-religions",
            "mircea-eliade",
            "the-sacred",
            "religious-diversity",
            "multiculturalism",
            "aztec-religion",
            "native-american-religion",
            "haudenosaunee",
            "comparative-religion",
            "cipher-of-religion",
            "charles-long",
            "materiality",
            "colonialism"
          ]
        },
        "deletion_status": {
          "is_deleted": false,
          "status": "P"
        },
        "files": {
          "count": 1,
          "enabled": true,
          "entries": {
            "arnold.pdf": {
              "access": {
                "hidden": false
              },
              "checksum": "md5:26ed1be28fe0b2f98a3cce3f0192ac4a",
              "ext": "pdf",
              "id": "0934565d-2b14-44be-b0e6-97e3178fc1f2",
              "key": "arnold.pdf",
              "links": {
                "content": "https://works.hcommons.org/api/records/8mn4d-knc22/files/arnold.pdf/content",
                "iiif_api": "https://works.hcommons.org/api/iiif/record:8mn4d-knc22:arnold.pdf/full/full/0/default.png",
                "iiif_base": "https://works.hcommons.org/api/iiif/record:8mn4d-knc22:arnold.pdf",
                "iiif_canvas": "https://works.hcommons.org/api/iiif/record:8mn4d-knc22/canvas/arnold.pdf",
                "iiif_info": "https://works.hcommons.org/api/iiif/record:8mn4d-knc22:arnold.pdf/info.json",
                "self": "https://works.hcommons.org/api/records/8mn4d-knc22/files/arnold.pdf"
              },
              "metadata": null,
              "mimetype": "application/pdf",
              "size": 406467,
              "storage_class": "L"
            }
          },
          "order": [],
          "total_bytes": 406467
        },
        "id": "8mn4d-knc22",
        "is_draft": false,
        "is_published": true,
        "links": {
          "access": "https://works.hcommons.org/api/records/8mn4d-knc22/access",
          "access_grants": "https://works.hcommons.org/api/records/8mn4d-knc22/access/grants",
          "access_groups": "https://works.hcommons.org/api/records/8mn4d-knc22/access/groups",
          "access_links": "https://works.hcommons.org/api/records/8mn4d-knc22/access/links",
          "access_request": "https://works.hcommons.org/api/records/8mn4d-knc22/access/request",
          "access_users": "https://works.hcommons.org/api/records/8mn4d-knc22/access/users",
          "archive": "https://works.hcommons.org/api/records/8mn4d-knc22/files-archive",
          "archive_media": "https://works.hcommons.org/api/records/8mn4d-knc22/media-files-archive",
          "communities": "https://works.hcommons.org/api/records/8mn4d-knc22/communities",
          "communities-suggestions": "https://works.hcommons.org/api/records/8mn4d-knc22/communities-suggestions",
          "doi": "https://doi.org/10.17613/8mn4d-knc22",
          "draft": "https://works.hcommons.org/api/records/8mn4d-knc22/draft",
          "files": "https://works.hcommons.org/api/records/8mn4d-knc22/files",
          "latest": "https://works.hcommons.org/api/records/8mn4d-knc22/versions/latest",
          "latest_html": "https://works.hcommons.org/records/8mn4d-knc22/latest",
          "media_files": "https://works.hcommons.org/api/records/8mn4d-knc22/media-files",
          "parent": "https://works.hcommons.org/api/records/tmk3s-fhb74",
          "parent_doi": "https://works.hcommons.org/doi/10.17613/tmk3s-fhb74",
          "parent_html": "https://works.hcommons.org/records/tmk3s-fhb74",
          "requests": "https://works.hcommons.org/api/records/8mn4d-knc22/requests",
          "reserve_doi": "https://works.hcommons.org/api/records/8mn4d-knc22/draft/pids/doi",
          "self": "https://works.hcommons.org/api/records/8mn4d-knc22",
          "self_doi": "https://works.hcommons.org/doi/10.17613/8mn4d-knc22",
          "self_html": "https://works.hcommons.org/records/8mn4d-knc22",
          "self_iiif_manifest": "https://works.hcommons.org/api/iiif/record:8mn4d-knc22/manifest",
          "self_iiif_sequence": "https://works.hcommons.org/api/iiif/record:8mn4d-knc22/sequence/default",
          "versions": "https://works.hcommons.org/api/records/8mn4d-knc22/versions"
        },
        "media_files": {
          "count": 0,
          "enabled": false,
          "entries": {},
          "order": [],
          "total_bytes": 0
        },
        "metadata": {
          "creators": [
            {
              "person_or_org": {
                "family_name": "Arnold",
                "given_name": "Philip P",
                "name": "Arnold, Philip P",
                "type": "personal"
              },
              "role": {
                "id": "author",
                "title": {
                  "en": "Author"
                }
              }
            }
          ],
          "identifiers": [
            {
              "identifier": "6zQb2r",
              "scheme": "import-recid"
            },
            {
              "identifier": "https://jcrt.org/archives/02.2/arnold/",
              "scheme": "url"
            }
          ],
          "languages": [
            {
              "id": "eng",
              "title": {
                "en": "English"
              }
            }
          ],
          "publication_date": "2001",
          "publisher": "Whitestone Publications",
          "resource_type": {
            "id": "textDocument-journalArticle",
            "title": {
              "de": "Zeitschriftenartikel",
              "en": "Journal article"
            }
          },
          "rights": [
            {
              "link": "https://jcrt.org/copyright/",
              "title": {
                "en": "Copyright held by the author(s). Published in the Journal for Cultural and Religious Theory."
              }
            }
          ],
          "subjects": [
            {
              "id": "http://id.worldcat.org/fast/1715991",
              "scheme": "FAST-topical",
              "subject": "Cultural pluralism"
            },
            {
              "id": "http://id.worldcat.org/fast/1028836",
              "scheme": "FAST-topical",
              "subject": "Multiculturalism"
            },
            {
              "id": "http://id.worldcat.org/fast/1093898",
              "scheme": "FAST-topical",
              "subject": "Religions"
            }
          ],
          "title": "Diversity in the History of Religions"
        },
        "parent": {
          "access": {
            "grants": [],
            "links": [],
            "owned_by": {
              "user": "3742"
            },
            "settings": {
              "accept_conditions_text": null,
              "allow_guest_requests": false,
              "allow_user_requests": false,
              "secret_link_expiration": 0
            }
          },
          "communities": {
            "default": "1c77ec9d-d8cc-4f8a-9a20-644e3a50d9ce",
            "entries": [
              {
                "access": {
                  "member_policy": "open",
                  "members_visibility": "public",
                  "record_policy": "open",
                  "review_policy": "closed",
                  "visibility": "public"
                },
                "children": {
                  "allow": false
                },
                "created": "2026-08-30T11:11:51.143209+00:00",
                "custom_fields": {
                  "stats:dashboard_enabled": false
                },
                "deletion_status": {
                  "is_deleted": false,
                  "status": "P"
                },
                "id": "1c77ec9d-d8cc-4f8a-9a20-644e3a50d9ce",
                "links": {},
                "metadata": {
                  "description": "JCRT 02.2",
                  "title": "JCRT 02.2",
                  "type": {
                    "id": "journal"
                  },
                  "website": "https://jcrt.org/archives/02.2/"
                },
                "revision_id": 3,
                "slug": "jcrt-022",
                "updated": "2026-08-30T11:11:52.373969+00:00"
              }
            ],
            "ids": [
              "1c77ec9d-d8cc-4f8a-9a20-644e3a50d9ce"
            ]
          },
          "id": "tmk3s-fhb74",
          "pids": {
            "doi": {
              "client": "datacite",
              "identifier": "10.17613/tmk3s-fhb74",
              "provider": "datacite"
            }
          }
        },
        "pids": {
          "doi": {
            "client": "datacite",
            "identifier": "10.17613/8mn4d-knc22",
            "provider": "datacite"
          },
          "oai": {
            "identifier": "oai:https://works.hcommons.org:8mn4d-knc22",
            "provider": "oai"
          }
        },
        "revision_id": 5,
        "stats": {
          "all_versions": {
            "data_volume": 0.0,
            "downloads": 0,
            "unique_downloads": 0,
            "unique_views": 0,
            "views": 0
          },
          "this_version": {
            "data_volume": 0.0,
            "downloads": 0,
            "unique_downloads": 0,
            "unique_views": 0,
            "views": 0
          }
        },
        "status": "published",
        "updated": "2026-08-30T11:11:57.984023+00:00",
        "versions": {
          "index": 1,
          "is_latest": true,
          "is_latest_draft": true
        }
      },
      "record_id": "8mn4d-knc22",
      "record_url": "https://works.hcommons.org/records/8mn4d-knc22",
      "source_id": ""
    },
    {
      "collection_id": "1c77ec9d-d8cc-4f8a-9a20-644e3a50d9ce",
      "errors": [],
      "files": {
        "elias.pdf": {
          "messages": [],
          "status": "uploaded"
        }
      },
      "item_index": 2,
      "metadata": {
        "access": {
          "embargo": {
            "active": false,
            "reason": null
          },
          "files": "public",
          "record": "public",
          "status": "open"
        },
        "created": "2026-08-30T11:11:59.845595+00:00",
        "custom_fields": {
          "journal:journal": {
            "issn": "1530-5228",
            "issue": "2",
            "pages": "",
            "title": "Journal for Cultural & Religious Theory",
            "volume": "2"
          },
          "kcr:user_defined_tags": [
            "ekphrasis",
            "fragment",
            "mark-c-taylor",
            "deconstruction",
            "atheology",
            "baroque",
            "gilles-deleuze",
            "the-fold",
            "imago-dei",
            "representation",
            "hegel",
            "kierkegaard",
            "martin-luther",
            "tracing",
            "postmodern-theology"
          ]
        },
        "deletion_status": {
          "is_deleted": false,
          "status": "P"
        },
        "files": {
          "count": 1,
          "enabled": true,
          "entries": {
            "elias.pdf": {
              "access": {
                "hidden": false
              },
              "checksum": "md5:7c80ee52b76c7cba4251dfe8f99bcef1",
              "ext": "pdf",
              "id": "3367f510-ebbd-4d87-9f75-9fc8522d74b7",
              "key": "elias.pdf",
              "links": {
                "content": "https://works.hcommons.org/api/records/az8yy-q0w12/files/elias.pdf/content",
                "iiif_api": "https://works.hcommons.org/api/iiif/record:az8yy-q0w12:elias.pdf/full/full/0/default.png",
                "iiif_base": "https://works.hcommons.org/api/iiif/record:az8yy-q0w12:elias.pdf",
                "iiif_canvas": "https://works.hcommons.org/api/iiif/record:az8yy-q0w12/canvas/elias.pdf",
                "iiif_info": "https://works.hcommons.org/api/iiif/record:az8yy-q0w12:elias.pdf/info.json",
                "self": "https://works.hcommons.org/api/records/az8yy-q0w12/files/elias.pdf"
              },
              "metadata": null,
              "mimetype": "application/pdf",
              "size": 728856,
              "storage_class": "L"
            }
          },
          "order": [],
          "total_bytes": 728856
        },
        "id": "az8yy-q0w12",
        "is_draft": false,
        "is_published": true,
        "links": {
          "access": "https://works.hcommons.org/api/records/az8yy-q0w12/access",
          "access_grants": "https://works.hcommons.org/api/records/az8yy-q0w12/access/grants",
          "access_groups": "https://works.hcommons.org/api/records/az8yy-q0w12/access/groups",
          "access_links": "https://works.hcommons.org/api/records/az8yy-q0w12/access/links",
          "access_request": "https://works.hcommons.org/api/records/az8yy-q0w12/access/request",
          "access_users": "https://works.hcommons.org/api/records/az8yy-q0w12/access/users",
          "archive": "https://works.hcommons.org/api/records/az8yy-q0w12/files-archive",
          "archive_media": "https://works.hcommons.org/api/records/az8yy-q0w12/media-files-archive",
          "communities": "https://works.hcommons.org/api/records/az8yy-q0w12/communities",
          "communities-suggestions": "https://works.hcommons.org/api/records/az8yy-q0w12/communities-suggestions",
          "doi": "https://doi.org/10.17613/az8yy-q0w12",
          "draft": "https://works.hcommons.org/api/records/az8yy-q0w12/draft",
          "files": "https://works.hcommons.org/api/records/az8yy-q0w12/files",
          "latest": "https://works.hcommons.org/api/records/az8yy-q0w12/versions/latest",
          "latest_html": "https://works.hcommons.org/records/az8yy-q0w12/latest",
          "media_files": "https://works.hcommons.org/api/records/az8yy-q0w12/media-files",
          "parent": "https://works.hcommons.org/api/records/twr6q-sr092",
          "parent_doi": "https://works.hcommons.org/doi/10.17613/twr6q-sr092",
          "parent_html": "https://works.hcommons.org/records/twr6q-sr092",
          "requests": "https://works.hcommons.org/api/records/az8yy-q0w12/requests",
          "reserve_doi": "https://works.hcommons.org/api/records/az8yy-q0w12/draft/pids/doi",
          "self": "https://works.hcommons.org/api/records/az8yy-q0w12",
          "self_doi": "https://works.hcommons.org/doi/10.17613/az8yy-q0w12",
          "self_html": "https://works.hcommons.org/records/az8yy-q0w12",
          "self_iiif_manifest": "https://works.hcommons.org/api/iiif/record:az8yy-q0w12/manifest",
          "self_iiif_sequence": "https://works.hcommons.org/api/iiif/record:az8yy-q0w12/sequence/default",
          "versions": "https://works.hcommons.org/api/records/az8yy-q0w12/versions"
        },
        "media_files": {
          "count": 0,
          "enabled": false,
          "entries": {},
          "order": [],
          "total_bytes": 0
        },
        "metadata": {
          "creators": [
            {
              "person_or_org": {
                "family_name": "Elias",
                "given_name": "Camelia",
                "name": "Elias, Camelia",
                "type": "personal"
              },
              "role": {
                "id": "author",
                "title": {
                  "en": "Author"
                }
              }
            }
          ],
          "identifiers": [
            {
              "identifier": "tXINkd",
              "scheme": "import-recid"
            },
            {
              "identifier": "https://jcrt.org/archives/02.2/elias/",
              "scheme": "url"
            }
          ],
          "languages": [
            {
              "id": "eng",
              "title": {
                "en": "English"
              }
            }
          ],
          "publication_date": "2001",
          "publisher": "Whitestone Publications",
          "resource_type": {
            "id": "textDocument-journalArticle",
            "title": {
              "de": "Zeitschriftenartikel",
              "en": "Journal article"
            }
          },
          "rights": [
            {
              "link": "https://jcrt.org/copyright/",
              "title": {
                "en": "Copyright held by the author(s). Published in the Journal for Cultural and Religious Theory."
              }
            }
          ],
          "subjects": [
            {
              "id": "http://id.worldcat.org/fast/889137",
              "scheme": "FAST-topical",
              "subject": "Deconstruction"
            },
            {
              "id": "http://id.worldcat.org/fast/904124",
              "scheme": "FAST-topical",
              "subject": "Ekphrasis"
            },
            {
              "id": "http://id.worldcat.org/fast/1786817",
              "scheme": "FAST-personal",
              "subject": "Martin, Luther"
            },
            {
              "id": "http://id.worldcat.org/fast/1073163",
              "scheme": "FAST-topical",
              "subject": "Postmodern theology"
            },
            {
              "id": "http://id.worldcat.org/fast/1094941",
              "scheme": "FAST-topical",
              "subject": "Representative government and representation"
            }
          ],
          "title": "Ekphrastic Plastic Fragments: Mark C. Taylor in and Out of Context"
        },
        "parent": {
          "access": {
            "grants": [],
            "links": [],
            "owned_by": {
              "user": "3742"
            },
            "settings": {
              "accept_conditions_text": null,
              "allow_guest_requests": false,
              "allow_user_requests": false,
              "secret_link_expiration": 0
            }
          },
          "communities": {
            "default": "1c77ec9d-d8cc-4f8a-9a20-644e3a50d9ce",
            "entries": [
              {
                "access": {
                  "member_policy": "open",
                  "members_visibility": "public",
                  "record_policy": "open",
                  "review_policy": "closed",
                  "visibility": "public"
                },
                "children": {
                  "allow": false
                },
                "created": "2026-08-30T11:11:51.143209+00:00",
                "custom_fields": {
                  "stats:dashboard_enabled": false
                },
                "deletion_status": {
                  "is_deleted": false,
                  "status": "P"
                },
                "id": "1c77ec9d-d8cc-4f8a-9a20-644e3a50d9ce",
                "links": {},
                "metadata": {
                  "description": "JCRT 02.2",
                  "title": "JCRT 02.2",
                  "type": {
                    "id": "journal"
                  },
                  "website": "https://jcrt.org/archives/02.2/"
                },
                "revision_id": 3,
                "slug": "jcrt-022",
                "updated": "2026-08-30T11:11:52.373969+00:00"
              }
            ],
            "ids": [
              "1c77ec9d-d8cc-4f8a-9a20-644e3a50d9ce"
            ]
          },
          "id": "twr6q-sr092",
          "pids": {
            "doi": {
              "client": "datacite",
              "identifier": "10.17613/twr6q-sr092",
              "provider": "datacite"
            }
          }
        },
        "pids": {
          "doi": {
            "client": "datacite",
            "identifier": "10.17613/az8yy-q0w12",
            "provider": "datacite"
          },
          "oai": {
            "identifier": "oai:https://works.hcommons.org:az8yy-q0w12",
            "provider": "oai"
          }
        },
        "revision_id": 5,
        "stats": {
          "all_versions": {
            "data_volume": 0.0,
            "downloads": 0,
            "unique_downloads": 0,
            "unique_views": 0,
            "views": 0
          },
          "this_version": {
            "data_volume": 0.0,
            "downloads": 0,
            "unique_downloads": 0,
            "unique_views": 0,
            "views": 0
          }
        },
        "status": "published",
        "updated": "2026-08-30T11:12:00.266710+00:00",
        "versions": {
          "index": 1,
          "is_latest": true,
          "is_latest_draft": true
        }
      },
      "record_id": "az8yy-q0w12",
      "record_url": "https://works.hcommons.org/records/az8yy-q0w12",
      "source_id": ""
    },
    {
      "collection_id": "1c77ec9d-d8cc-4f8a-9a20-644e3a50d9ce",
      "errors": [],
      "files": {
        "majer.pdf": {
          "messages": [],
          "status": "uploaded"
        }
      },
      "item_index": 3,
      "metadata": {
        "access": {
          "embargo": {
            "active": false,
            "reason": null
          },
          "files": "public",
          "record": "public",
          "status": "open"
        },
        "created": "2026-08-30T11:12:02.911257+00:00",
        "custom_fields": {
          "journal:journal": {
            "issn": "1530-5228",
            "issue": "2",
            "pages": "",
            "title": "Journal for Cultural & Religious Theory",
            "volume": "2"
          },
          "kcr:user_defined_tags": [
            "contagion",
            "leviticus",
            "purity-and-danger",
            "mary-douglas",
            "paul-ricoeur",
            "jean-luc-nancy",
            "sacrifice",
            "abomination",
            "defilement",
            "alterity",
            "georges-bataille",
            "the-between",
            "finitude",
            "taboo",
            "ethics"
          ]
        },
        "deletion_status": {
          "is_deleted": false,
          "status": "P"
        },
        "files": {
          "count": 1,
          "enabled": true,
          "entries": {
            "majer.pdf": {
              "access": {
                "hidden": false
              },
              "checksum": "md5:d6b2311f144cfb19ff34965e473dca8b",
              "ext": "pdf",
              "id": "6c1bd571-2a9c-4076-9abd-1ce04ec7d4f9",
              "key": "majer.pdf",
              "links": {
                "content": "https://works.hcommons.org/api/records/pa0va-gg610/files/majer.pdf/content",
                "iiif_api": "https://works.hcommons.org/api/iiif/record:pa0va-gg610:majer.pdf/full/full/0/default.png",
                "iiif_base": "https://works.hcommons.org/api/iiif/record:pa0va-gg610:majer.pdf",
                "iiif_canvas": "https://works.hcommons.org/api/iiif/record:pa0va-gg610/canvas/majer.pdf",
                "iiif_info": "https://works.hcommons.org/api/iiif/record:pa0va-gg610:majer.pdf/info.json",
                "self": "https://works.hcommons.org/api/records/pa0va-gg610/files/majer.pdf"
              },
              "metadata": null,
              "mimetype": "application/pdf",
              "size": 1094289,
              "storage_class": "L"
            }
          },
          "order": [],
          "total_bytes": 1094289
        },
        "id": "pa0va-gg610",
        "is_draft": false,
        "is_published": true,
        "links": {
          "access": "https://works.hcommons.org/api/records/pa0va-gg610/access",
          "access_grants": "https://works.hcommons.org/api/records/pa0va-gg610/access/grants",
          "access_groups": "https://works.hcommons.org/api/records/pa0va-gg610/access/groups",
          "access_links": "https://works.hcommons.org/api/records/pa0va-gg610/access/links",
          "access_request": "https://works.hcommons.org/api/records/pa0va-gg610/access/request",
          "access_users": "https://works.hcommons.org/api/records/pa0va-gg610/access/users",
          "archive": "https://works.hcommons.org/api/records/pa0va-gg610/files-archive",
          "archive_media": "https://works.hcommons.org/api/records/pa0va-gg610/media-files-archive",
          "communities": "https://works.hcommons.org/api/records/pa0va-gg610/communities",
          "communities-suggestions": "https://works.hcommons.org/api/records/pa0va-gg610/communities-suggestions",
          "doi": "https://doi.org/10.17613/pa0va-gg610",
          "draft": "https://works.hcommons.org/api/records/pa0va-gg610/draft",
          "files": "https://works.hcommons.org/api/records/pa0va-gg610/files",
          "latest": "https://works.hcommons.org/api/records/pa0va-gg610/versions/latest",
          "latest_html": "https://works.hcommons.org/records/pa0va-gg610/latest",
          "media_files": "https://works.hcommons.org/api/records/pa0va-gg610/media-files",
          "parent": "https://works.hcommons.org/api/records/59h9z-zew65",
          "parent_doi": "https://works.hcommons.org/doi/10.17613/59h9z-zew65",
          "parent_html": "https://works.hcommons.org/records/59h9z-zew65",
          "requests": "https://works.hcommons.org/api/records/pa0va-gg610/requests",
          "reserve_doi": "https://works.hcommons.org/api/records/pa0va-gg610/draft/pids/doi",
          "self": "https://works.hcommons.org/api/records/pa0va-gg610",
          "self_doi": "https://works.hcommons.org/doi/10.17613/pa0va-gg610",
          "self_html": "https://works.hcommons.org/records/pa0va-gg610",
          "self_iiif_manifest": "https://works.hcommons.org/api/iiif/record:pa0va-gg610/manifest",
          "self_iiif_sequence": "https://works.hcommons.org/api/iiif/record:pa0va-gg610/sequence/default",
          "versions": "https://works.hcommons.org/api/records/pa0va-gg610/versions"
        },
        "media_files": {
          "count": 0,
          "enabled": false,
          "entries": {},
          "order": [],
          "total_bytes": 0
        },
        "metadata": {
          "creators": [
            {
              "person_or_org": {
                "family_name": "Majer",
                "given_name": "Gerald",
                "name": "Majer, Gerald",
                "type": "personal"
              },
              "role": {
                "id": "author",
                "title": {
                  "en": "Author"
                }
              }
            }
          ],
          "identifiers": [
            {
              "identifier": "B075nw",
              "scheme": "import-recid"
            },
            {
              "identifier": "https://jcrt.org/archives/02.2/majer/",
              "scheme": "url"
            }
          ],
          "languages": [
            {
              "id": "eng",
              "title": {
                "en": "English"
              }
            }
          ],
          "publication_date": "2001",
          "publisher": "Whitestone Publications",
          "resource_type": {
            "id": "textDocument-journalArticle",
            "title": {
              "de": "Zeitschriftenartikel",
              "en": "Journal article"
            }
          },
          "rights": [
            {
              "link": "https://jcrt.org/copyright/",
              "title": {
                "en": "Copyright held by the author(s). Published in the Journal for Cultural and Religious Theory."
              }
            }
          ],
          "subjects": [
            {
              "id": "http://id.worldcat.org/fast/915833",
              "scheme": "FAST-topical",
              "subject": "Ethics"
            },
            {
              "id": "http://id.worldcat.org/fast/924915",
              "scheme": "FAST-topical",
              "subject": "Finite, The"
            },
            {
              "id": "http://id.worldcat.org/fast/1103249",
              "scheme": "FAST-topical",
              "subject": "Sacrifice"
            },
            {
              "id": "http://id.worldcat.org/fast/1141792",
              "scheme": "FAST-topical",
              "subject": "Taboo"
            }
          ],
          "title": "On Contagions: Leviticus and the Fascination of the Abomination"
        },
        "parent": {
          "access": {
            "grants": [],
            "links": [],
            "owned_by": {
              "user": "3742"
            },
            "settings": {
              "accept_conditions_text": null,
              "allow_guest_requests": false,
              "allow_user_requests": false,
              "secret_link_expiration": 0
            }
          },
          "communities": {
            "default": "1c77ec9d-d8cc-4f8a-9a20-644e3a50d9ce",
            "entries": [
              {
                "access": {
                  "member_policy": "open",
                  "members_visibility": "public",
                  "record_policy": "open",
                  "review_policy": "closed",
                  "visibility": "public"
                },
                "children": {
                  "allow": false
                },
                "created": "2026-08-30T11:11:51.143209+00:00",
                "custom_fields": {
                  "stats:dashboard_enabled": false
                },
                "deletion_status": {
                  "is_deleted": false,
                  "status": "P"
                },
                "id": "1c77ec9d-d8cc-4f8a-9a20-644e3a50d9ce",
                "links": {},
                "metadata": {
                  "description": "JCRT 02.2",
                  "title": "JCRT 02.2",
                  "type": {
                    "id": "journal"
                  },
                  "website": "https://jcrt.org/archives/02.2/"
                },
                "revision_id": 3,
                "slug": "jcrt-022",
                "updated": "2026-08-30T11:11:52.373969+00:00"
              }
            ],
            "ids": [
              "1c77ec9d-d8cc-4f8a-9a20-644e3a50d9ce"
            ]
          },
          "id": "59h9z-zew65",
          "pids": {
            "doi": {
              "client": "datacite",
              "identifier": "10.17613/59h9z-zew65",
              "provider": "datacite"
            }
          }
        },
        "pids": {
          "doi": {
            "client": "datacite",
            "identifier": "10.17613/pa0va-gg610",
            "provider": "datacite"
          },
          "oai": {
            "identifier": "oai:https://works.hcommons.org:pa0va-gg610",
            "provider": "oai"
          }
        },
        "revision_id": 5,
        "stats": {
          "all_versions": {
            "data_volume": 0.0,
            "downloads": 0,
            "unique_downloads": 0,
            "unique_views": 0,
            "views": 0
          },
          "this_version": {
            "data_volume": 0.0,
            "downloads": 0,
            "unique_downloads": 0,
            "unique_views": 0,
            "views": 0
          }
        },
        "status": "published",
        "updated": "2026-08-30T11:12:03.276252+00:00",
        "versions": {
          "index": 1,
          "is_latest": true,
          "is_latest_draft": true
        }
      },
      "record_id": "pa0va-gg610",
      "record_url": "https://works.hcommons.org/records/pa0va-gg610",
      "source_id": ""
    }
  ],
  "errors": [],
  "message": "All records were successfully imported",
  "status": "success"
}