{
  "status": 200,
  "message": "02.3 records verified in KC Works",
  "errors": [],
  "data": [
    {
      "record_id": "ragt1-v0c22"
    },
    {
      "record_id": "bsr8w-h9y58"
    },
    {
      "record_id": "8hrnh-yev62"
    },
    {
      "record_id": "y2jqy-x1j72"
    },
    {
      "record_id": "hv9fh-v4332"
    },
    {
      "record_id": "nm6he-mqy64"
    },
    {
      "record_id": "z1xwv-bmb64"
    },
    {
      "record_id": "xgfcm-5p219"
    },
    {
      "record_id": "0p7fk-rqk34"
    },
    {
      "record_id": "4bn8y-3rq18"
    }
  ]
}
