{
  "data": [
    {
      "collection_id": "80738cf7-938d-431f-a5dd-d7d468c995ea",
      "errors": [],
      "files": {
        "putt.pdf": {
          "messages": [],
          "status": "uploaded"
        }
      },
      "item_index": 0,
      "metadata": {
        "access": {
          "embargo": {
            "active": false,
            "reason": null
          },
          "files": "public",
          "record": "public",
          "status": "open"
        },
        "created": "2026-08-30T11:09:02.462997+00:00",
        "custom_fields": {
          "journal:journal": {
            "issn": "1530-5228",
            "issue": "3",
            "pages": "",
            "title": "Journal for Cultural & Religious Theory",
            "volume": "3"
          },
          "kcr:user_defined_tags": [
            "merold-westphal",
            "philosophy-of-religion",
            "hermeneutics-of-suspicion",
            "hermeneutics-of-finitude",
            "soren-kierkegaard",
            "paul-ricoeur",
            "immanuel-kant",
            "postmodernism",
            "epistemology",
            "ontotheology",
            "prophetic-philosophy",
            "sin",
            "faith"
          ]
        },
        "deletion_status": {
          "is_deleted": false,
          "status": "P"
        },
        "files": {
          "count": 1,
          "enabled": true,
          "entries": {
            "putt.pdf": {
              "access": {
                "hidden": false
              },
              "checksum": "md5:d72168f298cb9a3600e17e614e97d725",
              "ext": "pdf",
              "id": "434bbb9c-1156-448f-869b-e48b3c1c84b8",
              "key": "putt.pdf",
              "links": {
                "content": "https://works.hcommons.org/api/records/3abx9-9gz30/files/putt.pdf/content",
                "iiif_api": "https://works.hcommons.org/api/iiif/record:3abx9-9gz30:putt.pdf/full/full/0/default.png",
                "iiif_base": "https://works.hcommons.org/api/iiif/record:3abx9-9gz30:putt.pdf",
                "iiif_canvas": "https://works.hcommons.org/api/iiif/record:3abx9-9gz30/canvas/putt.pdf",
                "iiif_info": "https://works.hcommons.org/api/iiif/record:3abx9-9gz30:putt.pdf/info.json",
                "self": "https://works.hcommons.org/api/records/3abx9-9gz30/files/putt.pdf"
              },
              "metadata": {},
              "mimetype": "application/pdf",
              "size": 1019115,
              "storage_class": "L"
            }
          },
          "order": [],
          "total_bytes": 1019115
        },
        "id": "3abx9-9gz30",
        "is_draft": false,
        "is_published": true,
        "links": {
          "access": "https://works.hcommons.org/api/records/3abx9-9gz30/access",
          "access_grants": "https://works.hcommons.org/api/records/3abx9-9gz30/access/grants",
          "access_groups": "https://works.hcommons.org/api/records/3abx9-9gz30/access/groups",
          "access_links": "https://works.hcommons.org/api/records/3abx9-9gz30/access/links",
          "access_request": "https://works.hcommons.org/api/records/3abx9-9gz30/access/request",
          "access_users": "https://works.hcommons.org/api/records/3abx9-9gz30/access/users",
          "archive": "https://works.hcommons.org/api/records/3abx9-9gz30/files-archive",
          "archive_media": "https://works.hcommons.org/api/records/3abx9-9gz30/media-files-archive",
          "communities": "https://works.hcommons.org/api/records/3abx9-9gz30/communities",
          "communities-suggestions": "https://works.hcommons.org/api/records/3abx9-9gz30/communities-suggestions",
          "doi": "https://doi.org/10.17613/3abx9-9gz30",
          "draft": "https://works.hcommons.org/api/records/3abx9-9gz30/draft",
          "files": "https://works.hcommons.org/api/records/3abx9-9gz30/files",
          "latest": "https://works.hcommons.org/api/records/3abx9-9gz30/versions/latest",
          "latest_html": "https://works.hcommons.org/records/3abx9-9gz30/latest",
          "media_files": "https://works.hcommons.org/api/records/3abx9-9gz30/media-files",
          "parent": "https://works.hcommons.org/api/records/zt23d-5wf29",
          "parent_doi": "https://works.hcommons.org/doi/10.17613/zt23d-5wf29",
          "parent_html": "https://works.hcommons.org/records/zt23d-5wf29",
          "requests": "https://works.hcommons.org/api/records/3abx9-9gz30/requests",
          "reserve_doi": "https://works.hcommons.org/api/records/3abx9-9gz30/draft/pids/doi",
          "self": "https://works.hcommons.org/api/records/3abx9-9gz30",
          "self_doi": "https://works.hcommons.org/doi/10.17613/3abx9-9gz30",
          "self_html": "https://works.hcommons.org/records/3abx9-9gz30",
          "self_iiif_manifest": "https://works.hcommons.org/api/iiif/record:3abx9-9gz30/manifest",
          "self_iiif_sequence": "https://works.hcommons.org/api/iiif/record:3abx9-9gz30/sequence/default",
          "versions": "https://works.hcommons.org/api/records/3abx9-9gz30/versions"
        },
        "media_files": {
          "count": 0,
          "enabled": false,
          "entries": {},
          "order": [],
          "total_bytes": 0
        },
        "metadata": {
          "creators": [
            {
              "person_or_org": {
                "family_name": "Putt",
                "given_name": "B Keith",
                "name": "Putt, B Keith",
                "type": "personal"
              },
              "role": {
                "id": "author",
                "title": {
                  "en": "Author"
                }
              }
            }
          ],
          "identifiers": [
            {
              "identifier": "ehFOUK",
              "scheme": "import-recid"
            },
            {
              "identifier": "https://jcrt.org/archives/03.3/putt/",
              "scheme": "url"
            }
          ],
          "languages": [
            {
              "id": "eng",
              "title": {
                "en": "English"
              }
            }
          ],
          "publication_date": "2002",
          "publisher": "Whitestone Publications",
          "resource_type": {
            "id": "textDocument-journalArticle",
            "title": {
              "de": "Zeitschriftenartikel",
              "en": "Journal article"
            }
          },
          "rights": [
            {
              "link": "https://jcrt.org/copyright/",
              "title": {
                "en": "Copyright held by the author(s). Published in the Journal for Cultural and Religious Theory."
              }
            }
          ],
          "subjects": [
            {
              "id": "http://id.worldcat.org/fast/1198492",
              "scheme": "FAST-topical",
              "subject": "Faith"
            },
            {
              "id": "http://id.worldcat.org/fast/988194",
              "scheme": "FAST-topical",
              "subject": "Knowledge, Theory of"
            },
            {
              "id": "http://id.worldcat.org/fast/1073164",
              "scheme": "FAST-topical",
              "subject": "Postmodernism"
            },
            {
              "id": "http://id.worldcat.org/fast/1119194",
              "scheme": "FAST-topical",
              "subject": "Sin"
            }
          ],
          "title": "The Benefit of the Doubt: Merold Westphal's Prophetic Philosophy of Religion"
        },
        "parent": {
          "access": {
            "grants": [],
            "links": [],
            "owned_by": {
              "user": "3742"
            },
            "settings": {
              "accept_conditions_text": null,
              "allow_guest_requests": false,
              "allow_user_requests": false,
              "secret_link_expiration": 0
            }
          },
          "communities": {
            "default": "80738cf7-938d-431f-a5dd-d7d468c995ea",
            "entries": [
              {
                "access": {
                  "member_policy": "open",
                  "members_visibility": "public",
                  "record_policy": "open",
                  "review_policy": "closed",
                  "visibility": "public"
                },
                "children": {
                  "allow": false
                },
                "created": "2026-08-30T11:08:48.582981+00:00",
                "custom_fields": {
                  "stats:dashboard_enabled": false
                },
                "deletion_status": {
                  "is_deleted": false,
                  "status": "P"
                },
                "id": "80738cf7-938d-431f-a5dd-d7d468c995ea",
                "links": {},
                "metadata": {
                  "description": "JCRT 03.3",
                  "title": "JCRT 03.3",
                  "type": {
                    "id": "journal"
                  },
                  "website": "https://jcrt.org/archives/03.3/"
                },
                "revision_id": 3,
                "slug": "jcrt-033",
                "updated": "2026-08-30T11:08:49.317281+00:00"
              }
            ],
            "ids": [
              "80738cf7-938d-431f-a5dd-d7d468c995ea"
            ]
          },
          "id": "zt23d-5wf29",
          "pids": {
            "doi": {
              "client": "datacite",
              "identifier": "10.17613/zt23d-5wf29",
              "provider": "datacite"
            }
          }
        },
        "pids": {
          "doi": {
            "client": "datacite",
            "identifier": "10.17613/3abx9-9gz30",
            "provider": "datacite"
          },
          "oai": {
            "identifier": "oai:https://works.hcommons.org:3abx9-9gz30",
            "provider": "oai"
          }
        },
        "revision_id": 5,
        "stats": {
          "all_versions": {
            "data_volume": 0.0,
            "downloads": 0,
            "unique_downloads": 0,
            "unique_views": 0,
            "views": 0
          },
          "this_version": {
            "data_volume": 0.0,
            "downloads": 0,
            "unique_downloads": 0,
            "unique_views": 0,
            "views": 0
          }
        },
        "status": "published",
        "updated": "2026-08-30T11:09:02.712890+00:00",
        "versions": {
          "index": 1,
          "is_latest": true,
          "is_latest_draft": true
        }
      },
      "record_id": "3abx9-9gz30",
      "record_url": "https://works.hcommons.org/records/3abx9-9gz30",
      "source_id": ""
    },
    {
      "collection_id": "80738cf7-938d-431f-a5dd-d7d468c995ea",
      "errors": [],
      "files": {
        "rashkover.pdf": {
          "messages": [],
          "status": "uploaded"
        }
      },
      "item_index": 1,
      "metadata": {
        "access": {
          "embargo": {
            "active": false,
            "reason": null
          },
          "files": "public",
          "record": "public",
          "status": "open"
        },
        "created": "2026-08-30T11:09:04.555446+00:00",
        "custom_fields": {
          "journal:journal": {
            "issn": "1530-5228",
            "issue": "3",
            "pages": "",
            "title": "Journal for Cultural & Religious Theory",
            "volume": "3"
          },
          "kcr:user_defined_tags": [
            "radical-orthodoxy",
            "jewish-christian-relations",
            "embodiment",
            "incarnation",
            "semiotics",
            "graham-ward",
            "eucharist",
            "rabbinic-hermeneutics",
            "torah",
            "scriptural-reasoning",
            "desire",
            "narrative-theology",
            "gift"
          ]
        },
        "deletion_status": {
          "is_deleted": false,
          "status": "P"
        },
        "files": {
          "count": 1,
          "enabled": true,
          "entries": {
            "rashkover.pdf": {
              "access": {
                "hidden": false
              },
              "checksum": "md5:b78e08d29970702cfb5cf9d09587f901",
              "ext": "pdf",
              "id": "8b0adac4-6895-419e-80e4-579a6830bfb3",
              "key": "rashkover.pdf",
              "links": {
                "content": "https://works.hcommons.org/api/records/t8722-vmk38/files/rashkover.pdf/content",
                "iiif_api": "https://works.hcommons.org/api/iiif/record:t8722-vmk38:rashkover.pdf/full/full/0/default.png",
                "iiif_base": "https://works.hcommons.org/api/iiif/record:t8722-vmk38:rashkover.pdf",
                "iiif_canvas": "https://works.hcommons.org/api/iiif/record:t8722-vmk38/canvas/rashkover.pdf",
                "iiif_info": "https://works.hcommons.org/api/iiif/record:t8722-vmk38:rashkover.pdf/info.json",
                "self": "https://works.hcommons.org/api/records/t8722-vmk38/files/rashkover.pdf"
              },
              "metadata": {},
              "mimetype": "application/pdf",
              "size": 797652,
              "storage_class": "L"
            }
          },
          "order": [],
          "total_bytes": 797652
        },
        "id": "t8722-vmk38",
        "is_draft": false,
        "is_published": true,
        "links": {
          "access": "https://works.hcommons.org/api/records/t8722-vmk38/access",
          "access_grants": "https://works.hcommons.org/api/records/t8722-vmk38/access/grants",
          "access_groups": "https://works.hcommons.org/api/records/t8722-vmk38/access/groups",
          "access_links": "https://works.hcommons.org/api/records/t8722-vmk38/access/links",
          "access_request": "https://works.hcommons.org/api/records/t8722-vmk38/access/request",
          "access_users": "https://works.hcommons.org/api/records/t8722-vmk38/access/users",
          "archive": "https://works.hcommons.org/api/records/t8722-vmk38/files-archive",
          "archive_media": "https://works.hcommons.org/api/records/t8722-vmk38/media-files-archive",
          "communities": "https://works.hcommons.org/api/records/t8722-vmk38/communities",
          "communities-suggestions": "https://works.hcommons.org/api/records/t8722-vmk38/communities-suggestions",
          "doi": "https://doi.org/10.17613/t8722-vmk38",
          "draft": "https://works.hcommons.org/api/records/t8722-vmk38/draft",
          "files": "https://works.hcommons.org/api/records/t8722-vmk38/files",
          "latest": "https://works.hcommons.org/api/records/t8722-vmk38/versions/latest",
          "latest_html": "https://works.hcommons.org/records/t8722-vmk38/latest",
          "media_files": "https://works.hcommons.org/api/records/t8722-vmk38/media-files",
          "parent": "https://works.hcommons.org/api/records/y25pd-pzt40",
          "parent_doi": "https://works.hcommons.org/doi/10.17613/y25pd-pzt40",
          "parent_html": "https://works.hcommons.org/records/y25pd-pzt40",
          "requests": "https://works.hcommons.org/api/records/t8722-vmk38/requests",
          "reserve_doi": "https://works.hcommons.org/api/records/t8722-vmk38/draft/pids/doi",
          "self": "https://works.hcommons.org/api/records/t8722-vmk38",
          "self_doi": "https://works.hcommons.org/doi/10.17613/t8722-vmk38",
          "self_html": "https://works.hcommons.org/records/t8722-vmk38",
          "self_iiif_manifest": "https://works.hcommons.org/api/iiif/record:t8722-vmk38/manifest",
          "self_iiif_sequence": "https://works.hcommons.org/api/iiif/record:t8722-vmk38/sequence/default",
          "versions": "https://works.hcommons.org/api/records/t8722-vmk38/versions"
        },
        "media_files": {
          "count": 0,
          "enabled": false,
          "entries": {},
          "order": [],
          "total_bytes": 0
        },
        "metadata": {
          "creators": [
            {
              "person_or_org": {
                "family_name": "Rashkover",
                "given_name": "Randi",
                "name": "Rashkover, Randi",
                "type": "personal"
              },
              "role": {
                "id": "author",
                "title": {
                  "en": "Author"
                }
              }
            }
          ],
          "identifiers": [
            {
              "identifier": "3Joyst",
              "scheme": "import-recid"
            },
            {
              "identifier": "https://jcrt.org/archives/03.3/rashkover/",
              "scheme": "url"
            }
          ],
          "languages": [
            {
              "id": "eng",
              "title": {
                "en": "English"
              }
            }
          ],
          "publication_date": "2002",
          "publisher": "Whitestone Publications",
          "resource_type": {
            "id": "textDocument-journalArticle",
            "title": {
              "de": "Zeitschriftenartikel",
              "en": "Journal article"
            }
          },
          "rights": [
            {
              "link": "https://jcrt.org/copyright/",
              "title": {
                "en": "Copyright held by the author(s). Published in the Journal for Cultural and Religious Theory."
              }
            }
          ],
          "subjects": [
            {
              "id": "http://id.worldcat.org/fast/891351",
              "scheme": "FAST-topical",
              "subject": "Desire"
            },
            {
              "id": "http://id.worldcat.org/fast/968453",
              "scheme": "FAST-topical",
              "subject": "Incarnation"
            },
            {
              "id": "http://id.worldcat.org/fast/1002518",
              "scheme": "FAST-topical",
              "subject": "Lord's Supper"
            },
            {
              "id": "http://id.worldcat.org/fast/1033061",
              "scheme": "FAST-topical",
              "subject": "Narrative theology"
            },
            {
              "id": "http://id.worldcat.org/fast/1112351",
              "scheme": "FAST-topical",
              "subject": "Semiotics"
            }
          ],
          "title": "The Semiotics of Embodiment: Radical Orthodoxy and Jewish-Christian Relations"
        },
        "parent": {
          "access": {
            "grants": [],
            "links": [],
            "owned_by": {
              "user": "3742"
            },
            "settings": {
              "accept_conditions_text": null,
              "allow_guest_requests": false,
              "allow_user_requests": false,
              "secret_link_expiration": 0
            }
          },
          "communities": {
            "default": "80738cf7-938d-431f-a5dd-d7d468c995ea",
            "entries": [
              {
                "access": {
                  "member_policy": "open",
                  "members_visibility": "public",
                  "record_policy": "open",
                  "review_policy": "closed",
                  "visibility": "public"
                },
                "children": {
                  "allow": false
                },
                "created": "2026-08-30T11:08:48.582981+00:00",
                "custom_fields": {
                  "stats:dashboard_enabled": false
                },
                "deletion_status": {
                  "is_deleted": false,
                  "status": "P"
                },
                "id": "80738cf7-938d-431f-a5dd-d7d468c995ea",
                "links": {},
                "metadata": {
                  "description": "JCRT 03.3",
                  "title": "JCRT 03.3",
                  "type": {
                    "id": "journal"
                  },
                  "website": "https://jcrt.org/archives/03.3/"
                },
                "revision_id": 3,
                "slug": "jcrt-033",
                "updated": "2026-08-30T11:08:49.317281+00:00"
              }
            ],
            "ids": [
              "80738cf7-938d-431f-a5dd-d7d468c995ea"
            ]
          },
          "id": "y25pd-pzt40",
          "pids": {
            "doi": {
              "client": "datacite",
              "identifier": "10.17613/y25pd-pzt40",
              "provider": "datacite"
            }
          }
        },
        "pids": {
          "doi": {
            "client": "datacite",
            "identifier": "10.17613/t8722-vmk38",
            "provider": "datacite"
          },
          "oai": {
            "identifier": "oai:https://works.hcommons.org:t8722-vmk38",
            "provider": "oai"
          }
        },
        "revision_id": 5,
        "stats": {
          "all_versions": {
            "data_volume": 0.0,
            "downloads": 0,
            "unique_downloads": 0,
            "unique_views": 0,
            "views": 0
          },
          "this_version": {
            "data_volume": 0.0,
            "downloads": 0,
            "unique_downloads": 0,
            "unique_views": 0,
            "views": 0
          }
        },
        "status": "published",
        "updated": "2026-08-30T11:09:04.789500+00:00",
        "versions": {
          "index": 1,
          "is_latest": true,
          "is_latest_draft": true
        }
      },
      "record_id": "t8722-vmk38",
      "record_url": "https://works.hcommons.org/records/t8722-vmk38",
      "source_id": ""
    },
    {
      "collection_id": "80738cf7-938d-431f-a5dd-d7d468c995ea",
      "errors": [],
      "files": {
        "reinhart.pdf": {
          "messages": [],
          "status": "uploaded"
        }
      },
      "item_index": 2,
      "metadata": {
        "access": {
          "embargo": {
            "active": false,
            "reason": null
          },
          "files": "public",
          "record": "public",
          "status": "open"
        },
        "created": "2026-08-30T11:09:06.543354+00:00",
        "custom_fields": {
          "journal:journal": {
            "issn": "1530-5228",
            "issue": "3",
            "pages": "",
            "title": "Journal for Cultural & Religious Theory",
            "volume": "3"
          },
          "kcr:user_defined_tags": [
            "jacques-derrida",
            "cosmopolitanism",
            "forgiveness",
            "hospitality",
            "deconstruction",
            "cities-of-refuge",
            "immanuel-kant",
            "state-sovereignty",
            "immigration",
            "truth-and-reconciliation",
            "modernity",
            "ethics"
          ]
        },
        "deletion_status": {
          "is_deleted": false,
          "status": "P"
        },
        "files": {
          "count": 1,
          "enabled": true,
          "entries": {
            "reinhart.pdf": {
              "access": {
                "hidden": false
              },
              "checksum": "md5:fe2d633f8516bd0c2e5e636aaf16700e",
              "ext": "pdf",
              "id": "aea87d80-802c-4b55-86f0-290896c48df2",
              "key": "reinhart.pdf",
              "links": {
                "content": "https://works.hcommons.org/api/records/zjrkf-xbr42/files/reinhart.pdf/content",
                "iiif_api": "https://works.hcommons.org/api/iiif/record:zjrkf-xbr42:reinhart.pdf/full/full/0/default.png",
                "iiif_base": "https://works.hcommons.org/api/iiif/record:zjrkf-xbr42:reinhart.pdf",
                "iiif_canvas": "https://works.hcommons.org/api/iiif/record:zjrkf-xbr42/canvas/reinhart.pdf",
                "iiif_info": "https://works.hcommons.org/api/iiif/record:zjrkf-xbr42:reinhart.pdf/info.json",
                "self": "https://works.hcommons.org/api/records/zjrkf-xbr42/files/reinhart.pdf"
              },
              "metadata": {},
              "mimetype": "application/pdf",
              "size": 256387,
              "storage_class": "L"
            }
          },
          "order": [],
          "total_bytes": 256387
        },
        "id": "zjrkf-xbr42",
        "is_draft": false,
        "is_published": true,
        "links": {
          "access": "https://works.hcommons.org/api/records/zjrkf-xbr42/access",
          "access_grants": "https://works.hcommons.org/api/records/zjrkf-xbr42/access/grants",
          "access_groups": "https://works.hcommons.org/api/records/zjrkf-xbr42/access/groups",
          "access_links": "https://works.hcommons.org/api/records/zjrkf-xbr42/access/links",
          "access_request": "https://works.hcommons.org/api/records/zjrkf-xbr42/access/request",
          "access_users": "https://works.hcommons.org/api/records/zjrkf-xbr42/access/users",
          "archive": "https://works.hcommons.org/api/records/zjrkf-xbr42/files-archive",
          "archive_media": "https://works.hcommons.org/api/records/zjrkf-xbr42/media-files-archive",
          "communities": "https://works.hcommons.org/api/records/zjrkf-xbr42/communities",
          "communities-suggestions": "https://works.hcommons.org/api/records/zjrkf-xbr42/communities-suggestions",
          "doi": "https://doi.org/10.17613/zjrkf-xbr42",
          "draft": "https://works.hcommons.org/api/records/zjrkf-xbr42/draft",
          "files": "https://works.hcommons.org/api/records/zjrkf-xbr42/files",
          "latest": "https://works.hcommons.org/api/records/zjrkf-xbr42/versions/latest",
          "latest_html": "https://works.hcommons.org/records/zjrkf-xbr42/latest",
          "media_files": "https://works.hcommons.org/api/records/zjrkf-xbr42/media-files",
          "parent": "https://works.hcommons.org/api/records/ft2ff-cdg84",
          "parent_doi": "https://works.hcommons.org/doi/10.17613/ft2ff-cdg84",
          "parent_html": "https://works.hcommons.org/records/ft2ff-cdg84",
          "requests": "https://works.hcommons.org/api/records/zjrkf-xbr42/requests",
          "reserve_doi": "https://works.hcommons.org/api/records/zjrkf-xbr42/draft/pids/doi",
          "self": "https://works.hcommons.org/api/records/zjrkf-xbr42",
          "self_doi": "https://works.hcommons.org/doi/10.17613/zjrkf-xbr42",
          "self_html": "https://works.hcommons.org/records/zjrkf-xbr42",
          "self_iiif_manifest": "https://works.hcommons.org/api/iiif/record:zjrkf-xbr42/manifest",
          "self_iiif_sequence": "https://works.hcommons.org/api/iiif/record:zjrkf-xbr42/sequence/default",
          "versions": "https://works.hcommons.org/api/records/zjrkf-xbr42/versions"
        },
        "media_files": {
          "count": 0,
          "enabled": false,
          "entries": {},
          "order": [],
          "total_bytes": 0
        },
        "metadata": {
          "creators": [
            {
              "person_or_org": {
                "family_name": "Reinhart",
                "given_name": "David",
                "name": "Reinhart, David",
                "type": "personal"
              },
              "role": {
                "id": "author",
                "title": {
                  "en": "Author"
                }
              }
            }
          ],
          "identifiers": [
            {
              "identifier": "ETvZ_a",
              "scheme": "import-recid"
            },
            {
              "identifier": "https://jcrt.org/archives/03.3/reinhart/",
              "scheme": "url"
            }
          ],
          "languages": [
            {
              "id": "eng",
              "title": {
                "en": "English"
              }
            }
          ],
          "publication_date": "2002",
          "publisher": "Whitestone Publications",
          "resource_type": {
            "id": "textDocument-journalArticle",
            "title": {
              "de": "Zeitschriftenartikel",
              "en": "Journal article"
            }
          },
          "rights": [
            {
              "link": "https://jcrt.org/copyright/",
              "title": {
                "en": "Copyright held by the author(s). Published in the Journal for Cultural and Religious Theory."
              }
            }
          ],
          "subjects": [
            {
              "id": "http://id.worldcat.org/fast/819844",
              "scheme": "FAST-topical",
              "subject": "Asylum, Right of--Biblical teaching"
            },
            {
              "id": "http://id.worldcat.org/fast/863073",
              "scheme": "FAST-topical",
              "subject": "Civilization, Modern"
            },
            {
              "id": "http://id.worldcat.org/fast/880635",
              "scheme": "FAST-topical",
              "subject": "Cosmopolitanism"
            },
            {
              "id": "http://id.worldcat.org/fast/889137",
              "scheme": "FAST-topical",
              "subject": "Deconstruction"
            },
            {
              "id": "http://id.worldcat.org/fast/908690",
              "scheme": "FAST-topical",
              "subject": "Emigration and immigration"
            },
            {
              "id": "http://id.worldcat.org/fast/915833",
              "scheme": "FAST-topical",
              "subject": "Ethics"
            },
            {
              "id": "http://id.worldcat.org/fast/932854",
              "scheme": "FAST-topical",
              "subject": "Forgiveness"
            },
            {
              "id": "http://id.worldcat.org/fast/961114",
              "scheme": "FAST-topical",
              "subject": "Hospitality"
            }
          ],
          "title": "On Cosmopolitanism and Forgiveness"
        },
        "parent": {
          "access": {
            "grants": [],
            "links": [],
            "owned_by": {
              "user": "3742"
            },
            "settings": {
              "accept_conditions_text": null,
              "allow_guest_requests": false,
              "allow_user_requests": false,
              "secret_link_expiration": 0
            }
          },
          "communities": {
            "default": "80738cf7-938d-431f-a5dd-d7d468c995ea",
            "entries": [
              {
                "access": {
                  "member_policy": "open",
                  "members_visibility": "public",
                  "record_policy": "open",
                  "review_policy": "closed",
                  "visibility": "public"
                },
                "children": {
                  "allow": false
                },
                "created": "2026-08-30T11:08:48.582981+00:00",
                "custom_fields": {
                  "stats:dashboard_enabled": false
                },
                "deletion_status": {
                  "is_deleted": false,
                  "status": "P"
                },
                "id": "80738cf7-938d-431f-a5dd-d7d468c995ea",
                "links": {},
                "metadata": {
                  "description": "JCRT 03.3",
                  "title": "JCRT 03.3",
                  "type": {
                    "id": "journal"
                  },
                  "website": "https://jcrt.org/archives/03.3/"
                },
                "revision_id": 3,
                "slug": "jcrt-033",
                "updated": "2026-08-30T11:08:49.317281+00:00"
              }
            ],
            "ids": [
              "80738cf7-938d-431f-a5dd-d7d468c995ea"
            ]
          },
          "id": "ft2ff-cdg84",
          "pids": {
            "doi": {
              "client": "datacite",
              "identifier": "10.17613/ft2ff-cdg84",
              "provider": "datacite"
            }
          }
        },
        "pids": {
          "doi": {
            "client": "datacite",
            "identifier": "10.17613/zjrkf-xbr42",
            "provider": "datacite"
          },
          "oai": {
            "identifier": "oai:https://works.hcommons.org:zjrkf-xbr42",
            "provider": "oai"
          }
        },
        "revision_id": 5,
        "stats": {
          "all_versions": {
            "data_volume": 0.0,
            "downloads": 0,
            "unique_downloads": 0,
            "unique_views": 0,
            "views": 0
          },
          "this_version": {
            "data_volume": 0.0,
            "downloads": 0,
            "unique_downloads": 0,
            "unique_views": 0,
            "views": 0
          }
        },
        "status": "published",
        "updated": "2026-08-30T11:09:06.803038+00:00",
        "versions": {
          "index": 1,
          "is_latest": true,
          "is_latest_draft": true
        }
      },
      "record_id": "zjrkf-xbr42",
      "record_url": "https://works.hcommons.org/records/zjrkf-xbr42",
      "source_id": ""
    },
    {
      "collection_id": "80738cf7-938d-431f-a5dd-d7d468c995ea",
      "errors": [],
      "files": {
        "scott.pdf": {
          "messages": [],
          "status": "uploaded"
        }
      },
      "item_index": 3,
      "metadata": {
        "access": {
          "embargo": {
            "active": false,
            "reason": null
          },
          "files": "public",
          "record": "public",
          "status": "open"
        },
        "created": "2026-08-30T11:09:08.513155+00:00",
        "custom_fields": {
          "journal:journal": {
            "issn": "1530-5228",
            "issue": "3",
            "pages": "",
            "title": "Journal for Cultural & Religious Theory",
            "volume": "3"
          },
          "kcr:user_defined_tags": [
            "neuroscience-of-religion",
            "mysticism",
            "spirituality",
            "religious-experience",
            "brain-science",
            "via-negativa",
            "biology-of-belief",
            "andrew-newberg",
            "tradition",
            "interpretation",
            "public-theology",
            "transcendence"
          ]
        },
        "deletion_status": {
          "is_deleted": false,
          "status": "P"
        },
        "files": {
          "count": 1,
          "enabled": true,
          "entries": {
            "scott.pdf": {
              "access": {
                "hidden": false
              },
              "checksum": "md5:b14e75c54300e6eadc1568ea24c775ab",
              "ext": "pdf",
              "id": "edf711db-5840-432e-986d-fcbef1f37b9d",
              "key": "scott.pdf",
              "links": {
                "content": "https://works.hcommons.org/api/records/n5xs1-gyx44/files/scott.pdf/content",
                "iiif_api": "https://works.hcommons.org/api/iiif/record:n5xs1-gyx44:scott.pdf/full/full/0/default.png",
                "iiif_base": "https://works.hcommons.org/api/iiif/record:n5xs1-gyx44:scott.pdf",
                "iiif_canvas": "https://works.hcommons.org/api/iiif/record:n5xs1-gyx44/canvas/scott.pdf",
                "iiif_info": "https://works.hcommons.org/api/iiif/record:n5xs1-gyx44:scott.pdf/info.json",
                "self": "https://works.hcommons.org/api/records/n5xs1-gyx44/files/scott.pdf"
              },
              "metadata": {},
              "mimetype": "application/pdf",
              "size": 307065,
              "storage_class": "L"
            }
          },
          "order": [],
          "total_bytes": 307065
        },
        "id": "n5xs1-gyx44",
        "is_draft": false,
        "is_published": true,
        "links": {
          "access": "https://works.hcommons.org/api/records/n5xs1-gyx44/access",
          "access_grants": "https://works.hcommons.org/api/records/n5xs1-gyx44/access/grants",
          "access_groups": "https://works.hcommons.org/api/records/n5xs1-gyx44/access/groups",
          "access_links": "https://works.hcommons.org/api/records/n5xs1-gyx44/access/links",
          "access_request": "https://works.hcommons.org/api/records/n5xs1-gyx44/access/request",
          "access_users": "https://works.hcommons.org/api/records/n5xs1-gyx44/access/users",
          "archive": "https://works.hcommons.org/api/records/n5xs1-gyx44/files-archive",
          "archive_media": "https://works.hcommons.org/api/records/n5xs1-gyx44/media-files-archive",
          "communities": "https://works.hcommons.org/api/records/n5xs1-gyx44/communities",
          "communities-suggestions": "https://works.hcommons.org/api/records/n5xs1-gyx44/communities-suggestions",
          "doi": "https://doi.org/10.17613/n5xs1-gyx44",
          "draft": "https://works.hcommons.org/api/records/n5xs1-gyx44/draft",
          "files": "https://works.hcommons.org/api/records/n5xs1-gyx44/files",
          "latest": "https://works.hcommons.org/api/records/n5xs1-gyx44/versions/latest",
          "latest_html": "https://works.hcommons.org/records/n5xs1-gyx44/latest",
          "media_files": "https://works.hcommons.org/api/records/n5xs1-gyx44/media-files",
          "parent": "https://works.hcommons.org/api/records/9h6hv-b4r87",
          "parent_doi": "https://works.hcommons.org/doi/10.17613/9h6hv-b4r87",
          "parent_html": "https://works.hcommons.org/records/9h6hv-b4r87",
          "requests": "https://works.hcommons.org/api/records/n5xs1-gyx44/requests",
          "reserve_doi": "https://works.hcommons.org/api/records/n5xs1-gyx44/draft/pids/doi",
          "self": "https://works.hcommons.org/api/records/n5xs1-gyx44",
          "self_doi": "https://works.hcommons.org/doi/10.17613/n5xs1-gyx44",
          "self_html": "https://works.hcommons.org/records/n5xs1-gyx44",
          "self_iiif_manifest": "https://works.hcommons.org/api/iiif/record:n5xs1-gyx44/manifest",
          "self_iiif_sequence": "https://works.hcommons.org/api/iiif/record:n5xs1-gyx44/sequence/default",
          "versions": "https://works.hcommons.org/api/records/n5xs1-gyx44/versions"
        },
        "media_files": {
          "count": 0,
          "enabled": false,
          "entries": {},
          "order": [],
          "total_bytes": 0
        },
        "metadata": {
          "creators": [
            {
              "person_or_org": {
                "family_name": "Scott",
                "given_name": "Noel Dane",
                "name": "Scott, Noel Dane",
                "type": "personal"
              },
              "role": {
                "id": "author",
                "title": {
                  "en": "Author"
                }
              }
            }
          ],
          "identifiers": [
            {
              "identifier": "hHg6M6",
              "scheme": "import-recid"
            },
            {
              "identifier": "https://jcrt.org/archives/03.3/scott/",
              "scheme": "url"
            }
          ],
          "languages": [
            {
              "id": "eng",
              "title": {
                "en": "English"
              }
            }
          ],
          "publication_date": "2002",
          "publisher": "Whitestone Publications",
          "resource_type": {
            "id": "textDocument-journalArticle",
            "title": {
              "de": "Zeitschriftenartikel",
              "en": "Journal article"
            }
          },
          "rights": [
            {
              "link": "https://jcrt.org/copyright/",
              "title": {
                "en": "Copyright held by the author(s). Published in the Journal for Cultural and Religious Theory."
              }
            }
          ],
          "subjects": [
            {
              "id": "http://id.worldcat.org/fast/918383",
              "scheme": "FAST-topical",
              "subject": "Experience (Religion)"
            },
            {
              "id": "http://id.worldcat.org/fast/1031629",
              "scheme": "FAST-topical",
              "subject": "Mysticism"
            },
            {
              "id": "http://id.worldcat.org/fast/1749826",
              "scheme": "FAST-topical",
              "subject": "Public theology"
            },
            {
              "id": "http://id.worldcat.org/fast/1130186",
              "scheme": "FAST-topical",
              "subject": "Spirituality"
            }
          ],
          "title": "Why God Won't Go Away: Brain Science and the Biology of Belief"
        },
        "parent": {
          "access": {
            "grants": [],
            "links": [],
            "owned_by": {
              "user": "3742"
            },
            "settings": {
              "accept_conditions_text": null,
              "allow_guest_requests": false,
              "allow_user_requests": false,
              "secret_link_expiration": 0
            }
          },
          "communities": {
            "default": "80738cf7-938d-431f-a5dd-d7d468c995ea",
            "entries": [
              {
                "access": {
                  "member_policy": "open",
                  "members_visibility": "public",
                  "record_policy": "open",
                  "review_policy": "closed",
                  "visibility": "public"
                },
                "children": {
                  "allow": false
                },
                "created": "2026-08-30T11:08:48.582981+00:00",
                "custom_fields": {
                  "stats:dashboard_enabled": false
                },
                "deletion_status": {
                  "is_deleted": false,
                  "status": "P"
                },
                "id": "80738cf7-938d-431f-a5dd-d7d468c995ea",
                "links": {},
                "metadata": {
                  "description": "JCRT 03.3",
                  "title": "JCRT 03.3",
                  "type": {
                    "id": "journal"
                  },
                  "website": "https://jcrt.org/archives/03.3/"
                },
                "revision_id": 3,
                "slug": "jcrt-033",
                "updated": "2026-08-30T11:08:49.317281+00:00"
              }
            ],
            "ids": [
              "80738cf7-938d-431f-a5dd-d7d468c995ea"
            ]
          },
          "id": "9h6hv-b4r87",
          "pids": {
            "doi": {
              "client": "datacite",
              "identifier": "10.17613/9h6hv-b4r87",
              "provider": "datacite"
            }
          }
        },
        "pids": {
          "doi": {
            "client": "datacite",
            "identifier": "10.17613/n5xs1-gyx44",
            "provider": "datacite"
          },
          "oai": {
            "identifier": "oai:https://works.hcommons.org:n5xs1-gyx44",
            "provider": "oai"
          }
        },
        "revision_id": 5,
        "stats": {
          "all_versions": {
            "data_volume": 0.0,
            "downloads": 0,
            "unique_downloads": 0,
            "unique_views": 0,
            "views": 0
          },
          "this_version": {
            "data_volume": 0.0,
            "downloads": 0,
            "unique_downloads": 0,
            "unique_views": 0,
            "views": 0
          }
        },
        "status": "published",
        "updated": "2026-08-30T11:09:08.756589+00:00",
        "versions": {
          "index": 1,
          "is_latest": true,
          "is_latest_draft": true
        }
      },
      "record_id": "n5xs1-gyx44",
      "record_url": "https://works.hcommons.org/records/n5xs1-gyx44",
      "source_id": ""
    }
  ],
  "errors": [],
  "message": "All records were successfully imported",
  "status": "success"
}