{
  "data": [
    {
      "collection_id": "7f4af3a6-30b6-4fa8-a44a-731702e8c928",
      "errors": [],
      "files": {
        "atchley.pdf": {
          "messages": [],
          "status": "uploaded"
        }
      },
      "item_index": 0,
      "metadata": {
        "access": {
          "embargo": {
            "active": false,
            "reason": null
          },
          "files": "public",
          "record": "public",
          "status": "open"
        },
        "created": "2026-08-30T11:06:24.061432+00:00",
        "custom_fields": {
          "journal:journal": {
            "issn": "1530-5228",
            "issue": "3",
            "pages": "",
            "title": "Journal for Cultural & Religious Theory",
            "volume": "4"
          },
          "kcr:user_defined_tags": [
            "mysticism",
            "sexual-difference",
            "feminist-theology",
            "psychoanalysis",
            "embodiment",
            "georges-bataille",
            "simone-de-beauvoir",
            "jacques-lacan",
            "luce-irigaray",
            "amy-hollywood",
            "inner-experience",
            "trauma",
            "negative-theology",
            "medieval-mysticism"
          ]
        },
        "deletion_status": {
          "is_deleted": false,
          "status": "P"
        },
        "files": {
          "count": 1,
          "enabled": true,
          "entries": {
            "atchley.pdf": {
              "access": {
                "hidden": false
              },
              "checksum": "md5:b979f121f80106689507801f6208833e",
              "ext": "pdf",
              "id": "e5b0e8d7-f863-4727-a6db-8ae90c9b29fb",
              "key": "atchley.pdf",
              "links": {
                "content": "https://works.hcommons.org/api/records/q1pqj-5cs90/files/atchley.pdf/content",
                "iiif_api": "https://works.hcommons.org/api/iiif/record:q1pqj-5cs90:atchley.pdf/full/full/0/default.png",
                "iiif_base": "https://works.hcommons.org/api/iiif/record:q1pqj-5cs90:atchley.pdf",
                "iiif_canvas": "https://works.hcommons.org/api/iiif/record:q1pqj-5cs90/canvas/atchley.pdf",
                "iiif_info": "https://works.hcommons.org/api/iiif/record:q1pqj-5cs90:atchley.pdf/info.json",
                "self": "https://works.hcommons.org/api/records/q1pqj-5cs90/files/atchley.pdf"
              },
              "metadata": {},
              "mimetype": "application/pdf",
              "size": 213443,
              "storage_class": "L"
            }
          },
          "order": [],
          "total_bytes": 213443
        },
        "id": "q1pqj-5cs90",
        "is_draft": false,
        "is_published": true,
        "links": {
          "access": "https://works.hcommons.org/api/records/q1pqj-5cs90/access",
          "access_grants": "https://works.hcommons.org/api/records/q1pqj-5cs90/access/grants",
          "access_groups": "https://works.hcommons.org/api/records/q1pqj-5cs90/access/groups",
          "access_links": "https://works.hcommons.org/api/records/q1pqj-5cs90/access/links",
          "access_request": "https://works.hcommons.org/api/records/q1pqj-5cs90/access/request",
          "access_users": "https://works.hcommons.org/api/records/q1pqj-5cs90/access/users",
          "archive": "https://works.hcommons.org/api/records/q1pqj-5cs90/files-archive",
          "archive_media": "https://works.hcommons.org/api/records/q1pqj-5cs90/media-files-archive",
          "communities": "https://works.hcommons.org/api/records/q1pqj-5cs90/communities",
          "communities-suggestions": "https://works.hcommons.org/api/records/q1pqj-5cs90/communities-suggestions",
          "doi": "https://doi.org/10.17613/q1pqj-5cs90",
          "draft": "https://works.hcommons.org/api/records/q1pqj-5cs90/draft",
          "files": "https://works.hcommons.org/api/records/q1pqj-5cs90/files",
          "latest": "https://works.hcommons.org/api/records/q1pqj-5cs90/versions/latest",
          "latest_html": "https://works.hcommons.org/records/q1pqj-5cs90/latest",
          "media_files": "https://works.hcommons.org/api/records/q1pqj-5cs90/media-files",
          "parent": "https://works.hcommons.org/api/records/hch64-p6h49",
          "parent_doi": "https://works.hcommons.org/doi/10.17613/hch64-p6h49",
          "parent_html": "https://works.hcommons.org/records/hch64-p6h49",
          "requests": "https://works.hcommons.org/api/records/q1pqj-5cs90/requests",
          "reserve_doi": "https://works.hcommons.org/api/records/q1pqj-5cs90/draft/pids/doi",
          "self": "https://works.hcommons.org/api/records/q1pqj-5cs90",
          "self_doi": "https://works.hcommons.org/doi/10.17613/q1pqj-5cs90",
          "self_html": "https://works.hcommons.org/records/q1pqj-5cs90",
          "self_iiif_manifest": "https://works.hcommons.org/api/iiif/record:q1pqj-5cs90/manifest",
          "self_iiif_sequence": "https://works.hcommons.org/api/iiif/record:q1pqj-5cs90/sequence/default",
          "versions": "https://works.hcommons.org/api/records/q1pqj-5cs90/versions"
        },
        "media_files": {
          "count": 0,
          "enabled": false,
          "entries": {},
          "order": [],
          "total_bytes": 0
        },
        "metadata": {
          "creators": [
            {
              "person_or_org": {
                "family_name": "Atchley",
                "given_name": "J Heath",
                "name": "Atchley, J Heath",
                "type": "personal"
              },
              "role": {
                "id": "author",
                "title": {
                  "en": "Author"
                }
              }
            }
          ],
          "identifiers": [
            {
              "identifier": "gtVAnh",
              "scheme": "import-recid"
            },
            {
              "identifier": "https://jcrt.org/archives/04.3/atchley/",
              "scheme": "url"
            }
          ],
          "languages": [
            {
              "id": "eng",
              "title": {
                "en": "English"
              }
            }
          ],
          "publication_date": "2003",
          "publisher": "Whitestone Publications",
          "resource_type": {
            "id": "textDocument-journalArticle",
            "title": {
              "de": "Zeitschriftenartikel",
              "en": "Journal article"
            }
          },
          "rights": [
            {
              "link": "https://jcrt.org/copyright/",
              "title": {
                "en": "Copyright held by the author(s). Published in the Journal for Cultural and Religious Theory."
              }
            }
          ],
          "subjects": [
            {
              "id": "http://id.worldcat.org/fast/922812",
              "scheme": "FAST-topical",
              "subject": "Feminist theology"
            },
            {
              "id": "http://id.worldcat.org/fast/1031629",
              "scheme": "FAST-topical",
              "subject": "Mysticism"
            },
            {
              "id": "http://id.worldcat.org/fast/1035499",
              "scheme": "FAST-topical",
              "subject": "Negative theology"
            },
            {
              "id": "http://id.worldcat.org/fast/1081235",
              "scheme": "FAST-topical",
              "subject": "Psychoanalysis"
            }
          ],
          "title": "Sensible Ecstasy: Mysticism, Sexual Difference, and the Demands of History"
        },
        "parent": {
          "access": {
            "grants": [],
            "links": [],
            "owned_by": {
              "user": "3742"
            },
            "settings": {
              "accept_conditions_text": null,
              "allow_guest_requests": false,
              "allow_user_requests": false,
              "secret_link_expiration": 0
            }
          },
          "communities": {
            "default": "7f4af3a6-30b6-4fa8-a44a-731702e8c928",
            "entries": [
              {
                "access": {
                  "member_policy": "open",
                  "members_visibility": "public",
                  "record_policy": "open",
                  "review_policy": "closed",
                  "visibility": "public"
                },
                "children": {
                  "allow": false
                },
                "created": "2026-08-30T11:06:20.249877+00:00",
                "custom_fields": {
                  "stats:dashboard_enabled": false
                },
                "deletion_status": {
                  "is_deleted": false,
                  "status": "P"
                },
                "id": "7f4af3a6-30b6-4fa8-a44a-731702e8c928",
                "links": {},
                "metadata": {
                  "description": "JCRT 04.3",
                  "title": "JCRT 04.3",
                  "type": {
                    "id": "journal"
                  },
                  "website": "https://jcrt.org/archives/04.3/"
                },
                "revision_id": 3,
                "slug": "jcrt-043",
                "updated": "2026-08-30T11:06:20.995357+00:00"
              }
            ],
            "ids": [
              "7f4af3a6-30b6-4fa8-a44a-731702e8c928"
            ]
          },
          "id": "hch64-p6h49",
          "pids": {
            "doi": {
              "client": "datacite",
              "identifier": "10.17613/hch64-p6h49",
              "provider": "datacite"
            }
          }
        },
        "pids": {
          "doi": {
            "client": "datacite",
            "identifier": "10.17613/q1pqj-5cs90",
            "provider": "datacite"
          },
          "oai": {
            "identifier": "oai:https://works.hcommons.org:q1pqj-5cs90",
            "provider": "oai"
          }
        },
        "revision_id": 5,
        "stats": {
          "all_versions": {
            "data_volume": 0.0,
            "downloads": 0,
            "unique_downloads": 0,
            "unique_views": 0,
            "views": 0
          },
          "this_version": {
            "data_volume": 0.0,
            "downloads": 0,
            "unique_downloads": 0,
            "unique_views": 0,
            "views": 0
          }
        },
        "status": "published",
        "updated": "2026-08-30T11:06:24.282555+00:00",
        "versions": {
          "index": 1,
          "is_latest": true,
          "is_latest_draft": true
        }
      },
      "record_id": "q1pqj-5cs90",
      "record_url": "https://works.hcommons.org/records/q1pqj-5cs90",
      "source_id": ""
    },
    {
      "collection_id": "7f4af3a6-30b6-4fa8-a44a-731702e8c928",
      "errors": [],
      "files": {
        "azari.pdf": {
          "messages": [],
          "status": "uploaded"
        }
      },
      "item_index": 1,
      "metadata": {
        "access": {
          "embargo": {
            "active": false,
            "reason": null
          },
          "files": "public",
          "record": "public",
          "status": "open"
        },
        "created": "2026-08-30T11:06:25.988644+00:00",
        "custom_fields": {
          "journal:journal": {
            "issn": "1530-5228",
            "issue": "3",
            "pages": "",
            "title": "Journal for Cultural & Religious Theory",
            "volume": "4"
          },
          "kcr:user_defined_tags": [
            "experience-religion",
            "postmodernism",
            "methodology",
            "religions-study-and-teaching",
            "self-philosophy",
            "georges",
            "neurosciences",
            "1897-1962",
            "bataille"
          ]
        },
        "deletion_status": {
          "is_deleted": false,
          "status": "P"
        },
        "files": {
          "count": 1,
          "enabled": true,
          "entries": {
            "azari.pdf": {
              "access": {
                "hidden": false
              },
              "checksum": "md5:560ccd9b8c89e6218d4095572241887c",
              "ext": "pdf",
              "id": "240588b6-b41d-4059-a450-15095abaf674",
              "key": "azari.pdf",
              "links": {
                "content": "https://works.hcommons.org/api/records/h7d1g-rhw39/files/azari.pdf/content",
                "iiif_api": "https://works.hcommons.org/api/iiif/record:h7d1g-rhw39:azari.pdf/full/full/0/default.png",
                "iiif_base": "https://works.hcommons.org/api/iiif/record:h7d1g-rhw39:azari.pdf",
                "iiif_canvas": "https://works.hcommons.org/api/iiif/record:h7d1g-rhw39/canvas/azari.pdf",
                "iiif_info": "https://works.hcommons.org/api/iiif/record:h7d1g-rhw39:azari.pdf/info.json",
                "self": "https://works.hcommons.org/api/records/h7d1g-rhw39/files/azari.pdf"
              },
              "metadata": {},
              "mimetype": "application/pdf",
              "size": 410059,
              "storage_class": "L"
            }
          },
          "order": [],
          "total_bytes": 410059
        },
        "id": "h7d1g-rhw39",
        "is_draft": false,
        "is_published": true,
        "links": {
          "access": "https://works.hcommons.org/api/records/h7d1g-rhw39/access",
          "access_grants": "https://works.hcommons.org/api/records/h7d1g-rhw39/access/grants",
          "access_groups": "https://works.hcommons.org/api/records/h7d1g-rhw39/access/groups",
          "access_links": "https://works.hcommons.org/api/records/h7d1g-rhw39/access/links",
          "access_request": "https://works.hcommons.org/api/records/h7d1g-rhw39/access/request",
          "access_users": "https://works.hcommons.org/api/records/h7d1g-rhw39/access/users",
          "archive": "https://works.hcommons.org/api/records/h7d1g-rhw39/files-archive",
          "archive_media": "https://works.hcommons.org/api/records/h7d1g-rhw39/media-files-archive",
          "communities": "https://works.hcommons.org/api/records/h7d1g-rhw39/communities",
          "communities-suggestions": "https://works.hcommons.org/api/records/h7d1g-rhw39/communities-suggestions",
          "doi": "https://doi.org/10.17613/h7d1g-rhw39",
          "draft": "https://works.hcommons.org/api/records/h7d1g-rhw39/draft",
          "files": "https://works.hcommons.org/api/records/h7d1g-rhw39/files",
          "latest": "https://works.hcommons.org/api/records/h7d1g-rhw39/versions/latest",
          "latest_html": "https://works.hcommons.org/records/h7d1g-rhw39/latest",
          "media_files": "https://works.hcommons.org/api/records/h7d1g-rhw39/media-files",
          "parent": "https://works.hcommons.org/api/records/yb0sp-thz38",
          "parent_doi": "https://works.hcommons.org/doi/10.17613/yb0sp-thz38",
          "parent_html": "https://works.hcommons.org/records/yb0sp-thz38",
          "requests": "https://works.hcommons.org/api/records/h7d1g-rhw39/requests",
          "reserve_doi": "https://works.hcommons.org/api/records/h7d1g-rhw39/draft/pids/doi",
          "self": "https://works.hcommons.org/api/records/h7d1g-rhw39",
          "self_doi": "https://works.hcommons.org/doi/10.17613/h7d1g-rhw39",
          "self_html": "https://works.hcommons.org/records/h7d1g-rhw39",
          "self_iiif_manifest": "https://works.hcommons.org/api/iiif/record:h7d1g-rhw39/manifest",
          "self_iiif_sequence": "https://works.hcommons.org/api/iiif/record:h7d1g-rhw39/sequence/default",
          "versions": "https://works.hcommons.org/api/records/h7d1g-rhw39/versions"
        },
        "media_files": {
          "count": 0,
          "enabled": false,
          "entries": {},
          "order": [],
          "total_bytes": 0
        },
        "metadata": {
          "creators": [
            {
              "person_or_org": {
                "family_name": "Azari",
                "given_name": "Nina P",
                "name": "Azari, Nina P",
                "type": "personal"
              },
              "role": {
                "id": "author",
                "title": {
                  "en": "Author"
                }
              }
            }
          ],
          "identifiers": [
            {
              "identifier": "vuNJpP",
              "scheme": "import-recid"
            },
            {
              "identifier": "https://jcrt.org/archives/04.3/azari/",
              "scheme": "url"
            }
          ],
          "languages": [
            {
              "id": "eng",
              "title": {
                "en": "English"
              }
            }
          ],
          "publication_date": "2003",
          "publisher": "Whitestone Publications",
          "resource_type": {
            "id": "textDocument-journalArticle",
            "title": {
              "de": "Zeitschriftenartikel",
              "en": "Journal article"
            }
          },
          "rights": [
            {
              "link": "https://jcrt.org/copyright/",
              "title": {
                "en": "Copyright held by the author(s). Published in the Journal for Cultural and Religious Theory."
              }
            }
          ],
          "subjects": [
            {
              "id": "http://id.worldcat.org/fast/918383",
              "scheme": "FAST-topical",
              "subject": "Experience (Religion)"
            },
            {
              "id": "http://id.worldcat.org/fast/1018722",
              "scheme": "FAST-topical",
              "subject": "Methodology"
            },
            {
              "id": "http://id.worldcat.org/fast/1036509",
              "scheme": "FAST-topical",
              "subject": "Neurosciences"
            },
            {
              "id": "http://id.worldcat.org/fast/1073164",
              "scheme": "FAST-topical",
              "subject": "Postmodernism"
            },
            {
              "id": "http://id.worldcat.org/fast/1093917",
              "scheme": "FAST-topical",
              "subject": "Religions--Study and teaching"
            },
            {
              "id": "http://id.worldcat.org/fast/1111454",
              "scheme": "FAST-topical",
              "subject": "Self (Philosophy)"
            }
          ],
          "title": "Georges Bataille: a Theoretical Resource for Scientific Investigation of Religious Experience"
        },
        "parent": {
          "access": {
            "grants": [],
            "links": [],
            "owned_by": {
              "user": "3742"
            },
            "settings": {
              "accept_conditions_text": null,
              "allow_guest_requests": false,
              "allow_user_requests": false,
              "secret_link_expiration": 0
            }
          },
          "communities": {
            "default": "7f4af3a6-30b6-4fa8-a44a-731702e8c928",
            "entries": [
              {
                "access": {
                  "member_policy": "open",
                  "members_visibility": "public",
                  "record_policy": "open",
                  "review_policy": "closed",
                  "visibility": "public"
                },
                "children": {
                  "allow": false
                },
                "created": "2026-08-30T11:06:20.249877+00:00",
                "custom_fields": {
                  "stats:dashboard_enabled": false
                },
                "deletion_status": {
                  "is_deleted": false,
                  "status": "P"
                },
                "id": "7f4af3a6-30b6-4fa8-a44a-731702e8c928",
                "links": {},
                "metadata": {
                  "description": "JCRT 04.3",
                  "title": "JCRT 04.3",
                  "type": {
                    "id": "journal"
                  },
                  "website": "https://jcrt.org/archives/04.3/"
                },
                "revision_id": 3,
                "slug": "jcrt-043",
                "updated": "2026-08-30T11:06:20.995357+00:00"
              }
            ],
            "ids": [
              "7f4af3a6-30b6-4fa8-a44a-731702e8c928"
            ]
          },
          "id": "yb0sp-thz38",
          "pids": {
            "doi": {
              "client": "datacite",
              "identifier": "10.17613/yb0sp-thz38",
              "provider": "datacite"
            }
          }
        },
        "pids": {
          "doi": {
            "client": "datacite",
            "identifier": "10.17613/h7d1g-rhw39",
            "provider": "datacite"
          },
          "oai": {
            "identifier": "oai:https://works.hcommons.org:h7d1g-rhw39",
            "provider": "oai"
          }
        },
        "revision_id": 5,
        "stats": {
          "all_versions": {
            "data_volume": 0.0,
            "downloads": 0,
            "unique_downloads": 0,
            "unique_views": 0,
            "views": 0
          },
          "this_version": {
            "data_volume": 0.0,
            "downloads": 0,
            "unique_downloads": 0,
            "unique_views": 0,
            "views": 0
          }
        },
        "status": "published",
        "updated": "2026-08-30T11:06:26.214265+00:00",
        "versions": {
          "index": 1,
          "is_latest": true,
          "is_latest_draft": true
        }
      },
      "record_id": "h7d1g-rhw39",
      "record_url": "https://works.hcommons.org/records/h7d1g-rhw39",
      "source_id": ""
    },
    {
      "collection_id": "7f4af3a6-30b6-4fa8-a44a-731702e8c928",
      "errors": [],
      "files": {
        "caputo.pdf": {
          "messages": [],
          "status": "uploaded"
        }
      },
      "item_index": 2,
      "metadata": {
        "access": {
          "embargo": {
            "active": false,
            "reason": null
          },
          "files": "public",
          "record": "public",
          "status": "open"
        },
        "created": "2026-08-30T11:06:27.937349+00:00",
        "custom_fields": {
          "journal:journal": {
            "issn": "1530-5228",
            "issue": "3",
            "pages": "",
            "title": "Journal for Cultural & Religious Theory",
            "volume": "4"
          },
          "kcr:user_defined_tags": [
            "secularism",
            "future",
            "sovereignty",
            "political-science-philosophy",
            "jacques",
            "the",
            "1930-2004",
            "derrida",
            "theology-methodology",
            "hospitality",
            "god-sovereignty",
            "power-philosophy",
            "democracy-and-religion",
            "september-11-terrorist-attacks",
            "promise-theology"
          ]
        },
        "deletion_status": {
          "is_deleted": false,
          "status": "P"
        },
        "files": {
          "count": 1,
          "enabled": true,
          "entries": {
            "caputo.pdf": {
              "access": {
                "hidden": false
              },
              "checksum": "md5:7739692123f65f0356ee2e3272d955aa",
              "ext": "pdf",
              "id": "767eabea-ce0d-427f-abf3-484a45cd9012",
              "key": "caputo.pdf",
              "links": {
                "content": "https://works.hcommons.org/api/records/23xdw-yn069/files/caputo.pdf/content",
                "iiif_api": "https://works.hcommons.org/api/iiif/record:23xdw-yn069:caputo.pdf/full/full/0/default.png",
                "iiif_base": "https://works.hcommons.org/api/iiif/record:23xdw-yn069:caputo.pdf",
                "iiif_canvas": "https://works.hcommons.org/api/iiif/record:23xdw-yn069/canvas/caputo.pdf",
                "iiif_info": "https://works.hcommons.org/api/iiif/record:23xdw-yn069:caputo.pdf/info.json",
                "self": "https://works.hcommons.org/api/records/23xdw-yn069/files/caputo.pdf"
              },
              "metadata": {},
              "mimetype": "application/pdf",
              "size": 381643,
              "storage_class": "L"
            }
          },
          "order": [],
          "total_bytes": 381643
        },
        "id": "23xdw-yn069",
        "is_draft": false,
        "is_published": true,
        "links": {
          "access": "https://works.hcommons.org/api/records/23xdw-yn069/access",
          "access_grants": "https://works.hcommons.org/api/records/23xdw-yn069/access/grants",
          "access_groups": "https://works.hcommons.org/api/records/23xdw-yn069/access/groups",
          "access_links": "https://works.hcommons.org/api/records/23xdw-yn069/access/links",
          "access_request": "https://works.hcommons.org/api/records/23xdw-yn069/access/request",
          "access_users": "https://works.hcommons.org/api/records/23xdw-yn069/access/users",
          "archive": "https://works.hcommons.org/api/records/23xdw-yn069/files-archive",
          "archive_media": "https://works.hcommons.org/api/records/23xdw-yn069/media-files-archive",
          "communities": "https://works.hcommons.org/api/records/23xdw-yn069/communities",
          "communities-suggestions": "https://works.hcommons.org/api/records/23xdw-yn069/communities-suggestions",
          "doi": "https://doi.org/10.17613/23xdw-yn069",
          "draft": "https://works.hcommons.org/api/records/23xdw-yn069/draft",
          "files": "https://works.hcommons.org/api/records/23xdw-yn069/files",
          "latest": "https://works.hcommons.org/api/records/23xdw-yn069/versions/latest",
          "latest_html": "https://works.hcommons.org/records/23xdw-yn069/latest",
          "media_files": "https://works.hcommons.org/api/records/23xdw-yn069/media-files",
          "parent": "https://works.hcommons.org/api/records/mv1r7-4y329",
          "parent_doi": "https://works.hcommons.org/doi/10.17613/mv1r7-4y329",
          "parent_html": "https://works.hcommons.org/records/mv1r7-4y329",
          "requests": "https://works.hcommons.org/api/records/23xdw-yn069/requests",
          "reserve_doi": "https://works.hcommons.org/api/records/23xdw-yn069/draft/pids/doi",
          "self": "https://works.hcommons.org/api/records/23xdw-yn069",
          "self_doi": "https://works.hcommons.org/doi/10.17613/23xdw-yn069",
          "self_html": "https://works.hcommons.org/records/23xdw-yn069",
          "self_iiif_manifest": "https://works.hcommons.org/api/iiif/record:23xdw-yn069/manifest",
          "self_iiif_sequence": "https://works.hcommons.org/api/iiif/record:23xdw-yn069/sequence/default",
          "versions": "https://works.hcommons.org/api/records/23xdw-yn069/versions"
        },
        "media_files": {
          "count": 0,
          "enabled": false,
          "entries": {},
          "order": [],
          "total_bytes": 0
        },
        "metadata": {
          "creators": [
            {
              "person_or_org": {
                "family_name": "Caputo",
                "given_name": "John D.",
                "name": "Caputo, John D.",
                "type": "personal"
              },
              "role": {
                "id": "author",
                "title": {
                  "en": "Author"
                }
              }
            }
          ],
          "identifiers": [
            {
              "identifier": "z3BwoI",
              "scheme": "import-recid"
            },
            {
              "identifier": "https://jcrt.org/archives/04.3/caputo/",
              "scheme": "url"
            }
          ],
          "languages": [
            {
              "id": "eng",
              "title": {
                "en": "English"
              }
            }
          ],
          "publication_date": "2003",
          "publisher": "Whitestone Publications",
          "resource_type": {
            "id": "textDocument-journalArticle",
            "title": {
              "de": "Zeitschriftenartikel",
              "en": "Journal article"
            }
          },
          "rights": [
            {
              "link": "https://jcrt.org/copyright/",
              "title": {
                "en": "Copyright held by the author(s). Published in the Journal for Cultural and Religious Theory."
              }
            }
          ],
          "subjects": [
            {
              "id": "http://id.worldcat.org/fast/961114",
              "scheme": "FAST-topical",
              "subject": "Hospitality"
            },
            {
              "id": "http://id.worldcat.org/fast/1069819",
              "scheme": "FAST-topical",
              "subject": "Political science--Philosophy"
            },
            {
              "id": "http://id.worldcat.org/fast/1074215",
              "scheme": "FAST-topical",
              "subject": "Power (Philosophy)"
            },
            {
              "id": "http://id.worldcat.org/fast/1080657",
              "scheme": "FAST-topical",
              "subject": "Providence and government of God"
            },
            {
              "id": "http://id.worldcat.org/fast/1110732",
              "scheme": "FAST-topical",
              "subject": "Secularism"
            },
            {
              "id": "http://id.worldcat.org/fast/1127379",
              "scheme": "FAST-topical",
              "subject": "Sovereignty"
            },
            {
              "id": "http://id.worldcat.org/fast/1149580",
              "scheme": "FAST-topical",
              "subject": "Theology--Methodology"
            }
          ],
          "title": "Without Sovereignty, without Being: Unconditionality, the Coming of God and Derrida's Democracy to Come"
        },
        "parent": {
          "access": {
            "grants": [],
            "links": [],
            "owned_by": {
              "user": "3742"
            },
            "settings": {
              "accept_conditions_text": null,
              "allow_guest_requests": false,
              "allow_user_requests": false,
              "secret_link_expiration": 0
            }
          },
          "communities": {
            "default": "7f4af3a6-30b6-4fa8-a44a-731702e8c928",
            "entries": [
              {
                "access": {
                  "member_policy": "open",
                  "members_visibility": "public",
                  "record_policy": "open",
                  "review_policy": "closed",
                  "visibility": "public"
                },
                "children": {
                  "allow": false
                },
                "created": "2026-08-30T11:06:20.249877+00:00",
                "custom_fields": {
                  "stats:dashboard_enabled": false
                },
                "deletion_status": {
                  "is_deleted": false,
                  "status": "P"
                },
                "id": "7f4af3a6-30b6-4fa8-a44a-731702e8c928",
                "links": {},
                "metadata": {
                  "description": "JCRT 04.3",
                  "title": "JCRT 04.3",
                  "type": {
                    "id": "journal"
                  },
                  "website": "https://jcrt.org/archives/04.3/"
                },
                "revision_id": 3,
                "slug": "jcrt-043",
                "updated": "2026-08-30T11:06:20.995357+00:00"
              }
            ],
            "ids": [
              "7f4af3a6-30b6-4fa8-a44a-731702e8c928"
            ]
          },
          "id": "mv1r7-4y329",
          "pids": {
            "doi": {
              "client": "datacite",
              "identifier": "10.17613/mv1r7-4y329",
              "provider": "datacite"
            }
          }
        },
        "pids": {
          "doi": {
            "client": "datacite",
            "identifier": "10.17613/23xdw-yn069",
            "provider": "datacite"
          },
          "oai": {
            "identifier": "oai:https://works.hcommons.org:23xdw-yn069",
            "provider": "oai"
          }
        },
        "revision_id": 5,
        "stats": {
          "all_versions": {
            "data_volume": 0.0,
            "downloads": 0,
            "unique_downloads": 0,
            "unique_views": 0,
            "views": 0
          },
          "this_version": {
            "data_volume": 0.0,
            "downloads": 0,
            "unique_downloads": 0,
            "unique_views": 0,
            "views": 0
          }
        },
        "status": "published",
        "updated": "2026-08-30T11:06:28.198751+00:00",
        "versions": {
          "index": 1,
          "is_latest": true,
          "is_latest_draft": true
        }
      },
      "record_id": "23xdw-yn069",
      "record_url": "https://works.hcommons.org/records/23xdw-yn069",
      "source_id": ""
    },
    {
      "collection_id": "7f4af3a6-30b6-4fa8-a44a-731702e8c928",
      "errors": [],
      "files": {
        "crockett.pdf": {
          "messages": [],
          "status": "uploaded"
        }
      },
      "item_index": 3,
      "metadata": {
        "access": {
          "embargo": {
            "active": false,
            "reason": null
          },
          "files": "public",
          "record": "public",
          "status": "open"
        },
        "created": "2026-08-30T11:06:29.874367+00:00",
        "custom_fields": {
          "journal:journal": {
            "issn": "1530-5228",
            "issue": "3",
            "pages": "",
            "title": "Journal for Cultural & Religious Theory",
            "volume": "4"
          },
          "kcr:user_defined_tags": [
            "philip",
            "jacques",
            "religion-philosophy",
            "capitalism-and-religion",
            "1930-2004",
            "derrida",
            "philosophy-methodology",
            "1925-1995",
            "deleuze",
            "gilles",
            "agamben",
            "giorgio",
            "goodchild",
            "power-philosophy"
          ]
        },
        "deletion_status": {
          "is_deleted": false,
          "status": "P"
        },
        "files": {
          "count": 1,
          "enabled": true,
          "entries": {
            "crockett.pdf": {
              "access": {
                "hidden": false
              },
              "checksum": "md5:9755cdfa261be772dac21c78b897bdf0",
              "ext": "pdf",
              "id": "2311030e-3ed4-43dd-83a5-064dade1f654",
              "key": "crockett.pdf",
              "links": {
                "content": "https://works.hcommons.org/api/records/054cj-7d135/files/crockett.pdf/content",
                "iiif_api": "https://works.hcommons.org/api/iiif/record:054cj-7d135:crockett.pdf/full/full/0/default.png",
                "iiif_base": "https://works.hcommons.org/api/iiif/record:054cj-7d135:crockett.pdf",
                "iiif_canvas": "https://works.hcommons.org/api/iiif/record:054cj-7d135/canvas/crockett.pdf",
                "iiif_info": "https://works.hcommons.org/api/iiif/record:054cj-7d135:crockett.pdf/info.json",
                "self": "https://works.hcommons.org/api/records/054cj-7d135/files/crockett.pdf"
              },
              "metadata": {},
              "mimetype": "application/pdf",
              "size": 272750,
              "storage_class": "L"
            }
          },
          "order": [],
          "total_bytes": 272750
        },
        "id": "054cj-7d135",
        "is_draft": false,
        "is_published": true,
        "links": {
          "access": "https://works.hcommons.org/api/records/054cj-7d135/access",
          "access_grants": "https://works.hcommons.org/api/records/054cj-7d135/access/grants",
          "access_groups": "https://works.hcommons.org/api/records/054cj-7d135/access/groups",
          "access_links": "https://works.hcommons.org/api/records/054cj-7d135/access/links",
          "access_request": "https://works.hcommons.org/api/records/054cj-7d135/access/request",
          "access_users": "https://works.hcommons.org/api/records/054cj-7d135/access/users",
          "archive": "https://works.hcommons.org/api/records/054cj-7d135/files-archive",
          "archive_media": "https://works.hcommons.org/api/records/054cj-7d135/media-files-archive",
          "communities": "https://works.hcommons.org/api/records/054cj-7d135/communities",
          "communities-suggestions": "https://works.hcommons.org/api/records/054cj-7d135/communities-suggestions",
          "doi": "https://doi.org/10.17613/054cj-7d135",
          "draft": "https://works.hcommons.org/api/records/054cj-7d135/draft",
          "files": "https://works.hcommons.org/api/records/054cj-7d135/files",
          "latest": "https://works.hcommons.org/api/records/054cj-7d135/versions/latest",
          "latest_html": "https://works.hcommons.org/records/054cj-7d135/latest",
          "media_files": "https://works.hcommons.org/api/records/054cj-7d135/media-files",
          "parent": "https://works.hcommons.org/api/records/574w5-t4w15",
          "parent_doi": "https://works.hcommons.org/doi/10.17613/574w5-t4w15",
          "parent_html": "https://works.hcommons.org/records/574w5-t4w15",
          "requests": "https://works.hcommons.org/api/records/054cj-7d135/requests",
          "reserve_doi": "https://works.hcommons.org/api/records/054cj-7d135/draft/pids/doi",
          "self": "https://works.hcommons.org/api/records/054cj-7d135",
          "self_doi": "https://works.hcommons.org/doi/10.17613/054cj-7d135",
          "self_html": "https://works.hcommons.org/records/054cj-7d135",
          "self_iiif_manifest": "https://works.hcommons.org/api/iiif/record:054cj-7d135/manifest",
          "self_iiif_sequence": "https://works.hcommons.org/api/iiif/record:054cj-7d135/sequence/default",
          "versions": "https://works.hcommons.org/api/records/054cj-7d135/versions"
        },
        "media_files": {
          "count": 0,
          "enabled": false,
          "entries": {},
          "order": [],
          "total_bytes": 0
        },
        "metadata": {
          "creators": [
            {
              "person_or_org": {
                "family_name": "Crockett",
                "given_name": "Clayton",
                "name": "Crockett, Clayton",
                "type": "personal"
              },
              "role": {
                "id": "author",
                "title": {
                  "en": "Author"
                }
              }
            }
          ],
          "identifiers": [
            {
              "identifier": "eHt7Ph",
              "scheme": "import-recid"
            },
            {
              "identifier": "https://jcrt.org/archives/04.3/crockett/",
              "scheme": "url"
            }
          ],
          "languages": [
            {
              "id": "eng",
              "title": {
                "en": "English"
              }
            }
          ],
          "publication_date": "2003",
          "publisher": "Whitestone Publications",
          "resource_type": {
            "id": "textDocument-journalArticle",
            "title": {
              "de": "Zeitschriftenartikel",
              "en": "Journal article"
            }
          },
          "rights": [
            {
              "link": "https://jcrt.org/copyright/",
              "title": {
                "en": "Copyright held by the author(s). Published in the Journal for Cultural and Religious Theory."
              }
            }
          ],
          "subjects": [
            {
              "id": "http://id.worldcat.org/fast/1018722",
              "scheme": "FAST-topical",
              "subject": "Methodology"
            },
            {
              "id": "http://id.worldcat.org/fast/1074215",
              "scheme": "FAST-topical",
              "subject": "Power (Philosophy)"
            },
            {
              "id": "http://id.worldcat.org/fast/1093794",
              "scheme": "FAST-topical",
              "subject": "Religion--Philosophy"
            }
          ],
          "title": "Piety, Power and Bare Life: What in the World Is Going on in the Name of Religion?"
        },
        "parent": {
          "access": {
            "grants": [],
            "links": [],
            "owned_by": {
              "user": "3742"
            },
            "settings": {
              "accept_conditions_text": null,
              "allow_guest_requests": false,
              "allow_user_requests": false,
              "secret_link_expiration": 0
            }
          },
          "communities": {
            "default": "7f4af3a6-30b6-4fa8-a44a-731702e8c928",
            "entries": [
              {
                "access": {
                  "member_policy": "open",
                  "members_visibility": "public",
                  "record_policy": "open",
                  "review_policy": "closed",
                  "visibility": "public"
                },
                "children": {
                  "allow": false
                },
                "created": "2026-08-30T11:06:20.249877+00:00",
                "custom_fields": {
                  "stats:dashboard_enabled": false
                },
                "deletion_status": {
                  "is_deleted": false,
                  "status": "P"
                },
                "id": "7f4af3a6-30b6-4fa8-a44a-731702e8c928",
                "links": {},
                "metadata": {
                  "description": "JCRT 04.3",
                  "title": "JCRT 04.3",
                  "type": {
                    "id": "journal"
                  },
                  "website": "https://jcrt.org/archives/04.3/"
                },
                "revision_id": 3,
                "slug": "jcrt-043",
                "updated": "2026-08-30T11:06:20.995357+00:00"
              }
            ],
            "ids": [
              "7f4af3a6-30b6-4fa8-a44a-731702e8c928"
            ]
          },
          "id": "574w5-t4w15",
          "pids": {
            "doi": {
              "client": "datacite",
              "identifier": "10.17613/574w5-t4w15",
              "provider": "datacite"
            }
          }
        },
        "pids": {
          "doi": {
            "client": "datacite",
            "identifier": "10.17613/054cj-7d135",
            "provider": "datacite"
          },
          "oai": {
            "identifier": "oai:https://works.hcommons.org:054cj-7d135",
            "provider": "oai"
          }
        },
        "revision_id": 5,
        "stats": {
          "all_versions": {
            "data_volume": 0.0,
            "downloads": 0,
            "unique_downloads": 0,
            "unique_views": 0,
            "views": 0
          },
          "this_version": {
            "data_volume": 0.0,
            "downloads": 0,
            "unique_downloads": 0,
            "unique_views": 0,
            "views": 0
          }
        },
        "status": "published",
        "updated": "2026-08-30T11:06:30.109365+00:00",
        "versions": {
          "index": 1,
          "is_latest": true,
          "is_latest_draft": true
        }
      },
      "record_id": "054cj-7d135",
      "record_url": "https://works.hcommons.org/records/054cj-7d135",
      "source_id": ""
    }
  ],
  "errors": [],
  "message": "All records were successfully imported",
  "status": "success"
}