{
  "status": 200,
  "message": "04.3 records verified in KC Works",
  "errors": [],
  "data": [
    {
      "record_id": "q1pqj-5cs90"
    },
    {
      "record_id": "h7d1g-rhw39"
    },
    {
      "record_id": "23xdw-yn069"
    },
    {
      "record_id": "054cj-7d135"
    },
    {
      "record_id": "ezsgv-wap39"
    },
    {
      "record_id": "jq7e2-q7e81"
    },
    {
      "record_id": "316xt-27g69"
    },
    {
      "record_id": "qn9ja-sqk08"
    },
    {
      "record_id": "zkzpt-r5j86"
    },
    {
      "record_id": "fkp5v-4fc28"
    },
    {
      "record_id": "9fe98-3me17"
    },
    {
      "record_id": "z1h1j-zv090"
    },
    {
      "record_id": "7jsq6-nbt85"
    },
    {
      "record_id": "zt06a-r1524"
    }
  ]
}
