{
  "data": [
    {
      "collection_id": "ef110062-1cd1-4d4d-830c-ed28037f6921",
      "errors": [],
      "files": {
        "bain-selbo.pdf": {
          "messages": [],
          "status": "uploaded"
        }
      },
      "item_index": 0,
      "metadata": {
        "access": {
          "embargo": {
            "active": false,
            "reason": null
          },
          "files": "public",
          "record": "public",
          "status": "open"
        },
        "created": "2026-08-30T11:05:33.435117+00:00",
        "custom_fields": {
          "journal:journal": {
            "issn": "1530-5228",
            "issue": "1",
            "pages": "",
            "title": "Journal for Cultural & Religious Theory",
            "volume": "5"
          },
          "kcr:user_defined_tags": [
            "philosophy-of-religion",
            "rationality",
            "reason",
            "modernity",
            "secularization",
            "jurgen-habermas",
            "critical-theory",
            "communicative-action",
            "postmetaphysical-thinking",
            "faith-and-reason",
            "public-sphere",
            "theology-and-philosophy"
          ]
        },
        "deletion_status": {
          "is_deleted": false,
          "status": "P"
        },
        "files": {
          "count": 1,
          "enabled": true,
          "entries": {
            "bain-selbo.pdf": {
              "access": {
                "hidden": false
              },
              "checksum": "md5:3d7675b24b3c73af37c95668d3a44447",
              "ext": "pdf",
              "id": "0381651c-1563-46e3-a1ee-7b2545d2ab49",
              "key": "bain-selbo.pdf",
              "links": {
                "content": "https://works.hcommons.org/api/records/zxhne-3bh47/files/bain-selbo.pdf/content",
                "iiif_api": "https://works.hcommons.org/api/iiif/record:zxhne-3bh47:bain-selbo.pdf/full/full/0/default.png",
                "iiif_base": "https://works.hcommons.org/api/iiif/record:zxhne-3bh47:bain-selbo.pdf",
                "iiif_canvas": "https://works.hcommons.org/api/iiif/record:zxhne-3bh47/canvas/bain-selbo.pdf",
                "iiif_info": "https://works.hcommons.org/api/iiif/record:zxhne-3bh47:bain-selbo.pdf/info.json",
                "self": "https://works.hcommons.org/api/records/zxhne-3bh47/files/bain-selbo.pdf"
              },
              "metadata": {},
              "mimetype": "application/pdf",
              "size": 337185,
              "storage_class": "L"
            }
          },
          "order": [],
          "total_bytes": 337185
        },
        "id": "zxhne-3bh47",
        "is_draft": false,
        "is_published": true,
        "links": {
          "access": "https://works.hcommons.org/api/records/zxhne-3bh47/access",
          "access_grants": "https://works.hcommons.org/api/records/zxhne-3bh47/access/grants",
          "access_groups": "https://works.hcommons.org/api/records/zxhne-3bh47/access/groups",
          "access_links": "https://works.hcommons.org/api/records/zxhne-3bh47/access/links",
          "access_request": "https://works.hcommons.org/api/records/zxhne-3bh47/access/request",
          "access_users": "https://works.hcommons.org/api/records/zxhne-3bh47/access/users",
          "archive": "https://works.hcommons.org/api/records/zxhne-3bh47/files-archive",
          "archive_media": "https://works.hcommons.org/api/records/zxhne-3bh47/media-files-archive",
          "communities": "https://works.hcommons.org/api/records/zxhne-3bh47/communities",
          "communities-suggestions": "https://works.hcommons.org/api/records/zxhne-3bh47/communities-suggestions",
          "doi": "https://doi.org/10.17613/zxhne-3bh47",
          "draft": "https://works.hcommons.org/api/records/zxhne-3bh47/draft",
          "files": "https://works.hcommons.org/api/records/zxhne-3bh47/files",
          "latest": "https://works.hcommons.org/api/records/zxhne-3bh47/versions/latest",
          "latest_html": "https://works.hcommons.org/records/zxhne-3bh47/latest",
          "media_files": "https://works.hcommons.org/api/records/zxhne-3bh47/media-files",
          "parent": "https://works.hcommons.org/api/records/syzet-eyb27",
          "parent_doi": "https://works.hcommons.org/doi/10.17613/syzet-eyb27",
          "parent_html": "https://works.hcommons.org/records/syzet-eyb27",
          "requests": "https://works.hcommons.org/api/records/zxhne-3bh47/requests",
          "reserve_doi": "https://works.hcommons.org/api/records/zxhne-3bh47/draft/pids/doi",
          "self": "https://works.hcommons.org/api/records/zxhne-3bh47",
          "self_doi": "https://works.hcommons.org/doi/10.17613/zxhne-3bh47",
          "self_html": "https://works.hcommons.org/records/zxhne-3bh47",
          "self_iiif_manifest": "https://works.hcommons.org/api/iiif/record:zxhne-3bh47/manifest",
          "self_iiif_sequence": "https://works.hcommons.org/api/iiif/record:zxhne-3bh47/sequence/default",
          "versions": "https://works.hcommons.org/api/records/zxhne-3bh47/versions"
        },
        "media_files": {
          "count": 0,
          "enabled": false,
          "entries": {},
          "order": [],
          "total_bytes": 0
        },
        "metadata": {
          "creators": [
            {
              "person_or_org": {
                "family_name": "Bain-Selbo",
                "given_name": "Eric",
                "name": "Bain-Selbo, Eric",
                "type": "personal"
              },
              "role": {
                "id": "author",
                "title": {
                  "en": "Author"
                }
              }
            }
          ],
          "identifiers": [
            {
              "identifier": "GBkDvl",
              "scheme": "import-recid"
            },
            {
              "identifier": "https://jcrt.org/archives/05.1/bain-selbo/",
              "scheme": "url"
            }
          ],
          "languages": [
            {
              "id": "eng",
              "title": {
                "en": "English"
              }
            }
          ],
          "publication_date": "2003",
          "publisher": "Whitestone Publications",
          "resource_type": {
            "id": "textDocument-journalArticle",
            "title": {
              "de": "Zeitschriftenartikel",
              "en": "Journal article"
            }
          },
          "rights": [
            {
              "link": "https://jcrt.org/copyright/",
              "title": {
                "en": "Copyright held by the author(s). Published in the Journal for Cultural and Religious Theory."
              }
            }
          ],
          "subjects": [
            {
              "id": "http://id.worldcat.org/fast/863073",
              "scheme": "FAST-topical",
              "subject": "Civilization, Modern"
            },
            {
              "id": "http://id.worldcat.org/fast/883690",
              "scheme": "FAST-topical",
              "subject": "Critical theory"
            },
            {
              "id": "http://id.worldcat.org/fast/1937862",
              "scheme": "FAST-title",
              "subject": "Everyman's library. Theology & philosophy"
            },
            {
              "id": "http://id.worldcat.org/fast/919959",
              "scheme": "FAST-topical",
              "subject": "Faith and reason"
            },
            {
              "id": "http://id.worldcat.org/fast/2010609",
              "scheme": "FAST-topical",
              "subject": "Public sphere"
            },
            {
              "id": "http://id.worldcat.org/fast/1091272",
              "scheme": "FAST-topical",
              "subject": "Reason"
            },
            {
              "id": "http://id.worldcat.org/fast/1110738",
              "scheme": "FAST-topical",
              "subject": "Secularization"
            }
          ],
          "title": "Religion and Rationality: Essays on Reason, God, and Modernity"
        },
        "parent": {
          "access": {
            "grants": [],
            "links": [],
            "owned_by": {
              "user": "3742"
            },
            "settings": {
              "accept_conditions_text": null,
              "allow_guest_requests": false,
              "allow_user_requests": false,
              "secret_link_expiration": 0
            }
          },
          "communities": {
            "default": "ef110062-1cd1-4d4d-830c-ed28037f6921",
            "entries": [
              {
                "access": {
                  "member_policy": "open",
                  "members_visibility": "public",
                  "record_policy": "open",
                  "review_policy": "closed",
                  "visibility": "public"
                },
                "children": {
                  "allow": false
                },
                "created": "2026-08-30T11:05:29.559320+00:00",
                "custom_fields": {
                  "stats:dashboard_enabled": false
                },
                "deletion_status": {
                  "is_deleted": false,
                  "status": "P"
                },
                "id": "ef110062-1cd1-4d4d-830c-ed28037f6921",
                "links": {},
                "metadata": {
                  "description": "JCRT 05.1",
                  "title": "JCRT 05.1",
                  "type": {
                    "id": "journal"
                  },
                  "website": "https://jcrt.org/archives/05.1/"
                },
                "revision_id": 3,
                "slug": "jcrt-051",
                "updated": "2026-08-30T11:05:30.269247+00:00"
              }
            ],
            "ids": [
              "ef110062-1cd1-4d4d-830c-ed28037f6921"
            ]
          },
          "id": "syzet-eyb27",
          "pids": {
            "doi": {
              "client": "datacite",
              "identifier": "10.17613/syzet-eyb27",
              "provider": "datacite"
            }
          }
        },
        "pids": {
          "doi": {
            "client": "datacite",
            "identifier": "10.17613/zxhne-3bh47",
            "provider": "datacite"
          },
          "oai": {
            "identifier": "oai:https://works.hcommons.org:zxhne-3bh47",
            "provider": "oai"
          }
        },
        "revision_id": 5,
        "stats": {
          "all_versions": {
            "data_volume": 0.0,
            "downloads": 0,
            "unique_downloads": 0,
            "unique_views": 0,
            "views": 0
          },
          "this_version": {
            "data_volume": 0.0,
            "downloads": 0,
            "unique_downloads": 0,
            "unique_views": 0,
            "views": 0
          }
        },
        "status": "published",
        "updated": "2026-08-30T11:05:33.688503+00:00",
        "versions": {
          "index": 1,
          "is_latest": true,
          "is_latest_draft": true
        }
      },
      "record_id": "zxhne-3bh47",
      "record_url": "https://works.hcommons.org/records/zxhne-3bh47",
      "source_id": ""
    },
    {
      "collection_id": "ef110062-1cd1-4d4d-830c-ed28037f6921",
      "errors": [],
      "files": {
        "fasching.pdf": {
          "messages": [],
          "status": "uploaded"
        }
      },
      "item_index": 1,
      "metadata": {
        "access": {
          "embargo": {
            "active": false,
            "reason": null
          },
          "files": "public",
          "record": "public",
          "status": "open"
        },
        "created": "2026-08-30T11:05:35.465246+00:00",
        "custom_fields": {
          "journal:journal": {
            "issn": "1530-5228",
            "issue": "1",
            "pages": "",
            "title": "Journal for Cultural & Religious Theory",
            "volume": "5"
          },
          "kcr:user_defined_tags": [
            "gabriel-vahanian",
            "death-of-god",
            "radical-theology",
            "technological-civilization",
            "utopianism",
            "iconoclasm",
            "theology-of-language",
            "eschatology",
            "secularization",
            "incarnation",
            "biblical-faith",
            "christology",
            "desacralization",
            "postmodern-theology"
          ]
        },
        "deletion_status": {
          "is_deleted": false,
          "status": "P"
        },
        "files": {
          "count": 1,
          "enabled": true,
          "entries": {
            "fasching.pdf": {
              "access": {
                "hidden": false
              },
              "checksum": "md5:abf50381ae8088f76ea39d76211ab724",
              "ext": "pdf",
              "id": "78278ec6-2df5-41dd-8f4c-983bb830a6ae",
              "key": "fasching.pdf",
              "links": {
                "content": "https://works.hcommons.org/api/records/fecaj-c4x81/files/fasching.pdf/content",
                "iiif_api": "https://works.hcommons.org/api/iiif/record:fecaj-c4x81:fasching.pdf/full/full/0/default.png",
                "iiif_base": "https://works.hcommons.org/api/iiif/record:fecaj-c4x81:fasching.pdf",
                "iiif_canvas": "https://works.hcommons.org/api/iiif/record:fecaj-c4x81/canvas/fasching.pdf",
                "iiif_info": "https://works.hcommons.org/api/iiif/record:fecaj-c4x81:fasching.pdf/info.json",
                "self": "https://works.hcommons.org/api/records/fecaj-c4x81/files/fasching.pdf"
              },
              "metadata": {},
              "mimetype": "application/pdf",
              "size": 327345,
              "storage_class": "L"
            }
          },
          "order": [],
          "total_bytes": 327345
        },
        "id": "fecaj-c4x81",
        "is_draft": false,
        "is_published": true,
        "links": {
          "access": "https://works.hcommons.org/api/records/fecaj-c4x81/access",
          "access_grants": "https://works.hcommons.org/api/records/fecaj-c4x81/access/grants",
          "access_groups": "https://works.hcommons.org/api/records/fecaj-c4x81/access/groups",
          "access_links": "https://works.hcommons.org/api/records/fecaj-c4x81/access/links",
          "access_request": "https://works.hcommons.org/api/records/fecaj-c4x81/access/request",
          "access_users": "https://works.hcommons.org/api/records/fecaj-c4x81/access/users",
          "archive": "https://works.hcommons.org/api/records/fecaj-c4x81/files-archive",
          "archive_media": "https://works.hcommons.org/api/records/fecaj-c4x81/media-files-archive",
          "communities": "https://works.hcommons.org/api/records/fecaj-c4x81/communities",
          "communities-suggestions": "https://works.hcommons.org/api/records/fecaj-c4x81/communities-suggestions",
          "doi": "https://doi.org/10.17613/fecaj-c4x81",
          "draft": "https://works.hcommons.org/api/records/fecaj-c4x81/draft",
          "files": "https://works.hcommons.org/api/records/fecaj-c4x81/files",
          "latest": "https://works.hcommons.org/api/records/fecaj-c4x81/versions/latest",
          "latest_html": "https://works.hcommons.org/records/fecaj-c4x81/latest",
          "media_files": "https://works.hcommons.org/api/records/fecaj-c4x81/media-files",
          "parent": "https://works.hcommons.org/api/records/v1zpw-myq77",
          "parent_doi": "https://works.hcommons.org/doi/10.17613/v1zpw-myq77",
          "parent_html": "https://works.hcommons.org/records/v1zpw-myq77",
          "requests": "https://works.hcommons.org/api/records/fecaj-c4x81/requests",
          "reserve_doi": "https://works.hcommons.org/api/records/fecaj-c4x81/draft/pids/doi",
          "self": "https://works.hcommons.org/api/records/fecaj-c4x81",
          "self_doi": "https://works.hcommons.org/doi/10.17613/fecaj-c4x81",
          "self_html": "https://works.hcommons.org/records/fecaj-c4x81",
          "self_iiif_manifest": "https://works.hcommons.org/api/iiif/record:fecaj-c4x81/manifest",
          "self_iiif_sequence": "https://works.hcommons.org/api/iiif/record:fecaj-c4x81/sequence/default",
          "versions": "https://works.hcommons.org/api/records/fecaj-c4x81/versions"
        },
        "media_files": {
          "count": 0,
          "enabled": false,
          "entries": {},
          "order": [],
          "total_bytes": 0
        },
        "metadata": {
          "creators": [
            {
              "person_or_org": {
                "family_name": "Fasching",
                "given_name": "Darrell J",
                "name": "Fasching, Darrell J",
                "type": "personal"
              },
              "role": {
                "id": "author",
                "title": {
                  "en": "Author"
                }
              }
            }
          ],
          "identifiers": [
            {
              "identifier": "hPJbzI",
              "scheme": "import-recid"
            },
            {
              "identifier": "https://jcrt.org/archives/05.1/fasching/",
              "scheme": "url"
            }
          ],
          "languages": [
            {
              "id": "eng",
              "title": {
                "en": "English"
              }
            }
          ],
          "publication_date": "2003",
          "publisher": "Whitestone Publications",
          "resource_type": {
            "id": "textDocument-journalArticle",
            "title": {
              "de": "Zeitschriftenartikel",
              "en": "Journal article"
            }
          },
          "rights": [
            {
              "link": "https://jcrt.org/copyright/",
              "title": {
                "en": "Copyright held by the author(s). Published in the Journal for Cultural and Religious Theory."
              }
            }
          ],
          "subjects": [
            {
              "id": "http://id.worldcat.org/fast/1352288",
              "scheme": "FAST-topical",
              "subject": "Christology"
            },
            {
              "id": "http://id.worldcat.org/fast/888713",
              "scheme": "FAST-topical",
              "subject": "Death of God"
            },
            {
              "id": "http://id.worldcat.org/fast/915134",
              "scheme": "FAST-topical",
              "subject": "Eschatology"
            },
            {
              "id": "http://id.worldcat.org/fast/966761",
              "scheme": "FAST-topical",
              "subject": "Iconoclasm"
            },
            {
              "id": "http://id.worldcat.org/fast/968453",
              "scheme": "FAST-topical",
              "subject": "Incarnation"
            },
            {
              "id": "http://id.worldcat.org/fast/1073163",
              "scheme": "FAST-topical",
              "subject": "Postmodern theology"
            },
            {
              "id": "http://id.worldcat.org/fast/1110738",
              "scheme": "FAST-topical",
              "subject": "Secularization"
            }
          ],
          "title": "Anonymous God"
        },
        "parent": {
          "access": {
            "grants": [],
            "links": [],
            "owned_by": {
              "user": "3742"
            },
            "settings": {
              "accept_conditions_text": null,
              "allow_guest_requests": false,
              "allow_user_requests": false,
              "secret_link_expiration": 0
            }
          },
          "communities": {
            "default": "ef110062-1cd1-4d4d-830c-ed28037f6921",
            "entries": [
              {
                "access": {
                  "member_policy": "open",
                  "members_visibility": "public",
                  "record_policy": "open",
                  "review_policy": "closed",
                  "visibility": "public"
                },
                "children": {
                  "allow": false
                },
                "created": "2026-08-30T11:05:29.559320+00:00",
                "custom_fields": {
                  "stats:dashboard_enabled": false
                },
                "deletion_status": {
                  "is_deleted": false,
                  "status": "P"
                },
                "id": "ef110062-1cd1-4d4d-830c-ed28037f6921",
                "links": {},
                "metadata": {
                  "description": "JCRT 05.1",
                  "title": "JCRT 05.1",
                  "type": {
                    "id": "journal"
                  },
                  "website": "https://jcrt.org/archives/05.1/"
                },
                "revision_id": 3,
                "slug": "jcrt-051",
                "updated": "2026-08-30T11:05:30.269247+00:00"
              }
            ],
            "ids": [
              "ef110062-1cd1-4d4d-830c-ed28037f6921"
            ]
          },
          "id": "v1zpw-myq77",
          "pids": {
            "doi": {
              "client": "datacite",
              "identifier": "10.17613/v1zpw-myq77",
              "provider": "datacite"
            }
          }
        },
        "pids": {
          "doi": {
            "client": "datacite",
            "identifier": "10.17613/fecaj-c4x81",
            "provider": "datacite"
          },
          "oai": {
            "identifier": "oai:https://works.hcommons.org:fecaj-c4x81",
            "provider": "oai"
          }
        },
        "revision_id": 5,
        "stats": {
          "all_versions": {
            "data_volume": 0.0,
            "downloads": 0,
            "unique_downloads": 0,
            "unique_views": 0,
            "views": 0
          },
          "this_version": {
            "data_volume": 0.0,
            "downloads": 0,
            "unique_downloads": 0,
            "unique_views": 0,
            "views": 0
          }
        },
        "status": "published",
        "updated": "2026-08-30T11:05:35.705464+00:00",
        "versions": {
          "index": 1,
          "is_latest": true,
          "is_latest_draft": true
        }
      },
      "record_id": "fecaj-c4x81",
      "record_url": "https://works.hcommons.org/records/fecaj-c4x81",
      "source_id": ""
    },
    {
      "collection_id": "ef110062-1cd1-4d4d-830c-ed28037f6921",
      "errors": [],
      "files": {
        "hale.pdf": {
          "messages": [],
          "status": "uploaded"
        }
      },
      "item_index": 2,
      "metadata": {
        "access": {
          "embargo": {
            "active": false,
            "reason": null
          },
          "files": "public",
          "record": "public",
          "status": "open"
        },
        "created": "2026-08-30T11:05:37.597030+00:00",
        "custom_fields": {
          "journal:journal": {
            "issn": "1530-5228",
            "issue": "1",
            "pages": "",
            "title": "Journal for Cultural & Religious Theory",
            "volume": "5"
          },
          "kcr:user_defined_tags": [
            "death-of-god-philosophy",
            "writing",
            "philosophy-and-religion",
            "metaphor",
            "methodology",
            "difference-philosophy",
            "religions-study-and-teaching",
            "1844-1900",
            "friedrich-wilhelm",
            "nietzsche",
            "jacques",
            "1930-2004",
            "derrida",
            "language-and-languages-philosophy",
            "1813-1855",
            "kierkegaard",
            "s-ren",
            "1925-1995",
            "deleuze",
            "gilles",
            "1724-1804",
            "immanuel",
            "kant",
            "immanence-philosophy",
            "representation-philosophy",
            "christianity-essence",
            "religion-definition"
          ]
        },
        "deletion_status": {
          "is_deleted": false,
          "status": "P"
        },
        "files": {
          "count": 1,
          "enabled": true,
          "entries": {
            "hale.pdf": {
              "access": {
                "hidden": false
              },
              "checksum": "md5:695026c3e4f570d6ce6f8bd66fdfe1c5",
              "ext": "pdf",
              "id": "7a27f0b2-9f92-4307-a0d2-aaa81e780129",
              "key": "hale.pdf",
              "links": {
                "content": "https://works.hcommons.org/api/records/0fgkb-qr497/files/hale.pdf/content",
                "iiif_api": "https://works.hcommons.org/api/iiif/record:0fgkb-qr497:hale.pdf/full/full/0/default.png",
                "iiif_base": "https://works.hcommons.org/api/iiif/record:0fgkb-qr497:hale.pdf",
                "iiif_canvas": "https://works.hcommons.org/api/iiif/record:0fgkb-qr497/canvas/hale.pdf",
                "iiif_info": "https://works.hcommons.org/api/iiif/record:0fgkb-qr497:hale.pdf/info.json",
                "self": "https://works.hcommons.org/api/records/0fgkb-qr497/files/hale.pdf"
              },
              "metadata": {},
              "mimetype": "application/pdf",
              "size": 1157402,
              "storage_class": "L"
            }
          },
          "order": [],
          "total_bytes": 1157402
        },
        "id": "0fgkb-qr497",
        "is_draft": false,
        "is_published": true,
        "links": {
          "access": "https://works.hcommons.org/api/records/0fgkb-qr497/access",
          "access_grants": "https://works.hcommons.org/api/records/0fgkb-qr497/access/grants",
          "access_groups": "https://works.hcommons.org/api/records/0fgkb-qr497/access/groups",
          "access_links": "https://works.hcommons.org/api/records/0fgkb-qr497/access/links",
          "access_request": "https://works.hcommons.org/api/records/0fgkb-qr497/access/request",
          "access_users": "https://works.hcommons.org/api/records/0fgkb-qr497/access/users",
          "archive": "https://works.hcommons.org/api/records/0fgkb-qr497/files-archive",
          "archive_media": "https://works.hcommons.org/api/records/0fgkb-qr497/media-files-archive",
          "communities": "https://works.hcommons.org/api/records/0fgkb-qr497/communities",
          "communities-suggestions": "https://works.hcommons.org/api/records/0fgkb-qr497/communities-suggestions",
          "doi": "https://doi.org/10.17613/0fgkb-qr497",
          "draft": "https://works.hcommons.org/api/records/0fgkb-qr497/draft",
          "files": "https://works.hcommons.org/api/records/0fgkb-qr497/files",
          "latest": "https://works.hcommons.org/api/records/0fgkb-qr497/versions/latest",
          "latest_html": "https://works.hcommons.org/records/0fgkb-qr497/latest",
          "media_files": "https://works.hcommons.org/api/records/0fgkb-qr497/media-files",
          "parent": "https://works.hcommons.org/api/records/5ghde-2kw78",
          "parent_doi": "https://works.hcommons.org/doi/10.17613/5ghde-2kw78",
          "parent_html": "https://works.hcommons.org/records/5ghde-2kw78",
          "requests": "https://works.hcommons.org/api/records/0fgkb-qr497/requests",
          "reserve_doi": "https://works.hcommons.org/api/records/0fgkb-qr497/draft/pids/doi",
          "self": "https://works.hcommons.org/api/records/0fgkb-qr497",
          "self_doi": "https://works.hcommons.org/doi/10.17613/0fgkb-qr497",
          "self_html": "https://works.hcommons.org/records/0fgkb-qr497",
          "self_iiif_manifest": "https://works.hcommons.org/api/iiif/record:0fgkb-qr497/manifest",
          "self_iiif_sequence": "https://works.hcommons.org/api/iiif/record:0fgkb-qr497/sequence/default",
          "versions": "https://works.hcommons.org/api/records/0fgkb-qr497/versions"
        },
        "media_files": {
          "count": 0,
          "enabled": false,
          "entries": {},
          "order": [],
          "total_bytes": 0
        },
        "metadata": {
          "creators": [
            {
              "person_or_org": {
                "family_name": "Hale",
                "given_name": "David",
                "name": "Hale, David",
                "type": "personal"
              },
              "role": {
                "id": "author",
                "title": {
                  "en": "Author"
                }
              }
            }
          ],
          "identifiers": [
            {
              "identifier": "-fgz_E",
              "scheme": "import-recid"
            },
            {
              "identifier": "https://jcrt.org/archives/05.1/hale/",
              "scheme": "url"
            }
          ],
          "languages": [
            {
              "id": "eng",
              "title": {
                "en": "English"
              }
            }
          ],
          "publication_date": "2003",
          "publisher": "Whitestone Publications",
          "resource_type": {
            "id": "textDocument-journalArticle",
            "title": {
              "de": "Zeitschriftenartikel",
              "en": "Journal article"
            }
          },
          "rights": [
            {
              "link": "https://jcrt.org/copyright/",
              "title": {
                "en": "Copyright held by the author(s). Published in the Journal for Cultural and Religious Theory."
              }
            }
          ],
          "subjects": [
            {
              "id": "http://id.worldcat.org/fast/893405",
              "scheme": "FAST-topical",
              "subject": "Difference (Philosophy)"
            },
            {
              "id": "http://id.worldcat.org/fast/1498082",
              "scheme": "FAST-personal",
              "subject": "Friedrich, Wilhelm"
            },
            {
              "id": "http://id.worldcat.org/fast/967698",
              "scheme": "FAST-topical",
              "subject": "Immanence (Philosophy)"
            },
            {
              "id": "http://id.worldcat.org/fast/992193",
              "scheme": "FAST-topical",
              "subject": "Language and languages--Philosophy"
            },
            {
              "id": "http://id.worldcat.org/fast/1018283",
              "scheme": "FAST-topical",
              "subject": "Metaphor"
            },
            {
              "id": "http://id.worldcat.org/fast/1018722",
              "scheme": "FAST-topical",
              "subject": "Methodology"
            },
            {
              "id": "http://id.worldcat.org/fast/1060826",
              "scheme": "FAST-topical",
              "subject": "Philosophy and religion"
            },
            {
              "id": "http://id.worldcat.org/fast/1093917",
              "scheme": "FAST-topical",
              "subject": "Religions--Study and teaching"
            },
            {
              "id": "http://id.worldcat.org/fast/1094927",
              "scheme": "FAST-topical",
              "subject": "Representation (Philosophy)"
            },
            {
              "id": "http://id.worldcat.org/fast/1181638",
              "scheme": "FAST-topical",
              "subject": "Writing"
            }
          ],
          "title": "Writing: the Transgression of Religion"
        },
        "parent": {
          "access": {
            "grants": [],
            "links": [],
            "owned_by": {
              "user": "3742"
            },
            "settings": {
              "accept_conditions_text": null,
              "allow_guest_requests": false,
              "allow_user_requests": false,
              "secret_link_expiration": 0
            }
          },
          "communities": {
            "default": "ef110062-1cd1-4d4d-830c-ed28037f6921",
            "entries": [
              {
                "access": {
                  "member_policy": "open",
                  "members_visibility": "public",
                  "record_policy": "open",
                  "review_policy": "closed",
                  "visibility": "public"
                },
                "children": {
                  "allow": false
                },
                "created": "2026-08-30T11:05:29.559320+00:00",
                "custom_fields": {
                  "stats:dashboard_enabled": false
                },
                "deletion_status": {
                  "is_deleted": false,
                  "status": "P"
                },
                "id": "ef110062-1cd1-4d4d-830c-ed28037f6921",
                "links": {},
                "metadata": {
                  "description": "JCRT 05.1",
                  "title": "JCRT 05.1",
                  "type": {
                    "id": "journal"
                  },
                  "website": "https://jcrt.org/archives/05.1/"
                },
                "revision_id": 3,
                "slug": "jcrt-051",
                "updated": "2026-08-30T11:05:30.269247+00:00"
              }
            ],
            "ids": [
              "ef110062-1cd1-4d4d-830c-ed28037f6921"
            ]
          },
          "id": "5ghde-2kw78",
          "pids": {
            "doi": {
              "client": "datacite",
              "identifier": "10.17613/5ghde-2kw78",
              "provider": "datacite"
            }
          }
        },
        "pids": {
          "doi": {
            "client": "datacite",
            "identifier": "10.17613/0fgkb-qr497",
            "provider": "datacite"
          },
          "oai": {
            "identifier": "oai:https://works.hcommons.org:0fgkb-qr497",
            "provider": "oai"
          }
        },
        "revision_id": 5,
        "stats": {
          "all_versions": {
            "data_volume": 0.0,
            "downloads": 0,
            "unique_downloads": 0,
            "unique_views": 0,
            "views": 0
          },
          "this_version": {
            "data_volume": 0.0,
            "downloads": 0,
            "unique_downloads": 0,
            "unique_views": 0,
            "views": 0
          }
        },
        "status": "published",
        "updated": "2026-08-30T11:05:37.870823+00:00",
        "versions": {
          "index": 1,
          "is_latest": true,
          "is_latest_draft": true
        }
      },
      "record_id": "0fgkb-qr497",
      "record_url": "https://works.hcommons.org/records/0fgkb-qr497",
      "source_id": ""
    },
    {
      "collection_id": "ef110062-1cd1-4d4d-830c-ed28037f6921",
      "errors": [],
      "files": {
        "iyer.pdf": {
          "messages": [],
          "status": "uploaded"
        }
      },
      "item_index": 3,
      "metadata": {
        "access": {
          "embargo": {
            "active": false,
            "reason": null
          },
          "files": "public",
          "record": "public",
          "status": "open"
        },
        "created": "2026-08-30T11:05:39.824659+00:00",
        "custom_fields": {
          "journal:journal": {
            "issn": "1530-5228",
            "issue": "1",
            "pages": "",
            "title": "Journal for Cultural & Religious Theory",
            "volume": "5"
          },
          "kcr:user_defined_tags": [
            "psychic-trauma",
            "experience",
            "antisemitism",
            "witnessing",
            "other-philosophy",
            "self-philosophy",
            "1906-1995",
            "emmanuel",
            "le-vinas",
            "sarah",
            "holocaust",
            "literary",
            "style",
            "infinite",
            "maurice",
            "1907-2003",
            "blanchot",
            "judaism-and-philosophy",
            "jewish-1939-1945-in-literature",
            "kofman"
          ]
        },
        "deletion_status": {
          "is_deleted": false,
          "status": "P"
        },
        "files": {
          "count": 1,
          "enabled": true,
          "entries": {
            "iyer.pdf": {
              "access": {
                "hidden": false
              },
              "checksum": "md5:ba010bd2abeda69745c3eaa361e9cc85",
              "ext": "pdf",
              "id": "b8faa396-df45-4250-99fc-f20ae1ff451e",
              "key": "iyer.pdf",
              "links": {
                "content": "https://works.hcommons.org/api/records/rjz2v-bbx22/files/iyer.pdf/content",
                "iiif_api": "https://works.hcommons.org/api/iiif/record:rjz2v-bbx22:iyer.pdf/full/full/0/default.png",
                "iiif_base": "https://works.hcommons.org/api/iiif/record:rjz2v-bbx22:iyer.pdf",
                "iiif_canvas": "https://works.hcommons.org/api/iiif/record:rjz2v-bbx22/canvas/iyer.pdf",
                "iiif_info": "https://works.hcommons.org/api/iiif/record:rjz2v-bbx22:iyer.pdf/info.json",
                "self": "https://works.hcommons.org/api/records/rjz2v-bbx22/files/iyer.pdf"
              },
              "metadata": {},
              "mimetype": "application/pdf",
              "size": 966907,
              "storage_class": "L"
            }
          },
          "order": [],
          "total_bytes": 966907
        },
        "id": "rjz2v-bbx22",
        "is_draft": false,
        "is_published": true,
        "links": {
          "access": "https://works.hcommons.org/api/records/rjz2v-bbx22/access",
          "access_grants": "https://works.hcommons.org/api/records/rjz2v-bbx22/access/grants",
          "access_groups": "https://works.hcommons.org/api/records/rjz2v-bbx22/access/groups",
          "access_links": "https://works.hcommons.org/api/records/rjz2v-bbx22/access/links",
          "access_request": "https://works.hcommons.org/api/records/rjz2v-bbx22/access/request",
          "access_users": "https://works.hcommons.org/api/records/rjz2v-bbx22/access/users",
          "archive": "https://works.hcommons.org/api/records/rjz2v-bbx22/files-archive",
          "archive_media": "https://works.hcommons.org/api/records/rjz2v-bbx22/media-files-archive",
          "communities": "https://works.hcommons.org/api/records/rjz2v-bbx22/communities",
          "communities-suggestions": "https://works.hcommons.org/api/records/rjz2v-bbx22/communities-suggestions",
          "doi": "https://doi.org/10.17613/rjz2v-bbx22",
          "draft": "https://works.hcommons.org/api/records/rjz2v-bbx22/draft",
          "files": "https://works.hcommons.org/api/records/rjz2v-bbx22/files",
          "latest": "https://works.hcommons.org/api/records/rjz2v-bbx22/versions/latest",
          "latest_html": "https://works.hcommons.org/records/rjz2v-bbx22/latest",
          "media_files": "https://works.hcommons.org/api/records/rjz2v-bbx22/media-files",
          "parent": "https://works.hcommons.org/api/records/0v16s-hj981",
          "parent_doi": "https://works.hcommons.org/doi/10.17613/0v16s-hj981",
          "parent_html": "https://works.hcommons.org/records/0v16s-hj981",
          "requests": "https://works.hcommons.org/api/records/rjz2v-bbx22/requests",
          "reserve_doi": "https://works.hcommons.org/api/records/rjz2v-bbx22/draft/pids/doi",
          "self": "https://works.hcommons.org/api/records/rjz2v-bbx22",
          "self_doi": "https://works.hcommons.org/doi/10.17613/rjz2v-bbx22",
          "self_html": "https://works.hcommons.org/records/rjz2v-bbx22",
          "self_iiif_manifest": "https://works.hcommons.org/api/iiif/record:rjz2v-bbx22/manifest",
          "self_iiif_sequence": "https://works.hcommons.org/api/iiif/record:rjz2v-bbx22/sequence/default",
          "versions": "https://works.hcommons.org/api/records/rjz2v-bbx22/versions"
        },
        "media_files": {
          "count": 0,
          "enabled": false,
          "entries": {},
          "order": [],
          "total_bytes": 0
        },
        "metadata": {
          "creators": [
            {
              "person_or_org": {
                "family_name": "Iyer",
                "given_name": "Lars",
                "name": "Iyer, Lars",
                "type": "personal"
              },
              "role": {
                "id": "author",
                "title": {
                  "en": "Author"
                }
              }
            }
          ],
          "identifiers": [
            {
              "identifier": "XhUftc",
              "scheme": "import-recid"
            },
            {
              "identifier": "https://jcrt.org/archives/05.1/iyer/",
              "scheme": "url"
            }
          ],
          "languages": [
            {
              "id": "eng",
              "title": {
                "en": "English"
              }
            }
          ],
          "publication_date": "2003",
          "publisher": "Whitestone Publications",
          "resource_type": {
            "id": "textDocument-journalArticle",
            "title": {
              "de": "Zeitschriftenartikel",
              "en": "Journal article"
            }
          },
          "rights": [
            {
              "link": "https://jcrt.org/copyright/",
              "title": {
                "en": "Copyright held by the author(s). Published in the Journal for Cultural and Religious Theory."
              }
            }
          ],
          "subjects": [
            {
              "id": "http://id.worldcat.org/fast/810769",
              "scheme": "FAST-topical",
              "subject": "Antisemitism"
            },
            {
              "id": "http://id.worldcat.org/fast/918379",
              "scheme": "FAST-topical",
              "subject": "Experience"
            },
            {
              "id": "http://id.worldcat.org/fast/972421",
              "scheme": "FAST-topical",
              "subject": "Infinite"
            },
            {
              "id": "http://id.worldcat.org/fast/984437",
              "scheme": "FAST-topical",
              "subject": "Judaism and philosophy"
            },
            {
              "id": "http://id.worldcat.org/fast/1205325",
              "scheme": "FAST-geographic",
              "subject": "Mauritius"
            },
            {
              "id": "http://id.worldcat.org/fast/1048904",
              "scheme": "FAST-topical",
              "subject": "Other (Philosophy)"
            },
            {
              "id": "http://id.worldcat.org/fast/1081217",
              "scheme": "FAST-topical",
              "subject": "Psychic trauma"
            },
            {
              "id": "http://id.worldcat.org/fast/1111454",
              "scheme": "FAST-topical",
              "subject": "Self (Philosophy)"
            }
          ],
          "title": "'Write, Write': Testimony, Judaism and the Infinite in Blanchot, Kofman and Levinas"
        },
        "parent": {
          "access": {
            "grants": [],
            "links": [],
            "owned_by": {
              "user": "3742"
            },
            "settings": {
              "accept_conditions_text": null,
              "allow_guest_requests": false,
              "allow_user_requests": false,
              "secret_link_expiration": 0
            }
          },
          "communities": {
            "default": "ef110062-1cd1-4d4d-830c-ed28037f6921",
            "entries": [
              {
                "access": {
                  "member_policy": "open",
                  "members_visibility": "public",
                  "record_policy": "open",
                  "review_policy": "closed",
                  "visibility": "public"
                },
                "children": {
                  "allow": false
                },
                "created": "2026-08-30T11:05:29.559320+00:00",
                "custom_fields": {
                  "stats:dashboard_enabled": false
                },
                "deletion_status": {
                  "is_deleted": false,
                  "status": "P"
                },
                "id": "ef110062-1cd1-4d4d-830c-ed28037f6921",
                "links": {},
                "metadata": {
                  "description": "JCRT 05.1",
                  "title": "JCRT 05.1",
                  "type": {
                    "id": "journal"
                  },
                  "website": "https://jcrt.org/archives/05.1/"
                },
                "revision_id": 3,
                "slug": "jcrt-051",
                "updated": "2026-08-30T11:05:30.269247+00:00"
              }
            ],
            "ids": [
              "ef110062-1cd1-4d4d-830c-ed28037f6921"
            ]
          },
          "id": "0v16s-hj981",
          "pids": {
            "doi": {
              "client": "datacite",
              "identifier": "10.17613/0v16s-hj981",
              "provider": "datacite"
            }
          }
        },
        "pids": {
          "doi": {
            "client": "datacite",
            "identifier": "10.17613/rjz2v-bbx22",
            "provider": "datacite"
          },
          "oai": {
            "identifier": "oai:https://works.hcommons.org:rjz2v-bbx22",
            "provider": "oai"
          }
        },
        "revision_id": 5,
        "stats": {
          "all_versions": {
            "data_volume": 0.0,
            "downloads": 0,
            "unique_downloads": 0,
            "unique_views": 0,
            "views": 0
          },
          "this_version": {
            "data_volume": 0.0,
            "downloads": 0,
            "unique_downloads": 0,
            "unique_views": 0,
            "views": 0
          }
        },
        "status": "published",
        "updated": "2026-08-30T11:05:40.094560+00:00",
        "versions": {
          "index": 1,
          "is_latest": true,
          "is_latest_draft": true
        }
      },
      "record_id": "rjz2v-bbx22",
      "record_url": "https://works.hcommons.org/records/rjz2v-bbx22",
      "source_id": ""
    }
  ],
  "errors": [],
  "message": "All records were successfully imported",
  "status": "success"
}