{
  "data": [
    {
      "collection_id": "e3ac64ca-45ee-4910-bf74-dd35ad156e39",
      "errors": [],
      "files": {
        "fodor.pdf": {
          "messages": [],
          "status": "uploaded"
        }
      },
      "item_index": 0,
      "metadata": {
        "access": {
          "embargo": {
            "active": false,
            "reason": null
          },
          "files": "public",
          "record": "public",
          "status": "open"
        },
        "created": "2026-08-30T11:03:22.562887+00:00",
        "custom_fields": {
          "journal:journal": {
            "issn": "1530-5228",
            "issue": "3",
            "pages": "",
            "title": "Journal for Cultural & Religious Theory",
            "volume": "5"
          },
          "kcr:user_defined_tags": [
            "religious-experience",
            "metaphysics",
            "philosophy-of-religion",
            "phenomenology",
            "jeffrey-bloechl",
            "continental-philosophy",
            "onto-theology",
            "transcendence",
            "postmetaphysical-thinking",
            "theology",
            "mysticism",
            "god"
          ]
        },
        "deletion_status": {
          "is_deleted": false,
          "status": "P"
        },
        "files": {
          "count": 1,
          "enabled": true,
          "entries": {
            "fodor.pdf": {
              "access": {
                "hidden": false
              },
              "checksum": "md5:1f3f9449bccf4373ad6ed7cbb23ac485",
              "ext": "pdf",
              "id": "4f5ab996-2a99-4019-ab3c-ba719469faa5",
              "key": "fodor.pdf",
              "links": {
                "content": "https://works.hcommons.org/api/records/td2wv-hz919/files/fodor.pdf/content",
                "iiif_api": "https://works.hcommons.org/api/iiif/record:td2wv-hz919:fodor.pdf/full/full/0/default.png",
                "iiif_base": "https://works.hcommons.org/api/iiif/record:td2wv-hz919:fodor.pdf",
                "iiif_canvas": "https://works.hcommons.org/api/iiif/record:td2wv-hz919/canvas/fodor.pdf",
                "iiif_info": "https://works.hcommons.org/api/iiif/record:td2wv-hz919:fodor.pdf/info.json",
                "self": "https://works.hcommons.org/api/records/td2wv-hz919/files/fodor.pdf"
              },
              "metadata": {},
              "mimetype": "application/pdf",
              "size": 240550,
              "storage_class": "L"
            }
          },
          "order": [],
          "total_bytes": 240550
        },
        "id": "td2wv-hz919",
        "is_draft": false,
        "is_published": true,
        "links": {
          "access": "https://works.hcommons.org/api/records/td2wv-hz919/access",
          "access_grants": "https://works.hcommons.org/api/records/td2wv-hz919/access/grants",
          "access_groups": "https://works.hcommons.org/api/records/td2wv-hz919/access/groups",
          "access_links": "https://works.hcommons.org/api/records/td2wv-hz919/access/links",
          "access_request": "https://works.hcommons.org/api/records/td2wv-hz919/access/request",
          "access_users": "https://works.hcommons.org/api/records/td2wv-hz919/access/users",
          "archive": "https://works.hcommons.org/api/records/td2wv-hz919/files-archive",
          "archive_media": "https://works.hcommons.org/api/records/td2wv-hz919/media-files-archive",
          "communities": "https://works.hcommons.org/api/records/td2wv-hz919/communities",
          "communities-suggestions": "https://works.hcommons.org/api/records/td2wv-hz919/communities-suggestions",
          "doi": "https://doi.org/10.17613/td2wv-hz919",
          "draft": "https://works.hcommons.org/api/records/td2wv-hz919/draft",
          "files": "https://works.hcommons.org/api/records/td2wv-hz919/files",
          "latest": "https://works.hcommons.org/api/records/td2wv-hz919/versions/latest",
          "latest_html": "https://works.hcommons.org/records/td2wv-hz919/latest",
          "media_files": "https://works.hcommons.org/api/records/td2wv-hz919/media-files",
          "parent": "https://works.hcommons.org/api/records/8se8j-yxe37",
          "parent_doi": "https://works.hcommons.org/doi/10.17613/8se8j-yxe37",
          "parent_html": "https://works.hcommons.org/records/8se8j-yxe37",
          "requests": "https://works.hcommons.org/api/records/td2wv-hz919/requests",
          "reserve_doi": "https://works.hcommons.org/api/records/td2wv-hz919/draft/pids/doi",
          "self": "https://works.hcommons.org/api/records/td2wv-hz919",
          "self_doi": "https://works.hcommons.org/doi/10.17613/td2wv-hz919",
          "self_html": "https://works.hcommons.org/records/td2wv-hz919",
          "self_iiif_manifest": "https://works.hcommons.org/api/iiif/record:td2wv-hz919/manifest",
          "self_iiif_sequence": "https://works.hcommons.org/api/iiif/record:td2wv-hz919/sequence/default",
          "versions": "https://works.hcommons.org/api/records/td2wv-hz919/versions"
        },
        "media_files": {
          "count": 0,
          "enabled": false,
          "entries": {},
          "order": [],
          "total_bytes": 0
        },
        "metadata": {
          "creators": [
            {
              "person_or_org": {
                "family_name": "Fodor",
                "given_name": "Luke",
                "name": "Fodor, Luke",
                "type": "personal"
              },
              "role": {
                "id": "author",
                "title": {
                  "en": "Author"
                }
              }
            }
          ],
          "identifiers": [
            {
              "identifier": "k0caXb",
              "scheme": "import-recid"
            },
            {
              "identifier": "https://jcrt.org/archives/05.3/fodor/",
              "scheme": "url"
            }
          ],
          "languages": [
            {
              "id": "eng",
              "title": {
                "en": "English"
              }
            }
          ],
          "publication_date": "2004",
          "publisher": "Whitestone Publications",
          "resource_type": {
            "id": "textDocument-journalArticle",
            "title": {
              "de": "Zeitschriftenartikel",
              "en": "Journal article"
            }
          },
          "rights": [
            {
              "link": "https://jcrt.org/copyright/",
              "title": {
                "en": "Copyright held by the author(s). Published in the Journal for Cultural and Religious Theory."
              }
            }
          ],
          "subjects": [
            {
              "id": "http://id.worldcat.org/fast/1765182",
              "scheme": "FAST-topical",
              "subject": "Continental philosophy"
            },
            {
              "id": "http://id.worldcat.org/fast/918383",
              "scheme": "FAST-topical",
              "subject": "Experience (Religion)"
            },
            {
              "id": "http://id.worldcat.org/fast/944037",
              "scheme": "FAST-topical",
              "subject": "God"
            },
            {
              "id": "http://id.worldcat.org/fast/1018304",
              "scheme": "FAST-topical",
              "subject": "Metaphysics"
            },
            {
              "id": "http://id.worldcat.org/fast/1031629",
              "scheme": "FAST-topical",
              "subject": "Mysticism"
            },
            {
              "id": "http://id.worldcat.org/fast/1060522",
              "scheme": "FAST-topical",
              "subject": "Phenomenology"
            },
            {
              "id": "http://id.worldcat.org/fast/1149559",
              "scheme": "FAST-topical",
              "subject": "Theology"
            }
          ],
          "title": "Religious Experience and the End of Metaphysics"
        },
        "parent": {
          "access": {
            "grants": [],
            "links": [],
            "owned_by": {
              "user": "3742"
            },
            "settings": {
              "accept_conditions_text": null,
              "allow_guest_requests": false,
              "allow_user_requests": false,
              "secret_link_expiration": 0
            }
          },
          "communities": {
            "default": "e3ac64ca-45ee-4910-bf74-dd35ad156e39",
            "entries": [
              {
                "access": {
                  "member_policy": "open",
                  "members_visibility": "public",
                  "record_policy": "open",
                  "review_policy": "closed",
                  "visibility": "public"
                },
                "children": {
                  "allow": false
                },
                "created": "2026-08-30T11:03:07.244838+00:00",
                "custom_fields": {
                  "stats:dashboard_enabled": false
                },
                "deletion_status": {
                  "is_deleted": false,
                  "status": "P"
                },
                "id": "e3ac64ca-45ee-4910-bf74-dd35ad156e39",
                "links": {},
                "metadata": {
                  "description": "JCRT 05.3",
                  "title": "JCRT 05.3",
                  "type": {
                    "id": "journal"
                  },
                  "website": "https://jcrt.org/archives/05.3/"
                },
                "revision_id": 3,
                "slug": "jcrt-053",
                "updated": "2026-08-30T11:03:08.106489+00:00"
              }
            ],
            "ids": [
              "e3ac64ca-45ee-4910-bf74-dd35ad156e39"
            ]
          },
          "id": "8se8j-yxe37",
          "pids": {
            "doi": {
              "client": "datacite",
              "identifier": "10.17613/8se8j-yxe37",
              "provider": "datacite"
            }
          }
        },
        "pids": {
          "doi": {
            "client": "datacite",
            "identifier": "10.17613/td2wv-hz919",
            "provider": "datacite"
          },
          "oai": {
            "identifier": "oai:https://works.hcommons.org:td2wv-hz919",
            "provider": "oai"
          }
        },
        "revision_id": 5,
        "stats": {
          "all_versions": {
            "data_volume": 0.0,
            "downloads": 0,
            "unique_downloads": 0,
            "unique_views": 0,
            "views": 0
          },
          "this_version": {
            "data_volume": 0.0,
            "downloads": 0,
            "unique_downloads": 0,
            "unique_views": 0,
            "views": 0
          }
        },
        "status": "published",
        "updated": "2026-08-30T11:03:22.795650+00:00",
        "versions": {
          "index": 1,
          "is_latest": true,
          "is_latest_draft": true
        }
      },
      "record_id": "td2wv-hz919",
      "record_url": "https://works.hcommons.org/records/td2wv-hz919",
      "source_id": ""
    },
    {
      "collection_id": "e3ac64ca-45ee-4910-bf74-dd35ad156e39",
      "errors": [],
      "files": {
        "gilmour.pdf": {
          "messages": [],
          "status": "uploaded"
        }
      },
      "item_index": 1,
      "metadata": {
        "access": {
          "embargo": {
            "active": false,
            "reason": null
          },
          "files": "public",
          "record": "public",
          "status": "open"
        },
        "created": "2026-08-30T11:03:24.612698+00:00",
        "custom_fields": {
          "journal:journal": {
            "issn": "1530-5228",
            "issue": "3",
            "pages": "",
            "title": "Journal for Cultural & Religious Theory",
            "volume": "5"
          },
          "kcr:user_defined_tags": [
            "american-religion",
            "counterculture",
            "mark-oppenheimer",
            "religious-history",
            "protestantism",
            "judaism",
            "catholicism",
            "cultural-change",
            "religious-liberalism",
            "social-movements",
            "spirituality",
            "religion-and-culture"
          ]
        },
        "deletion_status": {
          "is_deleted": false,
          "status": "P"
        },
        "files": {
          "count": 1,
          "enabled": true,
          "entries": {
            "gilmour.pdf": {
              "access": {
                "hidden": false
              },
              "checksum": "md5:1b2f8287b208f3bde0553baa0006afad",
              "ext": "pdf",
              "id": "40c9e6a9-acc4-4c6f-af90-cd4472d578b2",
              "key": "gilmour.pdf",
              "links": {
                "content": "https://works.hcommons.org/api/records/mxhej-8p442/files/gilmour.pdf/content",
                "iiif_api": "https://works.hcommons.org/api/iiif/record:mxhej-8p442:gilmour.pdf/full/full/0/default.png",
                "iiif_base": "https://works.hcommons.org/api/iiif/record:mxhej-8p442:gilmour.pdf",
                "iiif_canvas": "https://works.hcommons.org/api/iiif/record:mxhej-8p442/canvas/gilmour.pdf",
                "iiif_info": "https://works.hcommons.org/api/iiif/record:mxhej-8p442:gilmour.pdf/info.json",
                "self": "https://works.hcommons.org/api/records/mxhej-8p442/files/gilmour.pdf"
              },
              "metadata": {},
              "mimetype": "application/pdf",
              "size": 212910,
              "storage_class": "L"
            }
          },
          "order": [],
          "total_bytes": 212910
        },
        "id": "mxhej-8p442",
        "is_draft": false,
        "is_published": true,
        "links": {
          "access": "https://works.hcommons.org/api/records/mxhej-8p442/access",
          "access_grants": "https://works.hcommons.org/api/records/mxhej-8p442/access/grants",
          "access_groups": "https://works.hcommons.org/api/records/mxhej-8p442/access/groups",
          "access_links": "https://works.hcommons.org/api/records/mxhej-8p442/access/links",
          "access_request": "https://works.hcommons.org/api/records/mxhej-8p442/access/request",
          "access_users": "https://works.hcommons.org/api/records/mxhej-8p442/access/users",
          "archive": "https://works.hcommons.org/api/records/mxhej-8p442/files-archive",
          "archive_media": "https://works.hcommons.org/api/records/mxhej-8p442/media-files-archive",
          "communities": "https://works.hcommons.org/api/records/mxhej-8p442/communities",
          "communities-suggestions": "https://works.hcommons.org/api/records/mxhej-8p442/communities-suggestions",
          "doi": "https://doi.org/10.17613/mxhej-8p442",
          "draft": "https://works.hcommons.org/api/records/mxhej-8p442/draft",
          "files": "https://works.hcommons.org/api/records/mxhej-8p442/files",
          "latest": "https://works.hcommons.org/api/records/mxhej-8p442/versions/latest",
          "latest_html": "https://works.hcommons.org/records/mxhej-8p442/latest",
          "media_files": "https://works.hcommons.org/api/records/mxhej-8p442/media-files",
          "parent": "https://works.hcommons.org/api/records/55qbs-1nv60",
          "parent_doi": "https://works.hcommons.org/doi/10.17613/55qbs-1nv60",
          "parent_html": "https://works.hcommons.org/records/55qbs-1nv60",
          "requests": "https://works.hcommons.org/api/records/mxhej-8p442/requests",
          "reserve_doi": "https://works.hcommons.org/api/records/mxhej-8p442/draft/pids/doi",
          "self": "https://works.hcommons.org/api/records/mxhej-8p442",
          "self_doi": "https://works.hcommons.org/doi/10.17613/mxhej-8p442",
          "self_html": "https://works.hcommons.org/records/mxhej-8p442",
          "self_iiif_manifest": "https://works.hcommons.org/api/iiif/record:mxhej-8p442/manifest",
          "self_iiif_sequence": "https://works.hcommons.org/api/iiif/record:mxhej-8p442/sequence/default",
          "versions": "https://works.hcommons.org/api/records/mxhej-8p442/versions"
        },
        "media_files": {
          "count": 0,
          "enabled": false,
          "entries": {},
          "order": [],
          "total_bytes": 0
        },
        "metadata": {
          "creators": [
            {
              "person_or_org": {
                "family_name": "Gilmour",
                "given_name": "Michael J",
                "name": "Gilmour, Michael J",
                "type": "personal"
              },
              "role": {
                "id": "author",
                "title": {
                  "en": "Author"
                }
              }
            }
          ],
          "identifiers": [
            {
              "identifier": "pDu8E4",
              "scheme": "import-recid"
            },
            {
              "identifier": "https://jcrt.org/archives/05.3/gilmour/",
              "scheme": "url"
            }
          ],
          "languages": [
            {
              "id": "eng",
              "title": {
                "en": "English"
              }
            }
          ],
          "publication_date": "2004",
          "publisher": "Whitestone Publications",
          "resource_type": {
            "id": "textDocument-journalArticle",
            "title": {
              "de": "Zeitschriftenartikel",
              "en": "Journal article"
            }
          },
          "rights": [
            {
              "link": "https://jcrt.org/copyright/",
              "title": {
                "en": "Copyright held by the author(s). Published in the Journal for Cultural and Religious Theory."
              }
            }
          ],
          "subjects": [
            {
              "id": "http://id.worldcat.org/fast/881315",
              "scheme": "FAST-topical",
              "subject": "Counterculture"
            },
            {
              "id": "http://id.worldcat.org/fast/984280",
              "scheme": "FAST-topical",
              "subject": "Judaism"
            },
            {
              "id": "http://id.worldcat.org/fast/1079920",
              "scheme": "FAST-topical",
              "subject": "Protestantism"
            },
            {
              "id": "http://id.worldcat.org/fast/1093823",
              "scheme": "FAST-topical",
              "subject": "Religion and culture"
            },
            {
              "id": "http://id.worldcat.org/fast/1122310",
              "scheme": "FAST-topical",
              "subject": "Social change"
            },
            {
              "id": "http://id.worldcat.org/fast/1122657",
              "scheme": "FAST-topical",
              "subject": "Social movements"
            },
            {
              "id": "http://id.worldcat.org/fast/1130186",
              "scheme": "FAST-topical",
              "subject": "Spirituality"
            }
          ],
          "title": "Knocking on Heaven's Door: American Religion in the Age of Counterculture"
        },
        "parent": {
          "access": {
            "grants": [],
            "links": [],
            "owned_by": {
              "user": "3742"
            },
            "settings": {
              "accept_conditions_text": null,
              "allow_guest_requests": false,
              "allow_user_requests": false,
              "secret_link_expiration": 0
            }
          },
          "communities": {
            "default": "e3ac64ca-45ee-4910-bf74-dd35ad156e39",
            "entries": [
              {
                "access": {
                  "member_policy": "open",
                  "members_visibility": "public",
                  "record_policy": "open",
                  "review_policy": "closed",
                  "visibility": "public"
                },
                "children": {
                  "allow": false
                },
                "created": "2026-08-30T11:03:07.244838+00:00",
                "custom_fields": {
                  "stats:dashboard_enabled": false
                },
                "deletion_status": {
                  "is_deleted": false,
                  "status": "P"
                },
                "id": "e3ac64ca-45ee-4910-bf74-dd35ad156e39",
                "links": {},
                "metadata": {
                  "description": "JCRT 05.3",
                  "title": "JCRT 05.3",
                  "type": {
                    "id": "journal"
                  },
                  "website": "https://jcrt.org/archives/05.3/"
                },
                "revision_id": 3,
                "slug": "jcrt-053",
                "updated": "2026-08-30T11:03:08.106489+00:00"
              }
            ],
            "ids": [
              "e3ac64ca-45ee-4910-bf74-dd35ad156e39"
            ]
          },
          "id": "55qbs-1nv60",
          "pids": {
            "doi": {
              "client": "datacite",
              "identifier": "10.17613/55qbs-1nv60",
              "provider": "datacite"
            }
          }
        },
        "pids": {
          "doi": {
            "client": "datacite",
            "identifier": "10.17613/mxhej-8p442",
            "provider": "datacite"
          },
          "oai": {
            "identifier": "oai:https://works.hcommons.org:mxhej-8p442",
            "provider": "oai"
          }
        },
        "revision_id": 5,
        "stats": {
          "all_versions": {
            "data_volume": 0.0,
            "downloads": 0,
            "unique_downloads": 0,
            "unique_views": 0,
            "views": 0
          },
          "this_version": {
            "data_volume": 0.0,
            "downloads": 0,
            "unique_downloads": 0,
            "unique_views": 0,
            "views": 0
          }
        },
        "status": "published",
        "updated": "2026-08-30T11:03:24.874961+00:00",
        "versions": {
          "index": 1,
          "is_latest": true,
          "is_latest_draft": true
        }
      },
      "record_id": "mxhej-8p442",
      "record_url": "https://works.hcommons.org/records/mxhej-8p442",
      "source_id": ""
    },
    {
      "collection_id": "e3ac64ca-45ee-4910-bf74-dd35ad156e39",
      "errors": [],
      "files": {
        "igrek.pdf": {
          "messages": [],
          "status": "uploaded"
        }
      },
      "item_index": 2,
      "metadata": {
        "access": {
          "embargo": {
            "active": false,
            "reason": null
          },
          "files": "public",
          "record": "public",
          "status": "open"
        },
        "created": "2026-08-30T11:03:26.664182+00:00",
        "custom_fields": {
          "journal:journal": {
            "issn": "1530-5228",
            "issue": "3",
            "pages": "",
            "title": "Journal for Cultural & Religious Theory",
            "volume": "5"
          },
          "kcr:user_defined_tags": [
            "jacques-derrida",
            "negative-theology",
            "deconstruction",
            "hugh-rayment-pickard",
            "philosophy-of-religion",
            "impossibility",
            "khora",
            "messianism",
            "atheism",
            "continental-philosophy",
            "god",
            "religion-without-religion"
          ]
        },
        "deletion_status": {
          "is_deleted": false,
          "status": "P"
        },
        "files": {
          "count": 1,
          "enabled": true,
          "entries": {
            "igrek.pdf": {
              "access": {
                "hidden": false
              },
              "checksum": "md5:fee602d1ab7531347303bafbf177a6f5",
              "ext": "pdf",
              "id": "0e0f42e4-1194-4b00-881c-77c84267a7b8",
              "key": "igrek.pdf",
              "links": {
                "content": "https://works.hcommons.org/api/records/t7pbv-pgb14/files/igrek.pdf/content",
                "iiif_api": "https://works.hcommons.org/api/iiif/record:t7pbv-pgb14:igrek.pdf/full/full/0/default.png",
                "iiif_base": "https://works.hcommons.org/api/iiif/record:t7pbv-pgb14:igrek.pdf",
                "iiif_canvas": "https://works.hcommons.org/api/iiif/record:t7pbv-pgb14/canvas/igrek.pdf",
                "iiif_info": "https://works.hcommons.org/api/iiif/record:t7pbv-pgb14:igrek.pdf/info.json",
                "self": "https://works.hcommons.org/api/records/t7pbv-pgb14/files/igrek.pdf"
              },
              "metadata": {},
              "mimetype": "application/pdf",
              "size": 279077,
              "storage_class": "L"
            }
          },
          "order": [],
          "total_bytes": 279077
        },
        "id": "t7pbv-pgb14",
        "is_draft": false,
        "is_published": true,
        "links": {
          "access": "https://works.hcommons.org/api/records/t7pbv-pgb14/access",
          "access_grants": "https://works.hcommons.org/api/records/t7pbv-pgb14/access/grants",
          "access_groups": "https://works.hcommons.org/api/records/t7pbv-pgb14/access/groups",
          "access_links": "https://works.hcommons.org/api/records/t7pbv-pgb14/access/links",
          "access_request": "https://works.hcommons.org/api/records/t7pbv-pgb14/access/request",
          "access_users": "https://works.hcommons.org/api/records/t7pbv-pgb14/access/users",
          "archive": "https://works.hcommons.org/api/records/t7pbv-pgb14/files-archive",
          "archive_media": "https://works.hcommons.org/api/records/t7pbv-pgb14/media-files-archive",
          "communities": "https://works.hcommons.org/api/records/t7pbv-pgb14/communities",
          "communities-suggestions": "https://works.hcommons.org/api/records/t7pbv-pgb14/communities-suggestions",
          "doi": "https://doi.org/10.17613/t7pbv-pgb14",
          "draft": "https://works.hcommons.org/api/records/t7pbv-pgb14/draft",
          "files": "https://works.hcommons.org/api/records/t7pbv-pgb14/files",
          "latest": "https://works.hcommons.org/api/records/t7pbv-pgb14/versions/latest",
          "latest_html": "https://works.hcommons.org/records/t7pbv-pgb14/latest",
          "media_files": "https://works.hcommons.org/api/records/t7pbv-pgb14/media-files",
          "parent": "https://works.hcommons.org/api/records/1jhx3-4hv95",
          "parent_doi": "https://works.hcommons.org/doi/10.17613/1jhx3-4hv95",
          "parent_html": "https://works.hcommons.org/records/1jhx3-4hv95",
          "requests": "https://works.hcommons.org/api/records/t7pbv-pgb14/requests",
          "reserve_doi": "https://works.hcommons.org/api/records/t7pbv-pgb14/draft/pids/doi",
          "self": "https://works.hcommons.org/api/records/t7pbv-pgb14",
          "self_doi": "https://works.hcommons.org/doi/10.17613/t7pbv-pgb14",
          "self_html": "https://works.hcommons.org/records/t7pbv-pgb14",
          "self_iiif_manifest": "https://works.hcommons.org/api/iiif/record:t7pbv-pgb14/manifest",
          "self_iiif_sequence": "https://works.hcommons.org/api/iiif/record:t7pbv-pgb14/sequence/default",
          "versions": "https://works.hcommons.org/api/records/t7pbv-pgb14/versions"
        },
        "media_files": {
          "count": 0,
          "enabled": false,
          "entries": {},
          "order": [],
          "total_bytes": 0
        },
        "metadata": {
          "creators": [
            {
              "person_or_org": {
                "family_name": "Igrek",
                "given_name": "Apple Zefelius",
                "name": "Igrek, Apple Zefelius",
                "type": "personal"
              },
              "role": {
                "id": "author",
                "title": {
                  "en": "Author"
                }
              }
            }
          ],
          "identifiers": [
            {
              "identifier": "kKgREe",
              "scheme": "import-recid"
            },
            {
              "identifier": "https://jcrt.org/archives/05.3/igrek/",
              "scheme": "url"
            }
          ],
          "languages": [
            {
              "id": "eng",
              "title": {
                "en": "English"
              }
            }
          ],
          "publication_date": "2004",
          "publisher": "Whitestone Publications",
          "resource_type": {
            "id": "textDocument-journalArticle",
            "title": {
              "de": "Zeitschriftenartikel",
              "en": "Journal article"
            }
          },
          "rights": [
            {
              "link": "https://jcrt.org/copyright/",
              "title": {
                "en": "Copyright held by the author(s). Published in the Journal for Cultural and Religious Theory."
              }
            }
          ],
          "subjects": [
            {
              "id": "http://id.worldcat.org/fast/819974",
              "scheme": "FAST-topical",
              "subject": "Atheism"
            },
            {
              "id": "http://id.worldcat.org/fast/1765182",
              "scheme": "FAST-topical",
              "subject": "Continental philosophy"
            },
            {
              "id": "http://id.worldcat.org/fast/889137",
              "scheme": "FAST-topical",
              "subject": "Deconstruction"
            },
            {
              "id": "http://id.worldcat.org/fast/944037",
              "scheme": "FAST-topical",
              "subject": "God"
            },
            {
              "id": "http://id.worldcat.org/fast/988542",
              "scheme": "FAST-topical",
              "subject": "Korana (African people)"
            },
            {
              "id": "http://id.worldcat.org/fast/1017438",
              "scheme": "FAST-topical",
              "subject": "Messianism"
            },
            {
              "id": "http://id.worldcat.org/fast/1035499",
              "scheme": "FAST-topical",
              "subject": "Negative theology"
            }
          ],
          "title": "Impossible God: Derrida's Theology"
        },
        "parent": {
          "access": {
            "grants": [],
            "links": [],
            "owned_by": {
              "user": "3742"
            },
            "settings": {
              "accept_conditions_text": null,
              "allow_guest_requests": false,
              "allow_user_requests": false,
              "secret_link_expiration": 0
            }
          },
          "communities": {
            "default": "e3ac64ca-45ee-4910-bf74-dd35ad156e39",
            "entries": [
              {
                "access": {
                  "member_policy": "open",
                  "members_visibility": "public",
                  "record_policy": "open",
                  "review_policy": "closed",
                  "visibility": "public"
                },
                "children": {
                  "allow": false
                },
                "created": "2026-08-30T11:03:07.244838+00:00",
                "custom_fields": {
                  "stats:dashboard_enabled": false
                },
                "deletion_status": {
                  "is_deleted": false,
                  "status": "P"
                },
                "id": "e3ac64ca-45ee-4910-bf74-dd35ad156e39",
                "links": {},
                "metadata": {
                  "description": "JCRT 05.3",
                  "title": "JCRT 05.3",
                  "type": {
                    "id": "journal"
                  },
                  "website": "https://jcrt.org/archives/05.3/"
                },
                "revision_id": 3,
                "slug": "jcrt-053",
                "updated": "2026-08-30T11:03:08.106489+00:00"
              }
            ],
            "ids": [
              "e3ac64ca-45ee-4910-bf74-dd35ad156e39"
            ]
          },
          "id": "1jhx3-4hv95",
          "pids": {
            "doi": {
              "client": "datacite",
              "identifier": "10.17613/1jhx3-4hv95",
              "provider": "datacite"
            }
          }
        },
        "pids": {
          "doi": {
            "client": "datacite",
            "identifier": "10.17613/t7pbv-pgb14",
            "provider": "datacite"
          },
          "oai": {
            "identifier": "oai:https://works.hcommons.org:t7pbv-pgb14",
            "provider": "oai"
          }
        },
        "revision_id": 5,
        "stats": {
          "all_versions": {
            "data_volume": 0.0,
            "downloads": 0,
            "unique_downloads": 0,
            "unique_views": 0,
            "views": 0
          },
          "this_version": {
            "data_volume": 0.0,
            "downloads": 0,
            "unique_downloads": 0,
            "unique_views": 0,
            "views": 0
          }
        },
        "status": "published",
        "updated": "2026-08-30T11:03:26.984587+00:00",
        "versions": {
          "index": 1,
          "is_latest": true,
          "is_latest_draft": true
        }
      },
      "record_id": "t7pbv-pgb14",
      "record_url": "https://works.hcommons.org/records/t7pbv-pgb14",
      "source_id": ""
    },
    {
      "collection_id": "e3ac64ca-45ee-4910-bf74-dd35ad156e39",
      "errors": [],
      "files": {
        "keen.pdf": {
          "messages": [],
          "status": "uploaded"
        }
      },
      "item_index": 3,
      "metadata": {
        "access": {
          "embargo": {
            "active": false,
            "reason": null
          },
          "files": "public",
          "record": "public",
          "status": "open"
        },
        "created": "2026-08-30T11:03:29.276560+00:00",
        "custom_fields": {
          "journal:journal": {
            "issn": "1530-5228",
            "issue": "3",
            "pages": "",
            "title": "Journal for Cultural & Religious Theory",
            "volume": "5"
          },
          "kcr:user_defined_tags": [
            "sociology-of-religion",
            "secularization",
            "grace-davie",
            "future-of-religion",
            "christianity",
            "spirituality",
            "alternative-religion",
            "new-age",
            "religious-change",
            "modernity",
            "secularism",
            "religion-and-society"
          ]
        },
        "deletion_status": {
          "is_deleted": false,
          "status": "P"
        },
        "files": {
          "count": 1,
          "enabled": true,
          "entries": {
            "keen.pdf": {
              "access": {
                "hidden": false
              },
              "checksum": "md5:31aa173b72cc1ee0063860018b0cb690",
              "ext": "pdf",
              "id": "47368fd7-c983-4e29-ae24-a21abc2b1ed1",
              "key": "keen.pdf",
              "links": {
                "content": "https://works.hcommons.org/api/records/qnzn6-ntx06/files/keen.pdf/content",
                "iiif_api": "https://works.hcommons.org/api/iiif/record:qnzn6-ntx06:keen.pdf/full/full/0/default.png",
                "iiif_base": "https://works.hcommons.org/api/iiif/record:qnzn6-ntx06:keen.pdf",
                "iiif_canvas": "https://works.hcommons.org/api/iiif/record:qnzn6-ntx06/canvas/keen.pdf",
                "iiif_info": "https://works.hcommons.org/api/iiif/record:qnzn6-ntx06:keen.pdf/info.json",
                "self": "https://works.hcommons.org/api/records/qnzn6-ntx06/files/keen.pdf"
              },
              "metadata": {},
              "mimetype": "application/pdf",
              "size": 223698,
              "storage_class": "L"
            }
          },
          "order": [],
          "total_bytes": 223698
        },
        "id": "qnzn6-ntx06",
        "is_draft": false,
        "is_published": true,
        "links": {
          "access": "https://works.hcommons.org/api/records/qnzn6-ntx06/access",
          "access_grants": "https://works.hcommons.org/api/records/qnzn6-ntx06/access/grants",
          "access_groups": "https://works.hcommons.org/api/records/qnzn6-ntx06/access/groups",
          "access_links": "https://works.hcommons.org/api/records/qnzn6-ntx06/access/links",
          "access_request": "https://works.hcommons.org/api/records/qnzn6-ntx06/access/request",
          "access_users": "https://works.hcommons.org/api/records/qnzn6-ntx06/access/users",
          "archive": "https://works.hcommons.org/api/records/qnzn6-ntx06/files-archive",
          "archive_media": "https://works.hcommons.org/api/records/qnzn6-ntx06/media-files-archive",
          "communities": "https://works.hcommons.org/api/records/qnzn6-ntx06/communities",
          "communities-suggestions": "https://works.hcommons.org/api/records/qnzn6-ntx06/communities-suggestions",
          "doi": "https://doi.org/10.17613/qnzn6-ntx06",
          "draft": "https://works.hcommons.org/api/records/qnzn6-ntx06/draft",
          "files": "https://works.hcommons.org/api/records/qnzn6-ntx06/files",
          "latest": "https://works.hcommons.org/api/records/qnzn6-ntx06/versions/latest",
          "latest_html": "https://works.hcommons.org/records/qnzn6-ntx06/latest",
          "media_files": "https://works.hcommons.org/api/records/qnzn6-ntx06/media-files",
          "parent": "https://works.hcommons.org/api/records/mb0br-nf387",
          "parent_doi": "https://works.hcommons.org/doi/10.17613/mb0br-nf387",
          "parent_html": "https://works.hcommons.org/records/mb0br-nf387",
          "requests": "https://works.hcommons.org/api/records/qnzn6-ntx06/requests",
          "reserve_doi": "https://works.hcommons.org/api/records/qnzn6-ntx06/draft/pids/doi",
          "self": "https://works.hcommons.org/api/records/qnzn6-ntx06",
          "self_doi": "https://works.hcommons.org/doi/10.17613/qnzn6-ntx06",
          "self_html": "https://works.hcommons.org/records/qnzn6-ntx06",
          "self_iiif_manifest": "https://works.hcommons.org/api/iiif/record:qnzn6-ntx06/manifest",
          "self_iiif_sequence": "https://works.hcommons.org/api/iiif/record:qnzn6-ntx06/sequence/default",
          "versions": "https://works.hcommons.org/api/records/qnzn6-ntx06/versions"
        },
        "media_files": {
          "count": 0,
          "enabled": false,
          "entries": {},
          "order": [],
          "total_bytes": 0
        },
        "metadata": {
          "creators": [
            {
              "person_or_org": {
                "family_name": "Keen",
                "given_name": "Daniel E Rossi",
                "name": "Keen, Daniel E Rossi",
                "type": "personal"
              },
              "role": {
                "id": "author",
                "title": {
                  "en": "Author"
                }
              }
            }
          ],
          "identifiers": [
            {
              "identifier": "0V6ZJS",
              "scheme": "import-recid"
            },
            {
              "identifier": "https://jcrt.org/archives/05.3/keen/",
              "scheme": "url"
            }
          ],
          "languages": [
            {
              "id": "eng",
              "title": {
                "en": "English"
              }
            }
          ],
          "publication_date": "2004",
          "publisher": "Whitestone Publications",
          "resource_type": {
            "id": "textDocument-journalArticle",
            "title": {
              "de": "Zeitschriftenartikel",
              "en": "Journal article"
            }
          },
          "rights": [
            {
              "link": "https://jcrt.org/copyright/",
              "title": {
                "en": "Copyright held by the author(s). Published in the Journal for Cultural and Religious Theory."
              }
            }
          ],
          "subjects": [
            {
              "id": "http://id.worldcat.org/fast/859599",
              "scheme": "FAST-topical",
              "subject": "Christianity"
            },
            {
              "id": "http://id.worldcat.org/fast/863073",
              "scheme": "FAST-topical",
              "subject": "Civilization, Modern"
            },
            {
              "id": "http://id.worldcat.org/fast/1396067",
              "scheme": "FAST-title",
              "subject": "New age (Hood, Hugh)"
            },
            {
              "id": "http://id.worldcat.org/fast/1093858",
              "scheme": "FAST-topical",
              "subject": "Religion and sociology"
            },
            {
              "id": "http://id.worldcat.org/fast/1110732",
              "scheme": "FAST-topical",
              "subject": "Secularism"
            },
            {
              "id": "http://id.worldcat.org/fast/1110738",
              "scheme": "FAST-topical",
              "subject": "Secularization"
            },
            {
              "id": "http://id.worldcat.org/fast/1130186",
              "scheme": "FAST-topical",
              "subject": "Spirituality"
            }
          ],
          "title": "Predicting Religion: Christian, Secular and Alternative Futures"
        },
        "parent": {
          "access": {
            "grants": [],
            "links": [],
            "owned_by": {
              "user": "3742"
            },
            "settings": {
              "accept_conditions_text": null,
              "allow_guest_requests": false,
              "allow_user_requests": false,
              "secret_link_expiration": 0
            }
          },
          "communities": {
            "default": "e3ac64ca-45ee-4910-bf74-dd35ad156e39",
            "entries": [
              {
                "access": {
                  "member_policy": "open",
                  "members_visibility": "public",
                  "record_policy": "open",
                  "review_policy": "closed",
                  "visibility": "public"
                },
                "children": {
                  "allow": false
                },
                "created": "2026-08-30T11:03:07.244838+00:00",
                "custom_fields": {
                  "stats:dashboard_enabled": false
                },
                "deletion_status": {
                  "is_deleted": false,
                  "status": "P"
                },
                "id": "e3ac64ca-45ee-4910-bf74-dd35ad156e39",
                "links": {},
                "metadata": {
                  "description": "JCRT 05.3",
                  "title": "JCRT 05.3",
                  "type": {
                    "id": "journal"
                  },
                  "website": "https://jcrt.org/archives/05.3/"
                },
                "revision_id": 3,
                "slug": "jcrt-053",
                "updated": "2026-08-30T11:03:08.106489+00:00"
              }
            ],
            "ids": [
              "e3ac64ca-45ee-4910-bf74-dd35ad156e39"
            ]
          },
          "id": "mb0br-nf387",
          "pids": {
            "doi": {
              "client": "datacite",
              "identifier": "10.17613/mb0br-nf387",
              "provider": "datacite"
            }
          }
        },
        "pids": {
          "doi": {
            "client": "datacite",
            "identifier": "10.17613/qnzn6-ntx06",
            "provider": "datacite"
          },
          "oai": {
            "identifier": "oai:https://works.hcommons.org:qnzn6-ntx06",
            "provider": "oai"
          }
        },
        "revision_id": 5,
        "stats": {
          "all_versions": {
            "data_volume": 0.0,
            "downloads": 0,
            "unique_downloads": 0,
            "unique_views": 0,
            "views": 0
          },
          "this_version": {
            "data_volume": 0.0,
            "downloads": 0,
            "unique_downloads": 0,
            "unique_views": 0,
            "views": 0
          }
        },
        "status": "published",
        "updated": "2026-08-30T11:03:29.511933+00:00",
        "versions": {
          "index": 1,
          "is_latest": true,
          "is_latest_draft": true
        }
      },
      "record_id": "qnzn6-ntx06",
      "record_url": "https://works.hcommons.org/records/qnzn6-ntx06",
      "source_id": ""
    }
  ],
  "errors": [],
  "message": "All records were successfully imported",
  "status": "success"
}