{
  "status": 200,
  "message": "06.1 records verified in KC Works",
  "errors": [],
  "data": [
    {
      "record_id": "hn6hw-y6n46"
    },
    {
      "record_id": "hf6kp-dw597"
    },
    {
      "record_id": "v42dk-4fn22"
    },
    {
      "record_id": "zasn1-rxd36"
    },
    {
      "record_id": "j8tf1-m0092"
    },
    {
      "record_id": "hs763-4dc34"
    },
    {
      "record_id": "tgj08-ban17"
    },
    {
      "record_id": "zy2d6-ghd04"
    },
    {
      "record_id": "kd08a-74t81"
    },
    {
      "record_id": "6vw3m-b7e07"
    },
    {
      "record_id": "v8cfv-mbx81"
    },
    {
      "record_id": "xwj5f-2zr07"
    },
    {
      "record_id": "kqdev-fts66"
    }
  ]
}
