{
  "status": 200,
  "message": "06.2 records verified in KC Works",
  "errors": [],
  "data": [
    {
      "record_id": "j606w-rkb25"
    },
    {
      "record_id": "j4f0j-mc749"
    },
    {
      "record_id": "m9gad-mhn12"
    },
    {
      "record_id": "14944-3na20"
    },
    {
      "record_id": "9phjb-t0r28"
    },
    {
      "record_id": "rt895-vaf77"
    },
    {
      "record_id": "1spq5-r5z70"
    },
    {
      "record_id": "d95gf-db906"
    },
    {
      "record_id": "53weh-nzp79"
    },
    {
      "record_id": "dd7dg-0pg80"
    },
    {
      "record_id": "dys24-7bf17"
    },
    {
      "record_id": "17exj-tg141"
    },
    {
      "record_id": "m1ccm-ej218"
    }
  ]
}
