{
  "data": [
    {
      "collection_id": "66b61182-2394-4f19-9d86-1b0f92cd737d",
      "errors": [],
      "files": {
        "robbins.pdf": {
          "messages": [],
          "status": "uploaded"
        }
      },
      "item_index": 0,
      "metadata": {
        "access": {
          "embargo": {
            "active": false,
            "reason": null
          },
          "files": "public",
          "record": "public",
          "status": "open"
        },
        "created": "2026-08-30T11:01:36.266837+00:00",
        "custom_fields": {
          "journal:journal": {
            "issn": "1530-5228",
            "issue": "2",
            "pages": "",
            "title": "Journal for Cultural & Religious Theory",
            "volume": "6"
          },
          "kcr:user_defined_tags": [
            "philosophy-and-theology",
            "christianity-and-politics",
            "1844-1900",
            "friedrich-wilhelm",
            "nietzsche",
            "paul",
            "alain",
            "badiou",
            "the-apostle",
            "saint-theology"
          ]
        },
        "deletion_status": {
          "is_deleted": false,
          "status": "P"
        },
        "files": {
          "count": 1,
          "enabled": true,
          "entries": {
            "robbins.pdf": {
              "access": {
                "hidden": false
              },
              "checksum": "md5:7d28b0c2c0c5cd10d0965185a623f7e3",
              "ext": "pdf",
              "id": "a04d71de-e43a-484a-9734-7259d0dfc884",
              "key": "robbins.pdf",
              "links": {
                "content": "https://works.hcommons.org/api/records/53weh-nzp79/files/robbins.pdf/content",
                "iiif_api": "https://works.hcommons.org/api/iiif/record:53weh-nzp79:robbins.pdf/full/full/0/default.png",
                "iiif_base": "https://works.hcommons.org/api/iiif/record:53weh-nzp79:robbins.pdf",
                "iiif_canvas": "https://works.hcommons.org/api/iiif/record:53weh-nzp79/canvas/robbins.pdf",
                "iiif_info": "https://works.hcommons.org/api/iiif/record:53weh-nzp79:robbins.pdf/info.json",
                "self": "https://works.hcommons.org/api/records/53weh-nzp79/files/robbins.pdf"
              },
              "metadata": {},
              "mimetype": "application/pdf",
              "size": 314521,
              "storage_class": "L"
            }
          },
          "order": [],
          "total_bytes": 314521
        },
        "id": "53weh-nzp79",
        "is_draft": false,
        "is_published": true,
        "links": {
          "access": "https://works.hcommons.org/api/records/53weh-nzp79/access",
          "access_grants": "https://works.hcommons.org/api/records/53weh-nzp79/access/grants",
          "access_groups": "https://works.hcommons.org/api/records/53weh-nzp79/access/groups",
          "access_links": "https://works.hcommons.org/api/records/53weh-nzp79/access/links",
          "access_request": "https://works.hcommons.org/api/records/53weh-nzp79/access/request",
          "access_users": "https://works.hcommons.org/api/records/53weh-nzp79/access/users",
          "archive": "https://works.hcommons.org/api/records/53weh-nzp79/files-archive",
          "archive_media": "https://works.hcommons.org/api/records/53weh-nzp79/media-files-archive",
          "communities": "https://works.hcommons.org/api/records/53weh-nzp79/communities",
          "communities-suggestions": "https://works.hcommons.org/api/records/53weh-nzp79/communities-suggestions",
          "doi": "https://doi.org/10.17613/53weh-nzp79",
          "draft": "https://works.hcommons.org/api/records/53weh-nzp79/draft",
          "files": "https://works.hcommons.org/api/records/53weh-nzp79/files",
          "latest": "https://works.hcommons.org/api/records/53weh-nzp79/versions/latest",
          "latest_html": "https://works.hcommons.org/records/53weh-nzp79/latest",
          "media_files": "https://works.hcommons.org/api/records/53weh-nzp79/media-files",
          "parent": "https://works.hcommons.org/api/records/8j43q-dwm79",
          "parent_doi": "https://works.hcommons.org/doi/10.17613/8j43q-dwm79",
          "parent_html": "https://works.hcommons.org/records/8j43q-dwm79",
          "requests": "https://works.hcommons.org/api/records/53weh-nzp79/requests",
          "reserve_doi": "https://works.hcommons.org/api/records/53weh-nzp79/draft/pids/doi",
          "self": "https://works.hcommons.org/api/records/53weh-nzp79",
          "self_doi": "https://works.hcommons.org/doi/10.17613/53weh-nzp79",
          "self_html": "https://works.hcommons.org/records/53weh-nzp79",
          "self_iiif_manifest": "https://works.hcommons.org/api/iiif/record:53weh-nzp79/manifest",
          "self_iiif_sequence": "https://works.hcommons.org/api/iiif/record:53weh-nzp79/sequence/default",
          "versions": "https://works.hcommons.org/api/records/53weh-nzp79/versions"
        },
        "media_files": {
          "count": 0,
          "enabled": false,
          "entries": {},
          "order": [],
          "total_bytes": 0
        },
        "metadata": {
          "creators": [
            {
              "person_or_org": {
                "family_name": "Robbins",
                "given_name": "Jeffrey W",
                "name": "Robbins, Jeffrey W",
                "type": "personal"
              },
              "role": {
                "id": "author",
                "title": {
                  "en": "Author"
                }
              }
            }
          ],
          "identifiers": [
            {
              "identifier": "7H6vzi",
              "scheme": "import-recid"
            },
            {
              "identifier": "https://jcrt.org/archives/06.2/robbins/",
              "scheme": "url"
            }
          ],
          "languages": [
            {
              "id": "eng",
              "title": {
                "en": "English"
              }
            }
          ],
          "publication_date": "2005",
          "publisher": "Whitestone Publications",
          "resource_type": {
            "id": "textDocument-journalArticle",
            "title": {
              "de": "Zeitschriftenartikel",
              "en": "Journal article"
            }
          },
          "rights": [
            {
              "link": "https://jcrt.org/copyright/",
              "title": {
                "en": "Copyright held by the author(s). Published in the Journal for Cultural and Religious Theory."
              }
            }
          ],
          "subjects": [
            {
              "id": "http://id.worldcat.org/fast/859736",
              "scheme": "FAST-topical",
              "subject": "Christianity and politics"
            },
            {
              "id": "http://id.worldcat.org/fast/1937862",
              "scheme": "FAST-title",
              "subject": "Everyman's library. Theology & philosophy"
            },
            {
              "id": "http://id.worldcat.org/fast/1498082",
              "scheme": "FAST-personal",
              "subject": "Friedrich, Wilhelm"
            }
          ],
          "title": "The Politics of Paul"
        },
        "parent": {
          "access": {
            "grants": [],
            "links": [],
            "owned_by": {
              "user": "3742"
            },
            "settings": {
              "accept_conditions_text": null,
              "allow_guest_requests": false,
              "allow_user_requests": false,
              "secret_link_expiration": 0
            }
          },
          "communities": {
            "default": "66b61182-2394-4f19-9d86-1b0f92cd737d",
            "entries": [
              {
                "access": {
                  "member_policy": "open",
                  "members_visibility": "public",
                  "record_policy": "open",
                  "review_policy": "closed",
                  "visibility": "public"
                },
                "children": {
                  "allow": false
                },
                "created": "2026-08-30T11:01:10.564311+00:00",
                "custom_fields": {
                  "stats:dashboard_enabled": false
                },
                "deletion_status": {
                  "is_deleted": false,
                  "status": "P"
                },
                "id": "66b61182-2394-4f19-9d86-1b0f92cd737d",
                "links": {},
                "metadata": {
                  "description": "JCRT 06.2",
                  "title": "JCRT 06.2",
                  "type": {
                    "id": "journal"
                  },
                  "website": "https://jcrt.org/archives/06.2/"
                },
                "revision_id": 3,
                "slug": "jcrt-062",
                "updated": "2026-08-30T11:01:11.285120+00:00"
              }
            ],
            "ids": [
              "66b61182-2394-4f19-9d86-1b0f92cd737d"
            ]
          },
          "id": "8j43q-dwm79",
          "pids": {
            "doi": {
              "client": "datacite",
              "identifier": "10.17613/8j43q-dwm79",
              "provider": "datacite"
            }
          }
        },
        "pids": {
          "doi": {
            "client": "datacite",
            "identifier": "10.17613/53weh-nzp79",
            "provider": "datacite"
          },
          "oai": {
            "identifier": "oai:https://works.hcommons.org:53weh-nzp79",
            "provider": "oai"
          }
        },
        "revision_id": 5,
        "stats": {
          "all_versions": {
            "data_volume": 0.0,
            "downloads": 0,
            "unique_downloads": 0,
            "unique_views": 0,
            "views": 0
          },
          "this_version": {
            "data_volume": 0.0,
            "downloads": 0,
            "unique_downloads": 0,
            "unique_views": 0,
            "views": 0
          }
        },
        "status": "published",
        "updated": "2026-08-30T11:01:36.484853+00:00",
        "versions": {
          "index": 1,
          "is_latest": true,
          "is_latest_draft": true
        }
      },
      "record_id": "53weh-nzp79",
      "record_url": "https://works.hcommons.org/records/53weh-nzp79",
      "source_id": ""
    },
    {
      "collection_id": "66b61182-2394-4f19-9d86-1b0f92cd737d",
      "errors": [],
      "files": {
        "stanley.pdf": {
          "messages": [],
          "status": "uploaded"
        }
      },
      "item_index": 1,
      "metadata": {
        "access": {
          "embargo": {
            "active": false,
            "reason": null
          },
          "files": "public",
          "record": "public",
          "status": "open"
        },
        "created": "2026-08-30T11:01:38.256332+00:00",
        "custom_fields": {
          "journal:journal": {
            "issn": "1530-5228",
            "issue": "2",
            "pages": "",
            "title": "Journal for Cultural & Religious Theory",
            "volume": "6"
          },
          "kcr:user_defined_tags": [
            "interpersonal-relations",
            "intimacy-psychology",
            "culture-philosophy",
            "jean-luc",
            "marion",
            "infinite",
            "1930-2002",
            "bourdieu",
            "cyberspace",
            "icons",
            "idols-and-images",
            "mediation",
            "pierre"
          ]
        },
        "deletion_status": {
          "is_deleted": false,
          "status": "P"
        },
        "files": {
          "count": 1,
          "enabled": true,
          "entries": {
            "stanley.pdf": {
              "access": {
                "hidden": false
              },
              "checksum": "md5:61bf171306bc20dbc114d51a57a8d032",
              "ext": "pdf",
              "id": "d6001f62-8431-4dbc-8d06-2d1d56efac23",
              "key": "stanley.pdf",
              "links": {
                "content": "https://works.hcommons.org/api/records/dd7dg-0pg80/files/stanley.pdf/content",
                "iiif_api": "https://works.hcommons.org/api/iiif/record:dd7dg-0pg80:stanley.pdf/full/full/0/default.png",
                "iiif_base": "https://works.hcommons.org/api/iiif/record:dd7dg-0pg80:stanley.pdf",
                "iiif_canvas": "https://works.hcommons.org/api/iiif/record:dd7dg-0pg80/canvas/stanley.pdf",
                "iiif_info": "https://works.hcommons.org/api/iiif/record:dd7dg-0pg80:stanley.pdf/info.json",
                "self": "https://works.hcommons.org/api/records/dd7dg-0pg80/files/stanley.pdf"
              },
              "metadata": {},
              "mimetype": "application/pdf",
              "size": 1005509,
              "storage_class": "L"
            }
          },
          "order": [],
          "total_bytes": 1005509
        },
        "id": "dd7dg-0pg80",
        "is_draft": false,
        "is_published": true,
        "links": {
          "access": "https://works.hcommons.org/api/records/dd7dg-0pg80/access",
          "access_grants": "https://works.hcommons.org/api/records/dd7dg-0pg80/access/grants",
          "access_groups": "https://works.hcommons.org/api/records/dd7dg-0pg80/access/groups",
          "access_links": "https://works.hcommons.org/api/records/dd7dg-0pg80/access/links",
          "access_request": "https://works.hcommons.org/api/records/dd7dg-0pg80/access/request",
          "access_users": "https://works.hcommons.org/api/records/dd7dg-0pg80/access/users",
          "archive": "https://works.hcommons.org/api/records/dd7dg-0pg80/files-archive",
          "archive_media": "https://works.hcommons.org/api/records/dd7dg-0pg80/media-files-archive",
          "communities": "https://works.hcommons.org/api/records/dd7dg-0pg80/communities",
          "communities-suggestions": "https://works.hcommons.org/api/records/dd7dg-0pg80/communities-suggestions",
          "doi": "https://doi.org/10.17613/dd7dg-0pg80",
          "draft": "https://works.hcommons.org/api/records/dd7dg-0pg80/draft",
          "files": "https://works.hcommons.org/api/records/dd7dg-0pg80/files",
          "latest": "https://works.hcommons.org/api/records/dd7dg-0pg80/versions/latest",
          "latest_html": "https://works.hcommons.org/records/dd7dg-0pg80/latest",
          "media_files": "https://works.hcommons.org/api/records/dd7dg-0pg80/media-files",
          "parent": "https://works.hcommons.org/api/records/cpyx7-pqn83",
          "parent_doi": "https://works.hcommons.org/doi/10.17613/cpyx7-pqn83",
          "parent_html": "https://works.hcommons.org/records/cpyx7-pqn83",
          "requests": "https://works.hcommons.org/api/records/dd7dg-0pg80/requests",
          "reserve_doi": "https://works.hcommons.org/api/records/dd7dg-0pg80/draft/pids/doi",
          "self": "https://works.hcommons.org/api/records/dd7dg-0pg80",
          "self_doi": "https://works.hcommons.org/doi/10.17613/dd7dg-0pg80",
          "self_html": "https://works.hcommons.org/records/dd7dg-0pg80",
          "self_iiif_manifest": "https://works.hcommons.org/api/iiif/record:dd7dg-0pg80/manifest",
          "self_iiif_sequence": "https://works.hcommons.org/api/iiif/record:dd7dg-0pg80/sequence/default",
          "versions": "https://works.hcommons.org/api/records/dd7dg-0pg80/versions"
        },
        "media_files": {
          "count": 0,
          "enabled": false,
          "entries": {},
          "order": [],
          "total_bytes": 0
        },
        "metadata": {
          "creators": [
            {
              "person_or_org": {
                "family_name": "Stanley",
                "given_name": "Timothy (Timothy W)",
                "name": "Stanley, Timothy (Timothy W)",
                "type": "personal"
              },
              "role": {
                "id": "author",
                "title": {
                  "en": "Author"
                }
              }
            }
          ],
          "identifiers": [
            {
              "identifier": "qlV-9R",
              "scheme": "import-recid"
            },
            {
              "identifier": "https://jcrt.org/archives/06.2/stanley/",
              "scheme": "url"
            }
          ],
          "languages": [
            {
              "id": "eng",
              "title": {
                "en": "English"
              }
            }
          ],
          "publication_date": "2005",
          "publisher": "Whitestone Publications",
          "resource_type": {
            "id": "textDocument-journalArticle",
            "title": {
              "de": "Zeitschriftenartikel",
              "en": "Journal article"
            }
          },
          "rights": [
            {
              "link": "https://jcrt.org/copyright/",
              "title": {
                "en": "Copyright held by the author(s). Published in the Journal for Cultural and Religious Theory."
              }
            }
          ],
          "subjects": [
            {
              "id": "http://id.worldcat.org/fast/885075",
              "scheme": "FAST-topical",
              "subject": "Culture--Philosophy"
            },
            {
              "id": "http://id.worldcat.org/fast/885794",
              "scheme": "FAST-topical",
              "subject": "Cyberspace"
            },
            {
              "id": "http://id.worldcat.org/fast/966768",
              "scheme": "FAST-topical",
              "subject": "Icons"
            },
            {
              "id": "http://id.worldcat.org/fast/966949",
              "scheme": "FAST-topical",
              "subject": "Idols and images"
            },
            {
              "id": "http://id.worldcat.org/fast/972421",
              "scheme": "FAST-topical",
              "subject": "Infinite"
            },
            {
              "id": "http://id.worldcat.org/fast/977397",
              "scheme": "FAST-topical",
              "subject": "Interpersonal relations"
            },
            {
              "id": "http://id.worldcat.org/fast/977714",
              "scheme": "FAST-topical",
              "subject": "Intimacy (Psychology)"
            },
            {
              "id": "http://id.worldcat.org/fast/1013617",
              "scheme": "FAST-topical",
              "subject": "Mediation"
            }
          ],
          "title": "Redeeming the Icons"
        },
        "parent": {
          "access": {
            "grants": [],
            "links": [],
            "owned_by": {
              "user": "3742"
            },
            "settings": {
              "accept_conditions_text": null,
              "allow_guest_requests": false,
              "allow_user_requests": false,
              "secret_link_expiration": 0
            }
          },
          "communities": {
            "default": "66b61182-2394-4f19-9d86-1b0f92cd737d",
            "entries": [
              {
                "access": {
                  "member_policy": "open",
                  "members_visibility": "public",
                  "record_policy": "open",
                  "review_policy": "closed",
                  "visibility": "public"
                },
                "children": {
                  "allow": false
                },
                "created": "2026-08-30T11:01:10.564311+00:00",
                "custom_fields": {
                  "stats:dashboard_enabled": false
                },
                "deletion_status": {
                  "is_deleted": false,
                  "status": "P"
                },
                "id": "66b61182-2394-4f19-9d86-1b0f92cd737d",
                "links": {},
                "metadata": {
                  "description": "JCRT 06.2",
                  "title": "JCRT 06.2",
                  "type": {
                    "id": "journal"
                  },
                  "website": "https://jcrt.org/archives/06.2/"
                },
                "revision_id": 3,
                "slug": "jcrt-062",
                "updated": "2026-08-30T11:01:11.285120+00:00"
              }
            ],
            "ids": [
              "66b61182-2394-4f19-9d86-1b0f92cd737d"
            ]
          },
          "id": "cpyx7-pqn83",
          "pids": {
            "doi": {
              "client": "datacite",
              "identifier": "10.17613/cpyx7-pqn83",
              "provider": "datacite"
            }
          }
        },
        "pids": {
          "doi": {
            "client": "datacite",
            "identifier": "10.17613/dd7dg-0pg80",
            "provider": "datacite"
          },
          "oai": {
            "identifier": "oai:https://works.hcommons.org:dd7dg-0pg80",
            "provider": "oai"
          }
        },
        "revision_id": 5,
        "stats": {
          "all_versions": {
            "data_volume": 0.0,
            "downloads": 0,
            "unique_downloads": 0,
            "unique_views": 0,
            "views": 0
          },
          "this_version": {
            "data_volume": 0.0,
            "downloads": 0,
            "unique_downloads": 0,
            "unique_views": 0,
            "views": 0
          }
        },
        "status": "published",
        "updated": "2026-08-30T11:01:38.520120+00:00",
        "versions": {
          "index": 1,
          "is_latest": true,
          "is_latest_draft": true
        }
      },
      "record_id": "dd7dg-0pg80",
      "record_url": "https://works.hcommons.org/records/dd7dg-0pg80",
      "source_id": ""
    },
    {
      "collection_id": "66b61182-2394-4f19-9d86-1b0f92cd737d",
      "errors": [],
      "files": {
        "vahabzadeh.pdf": {
          "messages": [],
          "status": "uploaded"
        }
      },
      "item_index": 2,
      "metadata": {
        "access": {
          "embargo": {
            "active": false,
            "reason": null
          },
          "files": "public",
          "record": "public",
          "status": "open"
        },
        "created": "2026-08-30T11:01:40.331173+00:00",
        "custom_fields": {
          "journal:journal": {
            "issn": "1530-5228",
            "issue": "2",
            "pages": "",
            "title": "Journal for Cultural & Religious Theory",
            "volume": "6"
          },
          "kcr:user_defined_tags": [
            "michael-ignatieff",
            "political-ethics",
            "terrorism",
            "lesser-evil",
            "human-rights",
            "liberal-democracy",
            "torture",
            "civil-liberties",
            "counterterrorism",
            "moral-philosophy",
            "security",
            "war-on-terror"
          ]
        },
        "deletion_status": {
          "is_deleted": false,
          "status": "P"
        },
        "files": {
          "count": 1,
          "enabled": true,
          "entries": {
            "vahabzadeh.pdf": {
              "access": {
                "hidden": false
              },
              "checksum": "md5:455e3f02d15c0f98ebc80e1d714d174d",
              "ext": "pdf",
              "id": "c9bdcf48-7ec8-4e35-80b8-b81c85f52491",
              "key": "vahabzadeh.pdf",
              "links": {
                "content": "https://works.hcommons.org/api/records/dys24-7bf17/files/vahabzadeh.pdf/content",
                "iiif_api": "https://works.hcommons.org/api/iiif/record:dys24-7bf17:vahabzadeh.pdf/full/full/0/default.png",
                "iiif_base": "https://works.hcommons.org/api/iiif/record:dys24-7bf17:vahabzadeh.pdf",
                "iiif_canvas": "https://works.hcommons.org/api/iiif/record:dys24-7bf17/canvas/vahabzadeh.pdf",
                "iiif_info": "https://works.hcommons.org/api/iiif/record:dys24-7bf17:vahabzadeh.pdf/info.json",
                "self": "https://works.hcommons.org/api/records/dys24-7bf17/files/vahabzadeh.pdf"
              },
              "metadata": {},
              "mimetype": "application/pdf",
              "size": 552612,
              "storage_class": "L"
            }
          },
          "order": [],
          "total_bytes": 552612
        },
        "id": "dys24-7bf17",
        "is_draft": false,
        "is_published": true,
        "links": {
          "access": "https://works.hcommons.org/api/records/dys24-7bf17/access",
          "access_grants": "https://works.hcommons.org/api/records/dys24-7bf17/access/grants",
          "access_groups": "https://works.hcommons.org/api/records/dys24-7bf17/access/groups",
          "access_links": "https://works.hcommons.org/api/records/dys24-7bf17/access/links",
          "access_request": "https://works.hcommons.org/api/records/dys24-7bf17/access/request",
          "access_users": "https://works.hcommons.org/api/records/dys24-7bf17/access/users",
          "archive": "https://works.hcommons.org/api/records/dys24-7bf17/files-archive",
          "archive_media": "https://works.hcommons.org/api/records/dys24-7bf17/media-files-archive",
          "communities": "https://works.hcommons.org/api/records/dys24-7bf17/communities",
          "communities-suggestions": "https://works.hcommons.org/api/records/dys24-7bf17/communities-suggestions",
          "doi": "https://doi.org/10.17613/dys24-7bf17",
          "draft": "https://works.hcommons.org/api/records/dys24-7bf17/draft",
          "files": "https://works.hcommons.org/api/records/dys24-7bf17/files",
          "latest": "https://works.hcommons.org/api/records/dys24-7bf17/versions/latest",
          "latest_html": "https://works.hcommons.org/records/dys24-7bf17/latest",
          "media_files": "https://works.hcommons.org/api/records/dys24-7bf17/media-files",
          "parent": "https://works.hcommons.org/api/records/s5ah8-fzf13",
          "parent_doi": "https://works.hcommons.org/doi/10.17613/s5ah8-fzf13",
          "parent_html": "https://works.hcommons.org/records/s5ah8-fzf13",
          "requests": "https://works.hcommons.org/api/records/dys24-7bf17/requests",
          "reserve_doi": "https://works.hcommons.org/api/records/dys24-7bf17/draft/pids/doi",
          "self": "https://works.hcommons.org/api/records/dys24-7bf17",
          "self_doi": "https://works.hcommons.org/doi/10.17613/dys24-7bf17",
          "self_html": "https://works.hcommons.org/records/dys24-7bf17",
          "self_iiif_manifest": "https://works.hcommons.org/api/iiif/record:dys24-7bf17/manifest",
          "self_iiif_sequence": "https://works.hcommons.org/api/iiif/record:dys24-7bf17/sequence/default",
          "versions": "https://works.hcommons.org/api/records/dys24-7bf17/versions"
        },
        "media_files": {
          "count": 0,
          "enabled": false,
          "entries": {},
          "order": [],
          "total_bytes": 0
        },
        "metadata": {
          "creators": [
            {
              "person_or_org": {
                "family_name": "Vahabzadeh",
                "given_name": "Peyman",
                "name": "Vahabzadeh, Peyman",
                "type": "personal"
              },
              "role": {
                "id": "author",
                "title": {
                  "en": "Author"
                }
              }
            }
          ],
          "identifiers": [
            {
              "identifier": "jRtxRZ",
              "scheme": "import-recid"
            },
            {
              "identifier": "https://jcrt.org/archives/06.2/vahabzadeh/",
              "scheme": "url"
            }
          ],
          "languages": [
            {
              "id": "eng",
              "title": {
                "en": "English"
              }
            }
          ],
          "publication_date": "2005",
          "publisher": "Whitestone Publications",
          "resource_type": {
            "id": "textDocument-journalArticle",
            "title": {
              "de": "Zeitschriftenartikel",
              "en": "Journal article"
            }
          },
          "rights": [
            {
              "link": "https://jcrt.org/copyright/",
              "title": {
                "en": "Copyright held by the author(s). Published in the Journal for Cultural and Religious Theory."
              }
            }
          ],
          "subjects": [
            {
              "id": "http://id.worldcat.org/fast/862627",
              "scheme": "FAST-topical",
              "subject": "Civil rights"
            },
            {
              "id": "http://id.worldcat.org/fast/915833",
              "scheme": "FAST-topical",
              "subject": "Ethics"
            },
            {
              "id": "http://id.worldcat.org/fast/963285",
              "scheme": "FAST-topical",
              "subject": "Human rights"
            },
            {
              "id": "http://id.worldcat.org/fast/1069286",
              "scheme": "FAST-topical",
              "subject": "Political ethics"
            },
            {
              "id": "http://id.worldcat.org/fast/1148101",
              "scheme": "FAST-topical",
              "subject": "Terrorism"
            },
            {
              "id": "http://id.worldcat.org/fast/1148123",
              "scheme": "FAST-topical",
              "subject": "Terrorism--Prevention"
            },
            {
              "id": "http://id.worldcat.org/fast/1152956",
              "scheme": "FAST-topical",
              "subject": "Torture"
            },
            {
              "id": "http://id.worldcat.org/fast/2057043",
              "scheme": "FAST-title",
              "subject": "War on terror"
            }
          ],
          "title": "The Lesser Evil: Political Ethics in the Age of Terror"
        },
        "parent": {
          "access": {
            "grants": [],
            "links": [],
            "owned_by": {
              "user": "3742"
            },
            "settings": {
              "accept_conditions_text": null,
              "allow_guest_requests": false,
              "allow_user_requests": false,
              "secret_link_expiration": 0
            }
          },
          "communities": {
            "default": "66b61182-2394-4f19-9d86-1b0f92cd737d",
            "entries": [
              {
                "access": {
                  "member_policy": "open",
                  "members_visibility": "public",
                  "record_policy": "open",
                  "review_policy": "closed",
                  "visibility": "public"
                },
                "children": {
                  "allow": false
                },
                "created": "2026-08-30T11:01:10.564311+00:00",
                "custom_fields": {
                  "stats:dashboard_enabled": false
                },
                "deletion_status": {
                  "is_deleted": false,
                  "status": "P"
                },
                "id": "66b61182-2394-4f19-9d86-1b0f92cd737d",
                "links": {},
                "metadata": {
                  "description": "JCRT 06.2",
                  "title": "JCRT 06.2",
                  "type": {
                    "id": "journal"
                  },
                  "website": "https://jcrt.org/archives/06.2/"
                },
                "revision_id": 3,
                "slug": "jcrt-062",
                "updated": "2026-08-30T11:01:11.285120+00:00"
              }
            ],
            "ids": [
              "66b61182-2394-4f19-9d86-1b0f92cd737d"
            ]
          },
          "id": "s5ah8-fzf13",
          "pids": {
            "doi": {
              "client": "datacite",
              "identifier": "10.17613/s5ah8-fzf13",
              "provider": "datacite"
            }
          }
        },
        "pids": {
          "doi": {
            "client": "datacite",
            "identifier": "10.17613/dys24-7bf17",
            "provider": "datacite"
          },
          "oai": {
            "identifier": "oai:https://works.hcommons.org:dys24-7bf17",
            "provider": "oai"
          }
        },
        "revision_id": 5,
        "stats": {
          "all_versions": {
            "data_volume": 0.0,
            "downloads": 0,
            "unique_downloads": 0,
            "unique_views": 0,
            "views": 0
          },
          "this_version": {
            "data_volume": 0.0,
            "downloads": 0,
            "unique_downloads": 0,
            "unique_views": 0,
            "views": 0
          }
        },
        "status": "published",
        "updated": "2026-08-30T11:01:40.580933+00:00",
        "versions": {
          "index": 1,
          "is_latest": true,
          "is_latest_draft": true
        }
      },
      "record_id": "dys24-7bf17",
      "record_url": "https://works.hcommons.org/records/dys24-7bf17",
      "source_id": ""
    },
    {
      "collection_id": "66b61182-2394-4f19-9d86-1b0f92cd737d",
      "errors": [],
      "files": {
        "waggoner.art.pdf": {
          "messages": [],
          "status": "uploaded"
        }
      },
      "item_index": 3,
      "metadata": {
        "access": {
          "embargo": {
            "active": false,
            "reason": null
          },
          "files": "public",
          "record": "public",
          "status": "open"
        },
        "created": "2026-08-30T11:01:42.458152+00:00",
        "custom_fields": {
          "journal:journal": {
            "issn": "1530-5228",
            "issue": "2",
            "pages": "",
            "title": "Journal for Cultural & Religious Theory",
            "volume": "6"
          },
          "kcr:user_defined_tags": [
            "theodor-adorno",
            "soren-kierkegaard",
            "frankfurt-school",
            "critique-of-political-culture",
            "immanuel-kant",
            "aesthetic-theory",
            "negative-dialectics",
            "resignation",
            "karl-marx",
            "hegelian-marxism",
            "dialectics",
            "secular-modernism",
            "the-good",
            "aesthetic-autonomy"
          ]
        },
        "deletion_status": {
          "is_deleted": false,
          "status": "P"
        },
        "files": {
          "count": 1,
          "enabled": true,
          "entries": {
            "waggoner.art.pdf": {
              "access": {
                "hidden": false
              },
              "checksum": "md5:c6cac82bbcb69d4a843c149e5b8080ac",
              "ext": "pdf",
              "id": "e8cf09aa-dfda-4261-a9a6-5be73e7d7800",
              "key": "waggoner.art.pdf",
              "links": {
                "content": "https://works.hcommons.org/api/records/17exj-tg141/files/waggoner.art.pdf/content",
                "iiif_api": "https://works.hcommons.org/api/iiif/record:17exj-tg141:waggoner.art.pdf/full/full/0/default.png",
                "iiif_base": "https://works.hcommons.org/api/iiif/record:17exj-tg141:waggoner.art.pdf",
                "iiif_canvas": "https://works.hcommons.org/api/iiif/record:17exj-tg141/canvas/waggoner.art.pdf",
                "iiif_info": "https://works.hcommons.org/api/iiif/record:17exj-tg141:waggoner.art.pdf/info.json",
                "self": "https://works.hcommons.org/api/records/17exj-tg141/files/waggoner.art.pdf"
              },
              "metadata": {},
              "mimetype": "application/pdf",
              "size": 830011,
              "storage_class": "L"
            }
          },
          "order": [],
          "total_bytes": 830011
        },
        "id": "17exj-tg141",
        "is_draft": false,
        "is_published": true,
        "links": {
          "access": "https://works.hcommons.org/api/records/17exj-tg141/access",
          "access_grants": "https://works.hcommons.org/api/records/17exj-tg141/access/grants",
          "access_groups": "https://works.hcommons.org/api/records/17exj-tg141/access/groups",
          "access_links": "https://works.hcommons.org/api/records/17exj-tg141/access/links",
          "access_request": "https://works.hcommons.org/api/records/17exj-tg141/access/request",
          "access_users": "https://works.hcommons.org/api/records/17exj-tg141/access/users",
          "archive": "https://works.hcommons.org/api/records/17exj-tg141/files-archive",
          "archive_media": "https://works.hcommons.org/api/records/17exj-tg141/media-files-archive",
          "communities": "https://works.hcommons.org/api/records/17exj-tg141/communities",
          "communities-suggestions": "https://works.hcommons.org/api/records/17exj-tg141/communities-suggestions",
          "doi": "https://doi.org/10.17613/17exj-tg141",
          "draft": "https://works.hcommons.org/api/records/17exj-tg141/draft",
          "files": "https://works.hcommons.org/api/records/17exj-tg141/files",
          "latest": "https://works.hcommons.org/api/records/17exj-tg141/versions/latest",
          "latest_html": "https://works.hcommons.org/records/17exj-tg141/latest",
          "media_files": "https://works.hcommons.org/api/records/17exj-tg141/media-files",
          "parent": "https://works.hcommons.org/api/records/1gk32-r4s91",
          "parent_doi": "https://works.hcommons.org/doi/10.17613/1gk32-r4s91",
          "parent_html": "https://works.hcommons.org/records/1gk32-r4s91",
          "requests": "https://works.hcommons.org/api/records/17exj-tg141/requests",
          "reserve_doi": "https://works.hcommons.org/api/records/17exj-tg141/draft/pids/doi",
          "self": "https://works.hcommons.org/api/records/17exj-tg141",
          "self_doi": "https://works.hcommons.org/doi/10.17613/17exj-tg141",
          "self_html": "https://works.hcommons.org/records/17exj-tg141",
          "self_iiif_manifest": "https://works.hcommons.org/api/iiif/record:17exj-tg141/manifest",
          "self_iiif_sequence": "https://works.hcommons.org/api/iiif/record:17exj-tg141/sequence/default",
          "versions": "https://works.hcommons.org/api/records/17exj-tg141/versions"
        },
        "media_files": {
          "count": 0,
          "enabled": false,
          "entries": {},
          "order": [],
          "total_bytes": 0
        },
        "metadata": {
          "creators": [
            {
              "person_or_org": {
                "family_name": "Waggoner",
                "given_name": "Matthew",
                "name": "Waggoner, Matthew",
                "type": "personal"
              },
              "role": {
                "id": "author",
                "title": {
                  "en": "Author"
                }
              }
            }
          ],
          "identifiers": [
            {
              "identifier": "_Lwoep",
              "scheme": "import-recid"
            },
            {
              "identifier": "https://jcrt.org/archives/06.2/waggoner.art/",
              "scheme": "url"
            }
          ],
          "languages": [
            {
              "id": "eng",
              "title": {
                "en": "English"
              }
            }
          ],
          "publication_date": "2005",
          "publisher": "Whitestone Publications",
          "resource_type": {
            "id": "textDocument-journalArticle",
            "title": {
              "de": "Zeitschriftenartikel",
              "en": "Journal article"
            }
          },
          "rights": [
            {
              "link": "https://jcrt.org/copyright/",
              "title": {
                "en": "Copyright held by the author(s). Published in the Journal for Cultural and Religious Theory."
              }
            }
          ],
          "subjects": [
            {
              "id": "http://id.worldcat.org/fast/933734",
              "scheme": "FAST-topical",
              "subject": "Frankfurt school of sociology"
            },
            {
              "id": "http://id.worldcat.org/fast/1095569",
              "scheme": "FAST-topical",
              "subject": "Resignation"
            }
          ],
          "title": "Giving Up the Good: Adorno, Kierkegaard, and the Critique of Political Culture"
        },
        "parent": {
          "access": {
            "grants": [],
            "links": [],
            "owned_by": {
              "user": "3742"
            },
            "settings": {
              "accept_conditions_text": null,
              "allow_guest_requests": false,
              "allow_user_requests": false,
              "secret_link_expiration": 0
            }
          },
          "communities": {
            "default": "66b61182-2394-4f19-9d86-1b0f92cd737d",
            "entries": [
              {
                "access": {
                  "member_policy": "open",
                  "members_visibility": "public",
                  "record_policy": "open",
                  "review_policy": "closed",
                  "visibility": "public"
                },
                "children": {
                  "allow": false
                },
                "created": "2026-08-30T11:01:10.564311+00:00",
                "custom_fields": {
                  "stats:dashboard_enabled": false
                },
                "deletion_status": {
                  "is_deleted": false,
                  "status": "P"
                },
                "id": "66b61182-2394-4f19-9d86-1b0f92cd737d",
                "links": {},
                "metadata": {
                  "description": "JCRT 06.2",
                  "title": "JCRT 06.2",
                  "type": {
                    "id": "journal"
                  },
                  "website": "https://jcrt.org/archives/06.2/"
                },
                "revision_id": 3,
                "slug": "jcrt-062",
                "updated": "2026-08-30T11:01:11.285120+00:00"
              }
            ],
            "ids": [
              "66b61182-2394-4f19-9d86-1b0f92cd737d"
            ]
          },
          "id": "1gk32-r4s91",
          "pids": {
            "doi": {
              "client": "datacite",
              "identifier": "10.17613/1gk32-r4s91",
              "provider": "datacite"
            }
          }
        },
        "pids": {
          "doi": {
            "client": "datacite",
            "identifier": "10.17613/17exj-tg141",
            "provider": "datacite"
          },
          "oai": {
            "identifier": "oai:https://works.hcommons.org:17exj-tg141",
            "provider": "oai"
          }
        },
        "revision_id": 5,
        "stats": {
          "all_versions": {
            "data_volume": 0.0,
            "downloads": 0,
            "unique_downloads": 0,
            "unique_views": 0,
            "views": 0
          },
          "this_version": {
            "data_volume": 0.0,
            "downloads": 0,
            "unique_downloads": 0,
            "unique_views": 0,
            "views": 0
          }
        },
        "status": "published",
        "updated": "2026-08-30T11:01:42.687926+00:00",
        "versions": {
          "index": 1,
          "is_latest": true,
          "is_latest_draft": true
        }
      },
      "record_id": "17exj-tg141",
      "record_url": "https://works.hcommons.org/records/17exj-tg141",
      "source_id": ""
    }
  ],
  "errors": [],
  "message": "All records were successfully imported",
  "status": "success"
}