{
  "status": 200,
  "message": "06.3 records verified in KC Works",
  "errors": [],
  "data": [
    {
      "record_id": "jhnxf-kfa16"
    },
    {
      "record_id": "bpqzq-gba83"
    },
    {
      "record_id": "xtemg-c2b04"
    },
    {
      "record_id": "aekx3-0rf36"
    },
    {
      "record_id": "0h3d1-pb908"
    },
    {
      "record_id": "x6dw3-4aq72"
    },
    {
      "record_id": "6nqwb-bb360"
    },
    {
      "record_id": "d09fg-v8y17"
    },
    {
      "record_id": "5svvj-bpw84"
    },
    {
      "record_id": "a9094-n4j19"
    },
    {
      "record_id": "tz0v9-wcj02"
    },
    {
      "record_id": "pb4fw-0da14"
    },
    {
      "record_id": "dk70b-na643"
    },
    {
      "record_id": "naa3c-b9y47"
    },
    {
      "record_id": "sb9je-cc231"
    },
    {
      "record_id": "s4c1k-xsx48"
    },
    {
      "record_id": "wm5pz-f4w71"
    }
  ]
}
