{
  "status": 200,
  "message": "07.1 records verified in KC Works",
  "errors": [],
  "data": [
    {
      "record_id": "ynkwv-we017"
    },
    {
      "record_id": "69z6c-kpe40"
    },
    {
      "record_id": "grxhs-6fb30"
    },
    {
      "record_id": "z9e8x-9tb77"
    },
    {
      "record_id": "g44df-dkx14"
    },
    {
      "record_id": "2t0z6-gwk70"
    },
    {
      "record_id": "j19jh-vzd60"
    },
    {
      "record_id": "kzamx-e9446"
    },
    {
      "record_id": "d3ett-6ey08"
    },
    {
      "record_id": "p86g3-rqt73"
    },
    {
      "record_id": "61qnv-mcc91"
    },
    {
      "record_id": "g825m-n3w69"
    },
    {
      "record_id": "yvc7j-m2h21"
    },
    {
      "record_id": "mmer2-ktd06"
    },
    {
      "record_id": "sjrvq-9d342"
    }
  ]
}
