{
  "status": 200,
  "message": "07.2 records verified in KC Works",
  "errors": [],
  "data": [
    {
      "record_id": "48bsh-wf495"
    },
    {
      "record_id": "artv5-by993"
    },
    {
      "record_id": "crxgj-8w424"
    },
    {
      "record_id": "ms9c5-9aa17"
    },
    {
      "record_id": "yway5-20a80"
    },
    {
      "record_id": "mcbaz-b1k68"
    },
    {
      "record_id": "ekmya-5dg88"
    },
    {
      "record_id": "1cwf9-vrs43"
    },
    {
      "record_id": "e1z6n-8jh53"
    },
    {
      "record_id": "wmfny-tat71"
    },
    {
      "record_id": "7sh7f-nst35"
    },
    {
      "record_id": "arkb7-1ms69"
    }
  ]
}
