{
  "data": [
    {
      "collection_id": "7d86d0bd-ebf3-4ddb-93dc-6e253ceb567b",
      "errors": [],
      "files": {
        "alvis.pdf": {
          "messages": [],
          "status": "uploaded"
        }
      },
      "item_index": 0,
      "metadata": {
        "access": {
          "embargo": {
            "active": false,
            "reason": null
          },
          "files": "public",
          "record": "public",
          "status": "open"
        },
        "created": "2026-08-30T10:55:34.595466+00:00",
        "custom_fields": {
          "journal:journal": {
            "issn": "1530-5228",
            "issue": "1",
            "pages": "",
            "title": "Journal for Cultural & Religious Theory",
            "volume": "8"
          },
          "kcr:user_defined_tags": [
            "robert-wuthnow",
            "religious-pluralism",
            "religious-diversity",
            "american-religion",
            "sociology-of-religion",
            "multiculturalism",
            "tolerance",
            "interfaith",
            "secularism",
            "immigration"
          ]
        },
        "deletion_status": {
          "is_deleted": false,
          "status": "P"
        },
        "files": {
          "count": 1,
          "enabled": true,
          "entries": {
            "alvis.pdf": {
              "access": {
                "hidden": false
              },
              "checksum": "md5:ffc8270c5943fe4b15648f53fa8413c5",
              "ext": "pdf",
              "id": "71bb1fec-4fb1-4b8f-b02e-34aca7e33bdb",
              "key": "alvis.pdf",
              "links": {
                "content": "https://works.hcommons.org/api/records/easzz-x8e81/files/alvis.pdf/content",
                "iiif_api": "https://works.hcommons.org/api/iiif/record:easzz-x8e81:alvis.pdf/full/full/0/default.png",
                "iiif_base": "https://works.hcommons.org/api/iiif/record:easzz-x8e81:alvis.pdf",
                "iiif_canvas": "https://works.hcommons.org/api/iiif/record:easzz-x8e81/canvas/alvis.pdf",
                "iiif_info": "https://works.hcommons.org/api/iiif/record:easzz-x8e81:alvis.pdf/info.json",
                "self": "https://works.hcommons.org/api/records/easzz-x8e81/files/alvis.pdf"
              },
              "metadata": {},
              "mimetype": "application/pdf",
              "size": 233694,
              "storage_class": "L"
            }
          },
          "order": [],
          "total_bytes": 233694
        },
        "id": "easzz-x8e81",
        "is_draft": false,
        "is_published": true,
        "links": {
          "access": "https://works.hcommons.org/api/records/easzz-x8e81/access",
          "access_grants": "https://works.hcommons.org/api/records/easzz-x8e81/access/grants",
          "access_groups": "https://works.hcommons.org/api/records/easzz-x8e81/access/groups",
          "access_links": "https://works.hcommons.org/api/records/easzz-x8e81/access/links",
          "access_request": "https://works.hcommons.org/api/records/easzz-x8e81/access/request",
          "access_users": "https://works.hcommons.org/api/records/easzz-x8e81/access/users",
          "archive": "https://works.hcommons.org/api/records/easzz-x8e81/files-archive",
          "archive_media": "https://works.hcommons.org/api/records/easzz-x8e81/media-files-archive",
          "communities": "https://works.hcommons.org/api/records/easzz-x8e81/communities",
          "communities-suggestions": "https://works.hcommons.org/api/records/easzz-x8e81/communities-suggestions",
          "doi": "https://doi.org/10.17613/easzz-x8e81",
          "draft": "https://works.hcommons.org/api/records/easzz-x8e81/draft",
          "files": "https://works.hcommons.org/api/records/easzz-x8e81/files",
          "latest": "https://works.hcommons.org/api/records/easzz-x8e81/versions/latest",
          "latest_html": "https://works.hcommons.org/records/easzz-x8e81/latest",
          "media_files": "https://works.hcommons.org/api/records/easzz-x8e81/media-files",
          "parent": "https://works.hcommons.org/api/records/xsg5r-mzz72",
          "parent_doi": "https://works.hcommons.org/doi/10.17613/xsg5r-mzz72",
          "parent_html": "https://works.hcommons.org/records/xsg5r-mzz72",
          "requests": "https://works.hcommons.org/api/records/easzz-x8e81/requests",
          "reserve_doi": "https://works.hcommons.org/api/records/easzz-x8e81/draft/pids/doi",
          "self": "https://works.hcommons.org/api/records/easzz-x8e81",
          "self_doi": "https://works.hcommons.org/doi/10.17613/easzz-x8e81",
          "self_html": "https://works.hcommons.org/records/easzz-x8e81",
          "self_iiif_manifest": "https://works.hcommons.org/api/iiif/record:easzz-x8e81/manifest",
          "self_iiif_sequence": "https://works.hcommons.org/api/iiif/record:easzz-x8e81/sequence/default",
          "versions": "https://works.hcommons.org/api/records/easzz-x8e81/versions"
        },
        "media_files": {
          "count": 0,
          "enabled": false,
          "entries": {},
          "order": [],
          "total_bytes": 0
        },
        "metadata": {
          "creators": [
            {
              "person_or_org": {
                "family_name": "Alvis",
                "given_name": "Robert E",
                "name": "Alvis, Robert E",
                "type": "personal"
              },
              "role": {
                "id": "author",
                "title": {
                  "en": "Author"
                }
              }
            }
          ],
          "identifiers": [
            {
              "identifier": "xZ2b2J",
              "scheme": "import-recid"
            },
            {
              "identifier": "https://jcrt.org/archives/08.1/alvis/",
              "scheme": "url"
            }
          ],
          "languages": [
            {
              "id": "eng",
              "title": {
                "en": "English"
              }
            }
          ],
          "publication_date": "2006",
          "publisher": "Whitestone Publications",
          "resource_type": {
            "id": "textDocument-journalArticle",
            "title": {
              "de": "Zeitschriftenartikel",
              "en": "Journal article"
            }
          },
          "rights": [
            {
              "link": "https://jcrt.org/copyright/",
              "title": {
                "en": "Copyright held by the author(s). Published in the Journal for Cultural and Religious Theory."
              }
            }
          ],
          "subjects": [
            {
              "id": "http://id.worldcat.org/fast/1715991",
              "scheme": "FAST-topical",
              "subject": "Cultural pluralism"
            },
            {
              "id": "http://id.worldcat.org/fast/908690",
              "scheme": "FAST-topical",
              "subject": "Emigration and immigration"
            },
            {
              "id": "http://id.worldcat.org/fast/1028836",
              "scheme": "FAST-topical",
              "subject": "Multiculturalism"
            },
            {
              "id": "http://id.worldcat.org/fast/1093858",
              "scheme": "FAST-topical",
              "subject": "Religion and sociology"
            },
            {
              "id": "http://id.worldcat.org/fast/1094200",
              "scheme": "FAST-topical",
              "subject": "Religious pluralism"
            },
            {
              "id": "http://id.worldcat.org/fast/1110732",
              "scheme": "FAST-topical",
              "subject": "Secularism"
            },
            {
              "id": "http://id.worldcat.org/fast/1152232",
              "scheme": "FAST-topical",
              "subject": "Toleration"
            }
          ],
          "title": "America and the Challenges of Religious Diversity"
        },
        "parent": {
          "access": {
            "grants": [],
            "links": [],
            "owned_by": {
              "user": "3742"
            },
            "settings": {
              "accept_conditions_text": null,
              "allow_guest_requests": false,
              "allow_user_requests": false,
              "secret_link_expiration": 0
            }
          },
          "communities": {
            "default": "7d86d0bd-ebf3-4ddb-93dc-6e253ceb567b",
            "entries": [
              {
                "access": {
                  "member_policy": "open",
                  "members_visibility": "public",
                  "record_policy": "open",
                  "review_policy": "closed",
                  "visibility": "public"
                },
                "children": {
                  "allow": false
                },
                "created": "2026-08-30T10:55:30.361727+00:00",
                "custom_fields": {
                  "stats:dashboard_enabled": false
                },
                "deletion_status": {
                  "is_deleted": false,
                  "status": "P"
                },
                "id": "7d86d0bd-ebf3-4ddb-93dc-6e253ceb567b",
                "links": {},
                "metadata": {
                  "description": "JCRT 08.1",
                  "title": "JCRT 08.1",
                  "type": {
                    "id": "journal"
                  },
                  "website": "https://jcrt.org/archives/08.1/"
                },
                "revision_id": 3,
                "slug": "jcrt-081",
                "updated": "2026-08-30T10:55:31.077649+00:00"
              }
            ],
            "ids": [
              "7d86d0bd-ebf3-4ddb-93dc-6e253ceb567b"
            ]
          },
          "id": "xsg5r-mzz72",
          "pids": {
            "doi": {
              "client": "datacite",
              "identifier": "10.17613/xsg5r-mzz72",
              "provider": "datacite"
            }
          }
        },
        "pids": {
          "doi": {
            "client": "datacite",
            "identifier": "10.17613/easzz-x8e81",
            "provider": "datacite"
          },
          "oai": {
            "identifier": "oai:https://works.hcommons.org:easzz-x8e81",
            "provider": "oai"
          }
        },
        "revision_id": 5,
        "stats": {
          "all_versions": {
            "data_volume": 0.0,
            "downloads": 0,
            "unique_downloads": 0,
            "unique_views": 0,
            "views": 0
          },
          "this_version": {
            "data_volume": 0.0,
            "downloads": 0,
            "unique_downloads": 0,
            "unique_views": 0,
            "views": 0
          }
        },
        "status": "published",
        "updated": "2026-08-30T10:55:34.829413+00:00",
        "versions": {
          "index": 1,
          "is_latest": true,
          "is_latest_draft": true
        }
      },
      "record_id": "easzz-x8e81",
      "record_url": "https://works.hcommons.org/records/easzz-x8e81",
      "source_id": ""
    },
    {
      "collection_id": "7d86d0bd-ebf3-4ddb-93dc-6e253ceb567b",
      "errors": [],
      "files": {
        "bowman.pdf": {
          "messages": [],
          "status": "uploaded"
        }
      },
      "item_index": 1,
      "metadata": {
        "access": {
          "embargo": {
            "active": false,
            "reason": null
          },
          "files": "public",
          "record": "public",
          "status": "open"
        },
        "created": "2026-08-30T10:55:36.728217+00:00",
        "custom_fields": {
          "journal:journal": {
            "issn": "1530-5228",
            "issue": "1",
            "pages": "",
            "title": "Journal for Cultural & Religious Theory",
            "volume": "8"
          },
          "kcr:user_defined_tags": [
            "irving-singer",
            "film-philosophy",
            "cinema",
            "alfred-hitchcock",
            "orson-welles",
            "jean-renoir",
            "aesthetics",
            "film-theory",
            "philosophy-of-art",
            "auteur"
          ]
        },
        "deletion_status": {
          "is_deleted": false,
          "status": "P"
        },
        "files": {
          "count": 1,
          "enabled": true,
          "entries": {
            "bowman.pdf": {
              "access": {
                "hidden": false
              },
              "checksum": "md5:64c0ad1d88a98464e8a428b3b03e7884",
              "ext": "pdf",
              "id": "5c082b48-c596-437f-b477-efccde8c9aa5",
              "key": "bowman.pdf",
              "links": {
                "content": "https://works.hcommons.org/api/records/w11tp-4ds66/files/bowman.pdf/content",
                "iiif_api": "https://works.hcommons.org/api/iiif/record:w11tp-4ds66:bowman.pdf/full/full/0/default.png",
                "iiif_base": "https://works.hcommons.org/api/iiif/record:w11tp-4ds66:bowman.pdf",
                "iiif_canvas": "https://works.hcommons.org/api/iiif/record:w11tp-4ds66/canvas/bowman.pdf",
                "iiif_info": "https://works.hcommons.org/api/iiif/record:w11tp-4ds66:bowman.pdf/info.json",
                "self": "https://works.hcommons.org/api/records/w11tp-4ds66/files/bowman.pdf"
              },
              "metadata": {},
              "mimetype": "application/pdf",
              "size": 219601,
              "storage_class": "L"
            }
          },
          "order": [],
          "total_bytes": 219601
        },
        "id": "w11tp-4ds66",
        "is_draft": false,
        "is_published": true,
        "links": {
          "access": "https://works.hcommons.org/api/records/w11tp-4ds66/access",
          "access_grants": "https://works.hcommons.org/api/records/w11tp-4ds66/access/grants",
          "access_groups": "https://works.hcommons.org/api/records/w11tp-4ds66/access/groups",
          "access_links": "https://works.hcommons.org/api/records/w11tp-4ds66/access/links",
          "access_request": "https://works.hcommons.org/api/records/w11tp-4ds66/access/request",
          "access_users": "https://works.hcommons.org/api/records/w11tp-4ds66/access/users",
          "archive": "https://works.hcommons.org/api/records/w11tp-4ds66/files-archive",
          "archive_media": "https://works.hcommons.org/api/records/w11tp-4ds66/media-files-archive",
          "communities": "https://works.hcommons.org/api/records/w11tp-4ds66/communities",
          "communities-suggestions": "https://works.hcommons.org/api/records/w11tp-4ds66/communities-suggestions",
          "doi": "https://doi.org/10.17613/w11tp-4ds66",
          "draft": "https://works.hcommons.org/api/records/w11tp-4ds66/draft",
          "files": "https://works.hcommons.org/api/records/w11tp-4ds66/files",
          "latest": "https://works.hcommons.org/api/records/w11tp-4ds66/versions/latest",
          "latest_html": "https://works.hcommons.org/records/w11tp-4ds66/latest",
          "media_files": "https://works.hcommons.org/api/records/w11tp-4ds66/media-files",
          "parent": "https://works.hcommons.org/api/records/dt225-4qn33",
          "parent_doi": "https://works.hcommons.org/doi/10.17613/dt225-4qn33",
          "parent_html": "https://works.hcommons.org/records/dt225-4qn33",
          "requests": "https://works.hcommons.org/api/records/w11tp-4ds66/requests",
          "reserve_doi": "https://works.hcommons.org/api/records/w11tp-4ds66/draft/pids/doi",
          "self": "https://works.hcommons.org/api/records/w11tp-4ds66",
          "self_doi": "https://works.hcommons.org/doi/10.17613/w11tp-4ds66",
          "self_html": "https://works.hcommons.org/records/w11tp-4ds66",
          "self_iiif_manifest": "https://works.hcommons.org/api/iiif/record:w11tp-4ds66/manifest",
          "self_iiif_sequence": "https://works.hcommons.org/api/iiif/record:w11tp-4ds66/sequence/default",
          "versions": "https://works.hcommons.org/api/records/w11tp-4ds66/versions"
        },
        "media_files": {
          "count": 0,
          "enabled": false,
          "entries": {},
          "order": [],
          "total_bytes": 0
        },
        "metadata": {
          "creators": [
            {
              "person_or_org": {
                "family_name": "Bowman",
                "given_name": "Donna",
                "name": "Bowman, Donna",
                "type": "personal"
              },
              "role": {
                "id": "author",
                "title": {
                  "en": "Author"
                }
              }
            }
          ],
          "identifiers": [
            {
              "identifier": "FC6mCm",
              "scheme": "import-recid"
            },
            {
              "identifier": "https://jcrt.org/archives/08.1/bowman/",
              "scheme": "url"
            }
          ],
          "languages": [
            {
              "id": "eng",
              "title": {
                "en": "English"
              }
            }
          ],
          "publication_date": "2006",
          "publisher": "Whitestone Publications",
          "resource_type": {
            "id": "textDocument-journalArticle",
            "title": {
              "de": "Zeitschriftenartikel",
              "en": "Journal article"
            }
          },
          "rights": [
            {
              "link": "https://jcrt.org/copyright/",
              "title": {
                "en": "Copyright held by the author(s). Published in the Journal for Cultural and Religious Theory."
              }
            }
          ],
          "subjects": [
            {
              "id": "http://id.worldcat.org/fast/798702",
              "scheme": "FAST-topical",
              "subject": "Aesthetics"
            },
            {
              "id": "http://id.worldcat.org/fast/1027285",
              "scheme": "FAST-topical",
              "subject": "Motion pictures"
            }
          ],
          "title": "Three Philosophical Filmmakers: Hitchcock, Welles, Renoir"
        },
        "parent": {
          "access": {
            "grants": [],
            "links": [],
            "owned_by": {
              "user": "3742"
            },
            "settings": {
              "accept_conditions_text": null,
              "allow_guest_requests": false,
              "allow_user_requests": false,
              "secret_link_expiration": 0
            }
          },
          "communities": {
            "default": "7d86d0bd-ebf3-4ddb-93dc-6e253ceb567b",
            "entries": [
              {
                "access": {
                  "member_policy": "open",
                  "members_visibility": "public",
                  "record_policy": "open",
                  "review_policy": "closed",
                  "visibility": "public"
                },
                "children": {
                  "allow": false
                },
                "created": "2026-08-30T10:55:30.361727+00:00",
                "custom_fields": {
                  "stats:dashboard_enabled": false
                },
                "deletion_status": {
                  "is_deleted": false,
                  "status": "P"
                },
                "id": "7d86d0bd-ebf3-4ddb-93dc-6e253ceb567b",
                "links": {},
                "metadata": {
                  "description": "JCRT 08.1",
                  "title": "JCRT 08.1",
                  "type": {
                    "id": "journal"
                  },
                  "website": "https://jcrt.org/archives/08.1/"
                },
                "revision_id": 3,
                "slug": "jcrt-081",
                "updated": "2026-08-30T10:55:31.077649+00:00"
              }
            ],
            "ids": [
              "7d86d0bd-ebf3-4ddb-93dc-6e253ceb567b"
            ]
          },
          "id": "dt225-4qn33",
          "pids": {
            "doi": {
              "client": "datacite",
              "identifier": "10.17613/dt225-4qn33",
              "provider": "datacite"
            }
          }
        },
        "pids": {
          "doi": {
            "client": "datacite",
            "identifier": "10.17613/w11tp-4ds66",
            "provider": "datacite"
          },
          "oai": {
            "identifier": "oai:https://works.hcommons.org:w11tp-4ds66",
            "provider": "oai"
          }
        },
        "revision_id": 5,
        "stats": {
          "all_versions": {
            "data_volume": 0.0,
            "downloads": 0,
            "unique_downloads": 0,
            "unique_views": 0,
            "views": 0
          },
          "this_version": {
            "data_volume": 0.0,
            "downloads": 0,
            "unique_downloads": 0,
            "unique_views": 0,
            "views": 0
          }
        },
        "status": "published",
        "updated": "2026-08-30T10:55:36.964250+00:00",
        "versions": {
          "index": 1,
          "is_latest": true,
          "is_latest_draft": true
        }
      },
      "record_id": "w11tp-4ds66",
      "record_url": "https://works.hcommons.org/records/w11tp-4ds66",
      "source_id": ""
    },
    {
      "collection_id": "7d86d0bd-ebf3-4ddb-93dc-6e253ceb567b",
      "errors": [],
      "files": {
        "buckingham.pdf": {
          "messages": [],
          "status": "uploaded"
        }
      },
      "item_index": 2,
      "metadata": {
        "access": {
          "embargo": {
            "active": false,
            "reason": null
          },
          "files": "public",
          "record": "public",
          "status": "open"
        },
        "created": "2026-08-30T10:55:38.843106+00:00",
        "custom_fields": {
          "journal:journal": {
            "issn": "1530-5228",
            "issue": "1",
            "pages": "",
            "title": "Journal for Cultural & Religious Theory",
            "volume": "8"
          },
          "kcr:user_defined_tags": [
            "walter-benjamin",
            "aesthetics",
            "religion",
            "critical-theory",
            "philosophy-of-art",
            "messianism",
            "frankfurt-school",
            "art-and-religion",
            "modernity",
            "theology"
          ]
        },
        "deletion_status": {
          "is_deleted": false,
          "status": "P"
        },
        "files": {
          "count": 1,
          "enabled": true,
          "entries": {
            "buckingham.pdf": {
              "access": {
                "hidden": false
              },
              "checksum": "md5:576ab7b62aa32c4068346baf0b9e94c4",
              "ext": "pdf",
              "id": "632594c3-3f4e-456e-a38d-66be3f188c55",
              "key": "buckingham.pdf",
              "links": {
                "content": "https://works.hcommons.org/api/records/67srw-s0178/files/buckingham.pdf/content",
                "iiif_api": "https://works.hcommons.org/api/iiif/record:67srw-s0178:buckingham.pdf/full/full/0/default.png",
                "iiif_base": "https://works.hcommons.org/api/iiif/record:67srw-s0178:buckingham.pdf",
                "iiif_canvas": "https://works.hcommons.org/api/iiif/record:67srw-s0178/canvas/buckingham.pdf",
                "iiif_info": "https://works.hcommons.org/api/iiif/record:67srw-s0178:buckingham.pdf/info.json",
                "self": "https://works.hcommons.org/api/records/67srw-s0178/files/buckingham.pdf"
              },
              "metadata": {},
              "mimetype": "application/pdf",
              "size": 246016,
              "storage_class": "L"
            }
          },
          "order": [],
          "total_bytes": 246016
        },
        "id": "67srw-s0178",
        "is_draft": false,
        "is_published": true,
        "links": {
          "access": "https://works.hcommons.org/api/records/67srw-s0178/access",
          "access_grants": "https://works.hcommons.org/api/records/67srw-s0178/access/grants",
          "access_groups": "https://works.hcommons.org/api/records/67srw-s0178/access/groups",
          "access_links": "https://works.hcommons.org/api/records/67srw-s0178/access/links",
          "access_request": "https://works.hcommons.org/api/records/67srw-s0178/access/request",
          "access_users": "https://works.hcommons.org/api/records/67srw-s0178/access/users",
          "archive": "https://works.hcommons.org/api/records/67srw-s0178/files-archive",
          "archive_media": "https://works.hcommons.org/api/records/67srw-s0178/media-files-archive",
          "communities": "https://works.hcommons.org/api/records/67srw-s0178/communities",
          "communities-suggestions": "https://works.hcommons.org/api/records/67srw-s0178/communities-suggestions",
          "doi": "https://doi.org/10.17613/67srw-s0178",
          "draft": "https://works.hcommons.org/api/records/67srw-s0178/draft",
          "files": "https://works.hcommons.org/api/records/67srw-s0178/files",
          "latest": "https://works.hcommons.org/api/records/67srw-s0178/versions/latest",
          "latest_html": "https://works.hcommons.org/records/67srw-s0178/latest",
          "media_files": "https://works.hcommons.org/api/records/67srw-s0178/media-files",
          "parent": "https://works.hcommons.org/api/records/n07gb-3fr14",
          "parent_doi": "https://works.hcommons.org/doi/10.17613/n07gb-3fr14",
          "parent_html": "https://works.hcommons.org/records/n07gb-3fr14",
          "requests": "https://works.hcommons.org/api/records/67srw-s0178/requests",
          "reserve_doi": "https://works.hcommons.org/api/records/67srw-s0178/draft/pids/doi",
          "self": "https://works.hcommons.org/api/records/67srw-s0178",
          "self_doi": "https://works.hcommons.org/doi/10.17613/67srw-s0178",
          "self_html": "https://works.hcommons.org/records/67srw-s0178",
          "self_iiif_manifest": "https://works.hcommons.org/api/iiif/record:67srw-s0178/manifest",
          "self_iiif_sequence": "https://works.hcommons.org/api/iiif/record:67srw-s0178/sequence/default",
          "versions": "https://works.hcommons.org/api/records/67srw-s0178/versions"
        },
        "media_files": {
          "count": 0,
          "enabled": false,
          "entries": {},
          "order": [],
          "total_bytes": 0
        },
        "metadata": {
          "creators": [
            {
              "person_or_org": {
                "family_name": "Buckingham",
                "given_name": "Will",
                "name": "Buckingham, Will",
                "type": "personal"
              },
              "role": {
                "id": "author",
                "title": {
                  "en": "Author"
                }
              }
            }
          ],
          "identifiers": [
            {
              "identifier": "m3s6TA",
              "scheme": "import-recid"
            },
            {
              "identifier": "https://jcrt.org/archives/08.1/buckingham/",
              "scheme": "url"
            }
          ],
          "languages": [
            {
              "id": "eng",
              "title": {
                "en": "English"
              }
            }
          ],
          "publication_date": "2006",
          "publisher": "Whitestone Publications",
          "resource_type": {
            "id": "textDocument-journalArticle",
            "title": {
              "de": "Zeitschriftenartikel",
              "en": "Journal article"
            }
          },
          "rights": [
            {
              "link": "https://jcrt.org/copyright/",
              "title": {
                "en": "Copyright held by the author(s). Published in the Journal for Cultural and Religious Theory."
              }
            }
          ],
          "subjects": [
            {
              "id": "http://id.worldcat.org/fast/798702",
              "scheme": "FAST-topical",
              "subject": "Aesthetics"
            },
            {
              "id": "http://id.worldcat.org/fast/815425",
              "scheme": "FAST-topical",
              "subject": "Art and religion"
            },
            {
              "id": "http://id.worldcat.org/fast/863073",
              "scheme": "FAST-topical",
              "subject": "Civilization, Modern"
            },
            {
              "id": "http://id.worldcat.org/fast/883690",
              "scheme": "FAST-topical",
              "subject": "Critical theory"
            },
            {
              "id": "http://id.worldcat.org/fast/933734",
              "scheme": "FAST-topical",
              "subject": "Frankfurt school of sociology"
            },
            {
              "id": "http://id.worldcat.org/fast/1017438",
              "scheme": "FAST-topical",
              "subject": "Messianism"
            },
            {
              "id": "http://id.worldcat.org/fast/1093763",
              "scheme": "FAST-topical",
              "subject": "Religion"
            },
            {
              "id": "http://id.worldcat.org/fast/1149559",
              "scheme": "FAST-topical",
              "subject": "Theology"
            }
          ],
          "title": "Walter Benjamin, Religion, and Aesthetics: Rethinking Religion Through the Arts"
        },
        "parent": {
          "access": {
            "grants": [],
            "links": [],
            "owned_by": {
              "user": "3742"
            },
            "settings": {
              "accept_conditions_text": null,
              "allow_guest_requests": false,
              "allow_user_requests": false,
              "secret_link_expiration": 0
            }
          },
          "communities": {
            "default": "7d86d0bd-ebf3-4ddb-93dc-6e253ceb567b",
            "entries": [
              {
                "access": {
                  "member_policy": "open",
                  "members_visibility": "public",
                  "record_policy": "open",
                  "review_policy": "closed",
                  "visibility": "public"
                },
                "children": {
                  "allow": false
                },
                "created": "2026-08-30T10:55:30.361727+00:00",
                "custom_fields": {
                  "stats:dashboard_enabled": false
                },
                "deletion_status": {
                  "is_deleted": false,
                  "status": "P"
                },
                "id": "7d86d0bd-ebf3-4ddb-93dc-6e253ceb567b",
                "links": {},
                "metadata": {
                  "description": "JCRT 08.1",
                  "title": "JCRT 08.1",
                  "type": {
                    "id": "journal"
                  },
                  "website": "https://jcrt.org/archives/08.1/"
                },
                "revision_id": 3,
                "slug": "jcrt-081",
                "updated": "2026-08-30T10:55:31.077649+00:00"
              }
            ],
            "ids": [
              "7d86d0bd-ebf3-4ddb-93dc-6e253ceb567b"
            ]
          },
          "id": "n07gb-3fr14",
          "pids": {
            "doi": {
              "client": "datacite",
              "identifier": "10.17613/n07gb-3fr14",
              "provider": "datacite"
            }
          }
        },
        "pids": {
          "doi": {
            "client": "datacite",
            "identifier": "10.17613/67srw-s0178",
            "provider": "datacite"
          },
          "oai": {
            "identifier": "oai:https://works.hcommons.org:67srw-s0178",
            "provider": "oai"
          }
        },
        "revision_id": 5,
        "stats": {
          "all_versions": {
            "data_volume": 0.0,
            "downloads": 0,
            "unique_downloads": 0,
            "unique_views": 0,
            "views": 0
          },
          "this_version": {
            "data_volume": 0.0,
            "downloads": 0,
            "unique_downloads": 0,
            "unique_views": 0,
            "views": 0
          }
        },
        "status": "published",
        "updated": "2026-08-30T10:55:39.102893+00:00",
        "versions": {
          "index": 1,
          "is_latest": true,
          "is_latest_draft": true
        }
      },
      "record_id": "67srw-s0178",
      "record_url": "https://works.hcommons.org/records/67srw-s0178",
      "source_id": ""
    },
    {
      "collection_id": "7d86d0bd-ebf3-4ddb-93dc-6e253ceb567b",
      "errors": [],
      "files": {
        "burton.pdf": {
          "messages": [],
          "status": "uploaded"
        }
      },
      "item_index": 3,
      "metadata": {
        "access": {
          "embargo": {
            "active": false,
            "reason": null
          },
          "files": "public",
          "record": "public",
          "status": "open"
        },
        "created": "2026-08-30T10:55:40.743169+00:00",
        "custom_fields": {
          "journal:journal": {
            "issn": "1530-5228",
            "issue": "1",
            "pages": "",
            "title": "Journal for Cultural & Religious Theory",
            "volume": "8"
          },
          "kcr:user_defined_tags": [
            "r-marie-griffith",
            "body",
            "american-christianity",
            "evangelicalism",
            "embodiment",
            "diet-culture",
            "health-and-religion",
            "gender",
            "flesh-and-spirit",
            "religious-history"
          ]
        },
        "deletion_status": {
          "is_deleted": false,
          "status": "P"
        },
        "files": {
          "count": 1,
          "enabled": true,
          "entries": {
            "burton.pdf": {
              "access": {
                "hidden": false
              },
              "checksum": "md5:65b044203f53f4284e749ca085356825",
              "ext": "pdf",
              "id": "5846ca90-ad48-49fc-a70b-4a9b3acb5b6a",
              "key": "burton.pdf",
              "links": {
                "content": "https://works.hcommons.org/api/records/d54bc-08g78/files/burton.pdf/content",
                "iiif_api": "https://works.hcommons.org/api/iiif/record:d54bc-08g78:burton.pdf/full/full/0/default.png",
                "iiif_base": "https://works.hcommons.org/api/iiif/record:d54bc-08g78:burton.pdf",
                "iiif_canvas": "https://works.hcommons.org/api/iiif/record:d54bc-08g78/canvas/burton.pdf",
                "iiif_info": "https://works.hcommons.org/api/iiif/record:d54bc-08g78:burton.pdf/info.json",
                "self": "https://works.hcommons.org/api/records/d54bc-08g78/files/burton.pdf"
              },
              "metadata": {},
              "mimetype": "application/pdf",
              "size": 185740,
              "storage_class": "L"
            }
          },
          "order": [],
          "total_bytes": 185740
        },
        "id": "d54bc-08g78",
        "is_draft": false,
        "is_published": true,
        "links": {
          "access": "https://works.hcommons.org/api/records/d54bc-08g78/access",
          "access_grants": "https://works.hcommons.org/api/records/d54bc-08g78/access/grants",
          "access_groups": "https://works.hcommons.org/api/records/d54bc-08g78/access/groups",
          "access_links": "https://works.hcommons.org/api/records/d54bc-08g78/access/links",
          "access_request": "https://works.hcommons.org/api/records/d54bc-08g78/access/request",
          "access_users": "https://works.hcommons.org/api/records/d54bc-08g78/access/users",
          "archive": "https://works.hcommons.org/api/records/d54bc-08g78/files-archive",
          "archive_media": "https://works.hcommons.org/api/records/d54bc-08g78/media-files-archive",
          "communities": "https://works.hcommons.org/api/records/d54bc-08g78/communities",
          "communities-suggestions": "https://works.hcommons.org/api/records/d54bc-08g78/communities-suggestions",
          "doi": "https://doi.org/10.17613/d54bc-08g78",
          "draft": "https://works.hcommons.org/api/records/d54bc-08g78/draft",
          "files": "https://works.hcommons.org/api/records/d54bc-08g78/files",
          "latest": "https://works.hcommons.org/api/records/d54bc-08g78/versions/latest",
          "latest_html": "https://works.hcommons.org/records/d54bc-08g78/latest",
          "media_files": "https://works.hcommons.org/api/records/d54bc-08g78/media-files",
          "parent": "https://works.hcommons.org/api/records/7yh7c-spg18",
          "parent_doi": "https://works.hcommons.org/doi/10.17613/7yh7c-spg18",
          "parent_html": "https://works.hcommons.org/records/7yh7c-spg18",
          "requests": "https://works.hcommons.org/api/records/d54bc-08g78/requests",
          "reserve_doi": "https://works.hcommons.org/api/records/d54bc-08g78/draft/pids/doi",
          "self": "https://works.hcommons.org/api/records/d54bc-08g78",
          "self_doi": "https://works.hcommons.org/doi/10.17613/d54bc-08g78",
          "self_html": "https://works.hcommons.org/records/d54bc-08g78",
          "self_iiif_manifest": "https://works.hcommons.org/api/iiif/record:d54bc-08g78/manifest",
          "self_iiif_sequence": "https://works.hcommons.org/api/iiif/record:d54bc-08g78/sequence/default",
          "versions": "https://works.hcommons.org/api/records/d54bc-08g78/versions"
        },
        "media_files": {
          "count": 0,
          "enabled": false,
          "entries": {},
          "order": [],
          "total_bytes": 0
        },
        "metadata": {
          "creators": [
            {
              "person_or_org": {
                "family_name": "Burton",
                "given_name": "Aaron V",
                "name": "Burton, Aaron V",
                "type": "personal"
              },
              "role": {
                "id": "author",
                "title": {
                  "en": "Author"
                }
              }
            }
          ],
          "identifiers": [
            {
              "identifier": "ODtXfJ",
              "scheme": "import-recid"
            },
            {
              "identifier": "https://jcrt.org/archives/08.1/burton/",
              "scheme": "url"
            }
          ],
          "languages": [
            {
              "id": "eng",
              "title": {
                "en": "English"
              }
            }
          ],
          "publication_date": "2006",
          "publisher": "Whitestone Publications",
          "resource_type": {
            "id": "textDocument-journalArticle",
            "title": {
              "de": "Zeitschriftenartikel",
              "en": "Journal article"
            }
          },
          "rights": [
            {
              "link": "https://jcrt.org/copyright/",
              "title": {
                "en": "Copyright held by the author(s). Published in the Journal for Cultural and Religious Theory."
              }
            }
          ],
          "subjects": [
            {
              "id": "http://id.worldcat.org/fast/917002",
              "scheme": "FAST-topical",
              "subject": "Evangelicalism"
            },
            {
              "id": "https://homosaurus.org/v3/homoit0000560",
              "scheme": "Homosaurus",
              "subject": "Gender"
            }
          ],
          "title": "Born Again Bodies: Flesh and Spirit in American Christianity"
        },
        "parent": {
          "access": {
            "grants": [],
            "links": [],
            "owned_by": {
              "user": "3742"
            },
            "settings": {
              "accept_conditions_text": null,
              "allow_guest_requests": false,
              "allow_user_requests": false,
              "secret_link_expiration": 0
            }
          },
          "communities": {
            "default": "7d86d0bd-ebf3-4ddb-93dc-6e253ceb567b",
            "entries": [
              {
                "access": {
                  "member_policy": "open",
                  "members_visibility": "public",
                  "record_policy": "open",
                  "review_policy": "closed",
                  "visibility": "public"
                },
                "children": {
                  "allow": false
                },
                "created": "2026-08-30T10:55:30.361727+00:00",
                "custom_fields": {
                  "stats:dashboard_enabled": false
                },
                "deletion_status": {
                  "is_deleted": false,
                  "status": "P"
                },
                "id": "7d86d0bd-ebf3-4ddb-93dc-6e253ceb567b",
                "links": {},
                "metadata": {
                  "description": "JCRT 08.1",
                  "title": "JCRT 08.1",
                  "type": {
                    "id": "journal"
                  },
                  "website": "https://jcrt.org/archives/08.1/"
                },
                "revision_id": 3,
                "slug": "jcrt-081",
                "updated": "2026-08-30T10:55:31.077649+00:00"
              }
            ],
            "ids": [
              "7d86d0bd-ebf3-4ddb-93dc-6e253ceb567b"
            ]
          },
          "id": "7yh7c-spg18",
          "pids": {
            "doi": {
              "client": "datacite",
              "identifier": "10.17613/7yh7c-spg18",
              "provider": "datacite"
            }
          }
        },
        "pids": {
          "doi": {
            "client": "datacite",
            "identifier": "10.17613/d54bc-08g78",
            "provider": "datacite"
          },
          "oai": {
            "identifier": "oai:https://works.hcommons.org:d54bc-08g78",
            "provider": "oai"
          }
        },
        "revision_id": 5,
        "stats": {
          "all_versions": {
            "data_volume": 0.0,
            "downloads": 0,
            "unique_downloads": 0,
            "unique_views": 0,
            "views": 0
          },
          "this_version": {
            "data_volume": 0.0,
            "downloads": 0,
            "unique_downloads": 0,
            "unique_views": 0,
            "views": 0
          }
        },
        "status": "published",
        "updated": "2026-08-30T10:55:40.970543+00:00",
        "versions": {
          "index": 1,
          "is_latest": true,
          "is_latest_draft": true
        }
      },
      "record_id": "d54bc-08g78",
      "record_url": "https://works.hcommons.org/records/d54bc-08g78",
      "source_id": ""
    }
  ],
  "errors": [],
  "message": "All records were successfully imported",
  "status": "success"
}