{
  "data": [
    {
      "collection_id": "6f7dd020-c492-4d97-904d-185348cfcf1d",
      "errors": [],
      "files": {
        "Kottman.pdf": {
          "messages": [],
          "status": "uploaded"
        }
      },
      "item_index": 0,
      "metadata": {
        "access": {
          "embargo": {
            "active": false,
            "reason": null
          },
          "files": "public",
          "record": "public",
          "status": "open"
        },
        "created": "2026-08-30T10:53:55.494210+00:00",
        "custom_fields": {
          "journal:journal": {
            "issn": "1530-5228",
            "issue": "3",
            "pages": "",
            "title": "Journal for Cultural & Religious Theory",
            "volume": "8"
          },
          "kcr:user_defined_tags": [
            "antisemitism",
            "shakespeare",
            "william",
            "1770-1831",
            "georg-wilhelm-friedrich",
            "hegel",
            "history-philosophy",
            "1564-1616-plays",
            "1564-1616-characters-shylock",
            "theater-and-society",
            "tragedy",
            "jews-civil-rights"
          ]
        },
        "deletion_status": {
          "is_deleted": false,
          "status": "P"
        },
        "files": {
          "count": 1,
          "enabled": true,
          "entries": {
            "Kottman.pdf": {
              "access": {
                "hidden": false
              },
              "checksum": "md5:f9cba84dee10bd526dbf915f70a6be43",
              "ext": "pdf",
              "id": "0f3c7f80-c29e-455e-8807-f56f9dfd9560",
              "key": "Kottman.pdf",
              "links": {
                "content": "https://works.hcommons.org/api/records/4a9c6-qks82/files/Kottman.pdf/content",
                "iiif_api": "https://works.hcommons.org/api/iiif/record:4a9c6-qks82:Kottman.pdf/full/full/0/default.png",
                "iiif_base": "https://works.hcommons.org/api/iiif/record:4a9c6-qks82:Kottman.pdf",
                "iiif_canvas": "https://works.hcommons.org/api/iiif/record:4a9c6-qks82/canvas/Kottman.pdf",
                "iiif_info": "https://works.hcommons.org/api/iiif/record:4a9c6-qks82:Kottman.pdf/info.json",
                "self": "https://works.hcommons.org/api/records/4a9c6-qks82/files/Kottman.pdf"
              },
              "metadata": {},
              "mimetype": "application/pdf",
              "size": 643124,
              "storage_class": "L"
            }
          },
          "order": [],
          "total_bytes": 643124
        },
        "id": "4a9c6-qks82",
        "is_draft": false,
        "is_published": true,
        "links": {
          "access": "https://works.hcommons.org/api/records/4a9c6-qks82/access",
          "access_grants": "https://works.hcommons.org/api/records/4a9c6-qks82/access/grants",
          "access_groups": "https://works.hcommons.org/api/records/4a9c6-qks82/access/groups",
          "access_links": "https://works.hcommons.org/api/records/4a9c6-qks82/access/links",
          "access_request": "https://works.hcommons.org/api/records/4a9c6-qks82/access/request",
          "access_users": "https://works.hcommons.org/api/records/4a9c6-qks82/access/users",
          "archive": "https://works.hcommons.org/api/records/4a9c6-qks82/files-archive",
          "archive_media": "https://works.hcommons.org/api/records/4a9c6-qks82/media-files-archive",
          "communities": "https://works.hcommons.org/api/records/4a9c6-qks82/communities",
          "communities-suggestions": "https://works.hcommons.org/api/records/4a9c6-qks82/communities-suggestions",
          "doi": "https://doi.org/10.17613/4a9c6-qks82",
          "draft": "https://works.hcommons.org/api/records/4a9c6-qks82/draft",
          "files": "https://works.hcommons.org/api/records/4a9c6-qks82/files",
          "latest": "https://works.hcommons.org/api/records/4a9c6-qks82/versions/latest",
          "latest_html": "https://works.hcommons.org/records/4a9c6-qks82/latest",
          "media_files": "https://works.hcommons.org/api/records/4a9c6-qks82/media-files",
          "parent": "https://works.hcommons.org/api/records/a7px7-d9j94",
          "parent_doi": "https://works.hcommons.org/doi/10.17613/a7px7-d9j94",
          "parent_html": "https://works.hcommons.org/records/a7px7-d9j94",
          "requests": "https://works.hcommons.org/api/records/4a9c6-qks82/requests",
          "reserve_doi": "https://works.hcommons.org/api/records/4a9c6-qks82/draft/pids/doi",
          "self": "https://works.hcommons.org/api/records/4a9c6-qks82",
          "self_doi": "https://works.hcommons.org/doi/10.17613/4a9c6-qks82",
          "self_html": "https://works.hcommons.org/records/4a9c6-qks82",
          "self_iiif_manifest": "https://works.hcommons.org/api/iiif/record:4a9c6-qks82/manifest",
          "self_iiif_sequence": "https://works.hcommons.org/api/iiif/record:4a9c6-qks82/sequence/default",
          "versions": "https://works.hcommons.org/api/records/4a9c6-qks82/versions"
        },
        "media_files": {
          "count": 0,
          "enabled": false,
          "entries": {},
          "order": [],
          "total_bytes": 0
        },
        "metadata": {
          "creators": [
            {
              "person_or_org": {
                "family_name": "Kottman",
                "given_name": "Paul A",
                "name": "Kottman, Paul A",
                "type": "personal"
              },
              "role": {
                "id": "author",
                "title": {
                  "en": "Author"
                }
              }
            }
          ],
          "identifiers": [
            {
              "identifier": "iivQpf",
              "scheme": "import-recid"
            },
            {
              "identifier": "https://jcrt.org/archives/08.3/kottman/",
              "scheme": "url"
            }
          ],
          "languages": [
            {
              "id": "eng",
              "title": {
                "en": "English"
              }
            }
          ],
          "publication_date": "2007",
          "publisher": "Whitestone Publications",
          "resource_type": {
            "id": "textDocument-journalArticle",
            "title": {
              "de": "Zeitschriftenartikel",
              "en": "Journal article"
            }
          },
          "rights": [
            {
              "link": "https://jcrt.org/copyright/",
              "title": {
                "en": "Copyright held by the author(s). Published in the Journal for Cultural and Religious Theory."
              }
            }
          ],
          "subjects": [
            {
              "id": "http://id.worldcat.org/fast/810769",
              "scheme": "FAST-topical",
              "subject": "Antisemitism"
            },
            {
              "id": "http://id.worldcat.org/fast/958266",
              "scheme": "FAST-topical",
              "subject": "History--Philosophy"
            },
            {
              "id": "http://id.worldcat.org/fast/983165",
              "scheme": "FAST-topical",
              "subject": "Jews--Civil rights"
            },
            {
              "id": "http://id.worldcat.org/fast/1149315",
              "scheme": "FAST-topical",
              "subject": "Theater and society"
            },
            {
              "id": "http://id.worldcat.org/fast/1154355",
              "scheme": "FAST-topical",
              "subject": "Tragedy"
            }
          ],
          "title": "Avoiding Tragedy in the Merchant of Venice"
        },
        "parent": {
          "access": {
            "grants": [],
            "links": [],
            "owned_by": {
              "user": "3742"
            },
            "settings": {
              "accept_conditions_text": null,
              "allow_guest_requests": false,
              "allow_user_requests": false,
              "secret_link_expiration": 0
            }
          },
          "communities": {
            "default": "6f7dd020-c492-4d97-904d-185348cfcf1d",
            "entries": [
              {
                "access": {
                  "member_policy": "open",
                  "members_visibility": "public",
                  "record_policy": "open",
                  "review_policy": "closed",
                  "visibility": "public"
                },
                "children": {
                  "allow": false
                },
                "created": "2026-08-30T10:53:28.571570+00:00",
                "custom_fields": {
                  "stats:dashboard_enabled": false
                },
                "deletion_status": {
                  "is_deleted": false,
                  "status": "P"
                },
                "id": "6f7dd020-c492-4d97-904d-185348cfcf1d",
                "links": {},
                "metadata": {
                  "description": "JCRT 08.3",
                  "title": "JCRT 08.3",
                  "type": {
                    "id": "journal"
                  },
                  "website": "https://jcrt.org/archives/08.3/"
                },
                "revision_id": 3,
                "slug": "jcrt-083",
                "updated": "2026-08-30T10:53:29.257434+00:00"
              }
            ],
            "ids": [
              "6f7dd020-c492-4d97-904d-185348cfcf1d"
            ]
          },
          "id": "a7px7-d9j94",
          "pids": {
            "doi": {
              "client": "datacite",
              "identifier": "10.17613/a7px7-d9j94",
              "provider": "datacite"
            }
          }
        },
        "pids": {
          "doi": {
            "client": "datacite",
            "identifier": "10.17613/4a9c6-qks82",
            "provider": "datacite"
          },
          "oai": {
            "identifier": "oai:https://works.hcommons.org:4a9c6-qks82",
            "provider": "oai"
          }
        },
        "revision_id": 5,
        "stats": {
          "all_versions": {
            "data_volume": 0.0,
            "downloads": 0,
            "unique_downloads": 0,
            "unique_views": 0,
            "views": 0
          },
          "this_version": {
            "data_volume": 0.0,
            "downloads": 0,
            "unique_downloads": 0,
            "unique_views": 0,
            "views": 0
          }
        },
        "status": "published",
        "updated": "2026-08-30T10:53:55.732801+00:00",
        "versions": {
          "index": 1,
          "is_latest": true,
          "is_latest_draft": true
        }
      },
      "record_id": "4a9c6-qks82",
      "record_url": "https://works.hcommons.org/records/4a9c6-qks82",
      "source_id": ""
    },
    {
      "collection_id": "6f7dd020-c492-4d97-904d-185348cfcf1d",
      "errors": [],
      "files": {
        "Kunin.pdf": {
          "messages": [],
          "status": "uploaded"
        }
      },
      "item_index": 1,
      "metadata": {
        "access": {
          "embargo": {
            "active": false,
            "reason": null
          },
          "files": "public",
          "record": "public",
          "status": "open"
        },
        "created": "2026-08-30T10:53:57.566588+00:00",
        "custom_fields": {
          "journal:journal": {
            "issn": "1530-5228",
            "issue": "3",
            "pages": "",
            "title": "Journal for Cultural & Religious Theory",
            "volume": "8"
          },
          "kcr:user_defined_tags": [
            "postmodernism",
            "antisemitism",
            "humanism",
            "shakespeare",
            "william",
            "arthur",
            "continental-philosophy",
            "holocaust",
            "jewish-1939-1945",
            "1564-1616-plays",
            "theater-and-society",
            "ajzenstat",
            "drama-criticism",
            "horowitz",
            "jackson",
            "jalal",
            "julia-reinhard",
            "kenneth-s",
            "kottman",
            "lupton",
            "oona",
            "paul-a",
            "planinc",
            "toufic",
            "zdravko"
          ]
        },
        "deletion_status": {
          "is_deleted": false,
          "status": "P"
        },
        "files": {
          "count": 1,
          "enabled": true,
          "entries": {
            "Kunin.pdf": {
              "access": {
                "hidden": false
              },
              "checksum": "md5:87cdbcc2f279586bf63fec5377b1567c",
              "ext": "pdf",
              "id": "7956f660-16a1-4505-8e92-f25e67cdbc79",
              "key": "Kunin.pdf",
              "links": {
                "content": "https://works.hcommons.org/api/records/hqah5-d3g38/files/Kunin.pdf/content",
                "iiif_api": "https://works.hcommons.org/api/iiif/record:hqah5-d3g38:Kunin.pdf/full/full/0/default.png",
                "iiif_base": "https://works.hcommons.org/api/iiif/record:hqah5-d3g38:Kunin.pdf",
                "iiif_canvas": "https://works.hcommons.org/api/iiif/record:hqah5-d3g38/canvas/Kunin.pdf",
                "iiif_info": "https://works.hcommons.org/api/iiif/record:hqah5-d3g38:Kunin.pdf/info.json",
                "self": "https://works.hcommons.org/api/records/hqah5-d3g38/files/Kunin.pdf"
              },
              "metadata": {},
              "mimetype": "application/pdf",
              "size": 409283,
              "storage_class": "L"
            }
          },
          "order": [],
          "total_bytes": 409283
        },
        "id": "hqah5-d3g38",
        "is_draft": false,
        "is_published": true,
        "links": {
          "access": "https://works.hcommons.org/api/records/hqah5-d3g38/access",
          "access_grants": "https://works.hcommons.org/api/records/hqah5-d3g38/access/grants",
          "access_groups": "https://works.hcommons.org/api/records/hqah5-d3g38/access/groups",
          "access_links": "https://works.hcommons.org/api/records/hqah5-d3g38/access/links",
          "access_request": "https://works.hcommons.org/api/records/hqah5-d3g38/access/request",
          "access_users": "https://works.hcommons.org/api/records/hqah5-d3g38/access/users",
          "archive": "https://works.hcommons.org/api/records/hqah5-d3g38/files-archive",
          "archive_media": "https://works.hcommons.org/api/records/hqah5-d3g38/media-files-archive",
          "communities": "https://works.hcommons.org/api/records/hqah5-d3g38/communities",
          "communities-suggestions": "https://works.hcommons.org/api/records/hqah5-d3g38/communities-suggestions",
          "doi": "https://doi.org/10.17613/hqah5-d3g38",
          "draft": "https://works.hcommons.org/api/records/hqah5-d3g38/draft",
          "files": "https://works.hcommons.org/api/records/hqah5-d3g38/files",
          "latest": "https://works.hcommons.org/api/records/hqah5-d3g38/versions/latest",
          "latest_html": "https://works.hcommons.org/records/hqah5-d3g38/latest",
          "media_files": "https://works.hcommons.org/api/records/hqah5-d3g38/media-files",
          "parent": "https://works.hcommons.org/api/records/6kcfh-50k14",
          "parent_doi": "https://works.hcommons.org/doi/10.17613/6kcfh-50k14",
          "parent_html": "https://works.hcommons.org/records/6kcfh-50k14",
          "requests": "https://works.hcommons.org/api/records/hqah5-d3g38/requests",
          "reserve_doi": "https://works.hcommons.org/api/records/hqah5-d3g38/draft/pids/doi",
          "self": "https://works.hcommons.org/api/records/hqah5-d3g38",
          "self_doi": "https://works.hcommons.org/doi/10.17613/hqah5-d3g38",
          "self_html": "https://works.hcommons.org/records/hqah5-d3g38",
          "self_iiif_manifest": "https://works.hcommons.org/api/iiif/record:hqah5-d3g38/manifest",
          "self_iiif_sequence": "https://works.hcommons.org/api/iiif/record:hqah5-d3g38/sequence/default",
          "versions": "https://works.hcommons.org/api/records/hqah5-d3g38/versions"
        },
        "media_files": {
          "count": 0,
          "enabled": false,
          "entries": {},
          "order": [],
          "total_bytes": 0
        },
        "metadata": {
          "creators": [
            {
              "person_or_org": {
                "family_name": "Kunin",
                "given_name": "Aaron",
                "name": "Kunin, Aaron",
                "type": "personal"
              },
              "role": {
                "id": "author",
                "title": {
                  "en": "Author"
                }
              }
            }
          ],
          "identifiers": [
            {
              "identifier": "AVFuUg",
              "scheme": "import-recid"
            },
            {
              "identifier": "https://jcrt.org/archives/08.3/kunin/",
              "scheme": "url"
            }
          ],
          "languages": [
            {
              "id": "eng",
              "title": {
                "en": "English"
              }
            }
          ],
          "publication_date": "2007",
          "publisher": "Whitestone Publications",
          "resource_type": {
            "id": "textDocument-journalArticle",
            "title": {
              "de": "Zeitschriftenartikel",
              "en": "Journal article"
            }
          },
          "rights": [
            {
              "link": "https://jcrt.org/copyright/",
              "title": {
                "en": "Copyright held by the author(s). Published in the Journal for Cultural and Religious Theory."
              }
            }
          ],
          "subjects": [
            {
              "id": "http://id.worldcat.org/fast/810769",
              "scheme": "FAST-topical",
              "subject": "Antisemitism"
            },
            {
              "id": "http://id.worldcat.org/fast/1765182",
              "scheme": "FAST-topical",
              "subject": "Continental philosophy"
            },
            {
              "id": "http://id.worldcat.org/fast/963520",
              "scheme": "FAST-topical",
              "subject": "Humanism"
            },
            {
              "id": "http://id.worldcat.org/fast/1073164",
              "scheme": "FAST-topical",
              "subject": "Postmodernism"
            },
            {
              "id": "http://id.worldcat.org/fast/1149315",
              "scheme": "FAST-topical",
              "subject": "Theater and society"
            },
            {
              "id": "http://id.worldcat.org/fast/1919979",
              "scheme": "FAST-form",
              "subject": "Theater reviews"
            }
          ],
          "title": "Unfinished Business: a Response to the Symposium 'the Merchant of Venice and Contemporary Theory'"
        },
        "parent": {
          "access": {
            "grants": [],
            "links": [],
            "owned_by": {
              "user": "3742"
            },
            "settings": {
              "accept_conditions_text": null,
              "allow_guest_requests": false,
              "allow_user_requests": false,
              "secret_link_expiration": 0
            }
          },
          "communities": {
            "default": "6f7dd020-c492-4d97-904d-185348cfcf1d",
            "entries": [
              {
                "access": {
                  "member_policy": "open",
                  "members_visibility": "public",
                  "record_policy": "open",
                  "review_policy": "closed",
                  "visibility": "public"
                },
                "children": {
                  "allow": false
                },
                "created": "2026-08-30T10:53:28.571570+00:00",
                "custom_fields": {
                  "stats:dashboard_enabled": false
                },
                "deletion_status": {
                  "is_deleted": false,
                  "status": "P"
                },
                "id": "6f7dd020-c492-4d97-904d-185348cfcf1d",
                "links": {},
                "metadata": {
                  "description": "JCRT 08.3",
                  "title": "JCRT 08.3",
                  "type": {
                    "id": "journal"
                  },
                  "website": "https://jcrt.org/archives/08.3/"
                },
                "revision_id": 3,
                "slug": "jcrt-083",
                "updated": "2026-08-30T10:53:29.257434+00:00"
              }
            ],
            "ids": [
              "6f7dd020-c492-4d97-904d-185348cfcf1d"
            ]
          },
          "id": "6kcfh-50k14",
          "pids": {
            "doi": {
              "client": "datacite",
              "identifier": "10.17613/6kcfh-50k14",
              "provider": "datacite"
            }
          }
        },
        "pids": {
          "doi": {
            "client": "datacite",
            "identifier": "10.17613/hqah5-d3g38",
            "provider": "datacite"
          },
          "oai": {
            "identifier": "oai:https://works.hcommons.org:hqah5-d3g38",
            "provider": "oai"
          }
        },
        "revision_id": 5,
        "stats": {
          "all_versions": {
            "data_volume": 0.0,
            "downloads": 0,
            "unique_downloads": 0,
            "unique_views": 0,
            "views": 0
          },
          "this_version": {
            "data_volume": 0.0,
            "downloads": 0,
            "unique_downloads": 0,
            "unique_views": 0,
            "views": 0
          }
        },
        "status": "published",
        "updated": "2026-08-30T10:53:57.787956+00:00",
        "versions": {
          "index": 1,
          "is_latest": true,
          "is_latest_draft": true
        }
      },
      "record_id": "hqah5-d3g38",
      "record_url": "https://works.hcommons.org/records/hqah5-d3g38",
      "source_id": ""
    },
    {
      "collection_id": "6f7dd020-c492-4d97-904d-185348cfcf1d",
      "errors": [],
      "files": {
        "Lupton.pdf": {
          "messages": [],
          "status": "uploaded"
        }
      },
      "item_index": 2,
      "metadata": {
        "access": {
          "embargo": {
            "active": false,
            "reason": null
          },
          "files": "public",
          "record": "public",
          "status": "open"
        },
        "created": "2026-08-30T10:53:59.783648+00:00",
        "custom_fields": {
          "journal:journal": {
            "issn": "1530-5228",
            "issue": "3",
            "pages": "",
            "title": "Journal for Cultural & Religious Theory",
            "volume": "8"
          },
          "kcr:user_defined_tags": [
            "philosophical-anthropology",
            "antisemitism",
            "shakespeare",
            "william",
            "laws",
            "1906-1975",
            "arendt",
            "hannah",
            "carl",
            "holocaust",
            "jewish-1939-1945",
            "1564-1616-characters-shylock",
            "theater-and-society",
            "1888-1985",
            "jews-history",
            "jews-legal-status",
            "schmitt"
          ]
        },
        "deletion_status": {
          "is_deleted": false,
          "status": "P"
        },
        "files": {
          "count": 1,
          "enabled": true,
          "entries": {
            "Lupton.pdf": {
              "access": {
                "hidden": false
              },
              "checksum": "md5:0076cb260508ef0f4fed9836eac53eb5",
              "ext": "pdf",
              "id": "88e85743-046d-49b5-b4ac-d3ebbb73226f",
              "key": "Lupton.pdf",
              "links": {
                "content": "https://works.hcommons.org/api/records/t3ncn-hg129/files/Lupton.pdf/content",
                "iiif_api": "https://works.hcommons.org/api/iiif/record:t3ncn-hg129:Lupton.pdf/full/full/0/default.png",
                "iiif_base": "https://works.hcommons.org/api/iiif/record:t3ncn-hg129:Lupton.pdf",
                "iiif_canvas": "https://works.hcommons.org/api/iiif/record:t3ncn-hg129/canvas/Lupton.pdf",
                "iiif_info": "https://works.hcommons.org/api/iiif/record:t3ncn-hg129:Lupton.pdf/info.json",
                "self": "https://works.hcommons.org/api/records/t3ncn-hg129/files/Lupton.pdf"
              },
              "metadata": {},
              "mimetype": "application/pdf",
              "size": 547206,
              "storage_class": "L"
            }
          },
          "order": [],
          "total_bytes": 547206
        },
        "id": "t3ncn-hg129",
        "is_draft": false,
        "is_published": true,
        "links": {
          "access": "https://works.hcommons.org/api/records/t3ncn-hg129/access",
          "access_grants": "https://works.hcommons.org/api/records/t3ncn-hg129/access/grants",
          "access_groups": "https://works.hcommons.org/api/records/t3ncn-hg129/access/groups",
          "access_links": "https://works.hcommons.org/api/records/t3ncn-hg129/access/links",
          "access_request": "https://works.hcommons.org/api/records/t3ncn-hg129/access/request",
          "access_users": "https://works.hcommons.org/api/records/t3ncn-hg129/access/users",
          "archive": "https://works.hcommons.org/api/records/t3ncn-hg129/files-archive",
          "archive_media": "https://works.hcommons.org/api/records/t3ncn-hg129/media-files-archive",
          "communities": "https://works.hcommons.org/api/records/t3ncn-hg129/communities",
          "communities-suggestions": "https://works.hcommons.org/api/records/t3ncn-hg129/communities-suggestions",
          "doi": "https://doi.org/10.17613/t3ncn-hg129",
          "draft": "https://works.hcommons.org/api/records/t3ncn-hg129/draft",
          "files": "https://works.hcommons.org/api/records/t3ncn-hg129/files",
          "latest": "https://works.hcommons.org/api/records/t3ncn-hg129/versions/latest",
          "latest_html": "https://works.hcommons.org/records/t3ncn-hg129/latest",
          "media_files": "https://works.hcommons.org/api/records/t3ncn-hg129/media-files",
          "parent": "https://works.hcommons.org/api/records/cp67b-ant53",
          "parent_doi": "https://works.hcommons.org/doi/10.17613/cp67b-ant53",
          "parent_html": "https://works.hcommons.org/records/cp67b-ant53",
          "requests": "https://works.hcommons.org/api/records/t3ncn-hg129/requests",
          "reserve_doi": "https://works.hcommons.org/api/records/t3ncn-hg129/draft/pids/doi",
          "self": "https://works.hcommons.org/api/records/t3ncn-hg129",
          "self_doi": "https://works.hcommons.org/doi/10.17613/t3ncn-hg129",
          "self_html": "https://works.hcommons.org/records/t3ncn-hg129",
          "self_iiif_manifest": "https://works.hcommons.org/api/iiif/record:t3ncn-hg129/manifest",
          "self_iiif_sequence": "https://works.hcommons.org/api/iiif/record:t3ncn-hg129/sequence/default",
          "versions": "https://works.hcommons.org/api/records/t3ncn-hg129/versions"
        },
        "media_files": {
          "count": 0,
          "enabled": false,
          "entries": {},
          "order": [],
          "total_bytes": 0
        },
        "metadata": {
          "creators": [
            {
              "person_or_org": {
                "family_name": "Lupton",
                "given_name": "Julia Reinhard",
                "name": "Lupton, Julia Reinhard",
                "type": "personal"
              },
              "role": {
                "id": "author",
                "title": {
                  "en": "Author"
                }
              }
            }
          ],
          "identifiers": [
            {
              "identifier": "FZMOTP",
              "scheme": "import-recid"
            },
            {
              "identifier": "https://jcrt.org/archives/08.3/lupton/",
              "scheme": "url"
            }
          ],
          "languages": [
            {
              "id": "eng",
              "title": {
                "en": "English"
              }
            }
          ],
          "publication_date": "2007",
          "publisher": "Whitestone Publications",
          "resource_type": {
            "id": "textDocument-journalArticle",
            "title": {
              "de": "Zeitschriftenartikel",
              "en": "Journal article"
            }
          },
          "rights": [
            {
              "link": "https://jcrt.org/copyright/",
              "title": {
                "en": "Copyright held by the author(s). Published in the Journal for Cultural and Religious Theory."
              }
            }
          ],
          "subjects": [
            {
              "id": "http://id.worldcat.org/fast/810769",
              "scheme": "FAST-topical",
              "subject": "Antisemitism"
            },
            {
              "id": "http://id.worldcat.org/fast/983241",
              "scheme": "FAST-topical",
              "subject": "Jews--History"
            },
            {
              "id": "http://id.worldcat.org/fast/1060766",
              "scheme": "FAST-topical",
              "subject": "Philosophical anthropology"
            },
            {
              "id": "http://id.worldcat.org/fast/1774314",
              "scheme": "FAST-form",
              "subject": "Statutes and codes"
            },
            {
              "id": "http://id.worldcat.org/fast/1149315",
              "scheme": "FAST-topical",
              "subject": "Theater and society"
            }
          ],
          "title": "Shylock Between Exception and Emancipation: Shakespeare, Schmitt, Arendt"
        },
        "parent": {
          "access": {
            "grants": [],
            "links": [],
            "owned_by": {
              "user": "3742"
            },
            "settings": {
              "accept_conditions_text": null,
              "allow_guest_requests": false,
              "allow_user_requests": false,
              "secret_link_expiration": 0
            }
          },
          "communities": {
            "default": "6f7dd020-c492-4d97-904d-185348cfcf1d",
            "entries": [
              {
                "access": {
                  "member_policy": "open",
                  "members_visibility": "public",
                  "record_policy": "open",
                  "review_policy": "closed",
                  "visibility": "public"
                },
                "children": {
                  "allow": false
                },
                "created": "2026-08-30T10:53:28.571570+00:00",
                "custom_fields": {
                  "stats:dashboard_enabled": false
                },
                "deletion_status": {
                  "is_deleted": false,
                  "status": "P"
                },
                "id": "6f7dd020-c492-4d97-904d-185348cfcf1d",
                "links": {},
                "metadata": {
                  "description": "JCRT 08.3",
                  "title": "JCRT 08.3",
                  "type": {
                    "id": "journal"
                  },
                  "website": "https://jcrt.org/archives/08.3/"
                },
                "revision_id": 3,
                "slug": "jcrt-083",
                "updated": "2026-08-30T10:53:29.257434+00:00"
              }
            ],
            "ids": [
              "6f7dd020-c492-4d97-904d-185348cfcf1d"
            ]
          },
          "id": "cp67b-ant53",
          "pids": {
            "doi": {
              "client": "datacite",
              "identifier": "10.17613/cp67b-ant53",
              "provider": "datacite"
            }
          }
        },
        "pids": {
          "doi": {
            "client": "datacite",
            "identifier": "10.17613/t3ncn-hg129",
            "provider": "datacite"
          },
          "oai": {
            "identifier": "oai:https://works.hcommons.org:t3ncn-hg129",
            "provider": "oai"
          }
        },
        "revision_id": 5,
        "stats": {
          "all_versions": {
            "data_volume": 0.0,
            "downloads": 0,
            "unique_downloads": 0,
            "unique_views": 0,
            "views": 0
          },
          "this_version": {
            "data_volume": 0.0,
            "downloads": 0,
            "unique_downloads": 0,
            "unique_views": 0,
            "views": 0
          }
        },
        "status": "published",
        "updated": "2026-08-30T10:54:00.239682+00:00",
        "versions": {
          "index": 1,
          "is_latest": true,
          "is_latest_draft": true
        }
      },
      "record_id": "t3ncn-hg129",
      "record_url": "https://works.hcommons.org/records/t3ncn-hg129",
      "source_id": ""
    },
    {
      "collection_id": "6f7dd020-c492-4d97-904d-185348cfcf1d",
      "errors": [],
      "files": {
        "Planinc.pdf": {
          "messages": [],
          "status": "uploaded"
        }
      },
      "item_index": 3,
      "metadata": {
        "access": {
          "embargo": {
            "active": false,
            "reason": null
          },
          "files": "public",
          "record": "public",
          "status": "open"
        },
        "created": "2026-08-30T10:54:01.998313+00:00",
        "custom_fields": {
          "journal:journal": {
            "issn": "1530-5228",
            "issue": "3",
            "pages": "",
            "title": "Journal for Cultural & Religious Theory",
            "volume": "8"
          },
          "kcr:user_defined_tags": [
            "modernity",
            "antisemitism",
            "shakespeare",
            "william",
            "1903-1969",
            "adorno",
            "holocaust",
            "jewish-1939-1945",
            "1564-1616-plays",
            "comedy",
            "religion-and-drama",
            "theodor-w",
            "theater-and-society",
            "horror",
            "tragedy"
          ]
        },
        "deletion_status": {
          "is_deleted": false,
          "status": "P"
        },
        "files": {
          "count": 1,
          "enabled": true,
          "entries": {
            "Planinc.pdf": {
              "access": {
                "hidden": false
              },
              "checksum": "md5:8b469ea05504fd048ab86b16661286a1",
              "ext": "pdf",
              "id": "e7370ab1-a8fe-415b-92c1-cc240a895228",
              "key": "Planinc.pdf",
              "links": {
                "content": "https://works.hcommons.org/api/records/5ej65-9ze06/files/Planinc.pdf/content",
                "iiif_api": "https://works.hcommons.org/api/iiif/record:5ej65-9ze06:Planinc.pdf/full/full/0/default.png",
                "iiif_base": "https://works.hcommons.org/api/iiif/record:5ej65-9ze06:Planinc.pdf",
                "iiif_canvas": "https://works.hcommons.org/api/iiif/record:5ej65-9ze06/canvas/Planinc.pdf",
                "iiif_info": "https://works.hcommons.org/api/iiif/record:5ej65-9ze06:Planinc.pdf/info.json",
                "self": "https://works.hcommons.org/api/records/5ej65-9ze06/files/Planinc.pdf"
              },
              "metadata": {},
              "mimetype": "application/pdf",
              "size": 1018278,
              "storage_class": "L"
            }
          },
          "order": [],
          "total_bytes": 1018278
        },
        "id": "5ej65-9ze06",
        "is_draft": false,
        "is_published": true,
        "links": {
          "access": "https://works.hcommons.org/api/records/5ej65-9ze06/access",
          "access_grants": "https://works.hcommons.org/api/records/5ej65-9ze06/access/grants",
          "access_groups": "https://works.hcommons.org/api/records/5ej65-9ze06/access/groups",
          "access_links": "https://works.hcommons.org/api/records/5ej65-9ze06/access/links",
          "access_request": "https://works.hcommons.org/api/records/5ej65-9ze06/access/request",
          "access_users": "https://works.hcommons.org/api/records/5ej65-9ze06/access/users",
          "archive": "https://works.hcommons.org/api/records/5ej65-9ze06/files-archive",
          "archive_media": "https://works.hcommons.org/api/records/5ej65-9ze06/media-files-archive",
          "communities": "https://works.hcommons.org/api/records/5ej65-9ze06/communities",
          "communities-suggestions": "https://works.hcommons.org/api/records/5ej65-9ze06/communities-suggestions",
          "doi": "https://doi.org/10.17613/5ej65-9ze06",
          "draft": "https://works.hcommons.org/api/records/5ej65-9ze06/draft",
          "files": "https://works.hcommons.org/api/records/5ej65-9ze06/files",
          "latest": "https://works.hcommons.org/api/records/5ej65-9ze06/versions/latest",
          "latest_html": "https://works.hcommons.org/records/5ej65-9ze06/latest",
          "media_files": "https://works.hcommons.org/api/records/5ej65-9ze06/media-files",
          "parent": "https://works.hcommons.org/api/records/pett0-92289",
          "parent_doi": "https://works.hcommons.org/doi/10.17613/pett0-92289",
          "parent_html": "https://works.hcommons.org/records/pett0-92289",
          "requests": "https://works.hcommons.org/api/records/5ej65-9ze06/requests",
          "reserve_doi": "https://works.hcommons.org/api/records/5ej65-9ze06/draft/pids/doi",
          "self": "https://works.hcommons.org/api/records/5ej65-9ze06",
          "self_doi": "https://works.hcommons.org/doi/10.17613/5ej65-9ze06",
          "self_html": "https://works.hcommons.org/records/5ej65-9ze06",
          "self_iiif_manifest": "https://works.hcommons.org/api/iiif/record:5ej65-9ze06/manifest",
          "self_iiif_sequence": "https://works.hcommons.org/api/iiif/record:5ej65-9ze06/sequence/default",
          "versions": "https://works.hcommons.org/api/records/5ej65-9ze06/versions"
        },
        "media_files": {
          "count": 0,
          "enabled": false,
          "entries": {},
          "order": [],
          "total_bytes": 0
        },
        "metadata": {
          "creators": [
            {
              "person_or_org": {
                "family_name": "Planinc",
                "given_name": "Zdravko",
                "name": "Planinc, Zdravko",
                "type": "personal"
              },
              "role": {
                "id": "author",
                "title": {
                  "en": "Author"
                }
              }
            }
          ],
          "identifiers": [
            {
              "identifier": "X4iIIM",
              "scheme": "import-recid"
            },
            {
              "identifier": "https://jcrt.org/archives/08.3/planinc/",
              "scheme": "url"
            }
          ],
          "languages": [
            {
              "id": "eng",
              "title": {
                "en": "English"
              }
            }
          ],
          "publication_date": "2007",
          "publisher": "Whitestone Publications",
          "resource_type": {
            "id": "textDocument-journalArticle",
            "title": {
              "de": "Zeitschriftenartikel",
              "en": "Journal article"
            }
          },
          "rights": [
            {
              "link": "https://jcrt.org/copyright/",
              "title": {
                "en": "Copyright held by the author(s). Published in the Journal for Cultural and Religious Theory."
              }
            }
          ],
          "subjects": [
            {
              "id": "http://id.worldcat.org/fast/810769",
              "scheme": "FAST-topical",
              "subject": "Antisemitism"
            },
            {
              "id": "http://id.worldcat.org/fast/863073",
              "scheme": "FAST-topical",
              "subject": "Civilization, Modern"
            },
            {
              "id": "http://id.worldcat.org/fast/869083",
              "scheme": "FAST-topical",
              "subject": "Comedy"
            },
            {
              "id": "http://id.worldcat.org/fast/960367",
              "scheme": "FAST-topical",
              "subject": "Horror"
            },
            {
              "id": "http://id.worldcat.org/fast/1093827",
              "scheme": "FAST-topical",
              "subject": "Religion and drama"
            },
            {
              "id": "http://id.worldcat.org/fast/1149315",
              "scheme": "FAST-topical",
              "subject": "Theater and society"
            },
            {
              "id": "http://id.worldcat.org/fast/1154355",
              "scheme": "FAST-topical",
              "subject": "Tragedy"
            }
          ],
          "title": "Reading the Merchant of Venice Through Adorno"
        },
        "parent": {
          "access": {
            "grants": [],
            "links": [],
            "owned_by": {
              "user": "3742"
            },
            "settings": {
              "accept_conditions_text": null,
              "allow_guest_requests": false,
              "allow_user_requests": false,
              "secret_link_expiration": 0
            }
          },
          "communities": {
            "default": "6f7dd020-c492-4d97-904d-185348cfcf1d",
            "entries": [
              {
                "access": {
                  "member_policy": "open",
                  "members_visibility": "public",
                  "record_policy": "open",
                  "review_policy": "closed",
                  "visibility": "public"
                },
                "children": {
                  "allow": false
                },
                "created": "2026-08-30T10:53:28.571570+00:00",
                "custom_fields": {
                  "stats:dashboard_enabled": false
                },
                "deletion_status": {
                  "is_deleted": false,
                  "status": "P"
                },
                "id": "6f7dd020-c492-4d97-904d-185348cfcf1d",
                "links": {},
                "metadata": {
                  "description": "JCRT 08.3",
                  "title": "JCRT 08.3",
                  "type": {
                    "id": "journal"
                  },
                  "website": "https://jcrt.org/archives/08.3/"
                },
                "revision_id": 3,
                "slug": "jcrt-083",
                "updated": "2026-08-30T10:53:29.257434+00:00"
              }
            ],
            "ids": [
              "6f7dd020-c492-4d97-904d-185348cfcf1d"
            ]
          },
          "id": "pett0-92289",
          "pids": {
            "doi": {
              "client": "datacite",
              "identifier": "10.17613/pett0-92289",
              "provider": "datacite"
            }
          }
        },
        "pids": {
          "doi": {
            "client": "datacite",
            "identifier": "10.17613/5ej65-9ze06",
            "provider": "datacite"
          },
          "oai": {
            "identifier": "oai:https://works.hcommons.org:5ej65-9ze06",
            "provider": "oai"
          }
        },
        "revision_id": 5,
        "stats": {
          "all_versions": {
            "data_volume": 0.0,
            "downloads": 0,
            "unique_downloads": 0,
            "unique_views": 0,
            "views": 0
          },
          "this_version": {
            "data_volume": 0.0,
            "downloads": 0,
            "unique_downloads": 0,
            "unique_views": 0,
            "views": 0
          }
        },
        "status": "published",
        "updated": "2026-08-30T10:54:02.305770+00:00",
        "versions": {
          "index": 1,
          "is_latest": true,
          "is_latest_draft": true
        }
      },
      "record_id": "5ej65-9ze06",
      "record_url": "https://works.hcommons.org/records/5ej65-9ze06",
      "source_id": ""
    }
  ],
  "errors": [],
  "message": "All records were successfully imported",
  "status": "success"
}