{
  "data": [
    {
      "collection_id": "6f7dd020-c492-4d97-904d-185348cfcf1d",
      "errors": [],
      "files": {
        "Ables.pdf": {
          "messages": [],
          "status": "uploaded"
        }
      },
      "item_index": 0,
      "metadata": {
        "access": {
          "embargo": {
            "active": false,
            "reason": null
          },
          "files": "public",
          "record": "public",
          "status": "open"
        },
        "created": "2026-08-30T10:53:32.696455+00:00",
        "custom_fields": {
          "journal:journal": {
            "issn": "1530-5228",
            "issue": "3",
            "pages": "",
            "title": "Journal for Cultural & Religious Theory",
            "volume": "8"
          },
          "kcr:user_defined_tags": [
            "creation",
            "pneumatology",
            "holy-spirit",
            "ecotheology",
            "ecology",
            "liberation",
            "nature",
            "environmental-theology",
            "trinity",
            "creation-theology",
            "doctrine-of-creation"
          ]
        },
        "deletion_status": {
          "is_deleted": false,
          "status": "P"
        },
        "files": {
          "count": 1,
          "enabled": true,
          "entries": {
            "Ables.pdf": {
              "access": {
                "hidden": false
              },
              "checksum": "md5:5c04f3b4bb433ced6fd4b6ad6084c1bb",
              "ext": "pdf",
              "id": "0b28afd3-a84c-45c0-97e6-45b889f09698",
              "key": "Ables.pdf",
              "links": {
                "content": "https://works.hcommons.org/api/records/32ryc-5jg90/files/Ables.pdf/content",
                "iiif_api": "https://works.hcommons.org/api/iiif/record:32ryc-5jg90:Ables.pdf/full/full/0/default.png",
                "iiif_base": "https://works.hcommons.org/api/iiif/record:32ryc-5jg90:Ables.pdf",
                "iiif_canvas": "https://works.hcommons.org/api/iiif/record:32ryc-5jg90/canvas/Ables.pdf",
                "iiif_info": "https://works.hcommons.org/api/iiif/record:32ryc-5jg90:Ables.pdf/info.json",
                "self": "https://works.hcommons.org/api/records/32ryc-5jg90/files/Ables.pdf"
              },
              "metadata": {},
              "mimetype": "application/pdf",
              "size": 422012,
              "storage_class": "L"
            }
          },
          "order": [],
          "total_bytes": 422012
        },
        "id": "32ryc-5jg90",
        "is_draft": false,
        "is_published": true,
        "links": {
          "access": "https://works.hcommons.org/api/records/32ryc-5jg90/access",
          "access_grants": "https://works.hcommons.org/api/records/32ryc-5jg90/access/grants",
          "access_groups": "https://works.hcommons.org/api/records/32ryc-5jg90/access/groups",
          "access_links": "https://works.hcommons.org/api/records/32ryc-5jg90/access/links",
          "access_request": "https://works.hcommons.org/api/records/32ryc-5jg90/access/request",
          "access_users": "https://works.hcommons.org/api/records/32ryc-5jg90/access/users",
          "archive": "https://works.hcommons.org/api/records/32ryc-5jg90/files-archive",
          "archive_media": "https://works.hcommons.org/api/records/32ryc-5jg90/media-files-archive",
          "communities": "https://works.hcommons.org/api/records/32ryc-5jg90/communities",
          "communities-suggestions": "https://works.hcommons.org/api/records/32ryc-5jg90/communities-suggestions",
          "doi": "https://doi.org/10.17613/32ryc-5jg90",
          "draft": "https://works.hcommons.org/api/records/32ryc-5jg90/draft",
          "files": "https://works.hcommons.org/api/records/32ryc-5jg90/files",
          "latest": "https://works.hcommons.org/api/records/32ryc-5jg90/versions/latest",
          "latest_html": "https://works.hcommons.org/records/32ryc-5jg90/latest",
          "media_files": "https://works.hcommons.org/api/records/32ryc-5jg90/media-files",
          "parent": "https://works.hcommons.org/api/records/1e32c-w6a53",
          "parent_doi": "https://works.hcommons.org/doi/10.17613/1e32c-w6a53",
          "parent_html": "https://works.hcommons.org/records/1e32c-w6a53",
          "requests": "https://works.hcommons.org/api/records/32ryc-5jg90/requests",
          "reserve_doi": "https://works.hcommons.org/api/records/32ryc-5jg90/draft/pids/doi",
          "self": "https://works.hcommons.org/api/records/32ryc-5jg90",
          "self_doi": "https://works.hcommons.org/doi/10.17613/32ryc-5jg90",
          "self_html": "https://works.hcommons.org/records/32ryc-5jg90",
          "self_iiif_manifest": "https://works.hcommons.org/api/iiif/record:32ryc-5jg90/manifest",
          "self_iiif_sequence": "https://works.hcommons.org/api/iiif/record:32ryc-5jg90/sequence/default",
          "versions": "https://works.hcommons.org/api/records/32ryc-5jg90/versions"
        },
        "media_files": {
          "count": 0,
          "enabled": false,
          "entries": {},
          "order": [],
          "total_bytes": 0
        },
        "metadata": {
          "creators": [
            {
              "person_or_org": {
                "family_name": "Ables",
                "given_name": "Travis E (Travis Evan)",
                "name": "Ables, Travis E (Travis Evan)",
                "type": "personal"
              },
              "role": {
                "id": "author",
                "title": {
                  "en": "Author"
                }
              }
            }
          ],
          "identifiers": [
            {
              "identifier": "YoGJgD",
              "scheme": "import-recid"
            },
            {
              "identifier": "https://jcrt.org/archives/08.3/ables/",
              "scheme": "url"
            }
          ],
          "languages": [
            {
              "id": "eng",
              "title": {
                "en": "English"
              }
            }
          ],
          "publication_date": "2007",
          "publisher": "Whitestone Publications",
          "resource_type": {
            "id": "textDocument-journalArticle",
            "title": {
              "de": "Zeitschriftenartikel",
              "en": "Journal article"
            }
          },
          "rights": [
            {
              "link": "https://jcrt.org/copyright/",
              "title": {
                "en": "Copyright held by the author(s). Published in the Journal for Cultural and Religious Theory."
              }
            }
          ],
          "subjects": [
            {
              "id": "http://id.worldcat.org/fast/882382",
              "scheme": "FAST-topical",
              "subject": "Creation"
            },
            {
              "id": "http://id.worldcat.org/fast/901476",
              "scheme": "FAST-topical",
              "subject": "Ecology"
            },
            {
              "id": "http://id.worldcat.org/fast/1745544",
              "scheme": "FAST-topical",
              "subject": "Ecotheology"
            },
            {
              "id": "http://id.worldcat.org/fast/959009",
              "scheme": "FAST-topical",
              "subject": "Holy Spirit"
            },
            {
              "id": "http://id.worldcat.org/fast/997251",
              "scheme": "FAST-topical",
              "subject": "Liberty"
            },
            {
              "id": "http://id.worldcat.org/fast/1034561",
              "scheme": "FAST-topical",
              "subject": "Nature"
            },
            {
              "id": "http://id.worldcat.org/fast/1156777",
              "scheme": "FAST-topical",
              "subject": "Trinity"
            }
          ],
          "title": "Creation Set Free: the Spirit as Liberator of Nature"
        },
        "parent": {
          "access": {
            "grants": [],
            "links": [],
            "owned_by": {
              "user": "3742"
            },
            "settings": {
              "accept_conditions_text": null,
              "allow_guest_requests": false,
              "allow_user_requests": false,
              "secret_link_expiration": 0
            }
          },
          "communities": {
            "default": "6f7dd020-c492-4d97-904d-185348cfcf1d",
            "entries": [
              {
                "access": {
                  "member_policy": "open",
                  "members_visibility": "public",
                  "record_policy": "open",
                  "review_policy": "closed",
                  "visibility": "public"
                },
                "children": {
                  "allow": false
                },
                "created": "2026-08-30T10:53:28.571570+00:00",
                "custom_fields": {
                  "stats:dashboard_enabled": false
                },
                "deletion_status": {
                  "is_deleted": false,
                  "status": "P"
                },
                "id": "6f7dd020-c492-4d97-904d-185348cfcf1d",
                "links": {},
                "metadata": {
                  "description": "JCRT 08.3",
                  "title": "JCRT 08.3",
                  "type": {
                    "id": "journal"
                  },
                  "website": "https://jcrt.org/archives/08.3/"
                },
                "revision_id": 3,
                "slug": "jcrt-083",
                "updated": "2026-08-30T10:53:29.257434+00:00"
              }
            ],
            "ids": [
              "6f7dd020-c492-4d97-904d-185348cfcf1d"
            ]
          },
          "id": "1e32c-w6a53",
          "pids": {
            "doi": {
              "client": "datacite",
              "identifier": "10.17613/1e32c-w6a53",
              "provider": "datacite"
            }
          }
        },
        "pids": {
          "doi": {
            "client": "datacite",
            "identifier": "10.17613/32ryc-5jg90",
            "provider": "datacite"
          },
          "oai": {
            "identifier": "oai:https://works.hcommons.org:32ryc-5jg90",
            "provider": "oai"
          }
        },
        "revision_id": 5,
        "stats": {
          "all_versions": {
            "data_volume": 0.0,
            "downloads": 0,
            "unique_downloads": 0,
            "unique_views": 0,
            "views": 0
          },
          "this_version": {
            "data_volume": 0.0,
            "downloads": 0,
            "unique_downloads": 0,
            "unique_views": 0,
            "views": 0
          }
        },
        "status": "published",
        "updated": "2026-08-30T10:53:32.929838+00:00",
        "versions": {
          "index": 1,
          "is_latest": true,
          "is_latest_draft": true
        }
      },
      "record_id": "32ryc-5jg90",
      "record_url": "https://works.hcommons.org/records/32ryc-5jg90",
      "source_id": ""
    },
    {
      "collection_id": "6f7dd020-c492-4d97-904d-185348cfcf1d",
      "errors": [],
      "files": {
        "Cake.pdf": {
          "messages": [],
          "status": "uploaded"
        }
      },
      "item_index": 1,
      "metadata": {
        "access": {
          "embargo": {
            "active": false,
            "reason": null
          },
          "files": "public",
          "record": "public",
          "status": "open"
        },
        "created": "2026-08-30T10:53:34.637517+00:00",
        "custom_fields": {
          "journal:journal": {
            "issn": "1530-5228",
            "issue": "3",
            "pages": "",
            "title": "Journal for Cultural & Religious Theory",
            "volume": "8"
          },
          "kcr:user_defined_tags": [
            "friedrich-nietzsche",
            "christianity",
            "antichrist",
            "critique-of-religion",
            "nihilism",
            "atheism",
            "philosophy-of-religion",
            "morality",
            "genealogy-of-morals",
            "ressentiment",
            "secularization"
          ]
        },
        "deletion_status": {
          "is_deleted": false,
          "status": "P"
        },
        "files": {
          "count": 1,
          "enabled": true,
          "entries": {
            "Cake.pdf": {
              "access": {
                "hidden": false
              },
              "checksum": "md5:21486152bfec1ad94dc0e8ecb7a1e561",
              "ext": "pdf",
              "id": "85e47946-ddfd-4408-afc5-1962aa3e4bbc",
              "key": "Cake.pdf",
              "links": {
                "content": "https://works.hcommons.org/api/records/gn84j-3hn30/files/Cake.pdf/content",
                "iiif_api": "https://works.hcommons.org/api/iiif/record:gn84j-3hn30:Cake.pdf/full/full/0/default.png",
                "iiif_base": "https://works.hcommons.org/api/iiif/record:gn84j-3hn30:Cake.pdf",
                "iiif_canvas": "https://works.hcommons.org/api/iiif/record:gn84j-3hn30/canvas/Cake.pdf",
                "iiif_info": "https://works.hcommons.org/api/iiif/record:gn84j-3hn30:Cake.pdf/info.json",
                "self": "https://works.hcommons.org/api/records/gn84j-3hn30/files/Cake.pdf"
              },
              "metadata": {},
              "mimetype": "application/pdf",
              "size": 247453,
              "storage_class": "L"
            }
          },
          "order": [],
          "total_bytes": 247453
        },
        "id": "gn84j-3hn30",
        "is_draft": false,
        "is_published": true,
        "links": {
          "access": "https://works.hcommons.org/api/records/gn84j-3hn30/access",
          "access_grants": "https://works.hcommons.org/api/records/gn84j-3hn30/access/grants",
          "access_groups": "https://works.hcommons.org/api/records/gn84j-3hn30/access/groups",
          "access_links": "https://works.hcommons.org/api/records/gn84j-3hn30/access/links",
          "access_request": "https://works.hcommons.org/api/records/gn84j-3hn30/access/request",
          "access_users": "https://works.hcommons.org/api/records/gn84j-3hn30/access/users",
          "archive": "https://works.hcommons.org/api/records/gn84j-3hn30/files-archive",
          "archive_media": "https://works.hcommons.org/api/records/gn84j-3hn30/media-files-archive",
          "communities": "https://works.hcommons.org/api/records/gn84j-3hn30/communities",
          "communities-suggestions": "https://works.hcommons.org/api/records/gn84j-3hn30/communities-suggestions",
          "doi": "https://doi.org/10.17613/gn84j-3hn30",
          "draft": "https://works.hcommons.org/api/records/gn84j-3hn30/draft",
          "files": "https://works.hcommons.org/api/records/gn84j-3hn30/files",
          "latest": "https://works.hcommons.org/api/records/gn84j-3hn30/versions/latest",
          "latest_html": "https://works.hcommons.org/records/gn84j-3hn30/latest",
          "media_files": "https://works.hcommons.org/api/records/gn84j-3hn30/media-files",
          "parent": "https://works.hcommons.org/api/records/c6qmz-rew13",
          "parent_doi": "https://works.hcommons.org/doi/10.17613/c6qmz-rew13",
          "parent_html": "https://works.hcommons.org/records/c6qmz-rew13",
          "requests": "https://works.hcommons.org/api/records/gn84j-3hn30/requests",
          "reserve_doi": "https://works.hcommons.org/api/records/gn84j-3hn30/draft/pids/doi",
          "self": "https://works.hcommons.org/api/records/gn84j-3hn30",
          "self_doi": "https://works.hcommons.org/doi/10.17613/gn84j-3hn30",
          "self_html": "https://works.hcommons.org/records/gn84j-3hn30",
          "self_iiif_manifest": "https://works.hcommons.org/api/iiif/record:gn84j-3hn30/manifest",
          "self_iiif_sequence": "https://works.hcommons.org/api/iiif/record:gn84j-3hn30/sequence/default",
          "versions": "https://works.hcommons.org/api/records/gn84j-3hn30/versions"
        },
        "media_files": {
          "count": 0,
          "enabled": false,
          "entries": {},
          "order": [],
          "total_bytes": 0
        },
        "metadata": {
          "creators": [
            {
              "person_or_org": {
                "family_name": "Cake",
                "given_name": "A D C",
                "name": "Cake, A D C",
                "type": "personal"
              },
              "role": {
                "id": "author",
                "title": {
                  "en": "Author"
                }
              }
            }
          ],
          "identifiers": [
            {
              "identifier": "EzjQKd",
              "scheme": "import-recid"
            },
            {
              "identifier": "https://jcrt.org/archives/08.3/cake/",
              "scheme": "url"
            }
          ],
          "languages": [
            {
              "id": "eng",
              "title": {
                "en": "English"
              }
            }
          ],
          "publication_date": "2007",
          "publisher": "Whitestone Publications",
          "resource_type": {
            "id": "textDocument-journalArticle",
            "title": {
              "de": "Zeitschriftenartikel",
              "en": "Journal article"
            }
          },
          "rights": [
            {
              "link": "https://jcrt.org/copyright/",
              "title": {
                "en": "Copyright held by the author(s). Published in the Journal for Cultural and Religious Theory."
              }
            }
          ],
          "subjects": [
            {
              "id": "http://id.worldcat.org/fast/810461",
              "scheme": "FAST-topical",
              "subject": "Antichrist"
            },
            {
              "id": "http://id.worldcat.org/fast/819974",
              "scheme": "FAST-topical",
              "subject": "Atheism"
            },
            {
              "id": "http://id.worldcat.org/fast/859599",
              "scheme": "FAST-topical",
              "subject": "Christianity"
            },
            {
              "id": "http://id.worldcat.org/fast/915833",
              "scheme": "FAST-topical",
              "subject": "Ethics"
            },
            {
              "id": "http://id.worldcat.org/fast/1037702",
              "scheme": "FAST-topical",
              "subject": "Nihilism"
            },
            {
              "id": "http://id.worldcat.org/fast/1110738",
              "scheme": "FAST-topical",
              "subject": "Secularization"
            }
          ],
          "title": "The Shadow of the Anti-Christ: Nietzsche's Critique of Christianity"
        },
        "parent": {
          "access": {
            "grants": [],
            "links": [],
            "owned_by": {
              "user": "3742"
            },
            "settings": {
              "accept_conditions_text": null,
              "allow_guest_requests": false,
              "allow_user_requests": false,
              "secret_link_expiration": 0
            }
          },
          "communities": {
            "default": "6f7dd020-c492-4d97-904d-185348cfcf1d",
            "entries": [
              {
                "access": {
                  "member_policy": "open",
                  "members_visibility": "public",
                  "record_policy": "open",
                  "review_policy": "closed",
                  "visibility": "public"
                },
                "children": {
                  "allow": false
                },
                "created": "2026-08-30T10:53:28.571570+00:00",
                "custom_fields": {
                  "stats:dashboard_enabled": false
                },
                "deletion_status": {
                  "is_deleted": false,
                  "status": "P"
                },
                "id": "6f7dd020-c492-4d97-904d-185348cfcf1d",
                "links": {},
                "metadata": {
                  "description": "JCRT 08.3",
                  "title": "JCRT 08.3",
                  "type": {
                    "id": "journal"
                  },
                  "website": "https://jcrt.org/archives/08.3/"
                },
                "revision_id": 3,
                "slug": "jcrt-083",
                "updated": "2026-08-30T10:53:29.257434+00:00"
              }
            ],
            "ids": [
              "6f7dd020-c492-4d97-904d-185348cfcf1d"
            ]
          },
          "id": "c6qmz-rew13",
          "pids": {
            "doi": {
              "client": "datacite",
              "identifier": "10.17613/c6qmz-rew13",
              "provider": "datacite"
            }
          }
        },
        "pids": {
          "doi": {
            "client": "datacite",
            "identifier": "10.17613/gn84j-3hn30",
            "provider": "datacite"
          },
          "oai": {
            "identifier": "oai:https://works.hcommons.org:gn84j-3hn30",
            "provider": "oai"
          }
        },
        "revision_id": 5,
        "stats": {
          "all_versions": {
            "data_volume": 0.0,
            "downloads": 0,
            "unique_downloads": 0,
            "unique_views": 0,
            "views": 0
          },
          "this_version": {
            "data_volume": 0.0,
            "downloads": 0,
            "unique_downloads": 0,
            "unique_views": 0,
            "views": 0
          }
        },
        "status": "published",
        "updated": "2026-08-30T10:53:34.858016+00:00",
        "versions": {
          "index": 1,
          "is_latest": true,
          "is_latest_draft": true
        }
      },
      "record_id": "gn84j-3hn30",
      "record_url": "https://works.hcommons.org/records/gn84j-3hn30",
      "source_id": ""
    },
    {
      "collection_id": "6f7dd020-c492-4d97-904d-185348cfcf1d",
      "errors": [],
      "files": {
        "Eisenstadt.pdf": {
          "messages": [],
          "status": "uploaded"
        }
      },
      "item_index": 2,
      "metadata": {
        "access": {
          "embargo": {
            "active": false,
            "reason": null
          },
          "files": "public",
          "record": "public",
          "status": "open"
        },
        "created": "2026-08-30T10:53:36.616268+00:00",
        "custom_fields": {
          "journal:journal": {
            "issn": "1530-5228",
            "issue": "3",
            "pages": "",
            "title": "Journal for Cultural & Religious Theory",
            "volume": "8"
          },
          "kcr:user_defined_tags": [
            "christianity-and-judaism",
            "transmission-of-texts",
            "antisemitism",
            "shakespeare",
            "william",
            "jacques",
            "1930-2004",
            "derrida",
            "caputo",
            "translations",
            "1564-1616-plays",
            "john-d",
            "1564-1616-characters-shylock",
            "1564-1616-characters"
          ]
        },
        "deletion_status": {
          "is_deleted": false,
          "status": "P"
        },
        "files": {
          "count": 1,
          "enabled": true,
          "entries": {
            "Eisenstadt.pdf": {
              "access": {
                "hidden": false
              },
              "checksum": "md5:6b39d3bbcfe8ec84b7c3326e8a67fd2b",
              "ext": "pdf",
              "id": "bcec3fa9-6a58-4e59-a1e7-ed72182d1365",
              "key": "Eisenstadt.pdf",
              "links": {
                "content": "https://works.hcommons.org/api/records/h7w2q-h5240/files/Eisenstadt.pdf/content",
                "iiif_api": "https://works.hcommons.org/api/iiif/record:h7w2q-h5240:Eisenstadt.pdf/full/full/0/default.png",
                "iiif_base": "https://works.hcommons.org/api/iiif/record:h7w2q-h5240:Eisenstadt.pdf",
                "iiif_canvas": "https://works.hcommons.org/api/iiif/record:h7w2q-h5240/canvas/Eisenstadt.pdf",
                "iiif_info": "https://works.hcommons.org/api/iiif/record:h7w2q-h5240:Eisenstadt.pdf/info.json",
                "self": "https://works.hcommons.org/api/records/h7w2q-h5240/files/Eisenstadt.pdf"
              },
              "metadata": {},
              "mimetype": "application/pdf",
              "size": 427855,
              "storage_class": "L"
            }
          },
          "order": [],
          "total_bytes": 427855
        },
        "id": "h7w2q-h5240",
        "is_draft": false,
        "is_published": true,
        "links": {
          "access": "https://works.hcommons.org/api/records/h7w2q-h5240/access",
          "access_grants": "https://works.hcommons.org/api/records/h7w2q-h5240/access/grants",
          "access_groups": "https://works.hcommons.org/api/records/h7w2q-h5240/access/groups",
          "access_links": "https://works.hcommons.org/api/records/h7w2q-h5240/access/links",
          "access_request": "https://works.hcommons.org/api/records/h7w2q-h5240/access/request",
          "access_users": "https://works.hcommons.org/api/records/h7w2q-h5240/access/users",
          "archive": "https://works.hcommons.org/api/records/h7w2q-h5240/files-archive",
          "archive_media": "https://works.hcommons.org/api/records/h7w2q-h5240/media-files-archive",
          "communities": "https://works.hcommons.org/api/records/h7w2q-h5240/communities",
          "communities-suggestions": "https://works.hcommons.org/api/records/h7w2q-h5240/communities-suggestions",
          "doi": "https://doi.org/10.17613/h7w2q-h5240",
          "draft": "https://works.hcommons.org/api/records/h7w2q-h5240/draft",
          "files": "https://works.hcommons.org/api/records/h7w2q-h5240/files",
          "latest": "https://works.hcommons.org/api/records/h7w2q-h5240/versions/latest",
          "latest_html": "https://works.hcommons.org/records/h7w2q-h5240/latest",
          "media_files": "https://works.hcommons.org/api/records/h7w2q-h5240/media-files",
          "parent": "https://works.hcommons.org/api/records/g3h50-r7h95",
          "parent_doi": "https://works.hcommons.org/doi/10.17613/g3h50-r7h95",
          "parent_html": "https://works.hcommons.org/records/g3h50-r7h95",
          "requests": "https://works.hcommons.org/api/records/h7w2q-h5240/requests",
          "reserve_doi": "https://works.hcommons.org/api/records/h7w2q-h5240/draft/pids/doi",
          "self": "https://works.hcommons.org/api/records/h7w2q-h5240",
          "self_doi": "https://works.hcommons.org/doi/10.17613/h7w2q-h5240",
          "self_html": "https://works.hcommons.org/records/h7w2q-h5240",
          "self_iiif_manifest": "https://works.hcommons.org/api/iiif/record:h7w2q-h5240/manifest",
          "self_iiif_sequence": "https://works.hcommons.org/api/iiif/record:h7w2q-h5240/sequence/default",
          "versions": "https://works.hcommons.org/api/records/h7w2q-h5240/versions"
        },
        "media_files": {
          "count": 0,
          "enabled": false,
          "entries": {},
          "order": [],
          "total_bytes": 0
        },
        "metadata": {
          "creators": [
            {
              "person_or_org": {
                "family_name": "Eisenstadt",
                "given_name": "Oona",
                "name": "Eisenstadt, Oona",
                "type": "personal"
              },
              "role": {
                "id": "author",
                "title": {
                  "en": "Author"
                }
              }
            }
          ],
          "identifiers": [
            {
              "identifier": "1TZg32",
              "scheme": "import-recid"
            },
            {
              "identifier": "https://jcrt.org/archives/08.3/eisenstadt/",
              "scheme": "url"
            }
          ],
          "languages": [
            {
              "id": "eng",
              "title": {
                "en": "English"
              }
            }
          ],
          "publication_date": "2007",
          "publisher": "Whitestone Publications",
          "resource_type": {
            "id": "textDocument-journalArticle",
            "title": {
              "de": "Zeitschriftenartikel",
              "en": "Journal article"
            }
          },
          "rights": [
            {
              "link": "https://jcrt.org/copyright/",
              "title": {
                "en": "Copyright held by the author(s). Published in the Journal for Cultural and Religious Theory."
              }
            }
          ],
          "subjects": [
            {
              "id": "http://id.worldcat.org/fast/810769",
              "scheme": "FAST-topical",
              "subject": "Antisemitism"
            },
            {
              "id": "http://id.worldcat.org/fast/1154827",
              "scheme": "FAST-topical",
              "subject": "Translations"
            },
            {
              "id": "http://id.worldcat.org/fast/1154863",
              "scheme": "FAST-topical",
              "subject": "Transmission of texts"
            }
          ],
          "title": "Heart's Blood: Derrida and Portia on Translation"
        },
        "parent": {
          "access": {
            "grants": [],
            "links": [],
            "owned_by": {
              "user": "3742"
            },
            "settings": {
              "accept_conditions_text": null,
              "allow_guest_requests": false,
              "allow_user_requests": false,
              "secret_link_expiration": 0
            }
          },
          "communities": {
            "default": "6f7dd020-c492-4d97-904d-185348cfcf1d",
            "entries": [
              {
                "access": {
                  "member_policy": "open",
                  "members_visibility": "public",
                  "record_policy": "open",
                  "review_policy": "closed",
                  "visibility": "public"
                },
                "children": {
                  "allow": false
                },
                "created": "2026-08-30T10:53:28.571570+00:00",
                "custom_fields": {
                  "stats:dashboard_enabled": false
                },
                "deletion_status": {
                  "is_deleted": false,
                  "status": "P"
                },
                "id": "6f7dd020-c492-4d97-904d-185348cfcf1d",
                "links": {},
                "metadata": {
                  "description": "JCRT 08.3",
                  "title": "JCRT 08.3",
                  "type": {
                    "id": "journal"
                  },
                  "website": "https://jcrt.org/archives/08.3/"
                },
                "revision_id": 3,
                "slug": "jcrt-083",
                "updated": "2026-08-30T10:53:29.257434+00:00"
              }
            ],
            "ids": [
              "6f7dd020-c492-4d97-904d-185348cfcf1d"
            ]
          },
          "id": "g3h50-r7h95",
          "pids": {
            "doi": {
              "client": "datacite",
              "identifier": "10.17613/g3h50-r7h95",
              "provider": "datacite"
            }
          }
        },
        "pids": {
          "doi": {
            "client": "datacite",
            "identifier": "10.17613/h7w2q-h5240",
            "provider": "datacite"
          },
          "oai": {
            "identifier": "oai:https://works.hcommons.org:h7w2q-h5240",
            "provider": "oai"
          }
        },
        "revision_id": 5,
        "stats": {
          "all_versions": {
            "data_volume": 0.0,
            "downloads": 0,
            "unique_downloads": 0,
            "unique_views": 0,
            "views": 0
          },
          "this_version": {
            "data_volume": 0.0,
            "downloads": 0,
            "unique_downloads": 0,
            "unique_views": 0,
            "views": 0
          }
        },
        "status": "published",
        "updated": "2026-08-30T10:53:36.849241+00:00",
        "versions": {
          "index": 1,
          "is_latest": true,
          "is_latest_draft": true
        }
      },
      "record_id": "h7w2q-h5240",
      "record_url": "https://works.hcommons.org/records/h7w2q-h5240",
      "source_id": ""
    },
    {
      "collection_id": "6f7dd020-c492-4d97-904d-185348cfcf1d",
      "errors": [],
      "files": {
        "Eisenstadt2.pdf": {
          "messages": [],
          "status": "uploaded"
        }
      },
      "item_index": 3,
      "metadata": {
        "access": {
          "embargo": {
            "active": false,
            "reason": null
          },
          "files": "public",
          "record": "public",
          "status": "open"
        },
        "created": "2026-08-30T10:53:38.540713+00:00",
        "custom_fields": {
          "journal:journal": {
            "issn": "1530-5228",
            "issue": "3",
            "pages": "",
            "title": "Journal for Cultural & Religious Theory",
            "volume": "8"
          },
          "kcr:user_defined_tags": [
            "jacques-derrida",
            "translation",
            "merchant-of-venice",
            "william-shakespeare",
            "deconstruction",
            "mercy",
            "justice",
            "language",
            "hermeneutics",
            "portia",
            "jewish-thought"
          ]
        },
        "deletion_status": {
          "is_deleted": false,
          "status": "P"
        },
        "files": {
          "count": 1,
          "enabled": true,
          "entries": {
            "Eisenstadt2.pdf": {
              "access": {
                "hidden": false
              },
              "checksum": "md5:8a81b1370ed484438b3adadd88efa261",
              "ext": "pdf",
              "id": "cdc834c7-d256-400d-9f79-7d8556d7cdc9",
              "key": "Eisenstadt2.pdf",
              "links": {
                "content": "https://works.hcommons.org/api/records/16zqg-c4g28/files/Eisenstadt2.pdf/content",
                "iiif_api": "https://works.hcommons.org/api/iiif/record:16zqg-c4g28:Eisenstadt2.pdf/full/full/0/default.png",
                "iiif_base": "https://works.hcommons.org/api/iiif/record:16zqg-c4g28:Eisenstadt2.pdf",
                "iiif_canvas": "https://works.hcommons.org/api/iiif/record:16zqg-c4g28/canvas/Eisenstadt2.pdf",
                "iiif_info": "https://works.hcommons.org/api/iiif/record:16zqg-c4g28:Eisenstadt2.pdf/info.json",
                "self": "https://works.hcommons.org/api/records/16zqg-c4g28/files/Eisenstadt2.pdf"
              },
              "metadata": {},
              "mimetype": "application/pdf",
              "size": 669893,
              "storage_class": "L"
            }
          },
          "order": [],
          "total_bytes": 669893
        },
        "id": "16zqg-c4g28",
        "is_draft": false,
        "is_published": true,
        "links": {
          "access": "https://works.hcommons.org/api/records/16zqg-c4g28/access",
          "access_grants": "https://works.hcommons.org/api/records/16zqg-c4g28/access/grants",
          "access_groups": "https://works.hcommons.org/api/records/16zqg-c4g28/access/groups",
          "access_links": "https://works.hcommons.org/api/records/16zqg-c4g28/access/links",
          "access_request": "https://works.hcommons.org/api/records/16zqg-c4g28/access/request",
          "access_users": "https://works.hcommons.org/api/records/16zqg-c4g28/access/users",
          "archive": "https://works.hcommons.org/api/records/16zqg-c4g28/files-archive",
          "archive_media": "https://works.hcommons.org/api/records/16zqg-c4g28/media-files-archive",
          "communities": "https://works.hcommons.org/api/records/16zqg-c4g28/communities",
          "communities-suggestions": "https://works.hcommons.org/api/records/16zqg-c4g28/communities-suggestions",
          "doi": "https://doi.org/10.17613/16zqg-c4g28",
          "draft": "https://works.hcommons.org/api/records/16zqg-c4g28/draft",
          "files": "https://works.hcommons.org/api/records/16zqg-c4g28/files",
          "latest": "https://works.hcommons.org/api/records/16zqg-c4g28/versions/latest",
          "latest_html": "https://works.hcommons.org/records/16zqg-c4g28/latest",
          "media_files": "https://works.hcommons.org/api/records/16zqg-c4g28/media-files",
          "parent": "https://works.hcommons.org/api/records/nahs5-xn769",
          "parent_doi": "https://works.hcommons.org/doi/10.17613/nahs5-xn769",
          "parent_html": "https://works.hcommons.org/records/nahs5-xn769",
          "requests": "https://works.hcommons.org/api/records/16zqg-c4g28/requests",
          "reserve_doi": "https://works.hcommons.org/api/records/16zqg-c4g28/draft/pids/doi",
          "self": "https://works.hcommons.org/api/records/16zqg-c4g28",
          "self_doi": "https://works.hcommons.org/doi/10.17613/16zqg-c4g28",
          "self_html": "https://works.hcommons.org/records/16zqg-c4g28",
          "self_iiif_manifest": "https://works.hcommons.org/api/iiif/record:16zqg-c4g28/manifest",
          "self_iiif_sequence": "https://works.hcommons.org/api/iiif/record:16zqg-c4g28/sequence/default",
          "versions": "https://works.hcommons.org/api/records/16zqg-c4g28/versions"
        },
        "media_files": {
          "count": 0,
          "enabled": false,
          "entries": {},
          "order": [],
          "total_bytes": 0
        },
        "metadata": {
          "creators": [
            {
              "person_or_org": {
                "family_name": "Eisenstadt",
                "given_name": "Oona",
                "name": "Eisenstadt, Oona",
                "type": "personal"
              },
              "role": {
                "id": "author",
                "title": {
                  "en": "Author"
                }
              }
            }
          ],
          "identifiers": [
            {
              "identifier": "REcz8C",
              "scheme": "import-recid"
            },
            {
              "identifier": "https://jcrt.org/archives/08.3/eisenstadt2/",
              "scheme": "url"
            }
          ],
          "languages": [
            {
              "id": "eng",
              "title": {
                "en": "English"
              }
            }
          ],
          "publication_date": "2007",
          "publisher": "Whitestone Publications",
          "resource_type": {
            "id": "textDocument-journalArticle",
            "title": {
              "de": "Zeitschriftenartikel",
              "en": "Journal article"
            }
          },
          "rights": [
            {
              "link": "https://jcrt.org/copyright/",
              "title": {
                "en": "Copyright held by the author(s). Published in the Journal for Cultural and Religious Theory."
              }
            }
          ],
          "subjects": [
            {
              "id": "http://id.worldcat.org/fast/889137",
              "scheme": "FAST-topical",
              "subject": "Deconstruction"
            },
            {
              "id": "http://id.worldcat.org/fast/955492",
              "scheme": "FAST-topical",
              "subject": "Hermeneutics"
            },
            {
              "id": "http://id.worldcat.org/fast/985122",
              "scheme": "FAST-topical",
              "subject": "Justice"
            },
            {
              "id": "http://id.worldcat.org/fast/1017156",
              "scheme": "FAST-topical",
              "subject": "Mercy"
            },
            {
              "id": "http://id.worldcat.org/fast/1072089",
              "scheme": "FAST-topical",
              "subject": "Portia"
            }
          ],
          "title": "Heart's Blood: Derrida and Portia on Translation"
        },
        "parent": {
          "access": {
            "grants": [],
            "links": [],
            "owned_by": {
              "user": "3742"
            },
            "settings": {
              "accept_conditions_text": null,
              "allow_guest_requests": false,
              "allow_user_requests": false,
              "secret_link_expiration": 0
            }
          },
          "communities": {
            "default": "6f7dd020-c492-4d97-904d-185348cfcf1d",
            "entries": [
              {
                "access": {
                  "member_policy": "open",
                  "members_visibility": "public",
                  "record_policy": "open",
                  "review_policy": "closed",
                  "visibility": "public"
                },
                "children": {
                  "allow": false
                },
                "created": "2026-08-30T10:53:28.571570+00:00",
                "custom_fields": {
                  "stats:dashboard_enabled": false
                },
                "deletion_status": {
                  "is_deleted": false,
                  "status": "P"
                },
                "id": "6f7dd020-c492-4d97-904d-185348cfcf1d",
                "links": {},
                "metadata": {
                  "description": "JCRT 08.3",
                  "title": "JCRT 08.3",
                  "type": {
                    "id": "journal"
                  },
                  "website": "https://jcrt.org/archives/08.3/"
                },
                "revision_id": 3,
                "slug": "jcrt-083",
                "updated": "2026-08-30T10:53:29.257434+00:00"
              }
            ],
            "ids": [
              "6f7dd020-c492-4d97-904d-185348cfcf1d"
            ]
          },
          "id": "nahs5-xn769",
          "pids": {
            "doi": {
              "client": "datacite",
              "identifier": "10.17613/nahs5-xn769",
              "provider": "datacite"
            }
          }
        },
        "pids": {
          "doi": {
            "client": "datacite",
            "identifier": "10.17613/16zqg-c4g28",
            "provider": "datacite"
          },
          "oai": {
            "identifier": "oai:https://works.hcommons.org:16zqg-c4g28",
            "provider": "oai"
          }
        },
        "revision_id": 5,
        "stats": {
          "all_versions": {
            "data_volume": 0.0,
            "downloads": 0,
            "unique_downloads": 0,
            "unique_views": 0,
            "views": 0
          },
          "this_version": {
            "data_volume": 0.0,
            "downloads": 0,
            "unique_downloads": 0,
            "unique_views": 0,
            "views": 0
          }
        },
        "status": "published",
        "updated": "2026-08-30T10:53:38.769772+00:00",
        "versions": {
          "index": 1,
          "is_latest": true,
          "is_latest_draft": true
        }
      },
      "record_id": "16zqg-c4g28",
      "record_url": "https://works.hcommons.org/records/16zqg-c4g28",
      "source_id": ""
    }
  ],
  "errors": [],
  "message": "All records were successfully imported",
  "status": "success"
}