{
  "data": [
    {
      "collection_id": "2c8533dc-f95b-4e7c-8373-5a2e874b60a3",
      "errors": [],
      "files": {
        "Celermajer.pdf": {
          "messages": [],
          "status": "uploaded"
        }
      },
      "item_index": 0,
      "metadata": {
        "access": {
          "embargo": {
            "active": false,
            "reason": null
          },
          "files": "public",
          "record": "public",
          "status": "open"
        },
        "created": "2026-08-30T10:52:39.176177+00:00",
        "custom_fields": {
          "journal:journal": {
            "issn": "1530-5228",
            "issue": "1",
            "pages": "",
            "title": "Journal for Cultural & Religious Theory",
            "volume": "9"
          },
          "kcr:user_defined_tags": [
            "interpersonal-relations",
            "philosophy",
            "other-philosophy",
            "the",
            "1906-1995",
            "emmanuel",
            "le-vinas",
            "jewish",
            "state",
            "repentance",
            "political-ethics-history",
            "reparations-for-historical-injustices",
            "speech-acts-linguistics"
          ]
        },
        "deletion_status": {
          "is_deleted": false,
          "status": "P"
        },
        "files": {
          "count": 1,
          "enabled": true,
          "entries": {
            "Celermajer.pdf": {
              "access": {
                "hidden": false
              },
              "checksum": "md5:f4b09af05a97981aa8ac7cc12fa30937",
              "ext": "pdf",
              "id": "f454f1a8-2dee-4184-a7a7-dd40be102e9f",
              "key": "Celermajer.pdf",
              "links": {
                "content": "https://works.hcommons.org/api/records/w5ts8-zde76/files/Celermajer.pdf/content",
                "iiif_api": "https://works.hcommons.org/api/iiif/record:w5ts8-zde76:Celermajer.pdf/full/full/0/default.png",
                "iiif_base": "https://works.hcommons.org/api/iiif/record:w5ts8-zde76:Celermajer.pdf",
                "iiif_canvas": "https://works.hcommons.org/api/iiif/record:w5ts8-zde76/canvas/Celermajer.pdf",
                "iiif_info": "https://works.hcommons.org/api/iiif/record:w5ts8-zde76:Celermajer.pdf/info.json",
                "self": "https://works.hcommons.org/api/records/w5ts8-zde76/files/Celermajer.pdf"
              },
              "metadata": {},
              "mimetype": "application/pdf",
              "size": 956929,
              "storage_class": "L"
            }
          },
          "order": [],
          "total_bytes": 956929
        },
        "id": "w5ts8-zde76",
        "is_draft": false,
        "is_published": true,
        "links": {
          "access": "https://works.hcommons.org/api/records/w5ts8-zde76/access",
          "access_grants": "https://works.hcommons.org/api/records/w5ts8-zde76/access/grants",
          "access_groups": "https://works.hcommons.org/api/records/w5ts8-zde76/access/groups",
          "access_links": "https://works.hcommons.org/api/records/w5ts8-zde76/access/links",
          "access_request": "https://works.hcommons.org/api/records/w5ts8-zde76/access/request",
          "access_users": "https://works.hcommons.org/api/records/w5ts8-zde76/access/users",
          "archive": "https://works.hcommons.org/api/records/w5ts8-zde76/files-archive",
          "archive_media": "https://works.hcommons.org/api/records/w5ts8-zde76/media-files-archive",
          "communities": "https://works.hcommons.org/api/records/w5ts8-zde76/communities",
          "communities-suggestions": "https://works.hcommons.org/api/records/w5ts8-zde76/communities-suggestions",
          "doi": "https://doi.org/10.17613/w5ts8-zde76",
          "draft": "https://works.hcommons.org/api/records/w5ts8-zde76/draft",
          "files": "https://works.hcommons.org/api/records/w5ts8-zde76/files",
          "latest": "https://works.hcommons.org/api/records/w5ts8-zde76/versions/latest",
          "latest_html": "https://works.hcommons.org/records/w5ts8-zde76/latest",
          "media_files": "https://works.hcommons.org/api/records/w5ts8-zde76/media-files",
          "parent": "https://works.hcommons.org/api/records/vh4w1-5cw35",
          "parent_doi": "https://works.hcommons.org/doi/10.17613/vh4w1-5cw35",
          "parent_html": "https://works.hcommons.org/records/vh4w1-5cw35",
          "requests": "https://works.hcommons.org/api/records/w5ts8-zde76/requests",
          "reserve_doi": "https://works.hcommons.org/api/records/w5ts8-zde76/draft/pids/doi",
          "self": "https://works.hcommons.org/api/records/w5ts8-zde76",
          "self_doi": "https://works.hcommons.org/doi/10.17613/w5ts8-zde76",
          "self_html": "https://works.hcommons.org/records/w5ts8-zde76",
          "self_iiif_manifest": "https://works.hcommons.org/api/iiif/record:w5ts8-zde76/manifest",
          "self_iiif_sequence": "https://works.hcommons.org/api/iiif/record:w5ts8-zde76/sequence/default",
          "versions": "https://works.hcommons.org/api/records/w5ts8-zde76/versions"
        },
        "media_files": {
          "count": 0,
          "enabled": false,
          "entries": {},
          "order": [],
          "total_bytes": 0
        },
        "metadata": {
          "creators": [
            {
              "person_or_org": {
                "family_name": "Celermajer",
                "given_name": "Danielle",
                "name": "Celermajer, Danielle",
                "type": "personal"
              },
              "role": {
                "id": "author",
                "title": {
                  "en": "Author"
                }
              }
            }
          ],
          "identifiers": [
            {
              "identifier": "HPxV1G",
              "scheme": "import-recid"
            },
            {
              "identifier": "https://jcrt.org/archives/09.1/celermajer/",
              "scheme": "url"
            }
          ],
          "languages": [
            {
              "id": "eng",
              "title": {
                "en": "English"
              }
            }
          ],
          "publication_date": "2008",
          "publisher": "Whitestone Publications",
          "resource_type": {
            "id": "textDocument-journalArticle",
            "title": {
              "de": "Zeitschriftenartikel",
              "en": "Journal article"
            }
          },
          "rights": [
            {
              "link": "https://jcrt.org/copyright/",
              "title": {
                "en": "Copyright held by the author(s). Published in the Journal for Cultural and Religious Theory."
              }
            }
          ],
          "subjects": [
            {
              "id": "http://id.worldcat.org/fast/977397",
              "scheme": "FAST-topical",
              "subject": "Interpersonal relations"
            },
            {
              "id": "http://id.worldcat.org/fast/1048904",
              "scheme": "FAST-topical",
              "subject": "Other (Philosophy)"
            },
            {
              "id": "http://id.worldcat.org/fast/1060777",
              "scheme": "FAST-topical",
              "subject": "Philosophy"
            },
            {
              "id": "http://id.worldcat.org/fast/1069287",
              "scheme": "FAST-topical",
              "subject": "Political ethics--History"
            },
            {
              "id": "http://id.worldcat.org/fast/1732564",
              "scheme": "FAST-topical",
              "subject": "Reparations for historical injustices"
            },
            {
              "id": "http://id.worldcat.org/fast/1094793",
              "scheme": "FAST-topical",
              "subject": "Repentance"
            },
            {
              "id": "http://id.worldcat.org/fast/1129183",
              "scheme": "FAST-topical",
              "subject": "Speech acts (Linguistics)"
            }
          ],
          "title": "Apology and the Possibility of Ethical Politics"
        },
        "parent": {
          "access": {
            "grants": [],
            "links": [],
            "owned_by": {
              "user": "3742"
            },
            "settings": {
              "accept_conditions_text": null,
              "allow_guest_requests": false,
              "allow_user_requests": false,
              "secret_link_expiration": 0
            }
          },
          "communities": {
            "default": "2c8533dc-f95b-4e7c-8373-5a2e874b60a3",
            "entries": [
              {
                "access": {
                  "member_policy": "open",
                  "members_visibility": "public",
                  "record_policy": "open",
                  "review_policy": "closed",
                  "visibility": "public"
                },
                "children": {
                  "allow": false
                },
                "created": "2026-08-30T10:52:34.367750+00:00",
                "custom_fields": {
                  "stats:dashboard_enabled": false
                },
                "deletion_status": {
                  "is_deleted": false,
                  "status": "P"
                },
                "id": "2c8533dc-f95b-4e7c-8373-5a2e874b60a3",
                "links": {},
                "metadata": {
                  "description": "JCRT 09.1",
                  "title": "JCRT 09.1",
                  "type": {
                    "id": "journal"
                  },
                  "website": "https://jcrt.org/archives/09.1/"
                },
                "revision_id": 3,
                "slug": "jcrt-091",
                "updated": "2026-08-30T10:52:35.090160+00:00"
              }
            ],
            "ids": [
              "2c8533dc-f95b-4e7c-8373-5a2e874b60a3"
            ]
          },
          "id": "vh4w1-5cw35",
          "pids": {
            "doi": {
              "client": "datacite",
              "identifier": "10.17613/vh4w1-5cw35",
              "provider": "datacite"
            }
          }
        },
        "pids": {
          "doi": {
            "client": "datacite",
            "identifier": "10.17613/w5ts8-zde76",
            "provider": "datacite"
          },
          "oai": {
            "identifier": "oai:https://works.hcommons.org:w5ts8-zde76",
            "provider": "oai"
          }
        },
        "revision_id": 5,
        "stats": {
          "all_versions": {
            "data_volume": 0.0,
            "downloads": 0,
            "unique_downloads": 0,
            "unique_views": 0,
            "views": 0
          },
          "this_version": {
            "data_volume": 0.0,
            "downloads": 0,
            "unique_downloads": 0,
            "unique_views": 0,
            "views": 0
          }
        },
        "status": "published",
        "updated": "2026-08-30T10:52:39.473050+00:00",
        "versions": {
          "index": 1,
          "is_latest": true,
          "is_latest_draft": true
        }
      },
      "record_id": "w5ts8-zde76",
      "record_url": "https://works.hcommons.org/records/w5ts8-zde76",
      "source_id": ""
    },
    {
      "collection_id": "2c8533dc-f95b-4e7c-8373-5a2e874b60a3",
      "errors": [],
      "files": {
        "Grieve-Carlson.pdf": {
          "messages": [],
          "status": "uploaded"
        }
      },
      "item_index": 1,
      "metadata": {
        "access": {
          "embargo": {
            "active": false,
            "reason": null
          },
          "files": "public",
          "record": "public",
          "status": "open"
        },
        "created": "2026-08-30T10:52:41.318633+00:00",
        "custom_fields": {
          "journal:journal": {
            "issn": "1530-5228",
            "issue": "1",
            "pages": "",
            "title": "Journal for Cultural & Religious Theory",
            "volume": "9"
          },
          "kcr:user_defined_tags": [
            "enlightenment",
            "radical-engagement",
            "political-theory",
            "stephen-eric-bronner",
            "rationalism",
            "secularism",
            "modernity",
            "progressive-politics",
            "critique-of-reason",
            "universalism",
            "emancipation",
            "cosmopolitanism"
          ]
        },
        "deletion_status": {
          "is_deleted": false,
          "status": "P"
        },
        "files": {
          "count": 1,
          "enabled": true,
          "entries": {
            "Grieve-Carlson.pdf": {
              "access": {
                "hidden": false
              },
              "checksum": "md5:68f21e9cd55289f38ebc00ab8bb455c3",
              "ext": "pdf",
              "id": "8df45073-41c7-432e-aa7c-794f919de8b2",
              "key": "Grieve-Carlson.pdf",
              "links": {
                "content": "https://works.hcommons.org/api/records/1zj5d-ajv76/files/Grieve-Carlson.pdf/content",
                "iiif_api": "https://works.hcommons.org/api/iiif/record:1zj5d-ajv76:Grieve-Carlson.pdf/full/full/0/default.png",
                "iiif_base": "https://works.hcommons.org/api/iiif/record:1zj5d-ajv76:Grieve-Carlson.pdf",
                "iiif_canvas": "https://works.hcommons.org/api/iiif/record:1zj5d-ajv76/canvas/Grieve-Carlson.pdf",
                "iiif_info": "https://works.hcommons.org/api/iiif/record:1zj5d-ajv76:Grieve-Carlson.pdf/info.json",
                "self": "https://works.hcommons.org/api/records/1zj5d-ajv76/files/Grieve-Carlson.pdf"
              },
              "metadata": null,
              "mimetype": "application/pdf",
              "size": 366780,
              "storage_class": "L"
            }
          },
          "order": [],
          "total_bytes": 366780
        },
        "id": "1zj5d-ajv76",
        "is_draft": false,
        "is_published": true,
        "links": {
          "access": "https://works.hcommons.org/api/records/1zj5d-ajv76/access",
          "access_grants": "https://works.hcommons.org/api/records/1zj5d-ajv76/access/grants",
          "access_groups": "https://works.hcommons.org/api/records/1zj5d-ajv76/access/groups",
          "access_links": "https://works.hcommons.org/api/records/1zj5d-ajv76/access/links",
          "access_request": "https://works.hcommons.org/api/records/1zj5d-ajv76/access/request",
          "access_users": "https://works.hcommons.org/api/records/1zj5d-ajv76/access/users",
          "archive": "https://works.hcommons.org/api/records/1zj5d-ajv76/files-archive",
          "archive_media": "https://works.hcommons.org/api/records/1zj5d-ajv76/media-files-archive",
          "communities": "https://works.hcommons.org/api/records/1zj5d-ajv76/communities",
          "communities-suggestions": "https://works.hcommons.org/api/records/1zj5d-ajv76/communities-suggestions",
          "doi": "https://doi.org/10.17613/1zj5d-ajv76",
          "draft": "https://works.hcommons.org/api/records/1zj5d-ajv76/draft",
          "files": "https://works.hcommons.org/api/records/1zj5d-ajv76/files",
          "latest": "https://works.hcommons.org/api/records/1zj5d-ajv76/versions/latest",
          "latest_html": "https://works.hcommons.org/records/1zj5d-ajv76/latest",
          "media_files": "https://works.hcommons.org/api/records/1zj5d-ajv76/media-files",
          "parent": "https://works.hcommons.org/api/records/8xnbz-t8f82",
          "parent_doi": "https://works.hcommons.org/doi/10.17613/8xnbz-t8f82",
          "parent_html": "https://works.hcommons.org/records/8xnbz-t8f82",
          "requests": "https://works.hcommons.org/api/records/1zj5d-ajv76/requests",
          "reserve_doi": "https://works.hcommons.org/api/records/1zj5d-ajv76/draft/pids/doi",
          "self": "https://works.hcommons.org/api/records/1zj5d-ajv76",
          "self_doi": "https://works.hcommons.org/doi/10.17613/1zj5d-ajv76",
          "self_html": "https://works.hcommons.org/records/1zj5d-ajv76",
          "self_iiif_manifest": "https://works.hcommons.org/api/iiif/record:1zj5d-ajv76/manifest",
          "self_iiif_sequence": "https://works.hcommons.org/api/iiif/record:1zj5d-ajv76/sequence/default",
          "versions": "https://works.hcommons.org/api/records/1zj5d-ajv76/versions"
        },
        "media_files": {
          "count": 0,
          "enabled": false,
          "entries": {},
          "order": [],
          "total_bytes": 0
        },
        "metadata": {
          "creators": [
            {
              "person_or_org": {
                "family_name": "Grieve-Carlson",
                "given_name": "Gary",
                "name": "Grieve-Carlson, Gary",
                "type": "personal"
              },
              "role": {
                "id": "author",
                "title": {
                  "en": "Author"
                }
              }
            }
          ],
          "identifiers": [
            {
              "identifier": "J4jzGb",
              "scheme": "import-recid"
            },
            {
              "identifier": "https://jcrt.org/archives/09.1/grieve-carlson/",
              "scheme": "url"
            }
          ],
          "languages": [
            {
              "id": "eng",
              "title": {
                "en": "English"
              }
            }
          ],
          "publication_date": "2008",
          "publisher": "Whitestone Publications",
          "resource_type": {
            "id": "textDocument-journalArticle",
            "title": {
              "de": "Zeitschriftenartikel",
              "en": "Journal article"
            }
          },
          "rights": [
            {
              "link": "https://jcrt.org/copyright/",
              "title": {
                "en": "Copyright held by the author(s). Published in the Journal for Cultural and Religious Theory."
              }
            }
          ],
          "subjects": [
            {
              "id": "http://id.worldcat.org/fast/863073",
              "scheme": "FAST-topical",
              "subject": "Civilization, Modern"
            },
            {
              "id": "http://id.worldcat.org/fast/880635",
              "scheme": "FAST-topical",
              "subject": "Cosmopolitanism"
            },
            {
              "id": "http://id.worldcat.org/fast/912527",
              "scheme": "FAST-topical",
              "subject": "Enlightenment"
            },
            {
              "id": "http://id.worldcat.org/fast/997251",
              "scheme": "FAST-topical",
              "subject": "Liberty"
            },
            {
              "id": "http://id.worldcat.org/fast/1069781",
              "scheme": "FAST-topical",
              "subject": "Political science"
            },
            {
              "id": "http://id.worldcat.org/fast/1090275",
              "scheme": "FAST-topical",
              "subject": "Rationalism"
            },
            {
              "id": "http://id.worldcat.org/fast/1110732",
              "scheme": "FAST-topical",
              "subject": "Secularism"
            },
            {
              "id": "http://id.worldcat.org/fast/1161574",
              "scheme": "FAST-topical",
              "subject": "Universalism"
            }
          ],
          "title": "Reclaiming the Enlightenment: Toward a Politics of Radical Engagement"
        },
        "parent": {
          "access": {
            "grants": [],
            "links": [],
            "owned_by": {
              "user": "3742"
            },
            "settings": {
              "accept_conditions_text": null,
              "allow_guest_requests": false,
              "allow_user_requests": false,
              "secret_link_expiration": 0
            }
          },
          "communities": {
            "default": "2c8533dc-f95b-4e7c-8373-5a2e874b60a3",
            "entries": [
              {
                "access": {
                  "member_policy": "open",
                  "members_visibility": "public",
                  "record_policy": "open",
                  "review_policy": "closed",
                  "visibility": "public"
                },
                "children": {
                  "allow": false
                },
                "created": "2026-08-30T10:52:34.367750+00:00",
                "custom_fields": {
                  "stats:dashboard_enabled": false
                },
                "deletion_status": {
                  "is_deleted": false,
                  "status": "P"
                },
                "id": "2c8533dc-f95b-4e7c-8373-5a2e874b60a3",
                "links": {},
                "metadata": {
                  "description": "JCRT 09.1",
                  "title": "JCRT 09.1",
                  "type": {
                    "id": "journal"
                  },
                  "website": "https://jcrt.org/archives/09.1/"
                },
                "revision_id": 3,
                "slug": "jcrt-091",
                "updated": "2026-08-30T10:52:35.090160+00:00"
              }
            ],
            "ids": [
              "2c8533dc-f95b-4e7c-8373-5a2e874b60a3"
            ]
          },
          "id": "8xnbz-t8f82",
          "pids": {
            "doi": {
              "client": "datacite",
              "identifier": "10.17613/8xnbz-t8f82",
              "provider": "datacite"
            }
          }
        },
        "pids": {
          "doi": {
            "client": "datacite",
            "identifier": "10.17613/1zj5d-ajv76",
            "provider": "datacite"
          },
          "oai": {
            "identifier": "oai:https://works.hcommons.org:1zj5d-ajv76",
            "provider": "oai"
          }
        },
        "revision_id": 5,
        "stats": {
          "all_versions": {
            "data_volume": 0.0,
            "downloads": 0,
            "unique_downloads": 0,
            "unique_views": 0,
            "views": 0
          },
          "this_version": {
            "data_volume": 0.0,
            "downloads": 0,
            "unique_downloads": 0,
            "unique_views": 0,
            "views": 0
          }
        },
        "status": "published",
        "updated": "2026-08-30T10:52:41.859721+00:00",
        "versions": {
          "index": 1,
          "is_latest": true,
          "is_latest_draft": true
        }
      },
      "record_id": "1zj5d-ajv76",
      "record_url": "https://works.hcommons.org/records/1zj5d-ajv76",
      "source_id": ""
    },
    {
      "collection_id": "2c8533dc-f95b-4e7c-8373-5a2e874b60a3",
      "errors": [],
      "files": {
        "Hyman.pdf": {
          "messages": [],
          "status": "uploaded"
        }
      },
      "item_index": 2,
      "metadata": {
        "access": {
          "embargo": {
            "active": false,
            "reason": null
          },
          "files": "public",
          "record": "public",
          "status": "open"
        },
        "created": "2026-08-30T10:52:44.157503+00:00",
        "custom_fields": {
          "journal:journal": {
            "issn": "1530-5228",
            "issue": "1",
            "pages": "",
            "title": "Journal for Cultural & Religious Theory",
            "volume": "9"
          },
          "kcr:user_defined_tags": [
            "philosophical-theology",
            "god-philosophy",
            "ontology",
            "saint",
            "1844-1900",
            "friedrich-wilhelm",
            "nietzsche",
            "nothing-philosophy",
            "augustine",
            "of-hippo",
            "354-430-philosophy",
            "354-430-theology-creation",
            "platonism"
          ]
        },
        "deletion_status": {
          "is_deleted": false,
          "status": "P"
        },
        "files": {
          "count": 1,
          "enabled": true,
          "entries": {
            "Hyman.pdf": {
              "access": {
                "hidden": false
              },
              "checksum": "md5:e574f84244dbf7926ad78ac2b1cfaba6",
              "ext": "pdf",
              "id": "ce164ab3-63b4-4d70-ab42-1b172f1f3712",
              "key": "Hyman.pdf",
              "links": {
                "content": "https://works.hcommons.org/api/records/a3m2a-vmw03/files/Hyman.pdf/content",
                "iiif_api": "https://works.hcommons.org/api/iiif/record:a3m2a-vmw03:Hyman.pdf/full/full/0/default.png",
                "iiif_base": "https://works.hcommons.org/api/iiif/record:a3m2a-vmw03:Hyman.pdf",
                "iiif_canvas": "https://works.hcommons.org/api/iiif/record:a3m2a-vmw03/canvas/Hyman.pdf",
                "iiif_info": "https://works.hcommons.org/api/iiif/record:a3m2a-vmw03:Hyman.pdf/info.json",
                "self": "https://works.hcommons.org/api/records/a3m2a-vmw03/files/Hyman.pdf"
              },
              "metadata": {},
              "mimetype": "application/pdf",
              "size": 751975,
              "storage_class": "L"
            }
          },
          "order": [],
          "total_bytes": 751975
        },
        "id": "a3m2a-vmw03",
        "is_draft": false,
        "is_published": true,
        "links": {
          "access": "https://works.hcommons.org/api/records/a3m2a-vmw03/access",
          "access_grants": "https://works.hcommons.org/api/records/a3m2a-vmw03/access/grants",
          "access_groups": "https://works.hcommons.org/api/records/a3m2a-vmw03/access/groups",
          "access_links": "https://works.hcommons.org/api/records/a3m2a-vmw03/access/links",
          "access_request": "https://works.hcommons.org/api/records/a3m2a-vmw03/access/request",
          "access_users": "https://works.hcommons.org/api/records/a3m2a-vmw03/access/users",
          "archive": "https://works.hcommons.org/api/records/a3m2a-vmw03/files-archive",
          "archive_media": "https://works.hcommons.org/api/records/a3m2a-vmw03/media-files-archive",
          "communities": "https://works.hcommons.org/api/records/a3m2a-vmw03/communities",
          "communities-suggestions": "https://works.hcommons.org/api/records/a3m2a-vmw03/communities-suggestions",
          "doi": "https://doi.org/10.17613/a3m2a-vmw03",
          "draft": "https://works.hcommons.org/api/records/a3m2a-vmw03/draft",
          "files": "https://works.hcommons.org/api/records/a3m2a-vmw03/files",
          "latest": "https://works.hcommons.org/api/records/a3m2a-vmw03/versions/latest",
          "latest_html": "https://works.hcommons.org/records/a3m2a-vmw03/latest",
          "media_files": "https://works.hcommons.org/api/records/a3m2a-vmw03/media-files",
          "parent": "https://works.hcommons.org/api/records/zyy72-mtr71",
          "parent_doi": "https://works.hcommons.org/doi/10.17613/zyy72-mtr71",
          "parent_html": "https://works.hcommons.org/records/zyy72-mtr71",
          "requests": "https://works.hcommons.org/api/records/a3m2a-vmw03/requests",
          "reserve_doi": "https://works.hcommons.org/api/records/a3m2a-vmw03/draft/pids/doi",
          "self": "https://works.hcommons.org/api/records/a3m2a-vmw03",
          "self_doi": "https://works.hcommons.org/doi/10.17613/a3m2a-vmw03",
          "self_html": "https://works.hcommons.org/records/a3m2a-vmw03",
          "self_iiif_manifest": "https://works.hcommons.org/api/iiif/record:a3m2a-vmw03/manifest",
          "self_iiif_sequence": "https://works.hcommons.org/api/iiif/record:a3m2a-vmw03/sequence/default",
          "versions": "https://works.hcommons.org/api/records/a3m2a-vmw03/versions"
        },
        "media_files": {
          "count": 0,
          "enabled": false,
          "entries": {},
          "order": [],
          "total_bytes": 0
        },
        "metadata": {
          "creators": [
            {
              "person_or_org": {
                "family_name": "Hyman",
                "given_name": "Gavin",
                "name": "Hyman, Gavin",
                "type": "personal"
              },
              "role": {
                "id": "author",
                "title": {
                  "en": "Author"
                }
              }
            }
          ],
          "identifiers": [
            {
              "identifier": "2unQ0B",
              "scheme": "import-recid"
            },
            {
              "identifier": "https://jcrt.org/archives/09.1/hyman/",
              "scheme": "url"
            }
          ],
          "languages": [
            {
              "id": "eng",
              "title": {
                "en": "English"
              }
            }
          ],
          "publication_date": "2008",
          "publisher": "Whitestone Publications",
          "resource_type": {
            "id": "textDocument-journalArticle",
            "title": {
              "de": "Zeitschriftenartikel",
              "en": "Journal article"
            }
          },
          "rights": [
            {
              "link": "https://jcrt.org/copyright/",
              "title": {
                "en": "Copyright held by the author(s). Published in the Journal for Cultural and Religious Theory."
              }
            }
          ],
          "subjects": [
            {
              "id": "http://id.worldcat.org/fast/1498082",
              "scheme": "FAST-personal",
              "subject": "Friedrich, Wilhelm"
            },
            {
              "id": "http://id.worldcat.org/fast/944097",
              "scheme": "FAST-topical",
              "subject": "God--Philosophy"
            },
            {
              "id": "http://id.worldcat.org/fast/1039602",
              "scheme": "FAST-topical",
              "subject": "Nothing (Philosophy)"
            },
            {
              "id": "http://id.worldcat.org/fast/1045995",
              "scheme": "FAST-topical",
              "subject": "Ontology"
            },
            {
              "id": "http://id.worldcat.org/fast/1060773",
              "scheme": "FAST-topical",
              "subject": "Philosophical theology"
            },
            {
              "id": "http://id.worldcat.org/fast/1066881",
              "scheme": "FAST-topical",
              "subject": "Platonists"
            }
          ],
          "title": "Augustine on the 'Nihil': an Interrogation"
        },
        "parent": {
          "access": {
            "grants": [],
            "links": [],
            "owned_by": {
              "user": "3742"
            },
            "settings": {
              "accept_conditions_text": null,
              "allow_guest_requests": false,
              "allow_user_requests": false,
              "secret_link_expiration": 0
            }
          },
          "communities": {
            "default": "2c8533dc-f95b-4e7c-8373-5a2e874b60a3",
            "entries": [
              {
                "access": {
                  "member_policy": "open",
                  "members_visibility": "public",
                  "record_policy": "open",
                  "review_policy": "closed",
                  "visibility": "public"
                },
                "children": {
                  "allow": false
                },
                "created": "2026-08-30T10:52:34.367750+00:00",
                "custom_fields": {
                  "stats:dashboard_enabled": false
                },
                "deletion_status": {
                  "is_deleted": false,
                  "status": "P"
                },
                "id": "2c8533dc-f95b-4e7c-8373-5a2e874b60a3",
                "links": {},
                "metadata": {
                  "description": "JCRT 09.1",
                  "title": "JCRT 09.1",
                  "type": {
                    "id": "journal"
                  },
                  "website": "https://jcrt.org/archives/09.1/"
                },
                "revision_id": 3,
                "slug": "jcrt-091",
                "updated": "2026-08-30T10:52:35.090160+00:00"
              }
            ],
            "ids": [
              "2c8533dc-f95b-4e7c-8373-5a2e874b60a3"
            ]
          },
          "id": "zyy72-mtr71",
          "pids": {
            "doi": {
              "client": "datacite",
              "identifier": "10.17613/zyy72-mtr71",
              "provider": "datacite"
            }
          }
        },
        "pids": {
          "doi": {
            "client": "datacite",
            "identifier": "10.17613/a3m2a-vmw03",
            "provider": "datacite"
          },
          "oai": {
            "identifier": "oai:https://works.hcommons.org:a3m2a-vmw03",
            "provider": "oai"
          }
        },
        "revision_id": 5,
        "stats": {
          "all_versions": {
            "data_volume": 0.0,
            "downloads": 0,
            "unique_downloads": 0,
            "unique_views": 0,
            "views": 0
          },
          "this_version": {
            "data_volume": 0.0,
            "downloads": 0,
            "unique_downloads": 0,
            "unique_views": 0,
            "views": 0
          }
        },
        "status": "published",
        "updated": "2026-08-30T10:52:44.386588+00:00",
        "versions": {
          "index": 1,
          "is_latest": true,
          "is_latest_draft": true
        }
      },
      "record_id": "a3m2a-vmw03",
      "record_url": "https://works.hcommons.org/records/a3m2a-vmw03",
      "source_id": ""
    },
    {
      "collection_id": "2c8533dc-f95b-4e7c-8373-5a2e874b60a3",
      "errors": [],
      "files": {
        "Igrek.pdf": {
          "messages": [],
          "status": "uploaded"
        }
      },
      "item_index": 3,
      "metadata": {
        "access": {
          "embargo": {
            "active": false,
            "reason": null
          },
          "files": "public",
          "record": "public",
          "status": "open"
        },
        "created": "2026-08-30T10:52:46.307308+00:00",
        "custom_fields": {
          "journal:journal": {
            "issn": "1530-5228",
            "issue": "1",
            "pages": "",
            "title": "Journal for Cultural & Religious Theory",
            "volume": "9"
          },
          "kcr:user_defined_tags": [
            "soren-kierkegaard",
            "socrates",
            "philosophy-of-religion",
            "faith",
            "irony",
            "socratic-method",
            "existentialism",
            "reason-and-faith",
            "ancient-philosophy",
            "platonic-dialogue",
            "subjectivity",
            "danish-philosophy"
          ]
        },
        "deletion_status": {
          "is_deleted": false,
          "status": "P"
        },
        "files": {
          "count": 1,
          "enabled": true,
          "entries": {
            "Igrek.pdf": {
              "access": {
                "hidden": false
              },
              "checksum": "md5:6b504cc710800dd17586045d0ee554c4",
              "ext": "pdf",
              "id": "06b9ef1b-0fdc-4768-8ea5-63202b3d2e31",
              "key": "Igrek.pdf",
              "links": {
                "content": "https://works.hcommons.org/api/records/57fn7-7mw14/files/Igrek.pdf/content",
                "iiif_api": "https://works.hcommons.org/api/iiif/record:57fn7-7mw14:Igrek.pdf/full/full/0/default.png",
                "iiif_base": "https://works.hcommons.org/api/iiif/record:57fn7-7mw14:Igrek.pdf",
                "iiif_canvas": "https://works.hcommons.org/api/iiif/record:57fn7-7mw14/canvas/Igrek.pdf",
                "iiif_info": "https://works.hcommons.org/api/iiif/record:57fn7-7mw14:Igrek.pdf/info.json",
                "self": "https://works.hcommons.org/api/records/57fn7-7mw14/files/Igrek.pdf"
              },
              "metadata": {},
              "mimetype": "application/pdf",
              "size": 308587,
              "storage_class": "L"
            }
          },
          "order": [],
          "total_bytes": 308587
        },
        "id": "57fn7-7mw14",
        "is_draft": false,
        "is_published": true,
        "links": {
          "access": "https://works.hcommons.org/api/records/57fn7-7mw14/access",
          "access_grants": "https://works.hcommons.org/api/records/57fn7-7mw14/access/grants",
          "access_groups": "https://works.hcommons.org/api/records/57fn7-7mw14/access/groups",
          "access_links": "https://works.hcommons.org/api/records/57fn7-7mw14/access/links",
          "access_request": "https://works.hcommons.org/api/records/57fn7-7mw14/access/request",
          "access_users": "https://works.hcommons.org/api/records/57fn7-7mw14/access/users",
          "archive": "https://works.hcommons.org/api/records/57fn7-7mw14/files-archive",
          "archive_media": "https://works.hcommons.org/api/records/57fn7-7mw14/media-files-archive",
          "communities": "https://works.hcommons.org/api/records/57fn7-7mw14/communities",
          "communities-suggestions": "https://works.hcommons.org/api/records/57fn7-7mw14/communities-suggestions",
          "doi": "https://doi.org/10.17613/57fn7-7mw14",
          "draft": "https://works.hcommons.org/api/records/57fn7-7mw14/draft",
          "files": "https://works.hcommons.org/api/records/57fn7-7mw14/files",
          "latest": "https://works.hcommons.org/api/records/57fn7-7mw14/versions/latest",
          "latest_html": "https://works.hcommons.org/records/57fn7-7mw14/latest",
          "media_files": "https://works.hcommons.org/api/records/57fn7-7mw14/media-files",
          "parent": "https://works.hcommons.org/api/records/b40bp-01862",
          "parent_doi": "https://works.hcommons.org/doi/10.17613/b40bp-01862",
          "parent_html": "https://works.hcommons.org/records/b40bp-01862",
          "requests": "https://works.hcommons.org/api/records/57fn7-7mw14/requests",
          "reserve_doi": "https://works.hcommons.org/api/records/57fn7-7mw14/draft/pids/doi",
          "self": "https://works.hcommons.org/api/records/57fn7-7mw14",
          "self_doi": "https://works.hcommons.org/doi/10.17613/57fn7-7mw14",
          "self_html": "https://works.hcommons.org/records/57fn7-7mw14",
          "self_iiif_manifest": "https://works.hcommons.org/api/iiif/record:57fn7-7mw14/manifest",
          "self_iiif_sequence": "https://works.hcommons.org/api/iiif/record:57fn7-7mw14/sequence/default",
          "versions": "https://works.hcommons.org/api/records/57fn7-7mw14/versions"
        },
        "media_files": {
          "count": 0,
          "enabled": false,
          "entries": {},
          "order": [],
          "total_bytes": 0
        },
        "metadata": {
          "creators": [
            {
              "person_or_org": {
                "family_name": "Igrek",
                "given_name": "Apple Zefelius",
                "name": "Igrek, Apple Zefelius",
                "type": "personal"
              },
              "role": {
                "id": "author",
                "title": {
                  "en": "Author"
                }
              }
            }
          ],
          "identifiers": [
            {
              "identifier": "S8-D3q",
              "scheme": "import-recid"
            },
            {
              "identifier": "https://jcrt.org/archives/09.1/igrek/",
              "scheme": "url"
            }
          ],
          "languages": [
            {
              "id": "eng",
              "title": {
                "en": "English"
              }
            }
          ],
          "publication_date": "2008",
          "publisher": "Whitestone Publications",
          "resource_type": {
            "id": "textDocument-journalArticle",
            "title": {
              "de": "Zeitschriftenartikel",
              "en": "Journal article"
            }
          },
          "rights": [
            {
              "link": "https://jcrt.org/copyright/",
              "title": {
                "en": "Copyright held by the author(s). Published in the Journal for Cultural and Religious Theory."
              }
            }
          ],
          "subjects": [
            {
              "id": "http://id.worldcat.org/fast/918204",
              "scheme": "FAST-topical",
              "subject": "Existentialism"
            },
            {
              "id": "http://id.worldcat.org/fast/1198492",
              "scheme": "FAST-topical",
              "subject": "Faith"
            },
            {
              "id": "http://id.worldcat.org/fast/919959",
              "scheme": "FAST-topical",
              "subject": "Faith and reason"
            },
            {
              "id": "http://id.worldcat.org/fast/979386",
              "scheme": "FAST-topical",
              "subject": "Irony"
            },
            {
              "id": "http://id.worldcat.org/fast/1060860",
              "scheme": "FAST-topical",
              "subject": "Philosophy, Ancient"
            },
            {
              "id": "http://id.worldcat.org/fast/1747032",
              "scheme": "FAST-topical",
              "subject": "Philosophy, Danish"
            },
            {
              "id": "http://id.worldcat.org/fast/1085685",
              "scheme": "FAST-topical",
              "subject": "Questioning"
            },
            {
              "id": "http://id.worldcat.org/fast/1136568",
              "scheme": "FAST-topical",
              "subject": "Subjectivity"
            }
          ],
          "title": "Kierkegaard and Socrates: a Study in Philosophy and Faith"
        },
        "parent": {
          "access": {
            "grants": [],
            "links": [],
            "owned_by": {
              "user": "3742"
            },
            "settings": {
              "accept_conditions_text": null,
              "allow_guest_requests": false,
              "allow_user_requests": false,
              "secret_link_expiration": 0
            }
          },
          "communities": {
            "default": "2c8533dc-f95b-4e7c-8373-5a2e874b60a3",
            "entries": [
              {
                "access": {
                  "member_policy": "open",
                  "members_visibility": "public",
                  "record_policy": "open",
                  "review_policy": "closed",
                  "visibility": "public"
                },
                "children": {
                  "allow": false
                },
                "created": "2026-08-30T10:52:34.367750+00:00",
                "custom_fields": {
                  "stats:dashboard_enabled": false
                },
                "deletion_status": {
                  "is_deleted": false,
                  "status": "P"
                },
                "id": "2c8533dc-f95b-4e7c-8373-5a2e874b60a3",
                "links": {},
                "metadata": {
                  "description": "JCRT 09.1",
                  "title": "JCRT 09.1",
                  "type": {
                    "id": "journal"
                  },
                  "website": "https://jcrt.org/archives/09.1/"
                },
                "revision_id": 3,
                "slug": "jcrt-091",
                "updated": "2026-08-30T10:52:35.090160+00:00"
              }
            ],
            "ids": [
              "2c8533dc-f95b-4e7c-8373-5a2e874b60a3"
            ]
          },
          "id": "b40bp-01862",
          "pids": {
            "doi": {
              "client": "datacite",
              "identifier": "10.17613/b40bp-01862",
              "provider": "datacite"
            }
          }
        },
        "pids": {
          "doi": {
            "client": "datacite",
            "identifier": "10.17613/57fn7-7mw14",
            "provider": "datacite"
          },
          "oai": {
            "identifier": "oai:https://works.hcommons.org:57fn7-7mw14",
            "provider": "oai"
          }
        },
        "revision_id": 5,
        "stats": {
          "all_versions": {
            "data_volume": 0.0,
            "downloads": 0,
            "unique_downloads": 0,
            "unique_views": 0,
            "views": 0
          },
          "this_version": {
            "data_volume": 0.0,
            "downloads": 0,
            "unique_downloads": 0,
            "unique_views": 0,
            "views": 0
          }
        },
        "status": "published",
        "updated": "2026-08-30T10:52:46.548528+00:00",
        "versions": {
          "index": 1,
          "is_latest": true,
          "is_latest_draft": true
        }
      },
      "record_id": "57fn7-7mw14",
      "record_url": "https://works.hcommons.org/records/57fn7-7mw14",
      "source_id": ""
    }
  ],
  "errors": [],
  "message": "All records were successfully imported",
  "status": "success"
}