{
  "data": [
    {
      "collection_id": "78262aba-4023-4130-ad71-380e87c9795c",
      "errors": [],
      "files": {
        "raschke.pdf": {
          "messages": [],
          "status": "uploaded"
        }
      },
      "item_index": 0,
      "metadata": {
        "access": {
          "embargo": {
            "active": false,
            "reason": null
          },
          "files": "public",
          "record": "public",
          "status": "open"
        },
        "created": "2026-08-30T10:50:20.719180+00:00",
        "custom_fields": {
          "journal:journal": {
            "issn": "1530-5228",
            "issue": "3",
            "pages": "",
            "title": "Journal for Cultural & Religious Theory",
            "volume": "9"
          },
          "kcr:user_defined_tags": [
            "orientalism",
            "islam",
            "representations-of-islam",
            "michel-foucault",
            "jean-baudrillard",
            "continental-philosophy",
            "postcolonial-theory",
            "edward-said",
            "islam-and-the-west",
            "cultural-theory",
            "western-philosophy"
          ]
        },
        "deletion_status": {
          "is_deleted": false,
          "status": "P"
        },
        "files": {
          "count": 1,
          "enabled": true,
          "entries": {
            "raschke.pdf": {
              "access": {
                "hidden": false
              },
              "checksum": "md5:0e0c4e7aefc73c230f10e60edc62ba76",
              "ext": "pdf",
              "id": "2d95eb7f-a09e-41dd-b064-07449823fb16",
              "key": "raschke.pdf",
              "links": {
                "content": "https://works.hcommons.org/api/records/qxbkm-24k62/files/raschke.pdf/content",
                "iiif_api": "https://works.hcommons.org/api/iiif/record:qxbkm-24k62:raschke.pdf/full/full/0/default.png",
                "iiif_base": "https://works.hcommons.org/api/iiif/record:qxbkm-24k62:raschke.pdf",
                "iiif_canvas": "https://works.hcommons.org/api/iiif/record:qxbkm-24k62/canvas/raschke.pdf",
                "iiif_info": "https://works.hcommons.org/api/iiif/record:qxbkm-24k62:raschke.pdf/info.json",
                "self": "https://works.hcommons.org/api/records/qxbkm-24k62/files/raschke.pdf"
              },
              "metadata": {},
              "mimetype": "application/pdf",
              "size": 376491,
              "storage_class": "L"
            }
          },
          "order": [],
          "total_bytes": 376491
        },
        "id": "qxbkm-24k62",
        "is_draft": false,
        "is_published": true,
        "links": {
          "access": "https://works.hcommons.org/api/records/qxbkm-24k62/access",
          "access_grants": "https://works.hcommons.org/api/records/qxbkm-24k62/access/grants",
          "access_groups": "https://works.hcommons.org/api/records/qxbkm-24k62/access/groups",
          "access_links": "https://works.hcommons.org/api/records/qxbkm-24k62/access/links",
          "access_request": "https://works.hcommons.org/api/records/qxbkm-24k62/access/request",
          "access_users": "https://works.hcommons.org/api/records/qxbkm-24k62/access/users",
          "archive": "https://works.hcommons.org/api/records/qxbkm-24k62/files-archive",
          "archive_media": "https://works.hcommons.org/api/records/qxbkm-24k62/media-files-archive",
          "communities": "https://works.hcommons.org/api/records/qxbkm-24k62/communities",
          "communities-suggestions": "https://works.hcommons.org/api/records/qxbkm-24k62/communities-suggestions",
          "doi": "https://doi.org/10.17613/qxbkm-24k62",
          "draft": "https://works.hcommons.org/api/records/qxbkm-24k62/draft",
          "files": "https://works.hcommons.org/api/records/qxbkm-24k62/files",
          "latest": "https://works.hcommons.org/api/records/qxbkm-24k62/versions/latest",
          "latest_html": "https://works.hcommons.org/records/qxbkm-24k62/latest",
          "media_files": "https://works.hcommons.org/api/records/qxbkm-24k62/media-files",
          "parent": "https://works.hcommons.org/api/records/12d30-5h328",
          "parent_doi": "https://works.hcommons.org/doi/10.17613/12d30-5h328",
          "parent_html": "https://works.hcommons.org/records/12d30-5h328",
          "requests": "https://works.hcommons.org/api/records/qxbkm-24k62/requests",
          "reserve_doi": "https://works.hcommons.org/api/records/qxbkm-24k62/draft/pids/doi",
          "self": "https://works.hcommons.org/api/records/qxbkm-24k62",
          "self_doi": "https://works.hcommons.org/doi/10.17613/qxbkm-24k62",
          "self_html": "https://works.hcommons.org/records/qxbkm-24k62",
          "self_iiif_manifest": "https://works.hcommons.org/api/iiif/record:qxbkm-24k62/manifest",
          "self_iiif_sequence": "https://works.hcommons.org/api/iiif/record:qxbkm-24k62/sequence/default",
          "versions": "https://works.hcommons.org/api/records/qxbkm-24k62/versions"
        },
        "media_files": {
          "count": 0,
          "enabled": false,
          "entries": {},
          "order": [],
          "total_bytes": 0
        },
        "metadata": {
          "creators": [
            {
              "person_or_org": {
                "family_name": "Raschke",
                "given_name": "Carl A.",
                "name": "Raschke, Carl A.",
                "type": "personal"
              },
              "role": {
                "id": "author",
                "title": {
                  "en": "Author"
                }
              }
            }
          ],
          "identifiers": [
            {
              "identifier": "f66fe3",
              "scheme": "import-recid"
            },
            {
              "identifier": "https://jcrt.org/archives/09.3/raschke/",
              "scheme": "url"
            }
          ],
          "languages": [
            {
              "id": "eng",
              "title": {
                "en": "English"
              }
            }
          ],
          "publication_date": "2008",
          "publisher": "Whitestone Publications",
          "resource_type": {
            "id": "textDocument-journalArticle",
            "title": {
              "de": "Zeitschriftenartikel",
              "en": "Journal article"
            }
          },
          "rights": [
            {
              "link": "https://jcrt.org/copyright/",
              "title": {
                "en": "Copyright held by the author(s). Published in the Journal for Cultural and Religious Theory."
              }
            }
          ],
          "subjects": [
            {
              "id": "http://id.worldcat.org/fast/1765182",
              "scheme": "FAST-topical",
              "subject": "Continental philosophy"
            },
            {
              "id": "http://id.worldcat.org/fast/979776",
              "scheme": "FAST-topical",
              "subject": "Islam"
            },
            {
              "id": "http://id.worldcat.org/fast/2058527",
              "scheme": "FAST-title",
              "subject": "Islam and the West"
            },
            {
              "id": "http://id.worldcat.org/fast/1048139",
              "scheme": "FAST-topical",
              "subject": "Orientalism"
            },
            {
              "id": "http://id.worldcat.org/fast/1073032",
              "scheme": "FAST-topical",
              "subject": "Postcolonialism"
            }
          ],
          "title": "The New Orientalists: Representations of Islam from Foucault to Baudrillard"
        },
        "parent": {
          "access": {
            "grants": [],
            "links": [],
            "owned_by": {
              "user": "3742"
            },
            "settings": {
              "accept_conditions_text": null,
              "allow_guest_requests": false,
              "allow_user_requests": false,
              "secret_link_expiration": 0
            }
          },
          "communities": {
            "default": "78262aba-4023-4130-ad71-380e87c9795c",
            "entries": [
              {
                "access": {
                  "member_policy": "open",
                  "members_visibility": "public",
                  "record_policy": "open",
                  "review_policy": "closed",
                  "visibility": "public"
                },
                "children": {
                  "allow": false
                },
                "created": "2026-08-30T10:48:34.797887+00:00",
                "custom_fields": {
                  "stats:dashboard_enabled": false
                },
                "deletion_status": {
                  "is_deleted": false,
                  "status": "P"
                },
                "id": "78262aba-4023-4130-ad71-380e87c9795c",
                "links": {},
                "metadata": {
                  "description": "JCRT 09.3",
                  "title": "JCRT 09.3",
                  "type": {
                    "id": "journal"
                  },
                  "website": "https://jcrt.org/archives/09.3/"
                },
                "revision_id": 5,
                "slug": "jcrt-093",
                "updated": "2026-08-30T10:49:53.158141+00:00"
              }
            ],
            "ids": [
              "78262aba-4023-4130-ad71-380e87c9795c"
            ]
          },
          "id": "12d30-5h328",
          "pids": {
            "doi": {
              "client": "datacite",
              "identifier": "10.17613/12d30-5h328",
              "provider": "datacite"
            }
          }
        },
        "pids": {
          "doi": {
            "client": "datacite",
            "identifier": "10.17613/qxbkm-24k62",
            "provider": "datacite"
          },
          "oai": {
            "identifier": "oai:https://works.hcommons.org:qxbkm-24k62",
            "provider": "oai"
          }
        },
        "revision_id": 5,
        "stats": {
          "all_versions": {
            "data_volume": 0.0,
            "downloads": 0,
            "unique_downloads": 0,
            "unique_views": 0,
            "views": 0
          },
          "this_version": {
            "data_volume": 0.0,
            "downloads": 0,
            "unique_downloads": 0,
            "unique_views": 0,
            "views": 0
          }
        },
        "status": "published",
        "updated": "2026-08-30T10:50:20.941969+00:00",
        "versions": {
          "index": 1,
          "is_latest": true,
          "is_latest_draft": true
        }
      },
      "record_id": "qxbkm-24k62",
      "record_url": "https://works.hcommons.org/records/qxbkm-24k62",
      "source_id": ""
    },
    {
      "collection_id": "78262aba-4023-4130-ad71-380e87c9795c",
      "errors": [],
      "files": {
        "robbins.pdf": {
          "messages": [],
          "status": "uploaded"
        }
      },
      "item_index": 1,
      "metadata": {
        "access": {
          "embargo": {
            "active": false,
            "reason": null
          },
          "files": "public",
          "record": "public",
          "status": "open"
        },
        "created": "2026-08-30T10:50:22.630452+00:00",
        "custom_fields": {
          "journal:journal": {
            "issn": "1530-5228",
            "issue": "3",
            "pages": "",
            "title": "Journal for Cultural & Religious Theory",
            "volume": "9"
          },
          "kcr:user_defined_tags": [
            "liberal-theology",
            "progressive-christianity",
            "systematic-theology",
            "modern-theology",
            "peter-hodgson",
            "faith-and-reason",
            "theological-method",
            "religious-pluralism",
            "christian-thought",
            "secular-modernity"
          ]
        },
        "deletion_status": {
          "is_deleted": false,
          "status": "P"
        },
        "files": {
          "count": 1,
          "enabled": true,
          "entries": {
            "robbins.pdf": {
              "access": {
                "hidden": false
              },
              "checksum": "md5:07acffce88a596688a3acf81b98b5276",
              "ext": "pdf",
              "id": "be6ee6a9-c3ce-400e-91bd-2934dc62937d",
              "key": "robbins.pdf",
              "links": {
                "content": "https://works.hcommons.org/api/records/acsf9-m1z57/files/robbins.pdf/content",
                "iiif_api": "https://works.hcommons.org/api/iiif/record:acsf9-m1z57:robbins.pdf/full/full/0/default.png",
                "iiif_base": "https://works.hcommons.org/api/iiif/record:acsf9-m1z57:robbins.pdf",
                "iiif_canvas": "https://works.hcommons.org/api/iiif/record:acsf9-m1z57/canvas/robbins.pdf",
                "iiif_info": "https://works.hcommons.org/api/iiif/record:acsf9-m1z57:robbins.pdf/info.json",
                "self": "https://works.hcommons.org/api/records/acsf9-m1z57/files/robbins.pdf"
              },
              "metadata": null,
              "mimetype": "application/pdf",
              "size": 309599,
              "storage_class": "L"
            }
          },
          "order": [],
          "total_bytes": 309599
        },
        "id": "acsf9-m1z57",
        "is_draft": false,
        "is_published": true,
        "links": {
          "access": "https://works.hcommons.org/api/records/acsf9-m1z57/access",
          "access_grants": "https://works.hcommons.org/api/records/acsf9-m1z57/access/grants",
          "access_groups": "https://works.hcommons.org/api/records/acsf9-m1z57/access/groups",
          "access_links": "https://works.hcommons.org/api/records/acsf9-m1z57/access/links",
          "access_request": "https://works.hcommons.org/api/records/acsf9-m1z57/access/request",
          "access_users": "https://works.hcommons.org/api/records/acsf9-m1z57/access/users",
          "archive": "https://works.hcommons.org/api/records/acsf9-m1z57/files-archive",
          "archive_media": "https://works.hcommons.org/api/records/acsf9-m1z57/media-files-archive",
          "communities": "https://works.hcommons.org/api/records/acsf9-m1z57/communities",
          "communities-suggestions": "https://works.hcommons.org/api/records/acsf9-m1z57/communities-suggestions",
          "doi": "https://doi.org/10.17613/acsf9-m1z57",
          "draft": "https://works.hcommons.org/api/records/acsf9-m1z57/draft",
          "files": "https://works.hcommons.org/api/records/acsf9-m1z57/files",
          "latest": "https://works.hcommons.org/api/records/acsf9-m1z57/versions/latest",
          "latest_html": "https://works.hcommons.org/records/acsf9-m1z57/latest",
          "media_files": "https://works.hcommons.org/api/records/acsf9-m1z57/media-files",
          "parent": "https://works.hcommons.org/api/records/x8qpe-s4f65",
          "parent_doi": "https://works.hcommons.org/doi/10.17613/x8qpe-s4f65",
          "parent_html": "https://works.hcommons.org/records/x8qpe-s4f65",
          "requests": "https://works.hcommons.org/api/records/acsf9-m1z57/requests",
          "reserve_doi": "https://works.hcommons.org/api/records/acsf9-m1z57/draft/pids/doi",
          "self": "https://works.hcommons.org/api/records/acsf9-m1z57",
          "self_doi": "https://works.hcommons.org/doi/10.17613/acsf9-m1z57",
          "self_html": "https://works.hcommons.org/records/acsf9-m1z57",
          "self_iiif_manifest": "https://works.hcommons.org/api/iiif/record:acsf9-m1z57/manifest",
          "self_iiif_sequence": "https://works.hcommons.org/api/iiif/record:acsf9-m1z57/sequence/default",
          "versions": "https://works.hcommons.org/api/records/acsf9-m1z57/versions"
        },
        "media_files": {
          "count": 0,
          "enabled": false,
          "entries": {},
          "order": [],
          "total_bytes": 0
        },
        "metadata": {
          "creators": [
            {
              "person_or_org": {
                "family_name": "Robbins",
                "given_name": "Jeffrey W",
                "name": "Robbins, Jeffrey W",
                "type": "personal"
              },
              "role": {
                "id": "author",
                "title": {
                  "en": "Author"
                }
              }
            }
          ],
          "identifiers": [
            {
              "identifier": "vWNXfT",
              "scheme": "import-recid"
            },
            {
              "identifier": "https://jcrt.org/archives/09.3/robbins/",
              "scheme": "url"
            }
          ],
          "languages": [
            {
              "id": "eng",
              "title": {
                "en": "English"
              }
            }
          ],
          "publication_date": "2008",
          "publisher": "Whitestone Publications",
          "resource_type": {
            "id": "textDocument-journalArticle",
            "title": {
              "de": "Zeitschriftenartikel",
              "en": "Journal article"
            }
          },
          "rights": [
            {
              "link": "https://jcrt.org/copyright/",
              "title": {
                "en": "Copyright held by the author(s). Published in the Journal for Cultural and Religious Theory."
              }
            }
          ],
          "subjects": [
            {
              "id": "http://id.worldcat.org/fast/919959",
              "scheme": "FAST-topical",
              "subject": "Faith and reason"
            },
            {
              "id": "http://id.worldcat.org/fast/997200",
              "scheme": "FAST-topical",
              "subject": "Liberalism (Religion)"
            },
            {
              "id": "http://id.worldcat.org/fast/1094200",
              "scheme": "FAST-topical",
              "subject": "Religious pluralism"
            },
            {
              "id": "http://id.worldcat.org/fast/1149617",
              "scheme": "FAST-topical",
              "subject": "Theology, Doctrinal"
            }
          ],
          "title": "Liberal Theology: a Radical Vision"
        },
        "parent": {
          "access": {
            "grants": [],
            "links": [],
            "owned_by": {
              "user": "3742"
            },
            "settings": {
              "accept_conditions_text": null,
              "allow_guest_requests": false,
              "allow_user_requests": false,
              "secret_link_expiration": 0
            }
          },
          "communities": {
            "default": "78262aba-4023-4130-ad71-380e87c9795c",
            "entries": [
              {
                "access": {
                  "member_policy": "open",
                  "members_visibility": "public",
                  "record_policy": "open",
                  "review_policy": "closed",
                  "visibility": "public"
                },
                "children": {
                  "allow": false
                },
                "created": "2026-08-30T10:48:34.797887+00:00",
                "custom_fields": {
                  "stats:dashboard_enabled": false
                },
                "deletion_status": {
                  "is_deleted": false,
                  "status": "P"
                },
                "id": "78262aba-4023-4130-ad71-380e87c9795c",
                "links": {},
                "metadata": {
                  "description": "JCRT 09.3",
                  "title": "JCRT 09.3",
                  "type": {
                    "id": "journal"
                  },
                  "website": "https://jcrt.org/archives/09.3/"
                },
                "revision_id": 5,
                "slug": "jcrt-093",
                "updated": "2026-08-30T10:49:53.158141+00:00"
              }
            ],
            "ids": [
              "78262aba-4023-4130-ad71-380e87c9795c"
            ]
          },
          "id": "x8qpe-s4f65",
          "pids": {
            "doi": {
              "client": "datacite",
              "identifier": "10.17613/x8qpe-s4f65",
              "provider": "datacite"
            }
          }
        },
        "pids": {
          "doi": {
            "client": "datacite",
            "identifier": "10.17613/acsf9-m1z57",
            "provider": "datacite"
          },
          "oai": {
            "identifier": "oai:https://works.hcommons.org:acsf9-m1z57",
            "provider": "oai"
          }
        },
        "revision_id": 5,
        "stats": {
          "all_versions": {
            "data_volume": 0.0,
            "downloads": 0,
            "unique_downloads": 0,
            "unique_views": 0,
            "views": 0
          },
          "this_version": {
            "data_volume": 0.0,
            "downloads": 0,
            "unique_downloads": 0,
            "unique_views": 0,
            "views": 0
          }
        },
        "status": "published",
        "updated": "2026-08-30T10:50:22.849967+00:00",
        "versions": {
          "index": 1,
          "is_latest": true,
          "is_latest_draft": true
        }
      },
      "record_id": "acsf9-m1z57",
      "record_url": "https://works.hcommons.org/records/acsf9-m1z57",
      "source_id": ""
    },
    {
      "collection_id": "78262aba-4023-4130-ad71-380e87c9795c",
      "errors": [],
      "files": {
        "seitz.pdf": {
          "messages": [],
          "status": "uploaded"
        }
      },
      "item_index": 2,
      "metadata": {
        "access": {
          "embargo": {
            "active": false,
            "reason": null
          },
          "files": "public",
          "record": "public",
          "status": "open"
        },
        "created": "2026-08-30T10:50:24.553055+00:00",
        "custom_fields": {
          "journal:journal": {
            "issn": "1530-5228",
            "issue": "3",
            "pages": "",
            "title": "Journal for Cultural & Religious Theory",
            "volume": "9"
          },
          "kcr:user_defined_tags": [
            "secularism",
            "secularization",
            "secularization-theory",
            "religion-and-politics",
            "gender-and-religion",
            "feminism",
            "janet-jakobsen",
            "ann-pellegrini",
            "protestantism",
            "modernity",
            "islam-and-secularism",
            "comparative-secularisms"
          ]
        },
        "deletion_status": {
          "is_deleted": false,
          "status": "P"
        },
        "files": {
          "count": 1,
          "enabled": true,
          "entries": {
            "seitz.pdf": {
              "access": {
                "hidden": false
              },
              "checksum": "md5:9cd0f68a5b801df87da62c7d842fc7de",
              "ext": "pdf",
              "id": "65046062-ae16-4385-b169-de02e6101de6",
              "key": "seitz.pdf",
              "links": {
                "content": "https://works.hcommons.org/api/records/nesv9-h1y10/files/seitz.pdf/content",
                "iiif_api": "https://works.hcommons.org/api/iiif/record:nesv9-h1y10:seitz.pdf/full/full/0/default.png",
                "iiif_base": "https://works.hcommons.org/api/iiif/record:nesv9-h1y10:seitz.pdf",
                "iiif_canvas": "https://works.hcommons.org/api/iiif/record:nesv9-h1y10/canvas/seitz.pdf",
                "iiif_info": "https://works.hcommons.org/api/iiif/record:nesv9-h1y10:seitz.pdf/info.json",
                "self": "https://works.hcommons.org/api/records/nesv9-h1y10/files/seitz.pdf"
              },
              "metadata": null,
              "mimetype": "application/pdf",
              "size": 221450,
              "storage_class": "L"
            }
          },
          "order": [],
          "total_bytes": 221450
        },
        "id": "nesv9-h1y10",
        "is_draft": false,
        "is_published": true,
        "links": {
          "access": "https://works.hcommons.org/api/records/nesv9-h1y10/access",
          "access_grants": "https://works.hcommons.org/api/records/nesv9-h1y10/access/grants",
          "access_groups": "https://works.hcommons.org/api/records/nesv9-h1y10/access/groups",
          "access_links": "https://works.hcommons.org/api/records/nesv9-h1y10/access/links",
          "access_request": "https://works.hcommons.org/api/records/nesv9-h1y10/access/request",
          "access_users": "https://works.hcommons.org/api/records/nesv9-h1y10/access/users",
          "archive": "https://works.hcommons.org/api/records/nesv9-h1y10/files-archive",
          "archive_media": "https://works.hcommons.org/api/records/nesv9-h1y10/media-files-archive",
          "communities": "https://works.hcommons.org/api/records/nesv9-h1y10/communities",
          "communities-suggestions": "https://works.hcommons.org/api/records/nesv9-h1y10/communities-suggestions",
          "doi": "https://doi.org/10.17613/nesv9-h1y10",
          "draft": "https://works.hcommons.org/api/records/nesv9-h1y10/draft",
          "files": "https://works.hcommons.org/api/records/nesv9-h1y10/files",
          "latest": "https://works.hcommons.org/api/records/nesv9-h1y10/versions/latest",
          "latest_html": "https://works.hcommons.org/records/nesv9-h1y10/latest",
          "media_files": "https://works.hcommons.org/api/records/nesv9-h1y10/media-files",
          "parent": "https://works.hcommons.org/api/records/xtjst-3fc06",
          "parent_doi": "https://works.hcommons.org/doi/10.17613/xtjst-3fc06",
          "parent_html": "https://works.hcommons.org/records/xtjst-3fc06",
          "requests": "https://works.hcommons.org/api/records/nesv9-h1y10/requests",
          "reserve_doi": "https://works.hcommons.org/api/records/nesv9-h1y10/draft/pids/doi",
          "self": "https://works.hcommons.org/api/records/nesv9-h1y10",
          "self_doi": "https://works.hcommons.org/doi/10.17613/nesv9-h1y10",
          "self_html": "https://works.hcommons.org/records/nesv9-h1y10",
          "self_iiif_manifest": "https://works.hcommons.org/api/iiif/record:nesv9-h1y10/manifest",
          "self_iiif_sequence": "https://works.hcommons.org/api/iiif/record:nesv9-h1y10/sequence/default",
          "versions": "https://works.hcommons.org/api/records/nesv9-h1y10/versions"
        },
        "media_files": {
          "count": 0,
          "enabled": false,
          "entries": {},
          "order": [],
          "total_bytes": 0
        },
        "metadata": {
          "creators": [
            {
              "person_or_org": {
                "family_name": "Seitz",
                "given_name": "Jonathan A",
                "name": "Seitz, Jonathan A",
                "type": "personal"
              },
              "role": {
                "id": "author",
                "title": {
                  "en": "Author"
                }
              }
            }
          ],
          "identifiers": [
            {
              "identifier": "DgAJMs",
              "scheme": "import-recid"
            },
            {
              "identifier": "https://jcrt.org/archives/09.3/seitz/",
              "scheme": "url"
            }
          ],
          "languages": [
            {
              "id": "eng",
              "title": {
                "en": "English"
              }
            }
          ],
          "publication_date": "2008",
          "publisher": "Whitestone Publications",
          "resource_type": {
            "id": "textDocument-journalArticle",
            "title": {
              "de": "Zeitschriftenartikel",
              "en": "Journal article"
            }
          },
          "rights": [
            {
              "link": "https://jcrt.org/copyright/",
              "title": {
                "en": "Copyright held by the author(s). Published in the Journal for Cultural and Religious Theory."
              }
            }
          ],
          "subjects": [
            {
              "id": "http://id.worldcat.org/fast/863073",
              "scheme": "FAST-topical",
              "subject": "Civilization, Modern"
            },
            {
              "id": "http://id.worldcat.org/fast/922671",
              "scheme": "FAST-topical",
              "subject": "Feminism"
            },
            {
              "id": "http://id.worldcat.org/fast/979887",
              "scheme": "FAST-topical",
              "subject": "Islam and secularism"
            },
            {
              "id": "http://id.worldcat.org/fast/1079920",
              "scheme": "FAST-topical",
              "subject": "Protestantism"
            },
            {
              "id": "http://id.worldcat.org/fast/1093842",
              "scheme": "FAST-topical",
              "subject": "Religion and politics"
            },
            {
              "id": "http://id.worldcat.org/fast/1110732",
              "scheme": "FAST-topical",
              "subject": "Secularism"
            },
            {
              "id": "http://id.worldcat.org/fast/1110738",
              "scheme": "FAST-topical",
              "subject": "Secularization"
            }
          ],
          "title": "Secularisms"
        },
        "parent": {
          "access": {
            "grants": [],
            "links": [],
            "owned_by": {
              "user": "3742"
            },
            "settings": {
              "accept_conditions_text": null,
              "allow_guest_requests": false,
              "allow_user_requests": false,
              "secret_link_expiration": 0
            }
          },
          "communities": {
            "default": "78262aba-4023-4130-ad71-380e87c9795c",
            "entries": [
              {
                "access": {
                  "member_policy": "open",
                  "members_visibility": "public",
                  "record_policy": "open",
                  "review_policy": "closed",
                  "visibility": "public"
                },
                "children": {
                  "allow": false
                },
                "created": "2026-08-30T10:48:34.797887+00:00",
                "custom_fields": {
                  "stats:dashboard_enabled": false
                },
                "deletion_status": {
                  "is_deleted": false,
                  "status": "P"
                },
                "id": "78262aba-4023-4130-ad71-380e87c9795c",
                "links": {},
                "metadata": {
                  "description": "JCRT 09.3",
                  "title": "JCRT 09.3",
                  "type": {
                    "id": "journal"
                  },
                  "website": "https://jcrt.org/archives/09.3/"
                },
                "revision_id": 5,
                "slug": "jcrt-093",
                "updated": "2026-08-30T10:49:53.158141+00:00"
              }
            ],
            "ids": [
              "78262aba-4023-4130-ad71-380e87c9795c"
            ]
          },
          "id": "xtjst-3fc06",
          "pids": {
            "doi": {
              "client": "datacite",
              "identifier": "10.17613/xtjst-3fc06",
              "provider": "datacite"
            }
          }
        },
        "pids": {
          "doi": {
            "client": "datacite",
            "identifier": "10.17613/nesv9-h1y10",
            "provider": "datacite"
          },
          "oai": {
            "identifier": "oai:https://works.hcommons.org:nesv9-h1y10",
            "provider": "oai"
          }
        },
        "revision_id": 5,
        "stats": {
          "all_versions": {
            "data_volume": 0.0,
            "downloads": 0,
            "unique_downloads": 0,
            "unique_views": 0,
            "views": 0
          },
          "this_version": {
            "data_volume": 0.0,
            "downloads": 0,
            "unique_downloads": 0,
            "unique_views": 0,
            "views": 0
          }
        },
        "status": "published",
        "updated": "2026-08-30T10:50:24.843406+00:00",
        "versions": {
          "index": 1,
          "is_latest": true,
          "is_latest_draft": true
        }
      },
      "record_id": "nesv9-h1y10",
      "record_url": "https://works.hcommons.org/records/nesv9-h1y10",
      "source_id": ""
    },
    {
      "collection_id": "78262aba-4023-4130-ad71-380e87c9795c",
      "errors": [],
      "files": {
        "shoemaker.pdf": {
          "messages": [],
          "status": "uploaded"
        }
      },
      "item_index": 3,
      "metadata": {
        "access": {
          "embargo": {
            "active": false,
            "reason": null
          },
          "files": "public",
          "record": "public",
          "status": "open"
        },
        "created": "2026-08-30T10:50:26.577823+00:00",
        "custom_fields": {
          "journal:journal": {
            "issn": "1530-5228",
            "issue": "3",
            "pages": "",
            "title": "Journal for Cultural & Religious Theory",
            "volume": "9"
          },
          "kcr:user_defined_tags": [
            "pentecostalism",
            "holiness-movement",
            "american-south",
            "evangelicalism",
            "southern-religion",
            "revivalism",
            "protestantism",
            "charismatic-christianity",
            "religious-history",
            "race-and-religion",
            "church-history"
          ]
        },
        "deletion_status": {
          "is_deleted": false,
          "status": "P"
        },
        "files": {
          "count": 1,
          "enabled": true,
          "entries": {
            "shoemaker.pdf": {
              "access": {
                "hidden": false
              },
              "checksum": "md5:a100534b13bb2f67c9570e6a8fd9d19c",
              "ext": "pdf",
              "id": "e4a3f4ae-63f8-4525-911d-46eb418e40be",
              "key": "shoemaker.pdf",
              "links": {
                "content": "https://works.hcommons.org/api/records/vfqat-dw922/files/shoemaker.pdf/content",
                "iiif_api": "https://works.hcommons.org/api/iiif/record:vfqat-dw922:shoemaker.pdf/full/full/0/default.png",
                "iiif_base": "https://works.hcommons.org/api/iiif/record:vfqat-dw922:shoemaker.pdf",
                "iiif_canvas": "https://works.hcommons.org/api/iiif/record:vfqat-dw922/canvas/shoemaker.pdf",
                "iiif_info": "https://works.hcommons.org/api/iiif/record:vfqat-dw922:shoemaker.pdf/info.json",
                "self": "https://works.hcommons.org/api/records/vfqat-dw922/files/shoemaker.pdf"
              },
              "metadata": null,
              "mimetype": "application/pdf",
              "size": 284530,
              "storage_class": "L"
            }
          },
          "order": [],
          "total_bytes": 284530
        },
        "id": "vfqat-dw922",
        "is_draft": false,
        "is_published": true,
        "links": {
          "access": "https://works.hcommons.org/api/records/vfqat-dw922/access",
          "access_grants": "https://works.hcommons.org/api/records/vfqat-dw922/access/grants",
          "access_groups": "https://works.hcommons.org/api/records/vfqat-dw922/access/groups",
          "access_links": "https://works.hcommons.org/api/records/vfqat-dw922/access/links",
          "access_request": "https://works.hcommons.org/api/records/vfqat-dw922/access/request",
          "access_users": "https://works.hcommons.org/api/records/vfqat-dw922/access/users",
          "archive": "https://works.hcommons.org/api/records/vfqat-dw922/files-archive",
          "archive_media": "https://works.hcommons.org/api/records/vfqat-dw922/media-files-archive",
          "communities": "https://works.hcommons.org/api/records/vfqat-dw922/communities",
          "communities-suggestions": "https://works.hcommons.org/api/records/vfqat-dw922/communities-suggestions",
          "doi": "https://doi.org/10.17613/vfqat-dw922",
          "draft": "https://works.hcommons.org/api/records/vfqat-dw922/draft",
          "files": "https://works.hcommons.org/api/records/vfqat-dw922/files",
          "latest": "https://works.hcommons.org/api/records/vfqat-dw922/versions/latest",
          "latest_html": "https://works.hcommons.org/records/vfqat-dw922/latest",
          "media_files": "https://works.hcommons.org/api/records/vfqat-dw922/media-files",
          "parent": "https://works.hcommons.org/api/records/pjtzv-emc45",
          "parent_doi": "https://works.hcommons.org/doi/10.17613/pjtzv-emc45",
          "parent_html": "https://works.hcommons.org/records/pjtzv-emc45",
          "requests": "https://works.hcommons.org/api/records/vfqat-dw922/requests",
          "reserve_doi": "https://works.hcommons.org/api/records/vfqat-dw922/draft/pids/doi",
          "self": "https://works.hcommons.org/api/records/vfqat-dw922",
          "self_doi": "https://works.hcommons.org/doi/10.17613/vfqat-dw922",
          "self_html": "https://works.hcommons.org/records/vfqat-dw922",
          "self_iiif_manifest": "https://works.hcommons.org/api/iiif/record:vfqat-dw922/manifest",
          "self_iiif_sequence": "https://works.hcommons.org/api/iiif/record:vfqat-dw922/sequence/default",
          "versions": "https://works.hcommons.org/api/records/vfqat-dw922/versions"
        },
        "media_files": {
          "count": 0,
          "enabled": false,
          "entries": {},
          "order": [],
          "total_bytes": 0
        },
        "metadata": {
          "creators": [
            {
              "person_or_org": {
                "family_name": "Shoemaker",
                "given_name": "Stephen P",
                "name": "Shoemaker, Stephen P",
                "type": "personal"
              },
              "role": {
                "id": "author",
                "title": {
                  "en": "Author"
                }
              }
            }
          ],
          "identifiers": [
            {
              "identifier": "GxWYe-",
              "scheme": "import-recid"
            },
            {
              "identifier": "https://jcrt.org/archives/09.3/shoemaker/",
              "scheme": "url"
            }
          ],
          "languages": [
            {
              "id": "eng",
              "title": {
                "en": "English"
              }
            }
          ],
          "publication_date": "2008",
          "publisher": "Whitestone Publications",
          "resource_type": {
            "id": "textDocument-journalArticle",
            "title": {
              "de": "Zeitschriftenartikel",
              "en": "Journal article"
            }
          },
          "rights": [
            {
              "link": "https://jcrt.org/copyright/",
              "title": {
                "en": "Copyright held by the author(s). Published in the Journal for Cultural and Religious Theory."
              }
            }
          ],
          "subjects": [
            {
              "id": "http://id.worldcat.org/fast/860740",
              "scheme": "FAST-topical",
              "subject": "Church history"
            },
            {
              "id": "http://id.worldcat.org/fast/917002",
              "scheme": "FAST-topical",
              "subject": "Evangelicalism"
            },
            {
              "id": "http://id.worldcat.org/fast/1741207",
              "scheme": "FAST-topical",
              "subject": "Holiness movement"
            },
            {
              "id": "http://id.worldcat.org/fast/1057199",
              "scheme": "FAST-topical",
              "subject": "Pentecostalism"
            },
            {
              "id": "http://id.worldcat.org/fast/1079920",
              "scheme": "FAST-topical",
              "subject": "Protestantism"
            },
            {
              "id": "http://id.worldcat.org/fast/1244550",
              "scheme": "FAST-geographic",
              "subject": "Southern States"
            }
          ],
          "title": "The Fire Spreads: Holiness and Pentecostalism in the American South"
        },
        "parent": {
          "access": {
            "grants": [],
            "links": [],
            "owned_by": {
              "user": "3742"
            },
            "settings": {
              "accept_conditions_text": null,
              "allow_guest_requests": false,
              "allow_user_requests": false,
              "secret_link_expiration": 0
            }
          },
          "communities": {
            "default": "78262aba-4023-4130-ad71-380e87c9795c",
            "entries": [
              {
                "access": {
                  "member_policy": "open",
                  "members_visibility": "public",
                  "record_policy": "open",
                  "review_policy": "closed",
                  "visibility": "public"
                },
                "children": {
                  "allow": false
                },
                "created": "2026-08-30T10:48:34.797887+00:00",
                "custom_fields": {
                  "stats:dashboard_enabled": false
                },
                "deletion_status": {
                  "is_deleted": false,
                  "status": "P"
                },
                "id": "78262aba-4023-4130-ad71-380e87c9795c",
                "links": {},
                "metadata": {
                  "description": "JCRT 09.3",
                  "title": "JCRT 09.3",
                  "type": {
                    "id": "journal"
                  },
                  "website": "https://jcrt.org/archives/09.3/"
                },
                "revision_id": 5,
                "slug": "jcrt-093",
                "updated": "2026-08-30T10:49:53.158141+00:00"
              }
            ],
            "ids": [
              "78262aba-4023-4130-ad71-380e87c9795c"
            ]
          },
          "id": "pjtzv-emc45",
          "pids": {
            "doi": {
              "client": "datacite",
              "identifier": "10.17613/pjtzv-emc45",
              "provider": "datacite"
            }
          }
        },
        "pids": {
          "doi": {
            "client": "datacite",
            "identifier": "10.17613/vfqat-dw922",
            "provider": "datacite"
          },
          "oai": {
            "identifier": "oai:https://works.hcommons.org:vfqat-dw922",
            "provider": "oai"
          }
        },
        "revision_id": 5,
        "stats": {
          "all_versions": {
            "data_volume": 0.0,
            "downloads": 0,
            "unique_downloads": 0,
            "unique_views": 0,
            "views": 0
          },
          "this_version": {
            "data_volume": 0.0,
            "downloads": 0,
            "unique_downloads": 0,
            "unique_views": 0,
            "views": 0
          }
        },
        "status": "published",
        "updated": "2026-08-30T10:50:26.823561+00:00",
        "versions": {
          "index": 1,
          "is_latest": true,
          "is_latest_draft": true
        }
      },
      "record_id": "vfqat-dw922",
      "record_url": "https://works.hcommons.org/records/vfqat-dw922",
      "source_id": ""
    }
  ],
  "errors": [],
  "message": "All records were successfully imported",
  "status": "success"
}