{
  "data": [
    {
      "collection_id": "78262aba-4023-4130-ad71-380e87c9795c",
      "errors": [],
      "files": {
        "smith.pdf": {
          "messages": [],
          "status": "uploaded"
        }
      },
      "item_index": 0,
      "metadata": {
        "access": {
          "embargo": {
            "active": false,
            "reason": null
          },
          "files": "public",
          "record": "public",
          "status": "open"
        },
        "created": "2026-08-30T10:50:33.160769+00:00",
        "custom_fields": {
          "journal:journal": {
            "issn": "1530-5228",
            "issue": "3",
            "pages": "",
            "title": "Journal for Cultural & Religious Theory",
            "volume": "9"
          },
          "kcr:user_defined_tags": [
            "gilles-deleuze",
            "immanuel-kant",
            "individuation",
            "continental-philosophy",
            "metaphysics",
            "philosophy-of-difference",
            "german-idealism",
            "ontology",
            "gilbert-simondon",
            "post-kantian-philosophy",
            "philosophy-of-production"
          ]
        },
        "deletion_status": {
          "is_deleted": false,
          "status": "P"
        },
        "files": {
          "count": 1,
          "enabled": true,
          "entries": {
            "smith.pdf": {
              "access": {
                "hidden": false
              },
              "checksum": "md5:92ceb7ebdf8fa613fc7a5a4da26a2dde",
              "ext": "pdf",
              "id": "1e1ee08c-7507-4dc5-a7a5-51031d125d5a",
              "key": "smith.pdf",
              "links": {
                "content": "https://works.hcommons.org/api/records/m2szd-g3m48/files/smith.pdf/content",
                "iiif_api": "https://works.hcommons.org/api/iiif/record:m2szd-g3m48:smith.pdf/full/full/0/default.png",
                "iiif_base": "https://works.hcommons.org/api/iiif/record:m2szd-g3m48:smith.pdf",
                "iiif_canvas": "https://works.hcommons.org/api/iiif/record:m2szd-g3m48/canvas/smith.pdf",
                "iiif_info": "https://works.hcommons.org/api/iiif/record:m2szd-g3m48:smith.pdf/info.json",
                "self": "https://works.hcommons.org/api/records/m2szd-g3m48/files/smith.pdf"
              },
              "metadata": {},
              "mimetype": "application/pdf",
              "size": 285100,
              "storage_class": "L"
            }
          },
          "order": [],
          "total_bytes": 285100
        },
        "id": "m2szd-g3m48",
        "is_draft": false,
        "is_published": true,
        "links": {
          "access": "https://works.hcommons.org/api/records/m2szd-g3m48/access",
          "access_grants": "https://works.hcommons.org/api/records/m2szd-g3m48/access/grants",
          "access_groups": "https://works.hcommons.org/api/records/m2szd-g3m48/access/groups",
          "access_links": "https://works.hcommons.org/api/records/m2szd-g3m48/access/links",
          "access_request": "https://works.hcommons.org/api/records/m2szd-g3m48/access/request",
          "access_users": "https://works.hcommons.org/api/records/m2szd-g3m48/access/users",
          "archive": "https://works.hcommons.org/api/records/m2szd-g3m48/files-archive",
          "archive_media": "https://works.hcommons.org/api/records/m2szd-g3m48/media-files-archive",
          "communities": "https://works.hcommons.org/api/records/m2szd-g3m48/communities",
          "communities-suggestions": "https://works.hcommons.org/api/records/m2szd-g3m48/communities-suggestions",
          "doi": "https://doi.org/10.17613/m2szd-g3m48",
          "draft": "https://works.hcommons.org/api/records/m2szd-g3m48/draft",
          "files": "https://works.hcommons.org/api/records/m2szd-g3m48/files",
          "latest": "https://works.hcommons.org/api/records/m2szd-g3m48/versions/latest",
          "latest_html": "https://works.hcommons.org/records/m2szd-g3m48/latest",
          "media_files": "https://works.hcommons.org/api/records/m2szd-g3m48/media-files",
          "parent": "https://works.hcommons.org/api/records/4k9t5-pfw04",
          "parent_doi": "https://works.hcommons.org/doi/10.17613/4k9t5-pfw04",
          "parent_html": "https://works.hcommons.org/records/4k9t5-pfw04",
          "requests": "https://works.hcommons.org/api/records/m2szd-g3m48/requests",
          "reserve_doi": "https://works.hcommons.org/api/records/m2szd-g3m48/draft/pids/doi",
          "self": "https://works.hcommons.org/api/records/m2szd-g3m48",
          "self_doi": "https://works.hcommons.org/doi/10.17613/m2szd-g3m48",
          "self_html": "https://works.hcommons.org/records/m2szd-g3m48",
          "self_iiif_manifest": "https://works.hcommons.org/api/iiif/record:m2szd-g3m48/manifest",
          "self_iiif_sequence": "https://works.hcommons.org/api/iiif/record:m2szd-g3m48/sequence/default",
          "versions": "https://works.hcommons.org/api/records/m2szd-g3m48/versions"
        },
        "media_files": {
          "count": 0,
          "enabled": false,
          "entries": {},
          "order": [],
          "total_bytes": 0
        },
        "metadata": {
          "creators": [
            {
              "person_or_org": {
                "family_name": "Smith",
                "given_name": "Anthony Paul",
                "name": "Smith, Anthony Paul",
                "type": "personal"
              },
              "role": {
                "id": "author",
                "title": {
                  "en": "Author"
                }
              }
            }
          ],
          "identifiers": [
            {
              "identifier": "yx_xzD",
              "scheme": "import-recid"
            },
            {
              "identifier": "https://jcrt.org/archives/09.3/smith/",
              "scheme": "url"
            }
          ],
          "languages": [
            {
              "id": "eng",
              "title": {
                "en": "English"
              }
            }
          ],
          "publication_date": "2008",
          "publisher": "Whitestone Publications",
          "resource_type": {
            "id": "textDocument-journalArticle",
            "title": {
              "de": "Zeitschriftenartikel",
              "en": "Journal article"
            }
          },
          "rights": [
            {
              "link": "https://jcrt.org/copyright/",
              "title": {
                "en": "Copyright held by the author(s). Published in the Journal for Cultural and Religious Theory."
              }
            }
          ],
          "subjects": [
            {
              "id": "http://id.worldcat.org/fast/1765182",
              "scheme": "FAST-topical",
              "subject": "Continental philosophy"
            },
            {
              "id": "http://id.worldcat.org/fast/966844",
              "scheme": "FAST-topical",
              "subject": "Idealism, German"
            },
            {
              "id": "http://id.worldcat.org/fast/970369",
              "scheme": "FAST-topical",
              "subject": "Individuation (Philosophy)"
            },
            {
              "id": "http://id.worldcat.org/fast/1018304",
              "scheme": "FAST-topical",
              "subject": "Metaphysics"
            },
            {
              "id": "http://id.worldcat.org/fast/1045995",
              "scheme": "FAST-topical",
              "subject": "Ontology"
            }
          ],
          "title": "The Theatre of Production: Philosophy and Individuation Between Kant and Deleuze"
        },
        "parent": {
          "access": {
            "grants": [],
            "links": [],
            "owned_by": {
              "user": "3742"
            },
            "settings": {
              "accept_conditions_text": null,
              "allow_guest_requests": false,
              "allow_user_requests": false,
              "secret_link_expiration": 0
            }
          },
          "communities": {
            "default": "78262aba-4023-4130-ad71-380e87c9795c",
            "entries": [
              {
                "access": {
                  "member_policy": "open",
                  "members_visibility": "public",
                  "record_policy": "open",
                  "review_policy": "closed",
                  "visibility": "public"
                },
                "children": {
                  "allow": false
                },
                "created": "2026-08-30T10:48:34.797887+00:00",
                "custom_fields": {
                  "stats:dashboard_enabled": false
                },
                "deletion_status": {
                  "is_deleted": false,
                  "status": "P"
                },
                "id": "78262aba-4023-4130-ad71-380e87c9795c",
                "links": {},
                "metadata": {
                  "description": "JCRT 09.3",
                  "title": "JCRT 09.3",
                  "type": {
                    "id": "journal"
                  },
                  "website": "https://jcrt.org/archives/09.3/"
                },
                "revision_id": 5,
                "slug": "jcrt-093",
                "updated": "2026-08-30T10:49:53.158141+00:00"
              }
            ],
            "ids": [
              "78262aba-4023-4130-ad71-380e87c9795c"
            ]
          },
          "id": "4k9t5-pfw04",
          "pids": {
            "doi": {
              "client": "datacite",
              "identifier": "10.17613/4k9t5-pfw04",
              "provider": "datacite"
            }
          }
        },
        "pids": {
          "doi": {
            "client": "datacite",
            "identifier": "10.17613/m2szd-g3m48",
            "provider": "datacite"
          },
          "oai": {
            "identifier": "oai:https://works.hcommons.org:m2szd-g3m48",
            "provider": "oai"
          }
        },
        "revision_id": 5,
        "stats": {
          "all_versions": {
            "data_volume": 0.0,
            "downloads": 0,
            "unique_downloads": 0,
            "unique_views": 0,
            "views": 0
          },
          "this_version": {
            "data_volume": 0.0,
            "downloads": 0,
            "unique_downloads": 0,
            "unique_views": 0,
            "views": 0
          }
        },
        "status": "published",
        "updated": "2026-08-30T10:50:33.387901+00:00",
        "versions": {
          "index": 1,
          "is_latest": true,
          "is_latest_draft": true
        }
      },
      "record_id": "m2szd-g3m48",
      "record_url": "https://works.hcommons.org/records/m2szd-g3m48",
      "source_id": ""
    }
  ],
  "errors": [],
  "message": "All records were successfully imported",
  "status": "success"
}