{
  "data": [
    {
      "collection_id": "b7ce91bb-25c1-417c-81e3-e1b751f04cc3",
      "errors": [],
      "files": {
        "jaarsma.pdf": {
          "messages": [],
          "status": "uploaded"
        }
      },
      "item_index": 0,
      "metadata": {
        "access": {
          "embargo": {
            "active": false,
            "reason": null
          },
          "files": "public",
          "record": "public",
          "status": "open"
        },
        "created": "2026-08-30T10:46:26.278032+00:00",
        "custom_fields": {
          "journal:journal": {
            "issn": "1530-5228",
            "issue": "3",
            "pages": "",
            "title": "Journal for Cultural & Religious Theory",
            "volume": "10"
          },
          "kcr:user_defined_tags": [
            "essentialism-philosophy",
            "existentialism",
            "individual-and-society",
            "new-right-christianity",
            "christianity",
            "desire-and-religion",
            "heterosexism",
            "gender-identity",
            "1813-1855",
            "kierkegaard",
            "s-ren",
            "christian-ethics",
            "queer-theory",
            "sin-christianity"
          ]
        },
        "deletion_status": {
          "is_deleted": false,
          "status": "P"
        },
        "files": {
          "count": 1,
          "enabled": true,
          "entries": {
            "jaarsma.pdf": {
              "access": {
                "hidden": false
              },
              "checksum": "md5:aaf1bed6e13148eba48a8b2fcd8bb47f",
              "ext": "pdf",
              "id": "e24ceff4-788e-455e-ba65-b155590ba089",
              "key": "jaarsma.pdf",
              "links": {
                "content": "https://works.hcommons.org/api/records/m3sjb-3n998/files/jaarsma.pdf/content",
                "iiif_api": "https://works.hcommons.org/api/iiif/record:m3sjb-3n998:jaarsma.pdf/full/full/0/default.png",
                "iiif_base": "https://works.hcommons.org/api/iiif/record:m3sjb-3n998:jaarsma.pdf",
                "iiif_canvas": "https://works.hcommons.org/api/iiif/record:m3sjb-3n998/canvas/jaarsma.pdf",
                "iiif_info": "https://works.hcommons.org/api/iiif/record:m3sjb-3n998:jaarsma.pdf/info.json",
                "self": "https://works.hcommons.org/api/records/m3sjb-3n998/files/jaarsma.pdf"
              },
              "metadata": {},
              "mimetype": "application/pdf",
              "size": 1216212,
              "storage_class": "L"
            }
          },
          "order": [],
          "total_bytes": 1216212
        },
        "id": "m3sjb-3n998",
        "is_draft": false,
        "is_published": true,
        "links": {
          "access": "https://works.hcommons.org/api/records/m3sjb-3n998/access",
          "access_grants": "https://works.hcommons.org/api/records/m3sjb-3n998/access/grants",
          "access_groups": "https://works.hcommons.org/api/records/m3sjb-3n998/access/groups",
          "access_links": "https://works.hcommons.org/api/records/m3sjb-3n998/access/links",
          "access_request": "https://works.hcommons.org/api/records/m3sjb-3n998/access/request",
          "access_users": "https://works.hcommons.org/api/records/m3sjb-3n998/access/users",
          "archive": "https://works.hcommons.org/api/records/m3sjb-3n998/files-archive",
          "archive_media": "https://works.hcommons.org/api/records/m3sjb-3n998/media-files-archive",
          "communities": "https://works.hcommons.org/api/records/m3sjb-3n998/communities",
          "communities-suggestions": "https://works.hcommons.org/api/records/m3sjb-3n998/communities-suggestions",
          "doi": "https://doi.org/10.17613/m3sjb-3n998",
          "draft": "https://works.hcommons.org/api/records/m3sjb-3n998/draft",
          "files": "https://works.hcommons.org/api/records/m3sjb-3n998/files",
          "latest": "https://works.hcommons.org/api/records/m3sjb-3n998/versions/latest",
          "latest_html": "https://works.hcommons.org/records/m3sjb-3n998/latest",
          "media_files": "https://works.hcommons.org/api/records/m3sjb-3n998/media-files",
          "parent": "https://works.hcommons.org/api/records/3y9g5-j4a44",
          "parent_doi": "https://works.hcommons.org/doi/10.17613/3y9g5-j4a44",
          "parent_html": "https://works.hcommons.org/records/3y9g5-j4a44",
          "requests": "https://works.hcommons.org/api/records/m3sjb-3n998/requests",
          "reserve_doi": "https://works.hcommons.org/api/records/m3sjb-3n998/draft/pids/doi",
          "self": "https://works.hcommons.org/api/records/m3sjb-3n998",
          "self_doi": "https://works.hcommons.org/doi/10.17613/m3sjb-3n998",
          "self_html": "https://works.hcommons.org/records/m3sjb-3n998",
          "self_iiif_manifest": "https://works.hcommons.org/api/iiif/record:m3sjb-3n998/manifest",
          "self_iiif_sequence": "https://works.hcommons.org/api/iiif/record:m3sjb-3n998/sequence/default",
          "versions": "https://works.hcommons.org/api/records/m3sjb-3n998/versions"
        },
        "media_files": {
          "count": 0,
          "enabled": false,
          "entries": {},
          "order": [],
          "total_bytes": 0
        },
        "metadata": {
          "creators": [
            {
              "person_or_org": {
                "family_name": "Jaarsma",
                "given_name": "Ada S",
                "name": "Jaarsma, Ada S",
                "type": "personal"
              },
              "role": {
                "id": "author",
                "title": {
                  "en": "Author"
                }
              }
            }
          ],
          "identifiers": [
            {
              "identifier": "CKNOzs",
              "scheme": "import-recid"
            },
            {
              "identifier": "https://jcrt.org/archives/10.3/jaarsma/",
              "scheme": "url"
            }
          ],
          "languages": [
            {
              "id": "eng",
              "title": {
                "en": "English"
              }
            }
          ],
          "publication_date": "2010",
          "publisher": "Whitestone Publications",
          "resource_type": {
            "id": "textDocument-journalArticle",
            "title": {
              "de": "Zeitschriftenartikel",
              "en": "Journal article"
            }
          },
          "rights": [
            {
              "link": "https://jcrt.org/copyright/",
              "title": {
                "en": "Copyright held by the author(s). Published in the Journal for Cultural and Religious Theory."
              }
            }
          ],
          "subjects": [
            {
              "id": "http://id.worldcat.org/fast/859107",
              "scheme": "FAST-topical",
              "subject": "Christian ethics"
            },
            {
              "id": "http://id.worldcat.org/fast/859599",
              "scheme": "FAST-topical",
              "subject": "Christianity"
            },
            {
              "id": "http://id.worldcat.org/fast/1430323",
              "scheme": "FAST-topical",
              "subject": "Essentialism (Philosophy)"
            },
            {
              "id": "http://id.worldcat.org/fast/918204",
              "scheme": "FAST-topical",
              "subject": "Existentialism"
            },
            {
              "id": "http://id.worldcat.org/fast/939593",
              "scheme": "FAST-topical",
              "subject": "Gender identity"
            },
            {
              "id": "http://id.worldcat.org/fast/955776",
              "scheme": "FAST-topical",
              "subject": "Heterosexism"
            },
            {
              "id": "http://id.worldcat.org/fast/1739572",
              "scheme": "FAST-topical",
              "subject": "Queer theory"
            },
            {
              "id": "http://id.worldcat.org/fast/1752314",
              "scheme": "FAST-topical",
              "subject": "Sin--Christianity"
            }
          ],
          "title": "Queering Kierkegaard: Sin, Sex, and Critical Theory"
        },
        "parent": {
          "access": {
            "grants": [],
            "links": [],
            "owned_by": {
              "user": "3742"
            },
            "settings": {
              "accept_conditions_text": null,
              "allow_guest_requests": false,
              "allow_user_requests": false,
              "secret_link_expiration": 0
            }
          },
          "communities": {
            "default": "b7ce91bb-25c1-417c-81e3-e1b751f04cc3",
            "entries": [
              {
                "access": {
                  "member_policy": "open",
                  "members_visibility": "public",
                  "record_policy": "open",
                  "review_policy": "closed",
                  "visibility": "public"
                },
                "children": {
                  "allow": false
                },
                "created": "2026-08-30T10:46:01.175507+00:00",
                "custom_fields": {
                  "stats:dashboard_enabled": false
                },
                "deletion_status": {
                  "is_deleted": false,
                  "status": "P"
                },
                "id": "b7ce91bb-25c1-417c-81e3-e1b751f04cc3",
                "links": {},
                "metadata": {
                  "description": "JCRT 10.3",
                  "title": "JCRT 10.3",
                  "type": {
                    "id": "journal"
                  },
                  "website": "https://jcrt.org/archives/10.3/"
                },
                "revision_id": 3,
                "slug": "jcrt-103",
                "updated": "2026-08-30T10:46:01.883864+00:00"
              }
            ],
            "ids": [
              "b7ce91bb-25c1-417c-81e3-e1b751f04cc3"
            ]
          },
          "id": "3y9g5-j4a44",
          "pids": {
            "doi": {
              "client": "datacite",
              "identifier": "10.17613/3y9g5-j4a44",
              "provider": "datacite"
            }
          }
        },
        "pids": {
          "doi": {
            "client": "datacite",
            "identifier": "10.17613/m3sjb-3n998",
            "provider": "datacite"
          },
          "oai": {
            "identifier": "oai:https://works.hcommons.org:m3sjb-3n998",
            "provider": "oai"
          }
        },
        "revision_id": 5,
        "stats": {
          "all_versions": {
            "data_volume": 0.0,
            "downloads": 0,
            "unique_downloads": 0,
            "unique_views": 0,
            "views": 0
          },
          "this_version": {
            "data_volume": 0.0,
            "downloads": 0,
            "unique_downloads": 0,
            "unique_views": 0,
            "views": 0
          }
        },
        "status": "published",
        "updated": "2026-08-30T10:46:26.520577+00:00",
        "versions": {
          "index": 1,
          "is_latest": true,
          "is_latest_draft": true
        }
      },
      "record_id": "m3sjb-3n998",
      "record_url": "https://works.hcommons.org/records/m3sjb-3n998",
      "source_id": ""
    },
    {
      "collection_id": "b7ce91bb-25c1-417c-81e3-e1b751f04cc3",
      "errors": [],
      "files": {
        "metcalf.pdf": {
          "messages": [],
          "status": "uploaded"
        }
      },
      "item_index": 1,
      "metadata": {
        "access": {
          "embargo": {
            "active": false,
            "reason": null
          },
          "files": "public",
          "record": "public",
          "status": "open"
        },
        "created": "2026-08-30T10:46:28.195377+00:00",
        "custom_fields": {
          "journal:journal": {
            "issn": "1530-5228",
            "issue": "3",
            "pages": "",
            "title": "Journal for Cultural & Religious Theory",
            "volume": "10"
          },
          "kcr:user_defined_tags": [
            "experience-religion",
            "hermeneutics",
            "discipleship",
            "self-philosophy",
            "tradition-philosophy",
            "religion-philosophy",
            "the",
            "holy",
            "1889-1976",
            "heidegger",
            "martin",
            "1906-1945",
            "bonhoeffer",
            "dietrich",
            "religion-essence"
          ]
        },
        "deletion_status": {
          "is_deleted": false,
          "status": "P"
        },
        "files": {
          "count": 1,
          "enabled": true,
          "entries": {
            "metcalf.pdf": {
              "access": {
                "hidden": false
              },
              "checksum": "md5:809fd56e81294a05b0d8ab86078378ab",
              "ext": "pdf",
              "id": "e4d0a493-242e-4639-b3bc-19e8b3e5477a",
              "key": "metcalf.pdf",
              "links": {
                "content": "https://works.hcommons.org/api/records/zdg1p-tvx29/files/metcalf.pdf/content",
                "iiif_api": "https://works.hcommons.org/api/iiif/record:zdg1p-tvx29:metcalf.pdf/full/full/0/default.png",
                "iiif_base": "https://works.hcommons.org/api/iiif/record:zdg1p-tvx29:metcalf.pdf",
                "iiif_canvas": "https://works.hcommons.org/api/iiif/record:zdg1p-tvx29/canvas/metcalf.pdf",
                "iiif_info": "https://works.hcommons.org/api/iiif/record:zdg1p-tvx29:metcalf.pdf/info.json",
                "self": "https://works.hcommons.org/api/records/zdg1p-tvx29/files/metcalf.pdf"
              },
              "metadata": {},
              "mimetype": "application/pdf",
              "size": 705765,
              "storage_class": "L"
            }
          },
          "order": [],
          "total_bytes": 705765
        },
        "id": "zdg1p-tvx29",
        "is_draft": false,
        "is_published": true,
        "links": {
          "access": "https://works.hcommons.org/api/records/zdg1p-tvx29/access",
          "access_grants": "https://works.hcommons.org/api/records/zdg1p-tvx29/access/grants",
          "access_groups": "https://works.hcommons.org/api/records/zdg1p-tvx29/access/groups",
          "access_links": "https://works.hcommons.org/api/records/zdg1p-tvx29/access/links",
          "access_request": "https://works.hcommons.org/api/records/zdg1p-tvx29/access/request",
          "access_users": "https://works.hcommons.org/api/records/zdg1p-tvx29/access/users",
          "archive": "https://works.hcommons.org/api/records/zdg1p-tvx29/files-archive",
          "archive_media": "https://works.hcommons.org/api/records/zdg1p-tvx29/media-files-archive",
          "communities": "https://works.hcommons.org/api/records/zdg1p-tvx29/communities",
          "communities-suggestions": "https://works.hcommons.org/api/records/zdg1p-tvx29/communities-suggestions",
          "doi": "https://doi.org/10.17613/zdg1p-tvx29",
          "draft": "https://works.hcommons.org/api/records/zdg1p-tvx29/draft",
          "files": "https://works.hcommons.org/api/records/zdg1p-tvx29/files",
          "latest": "https://works.hcommons.org/api/records/zdg1p-tvx29/versions/latest",
          "latest_html": "https://works.hcommons.org/records/zdg1p-tvx29/latest",
          "media_files": "https://works.hcommons.org/api/records/zdg1p-tvx29/media-files",
          "parent": "https://works.hcommons.org/api/records/3pddr-amc45",
          "parent_doi": "https://works.hcommons.org/doi/10.17613/3pddr-amc45",
          "parent_html": "https://works.hcommons.org/records/3pddr-amc45",
          "requests": "https://works.hcommons.org/api/records/zdg1p-tvx29/requests",
          "reserve_doi": "https://works.hcommons.org/api/records/zdg1p-tvx29/draft/pids/doi",
          "self": "https://works.hcommons.org/api/records/zdg1p-tvx29",
          "self_doi": "https://works.hcommons.org/doi/10.17613/zdg1p-tvx29",
          "self_html": "https://works.hcommons.org/records/zdg1p-tvx29",
          "self_iiif_manifest": "https://works.hcommons.org/api/iiif/record:zdg1p-tvx29/manifest",
          "self_iiif_sequence": "https://works.hcommons.org/api/iiif/record:zdg1p-tvx29/sequence/default",
          "versions": "https://works.hcommons.org/api/records/zdg1p-tvx29/versions"
        },
        "media_files": {
          "count": 0,
          "enabled": false,
          "entries": {},
          "order": [],
          "total_bytes": 0
        },
        "metadata": {
          "creators": [
            {
              "person_or_org": {
                "family_name": "Metcalf",
                "given_name": "Robert D",
                "name": "Metcalf, Robert D",
                "type": "personal"
              },
              "role": {
                "id": "author",
                "title": {
                  "en": "Author"
                }
              }
            }
          ],
          "identifiers": [
            {
              "identifier": "bgvDxw",
              "scheme": "import-recid"
            },
            {
              "identifier": "https://jcrt.org/archives/10.3/metcalf/",
              "scheme": "url"
            }
          ],
          "languages": [
            {
              "id": "eng",
              "title": {
                "en": "English"
              }
            }
          ],
          "publication_date": "2010",
          "publisher": "Whitestone Publications",
          "resource_type": {
            "id": "textDocument-journalArticle",
            "title": {
              "de": "Zeitschriftenartikel",
              "en": "Journal article"
            }
          },
          "rights": [
            {
              "link": "https://jcrt.org/copyright/",
              "title": {
                "en": "Copyright held by the author(s). Published in the Journal for Cultural and Religious Theory."
              }
            }
          ],
          "subjects": [
            {
              "id": "http://id.worldcat.org/fast/859185",
              "scheme": "FAST-topical",
              "subject": "Christian life"
            },
            {
              "id": "http://id.worldcat.org/fast/918383",
              "scheme": "FAST-topical",
              "subject": "Experience (Religion)"
            },
            {
              "id": "http://id.worldcat.org/fast/955492",
              "scheme": "FAST-topical",
              "subject": "Hermeneutics"
            },
            {
              "id": "http://id.worldcat.org/fast/1093794",
              "scheme": "FAST-topical",
              "subject": "Religion--Philosophy"
            },
            {
              "id": "http://id.worldcat.org/fast/1111454",
              "scheme": "FAST-topical",
              "subject": "Self (Philosophy)"
            },
            {
              "id": "http://id.worldcat.org/fast/1153957",
              "scheme": "FAST-topical",
              "subject": "Tradition (Philosophy)"
            }
          ],
          "title": "Following the Words: Heidegger's Account of Religion as Nachfolge"
        },
        "parent": {
          "access": {
            "grants": [],
            "links": [],
            "owned_by": {
              "user": "3742"
            },
            "settings": {
              "accept_conditions_text": null,
              "allow_guest_requests": false,
              "allow_user_requests": false,
              "secret_link_expiration": 0
            }
          },
          "communities": {
            "default": "b7ce91bb-25c1-417c-81e3-e1b751f04cc3",
            "entries": [
              {
                "access": {
                  "member_policy": "open",
                  "members_visibility": "public",
                  "record_policy": "open",
                  "review_policy": "closed",
                  "visibility": "public"
                },
                "children": {
                  "allow": false
                },
                "created": "2026-08-30T10:46:01.175507+00:00",
                "custom_fields": {
                  "stats:dashboard_enabled": false
                },
                "deletion_status": {
                  "is_deleted": false,
                  "status": "P"
                },
                "id": "b7ce91bb-25c1-417c-81e3-e1b751f04cc3",
                "links": {},
                "metadata": {
                  "description": "JCRT 10.3",
                  "title": "JCRT 10.3",
                  "type": {
                    "id": "journal"
                  },
                  "website": "https://jcrt.org/archives/10.3/"
                },
                "revision_id": 3,
                "slug": "jcrt-103",
                "updated": "2026-08-30T10:46:01.883864+00:00"
              }
            ],
            "ids": [
              "b7ce91bb-25c1-417c-81e3-e1b751f04cc3"
            ]
          },
          "id": "3pddr-amc45",
          "pids": {
            "doi": {
              "client": "datacite",
              "identifier": "10.17613/3pddr-amc45",
              "provider": "datacite"
            }
          }
        },
        "pids": {
          "doi": {
            "client": "datacite",
            "identifier": "10.17613/zdg1p-tvx29",
            "provider": "datacite"
          },
          "oai": {
            "identifier": "oai:https://works.hcommons.org:zdg1p-tvx29",
            "provider": "oai"
          }
        },
        "revision_id": 5,
        "stats": {
          "all_versions": {
            "data_volume": 0.0,
            "downloads": 0,
            "unique_downloads": 0,
            "unique_views": 0,
            "views": 0
          },
          "this_version": {
            "data_volume": 0.0,
            "downloads": 0,
            "unique_downloads": 0,
            "unique_views": 0,
            "views": 0
          }
        },
        "status": "published",
        "updated": "2026-08-30T10:46:28.426491+00:00",
        "versions": {
          "index": 1,
          "is_latest": true,
          "is_latest_draft": true
        }
      },
      "record_id": "zdg1p-tvx29",
      "record_url": "https://works.hcommons.org/records/zdg1p-tvx29",
      "source_id": ""
    },
    {
      "collection_id": "b7ce91bb-25c1-417c-81e3-e1b751f04cc3",
      "errors": [],
      "files": {
        "pcr4.pdf": {
          "messages": [],
          "status": "uploaded"
        }
      },
      "item_index": 2,
      "metadata": {
        "access": {
          "embargo": {
            "active": false,
            "reason": null
          },
          "files": "public",
          "record": "public",
          "status": "open"
        },
        "created": "2026-08-30T10:46:30.235848+00:00",
        "custom_fields": {
          "journal:journal": {
            "issn": "1530-5228",
            "issue": "3",
            "pages": "",
            "title": "Journal for Cultural & Religious Theory",
            "volume": "10"
          },
          "kcr:user_defined_tags": [
            "continental-philosophy-of-religion",
            "postmodernism",
            "john-caputo",
            "radical-theology",
            "deconstruction",
            "phenomenology",
            "religion-and-culture",
            "weak-theology",
            "post-secular",
            "philosophy-of-religion",
            "jacques-derrida"
          ]
        },
        "deletion_status": {
          "is_deleted": false,
          "status": "P"
        },
        "files": {
          "count": 1,
          "enabled": true,
          "entries": {
            "pcr4.pdf": {
              "access": {
                "hidden": false
              },
              "checksum": "md5:f675436a1383fe1b501884943d15e80f",
              "ext": "pdf",
              "id": "5a3978f1-134c-4285-b388-501127ca2342",
              "key": "pcr4.pdf",
              "links": {
                "content": "https://works.hcommons.org/api/records/f4jn2-83r28/files/pcr4.pdf/content",
                "iiif_api": "https://works.hcommons.org/api/iiif/record:f4jn2-83r28:pcr4.pdf/full/full/0/default.png",
                "iiif_base": "https://works.hcommons.org/api/iiif/record:f4jn2-83r28:pcr4.pdf",
                "iiif_canvas": "https://works.hcommons.org/api/iiif/record:f4jn2-83r28/canvas/pcr4.pdf",
                "iiif_info": "https://works.hcommons.org/api/iiif/record:f4jn2-83r28:pcr4.pdf/info.json",
                "self": "https://works.hcommons.org/api/records/f4jn2-83r28/files/pcr4.pdf"
              },
              "metadata": {},
              "mimetype": "application/pdf",
              "size": 310739,
              "storage_class": "L"
            }
          },
          "order": [],
          "total_bytes": 310739
        },
        "id": "f4jn2-83r28",
        "is_draft": false,
        "is_published": true,
        "links": {
          "access": "https://works.hcommons.org/api/records/f4jn2-83r28/access",
          "access_grants": "https://works.hcommons.org/api/records/f4jn2-83r28/access/grants",
          "access_groups": "https://works.hcommons.org/api/records/f4jn2-83r28/access/groups",
          "access_links": "https://works.hcommons.org/api/records/f4jn2-83r28/access/links",
          "access_request": "https://works.hcommons.org/api/records/f4jn2-83r28/access/request",
          "access_users": "https://works.hcommons.org/api/records/f4jn2-83r28/access/users",
          "archive": "https://works.hcommons.org/api/records/f4jn2-83r28/files-archive",
          "archive_media": "https://works.hcommons.org/api/records/f4jn2-83r28/media-files-archive",
          "communities": "https://works.hcommons.org/api/records/f4jn2-83r28/communities",
          "communities-suggestions": "https://works.hcommons.org/api/records/f4jn2-83r28/communities-suggestions",
          "doi": "https://doi.org/10.17613/f4jn2-83r28",
          "draft": "https://works.hcommons.org/api/records/f4jn2-83r28/draft",
          "files": "https://works.hcommons.org/api/records/f4jn2-83r28/files",
          "latest": "https://works.hcommons.org/api/records/f4jn2-83r28/versions/latest",
          "latest_html": "https://works.hcommons.org/records/f4jn2-83r28/latest",
          "media_files": "https://works.hcommons.org/api/records/f4jn2-83r28/media-files",
          "parent": "https://works.hcommons.org/api/records/b9y54-1ht41",
          "parent_doi": "https://works.hcommons.org/doi/10.17613/b9y54-1ht41",
          "parent_html": "https://works.hcommons.org/records/b9y54-1ht41",
          "requests": "https://works.hcommons.org/api/records/f4jn2-83r28/requests",
          "reserve_doi": "https://works.hcommons.org/api/records/f4jn2-83r28/draft/pids/doi",
          "self": "https://works.hcommons.org/api/records/f4jn2-83r28",
          "self_doi": "https://works.hcommons.org/doi/10.17613/f4jn2-83r28",
          "self_html": "https://works.hcommons.org/records/f4jn2-83r28",
          "self_iiif_manifest": "https://works.hcommons.org/api/iiif/record:f4jn2-83r28/manifest",
          "self_iiif_sequence": "https://works.hcommons.org/api/iiif/record:f4jn2-83r28/sequence/default",
          "versions": "https://works.hcommons.org/api/records/f4jn2-83r28/versions"
        },
        "media_files": {
          "count": 0,
          "enabled": false,
          "entries": {},
          "order": [],
          "total_bytes": 0
        },
        "metadata": {
          "creators": [
            {
              "person_or_org": {
                "family_name": "Caputo",
                "given_name": "John D.",
                "name": "Caputo, John D.",
                "type": "personal"
              },
              "role": {
                "id": "author",
                "title": {
                  "en": "Author"
                }
              }
            }
          ],
          "identifiers": [
            {
              "identifier": "44Qb3A",
              "scheme": "import-recid"
            },
            {
              "identifier": "https://jcrt.org/archives/10.3/pcr4/",
              "scheme": "url"
            }
          ],
          "languages": [
            {
              "id": "eng",
              "title": {
                "en": "English"
              }
            }
          ],
          "publication_date": "2010",
          "publisher": "Whitestone Publications",
          "resource_type": {
            "id": "textDocument-journalArticle",
            "title": {
              "de": "Zeitschriftenartikel",
              "en": "Journal article"
            }
          },
          "rights": [
            {
              "link": "https://jcrt.org/copyright/",
              "title": {
                "en": "Copyright held by the author(s). Published in the Journal for Cultural and Religious Theory."
              }
            }
          ],
          "subjects": [
            {
              "id": "http://id.worldcat.org/fast/889137",
              "scheme": "FAST-topical",
              "subject": "Deconstruction"
            },
            {
              "id": "http://id.worldcat.org/fast/1060522",
              "scheme": "FAST-topical",
              "subject": "Phenomenology"
            },
            {
              "id": "http://id.worldcat.org/fast/1073164",
              "scheme": "FAST-topical",
              "subject": "Postmodernism"
            },
            {
              "id": "http://id.worldcat.org/fast/1093823",
              "scheme": "FAST-topical",
              "subject": "Religion and culture"
            }
          ],
          "title": "Postmodernism, Culture and Religion 4: The Future of Continental Philosophy of Religion"
        },
        "parent": {
          "access": {
            "grants": [],
            "links": [],
            "owned_by": {
              "user": "3742"
            },
            "settings": {
              "accept_conditions_text": null,
              "allow_guest_requests": false,
              "allow_user_requests": false,
              "secret_link_expiration": 0
            }
          },
          "communities": {
            "default": "b7ce91bb-25c1-417c-81e3-e1b751f04cc3",
            "entries": [
              {
                "access": {
                  "member_policy": "open",
                  "members_visibility": "public",
                  "record_policy": "open",
                  "review_policy": "closed",
                  "visibility": "public"
                },
                "children": {
                  "allow": false
                },
                "created": "2026-08-30T10:46:01.175507+00:00",
                "custom_fields": {
                  "stats:dashboard_enabled": false
                },
                "deletion_status": {
                  "is_deleted": false,
                  "status": "P"
                },
                "id": "b7ce91bb-25c1-417c-81e3-e1b751f04cc3",
                "links": {},
                "metadata": {
                  "description": "JCRT 10.3",
                  "title": "JCRT 10.3",
                  "type": {
                    "id": "journal"
                  },
                  "website": "https://jcrt.org/archives/10.3/"
                },
                "revision_id": 3,
                "slug": "jcrt-103",
                "updated": "2026-08-30T10:46:01.883864+00:00"
              }
            ],
            "ids": [
              "b7ce91bb-25c1-417c-81e3-e1b751f04cc3"
            ]
          },
          "id": "b9y54-1ht41",
          "pids": {
            "doi": {
              "client": "datacite",
              "identifier": "10.17613/b9y54-1ht41",
              "provider": "datacite"
            }
          }
        },
        "pids": {
          "doi": {
            "client": "datacite",
            "identifier": "10.17613/f4jn2-83r28",
            "provider": "datacite"
          },
          "oai": {
            "identifier": "oai:https://works.hcommons.org:f4jn2-83r28",
            "provider": "oai"
          }
        },
        "revision_id": 5,
        "stats": {
          "all_versions": {
            "data_volume": 0.0,
            "downloads": 0,
            "unique_downloads": 0,
            "unique_views": 0,
            "views": 0
          },
          "this_version": {
            "data_volume": 0.0,
            "downloads": 0,
            "unique_downloads": 0,
            "unique_views": 0,
            "views": 0
          }
        },
        "status": "published",
        "updated": "2026-08-30T10:46:30.457110+00:00",
        "versions": {
          "index": 1,
          "is_latest": true,
          "is_latest_draft": true
        }
      },
      "record_id": "f4jn2-83r28",
      "record_url": "https://works.hcommons.org/records/f4jn2-83r28",
      "source_id": ""
    },
    {
      "collection_id": "b7ce91bb-25c1-417c-81e3-e1b751f04cc3",
      "errors": [],
      "files": {
        "rodkey.pdf": {
          "messages": [],
          "status": "uploaded"
        }
      },
      "item_index": 3,
      "metadata": {
        "access": {
          "embargo": {
            "active": false,
            "reason": null
          },
          "files": "public",
          "record": "public",
          "status": "open"
        },
        "created": "2026-08-30T10:46:32.476122+00:00",
        "custom_fields": {
          "journal:journal": {
            "issn": "1530-5228",
            "issue": "3",
            "pages": "",
            "title": "Journal for Cultural & Religious Theory",
            "volume": "10"
          },
          "kcr:user_defined_tags": [
            "globalization",
            "christian-mission",
            "postmodernism",
            "great-commission",
            "evangelism",
            "carl-raschke",
            "global-christianity",
            "missiology",
            "postmodern-theology",
            "incarnation",
            "cultural-theology"
          ]
        },
        "deletion_status": {
          "is_deleted": false,
          "status": "P"
        },
        "files": {
          "count": 1,
          "enabled": true,
          "entries": {
            "rodkey.pdf": {
              "access": {
                "hidden": false
              },
              "checksum": "md5:33beae1ac5583da6b4efafccd43d2447",
              "ext": "pdf",
              "id": "ffc27e4a-a460-4244-b17d-db2afa4795b3",
              "key": "rodkey.pdf",
              "links": {
                "content": "https://works.hcommons.org/api/records/1ddnt-db957/files/rodkey.pdf/content",
                "iiif_api": "https://works.hcommons.org/api/iiif/record:1ddnt-db957:rodkey.pdf/full/full/0/default.png",
                "iiif_base": "https://works.hcommons.org/api/iiif/record:1ddnt-db957:rodkey.pdf",
                "iiif_canvas": "https://works.hcommons.org/api/iiif/record:1ddnt-db957/canvas/rodkey.pdf",
                "iiif_info": "https://works.hcommons.org/api/iiif/record:1ddnt-db957:rodkey.pdf/info.json",
                "self": "https://works.hcommons.org/api/records/1ddnt-db957/files/rodkey.pdf"
              },
              "metadata": {},
              "mimetype": "application/pdf",
              "size": 227076,
              "storage_class": "L"
            }
          },
          "order": [],
          "total_bytes": 227076
        },
        "id": "1ddnt-db957",
        "is_draft": false,
        "is_published": true,
        "links": {
          "access": "https://works.hcommons.org/api/records/1ddnt-db957/access",
          "access_grants": "https://works.hcommons.org/api/records/1ddnt-db957/access/grants",
          "access_groups": "https://works.hcommons.org/api/records/1ddnt-db957/access/groups",
          "access_links": "https://works.hcommons.org/api/records/1ddnt-db957/access/links",
          "access_request": "https://works.hcommons.org/api/records/1ddnt-db957/access/request",
          "access_users": "https://works.hcommons.org/api/records/1ddnt-db957/access/users",
          "archive": "https://works.hcommons.org/api/records/1ddnt-db957/files-archive",
          "archive_media": "https://works.hcommons.org/api/records/1ddnt-db957/media-files-archive",
          "communities": "https://works.hcommons.org/api/records/1ddnt-db957/communities",
          "communities-suggestions": "https://works.hcommons.org/api/records/1ddnt-db957/communities-suggestions",
          "doi": "https://doi.org/10.17613/1ddnt-db957",
          "draft": "https://works.hcommons.org/api/records/1ddnt-db957/draft",
          "files": "https://works.hcommons.org/api/records/1ddnt-db957/files",
          "latest": "https://works.hcommons.org/api/records/1ddnt-db957/versions/latest",
          "latest_html": "https://works.hcommons.org/records/1ddnt-db957/latest",
          "media_files": "https://works.hcommons.org/api/records/1ddnt-db957/media-files",
          "parent": "https://works.hcommons.org/api/records/jehe2-f5v56",
          "parent_doi": "https://works.hcommons.org/doi/10.17613/jehe2-f5v56",
          "parent_html": "https://works.hcommons.org/records/jehe2-f5v56",
          "requests": "https://works.hcommons.org/api/records/1ddnt-db957/requests",
          "reserve_doi": "https://works.hcommons.org/api/records/1ddnt-db957/draft/pids/doi",
          "self": "https://works.hcommons.org/api/records/1ddnt-db957",
          "self_doi": "https://works.hcommons.org/doi/10.17613/1ddnt-db957",
          "self_html": "https://works.hcommons.org/records/1ddnt-db957",
          "self_iiif_manifest": "https://works.hcommons.org/api/iiif/record:1ddnt-db957/manifest",
          "self_iiif_sequence": "https://works.hcommons.org/api/iiif/record:1ddnt-db957/sequence/default",
          "versions": "https://works.hcommons.org/api/records/1ddnt-db957/versions"
        },
        "media_files": {
          "count": 0,
          "enabled": false,
          "entries": {},
          "order": [],
          "total_bytes": 0
        },
        "metadata": {
          "creators": [
            {
              "person_or_org": {
                "family_name": "Rodkey",
                "given_name": "Christopher D",
                "name": "Rodkey, Christopher D",
                "type": "personal"
              },
              "role": {
                "id": "author",
                "title": {
                  "en": "Author"
                }
              }
            }
          ],
          "identifiers": [
            {
              "identifier": "cSaLjs",
              "scheme": "import-recid"
            },
            {
              "identifier": "https://jcrt.org/archives/10.3/rodkey/",
              "scheme": "url"
            }
          ],
          "languages": [
            {
              "id": "eng",
              "title": {
                "en": "English"
              }
            }
          ],
          "publication_date": "2010",
          "publisher": "Whitestone Publications",
          "resource_type": {
            "id": "textDocument-journalArticle",
            "title": {
              "de": "Zeitschriftenartikel",
              "en": "Journal article"
            }
          },
          "rights": [
            {
              "link": "https://jcrt.org/copyright/",
              "title": {
                "en": "Copyright held by the author(s). Published in the Journal for Cultural and Religious Theory."
              }
            }
          ],
          "subjects": [
            {
              "id": "http://id.worldcat.org/fast/532135",
              "scheme": "FAST-corporate",
              "subject": "Christian Mission"
            },
            {
              "id": "http://id.worldcat.org/fast/917035",
              "scheme": "FAST-topical",
              "subject": "Evangelistic work"
            },
            {
              "id": "http://id.worldcat.org/fast/943532",
              "scheme": "FAST-topical",
              "subject": "Globalization"
            },
            {
              "id": "http://id.worldcat.org/fast/968453",
              "scheme": "FAST-topical",
              "subject": "Incarnation"
            },
            {
              "id": "http://id.worldcat.org/fast/1023834",
              "scheme": "FAST-topical",
              "subject": "Missions--Theory"
            },
            {
              "id": "http://id.worldcat.org/fast/1073163",
              "scheme": "FAST-topical",
              "subject": "Postmodern theology"
            },
            {
              "id": "http://id.worldcat.org/fast/1073164",
              "scheme": "FAST-topical",
              "subject": "Postmodernism"
            }
          ],
          "title": "Globochrist: the Great Commission Takes a Postmodern Turn"
        },
        "parent": {
          "access": {
            "grants": [],
            "links": [],
            "owned_by": {
              "user": "3742"
            },
            "settings": {
              "accept_conditions_text": null,
              "allow_guest_requests": false,
              "allow_user_requests": false,
              "secret_link_expiration": 0
            }
          },
          "communities": {
            "default": "b7ce91bb-25c1-417c-81e3-e1b751f04cc3",
            "entries": [
              {
                "access": {
                  "member_policy": "open",
                  "members_visibility": "public",
                  "record_policy": "open",
                  "review_policy": "closed",
                  "visibility": "public"
                },
                "children": {
                  "allow": false
                },
                "created": "2026-08-30T10:46:01.175507+00:00",
                "custom_fields": {
                  "stats:dashboard_enabled": false
                },
                "deletion_status": {
                  "is_deleted": false,
                  "status": "P"
                },
                "id": "b7ce91bb-25c1-417c-81e3-e1b751f04cc3",
                "links": {},
                "metadata": {
                  "description": "JCRT 10.3",
                  "title": "JCRT 10.3",
                  "type": {
                    "id": "journal"
                  },
                  "website": "https://jcrt.org/archives/10.3/"
                },
                "revision_id": 3,
                "slug": "jcrt-103",
                "updated": "2026-08-30T10:46:01.883864+00:00"
              }
            ],
            "ids": [
              "b7ce91bb-25c1-417c-81e3-e1b751f04cc3"
            ]
          },
          "id": "jehe2-f5v56",
          "pids": {
            "doi": {
              "client": "datacite",
              "identifier": "10.17613/jehe2-f5v56",
              "provider": "datacite"
            }
          }
        },
        "pids": {
          "doi": {
            "client": "datacite",
            "identifier": "10.17613/1ddnt-db957",
            "provider": "datacite"
          },
          "oai": {
            "identifier": "oai:https://works.hcommons.org:1ddnt-db957",
            "provider": "oai"
          }
        },
        "revision_id": 5,
        "stats": {
          "all_versions": {
            "data_volume": 0.0,
            "downloads": 0,
            "unique_downloads": 0,
            "unique_views": 0,
            "views": 0
          },
          "this_version": {
            "data_volume": 0.0,
            "downloads": 0,
            "unique_downloads": 0,
            "unique_views": 0,
            "views": 0
          }
        },
        "status": "published",
        "updated": "2026-08-30T10:46:32.699968+00:00",
        "versions": {
          "index": 1,
          "is_latest": true,
          "is_latest_draft": true
        }
      },
      "record_id": "1ddnt-db957",
      "record_url": "https://works.hcommons.org/records/1ddnt-db957",
      "source_id": ""
    }
  ],
  "errors": [],
  "message": "All records were successfully imported",
  "status": "success"
}