{
  "data": [
    {
      "collection_id": "ee71433f-c65c-4738-b3d1-2dcef5368f2a",
      "errors": [],
      "files": {
        "fuggle.pdf": {
          "messages": [],
          "status": "uploaded"
        }
      },
      "item_index": 0,
      "metadata": {
        "access": {
          "embargo": {
            "active": false,
            "reason": null
          },
          "files": "public",
          "record": "public",
          "status": "open"
        },
        "created": "2026-08-30T10:45:32.054281+00:00",
        "custom_fields": {
          "journal:journal": {
            "issn": "1530-5228",
            "issue": "1",
            "pages": "",
            "title": "Journal for Cultural & Religious Theory",
            "volume": "11"
          },
          "kcr:user_defined_tags": [
            "institutionalism-religion",
            "power-social-sciences",
            "cynics",
            "christianity",
            "paul",
            "the-apostle",
            "literary",
            "style",
            "saint-literary-activity",
            "saint-theology-church",
            "truth-religion"
          ]
        },
        "deletion_status": {
          "is_deleted": false,
          "status": "P"
        },
        "files": {
          "count": 1,
          "enabled": true,
          "entries": {
            "fuggle.pdf": {
              "access": {
                "hidden": false
              },
              "checksum": "md5:729131f46f5afe6079ea430566db68e4",
              "ext": "pdf",
              "id": "6e91a9d2-0cf2-4bc0-bb78-d2733e90be44",
              "key": "fuggle.pdf",
              "links": {
                "content": "https://works.hcommons.org/api/records/qtxs8-fc289/files/fuggle.pdf/content",
                "iiif_api": "https://works.hcommons.org/api/iiif/record:qtxs8-fc289:fuggle.pdf/full/full/0/default.png",
                "iiif_base": "https://works.hcommons.org/api/iiif/record:qtxs8-fc289:fuggle.pdf",
                "iiif_canvas": "https://works.hcommons.org/api/iiif/record:qtxs8-fc289/canvas/fuggle.pdf",
                "iiif_info": "https://works.hcommons.org/api/iiif/record:qtxs8-fc289:fuggle.pdf/info.json",
                "self": "https://works.hcommons.org/api/records/qtxs8-fc289/files/fuggle.pdf"
              },
              "metadata": {},
              "mimetype": "application/pdf",
              "size": 651156,
              "storage_class": "L"
            }
          },
          "order": [],
          "total_bytes": 651156
        },
        "id": "qtxs8-fc289",
        "is_draft": false,
        "is_published": true,
        "links": {
          "access": "https://works.hcommons.org/api/records/qtxs8-fc289/access",
          "access_grants": "https://works.hcommons.org/api/records/qtxs8-fc289/access/grants",
          "access_groups": "https://works.hcommons.org/api/records/qtxs8-fc289/access/groups",
          "access_links": "https://works.hcommons.org/api/records/qtxs8-fc289/access/links",
          "access_request": "https://works.hcommons.org/api/records/qtxs8-fc289/access/request",
          "access_users": "https://works.hcommons.org/api/records/qtxs8-fc289/access/users",
          "archive": "https://works.hcommons.org/api/records/qtxs8-fc289/files-archive",
          "archive_media": "https://works.hcommons.org/api/records/qtxs8-fc289/media-files-archive",
          "communities": "https://works.hcommons.org/api/records/qtxs8-fc289/communities",
          "communities-suggestions": "https://works.hcommons.org/api/records/qtxs8-fc289/communities-suggestions",
          "doi": "https://doi.org/10.17613/qtxs8-fc289",
          "draft": "https://works.hcommons.org/api/records/qtxs8-fc289/draft",
          "files": "https://works.hcommons.org/api/records/qtxs8-fc289/files",
          "latest": "https://works.hcommons.org/api/records/qtxs8-fc289/versions/latest",
          "latest_html": "https://works.hcommons.org/records/qtxs8-fc289/latest",
          "media_files": "https://works.hcommons.org/api/records/qtxs8-fc289/media-files",
          "parent": "https://works.hcommons.org/api/records/7edr5-sy853",
          "parent_doi": "https://works.hcommons.org/doi/10.17613/7edr5-sy853",
          "parent_html": "https://works.hcommons.org/records/7edr5-sy853",
          "requests": "https://works.hcommons.org/api/records/qtxs8-fc289/requests",
          "reserve_doi": "https://works.hcommons.org/api/records/qtxs8-fc289/draft/pids/doi",
          "self": "https://works.hcommons.org/api/records/qtxs8-fc289",
          "self_doi": "https://works.hcommons.org/doi/10.17613/qtxs8-fc289",
          "self_html": "https://works.hcommons.org/records/qtxs8-fc289",
          "self_iiif_manifest": "https://works.hcommons.org/api/iiif/record:qtxs8-fc289/manifest",
          "self_iiif_sequence": "https://works.hcommons.org/api/iiif/record:qtxs8-fc289/sequence/default",
          "versions": "https://works.hcommons.org/api/records/qtxs8-fc289/versions"
        },
        "media_files": {
          "count": 0,
          "enabled": false,
          "entries": {},
          "order": [],
          "total_bytes": 0
        },
        "metadata": {
          "creators": [
            {
              "person_or_org": {
                "family_name": "Fuggle",
                "given_name": "Sophie",
                "name": "Fuggle, Sophie",
                "type": "personal"
              },
              "role": {
                "id": "author",
                "title": {
                  "en": "Author"
                }
              }
            }
          ],
          "identifiers": [
            {
              "identifier": "Ykciyr",
              "scheme": "import-recid"
            },
            {
              "identifier": "https://jcrt.org/archives/11.1/fuggle/",
              "scheme": "url"
            }
          ],
          "languages": [
            {
              "id": "eng",
              "title": {
                "en": "English"
              }
            }
          ],
          "publication_date": "2010",
          "publisher": "Whitestone Publications",
          "resource_type": {
            "id": "textDocument-journalArticle",
            "title": {
              "de": "Zeitschriftenartikel",
              "en": "Journal article"
            }
          },
          "rights": [
            {
              "link": "https://jcrt.org/copyright/",
              "title": {
                "en": "Copyright held by the author(s). Published in the Journal for Cultural and Religious Theory."
              }
            }
          ],
          "subjects": [
            {
              "id": "http://id.worldcat.org/fast/859599",
              "scheme": "FAST-topical",
              "subject": "Christianity"
            },
            {
              "id": "http://id.worldcat.org/fast/974321",
              "scheme": "FAST-topical",
              "subject": "Institutionalism (Religion)"
            },
            {
              "id": "http://id.worldcat.org/fast/1074219",
              "scheme": "FAST-topical",
              "subject": "Power (Social sciences)"
            }
          ],
          "title": "On the Persistence of Cynic Motifs"
        },
        "parent": {
          "access": {
            "grants": [],
            "links": [],
            "owned_by": {
              "user": "3742"
            },
            "settings": {
              "accept_conditions_text": null,
              "allow_guest_requests": false,
              "allow_user_requests": false,
              "secret_link_expiration": 0
            }
          },
          "communities": {
            "default": "ee71433f-c65c-4738-b3d1-2dcef5368f2a",
            "entries": [
              {
                "access": {
                  "member_policy": "open",
                  "members_visibility": "public",
                  "record_policy": "open",
                  "review_policy": "closed",
                  "visibility": "public"
                },
                "children": {
                  "allow": false
                },
                "created": "2026-08-30T10:45:17.864932+00:00",
                "custom_fields": {
                  "stats:dashboard_enabled": false
                },
                "deletion_status": {
                  "is_deleted": false,
                  "status": "P"
                },
                "id": "ee71433f-c65c-4738-b3d1-2dcef5368f2a",
                "links": {},
                "metadata": {
                  "description": "JCRT 11.1",
                  "title": "JCRT 11.1",
                  "type": {
                    "id": "journal"
                  },
                  "website": "https://jcrt.org/archives/11.1/"
                },
                "revision_id": 3,
                "slug": "jcrt-111",
                "updated": "2026-08-30T10:45:18.530405+00:00"
              }
            ],
            "ids": [
              "ee71433f-c65c-4738-b3d1-2dcef5368f2a"
            ]
          },
          "id": "7edr5-sy853",
          "pids": {
            "doi": {
              "client": "datacite",
              "identifier": "10.17613/7edr5-sy853",
              "provider": "datacite"
            }
          }
        },
        "pids": {
          "doi": {
            "client": "datacite",
            "identifier": "10.17613/qtxs8-fc289",
            "provider": "datacite"
          },
          "oai": {
            "identifier": "oai:https://works.hcommons.org:qtxs8-fc289",
            "provider": "oai"
          }
        },
        "revision_id": 5,
        "stats": {
          "all_versions": {
            "data_volume": 0.0,
            "downloads": 0,
            "unique_downloads": 0,
            "unique_views": 0,
            "views": 0
          },
          "this_version": {
            "data_volume": 0.0,
            "downloads": 0,
            "unique_downloads": 0,
            "unique_views": 0,
            "views": 0
          }
        },
        "status": "published",
        "updated": "2026-08-30T10:45:32.272431+00:00",
        "versions": {
          "index": 1,
          "is_latest": true,
          "is_latest_draft": true
        }
      },
      "record_id": "qtxs8-fc289",
      "record_url": "https://works.hcommons.org/records/qtxs8-fc289",
      "source_id": ""
    },
    {
      "collection_id": "ee71433f-c65c-4738-b3d1-2dcef5368f2a",
      "errors": [],
      "files": {
        "glowacki.pdf": {
          "messages": [],
          "status": "uploaded"
        }
      },
      "item_index": 1,
      "metadata": {
        "access": {
          "embargo": {
            "active": false,
            "reason": null
          },
          "files": "public",
          "record": "public",
          "status": "open"
        },
        "created": "2026-08-30T10:45:33.946663+00:00",
        "custom_fields": {
          "journal:journal": {
            "issn": "1530-5228",
            "issue": "1",
            "pages": "",
            "title": "Journal for Cultural & Religious Theory",
            "volume": "11"
          },
          "kcr:user_defined_tags": [
            "bible-epistles-of-paul",
            "power-social-sciences",
            "foucault",
            "1926-1984",
            "michel",
            "paul",
            "the-apostle",
            "jesus-christ-mystical-body",
            "saint-theology-church",
            "church-authority",
            "biblical-leader",
            "1748-1832",
            "autonomy",
            "bentham",
            "jeremy",
            "legitimation-religion",
            "moses",
            "prisons-and-prisoners",
            "subject-philosophy"
          ]
        },
        "deletion_status": {
          "is_deleted": false,
          "status": "P"
        },
        "files": {
          "count": 1,
          "enabled": true,
          "entries": {
            "glowacki.pdf": {
              "access": {
                "hidden": false
              },
              "checksum": "md5:a0697fc1d28f2eccf792440627ae0e08",
              "ext": "pdf",
              "id": "99e77c3a-1fca-4f5e-8670-0eea78666634",
              "key": "glowacki.pdf",
              "links": {
                "content": "https://works.hcommons.org/api/records/t7ehc-ae829/files/glowacki.pdf/content",
                "iiif_api": "https://works.hcommons.org/api/iiif/record:t7ehc-ae829:glowacki.pdf/full/full/0/default.png",
                "iiif_base": "https://works.hcommons.org/api/iiif/record:t7ehc-ae829:glowacki.pdf",
                "iiif_canvas": "https://works.hcommons.org/api/iiif/record:t7ehc-ae829/canvas/glowacki.pdf",
                "iiif_info": "https://works.hcommons.org/api/iiif/record:t7ehc-ae829:glowacki.pdf/info.json",
                "self": "https://works.hcommons.org/api/records/t7ehc-ae829/files/glowacki.pdf"
              },
              "metadata": {},
              "mimetype": "application/pdf",
              "size": 681151,
              "storage_class": "L"
            }
          },
          "order": [],
          "total_bytes": 681151
        },
        "id": "t7ehc-ae829",
        "is_draft": false,
        "is_published": true,
        "links": {
          "access": "https://works.hcommons.org/api/records/t7ehc-ae829/access",
          "access_grants": "https://works.hcommons.org/api/records/t7ehc-ae829/access/grants",
          "access_groups": "https://works.hcommons.org/api/records/t7ehc-ae829/access/groups",
          "access_links": "https://works.hcommons.org/api/records/t7ehc-ae829/access/links",
          "access_request": "https://works.hcommons.org/api/records/t7ehc-ae829/access/request",
          "access_users": "https://works.hcommons.org/api/records/t7ehc-ae829/access/users",
          "archive": "https://works.hcommons.org/api/records/t7ehc-ae829/files-archive",
          "archive_media": "https://works.hcommons.org/api/records/t7ehc-ae829/media-files-archive",
          "communities": "https://works.hcommons.org/api/records/t7ehc-ae829/communities",
          "communities-suggestions": "https://works.hcommons.org/api/records/t7ehc-ae829/communities-suggestions",
          "doi": "https://doi.org/10.17613/t7ehc-ae829",
          "draft": "https://works.hcommons.org/api/records/t7ehc-ae829/draft",
          "files": "https://works.hcommons.org/api/records/t7ehc-ae829/files",
          "latest": "https://works.hcommons.org/api/records/t7ehc-ae829/versions/latest",
          "latest_html": "https://works.hcommons.org/records/t7ehc-ae829/latest",
          "media_files": "https://works.hcommons.org/api/records/t7ehc-ae829/media-files",
          "parent": "https://works.hcommons.org/api/records/7kssz-x2a43",
          "parent_doi": "https://works.hcommons.org/doi/10.17613/7kssz-x2a43",
          "parent_html": "https://works.hcommons.org/records/7kssz-x2a43",
          "requests": "https://works.hcommons.org/api/records/t7ehc-ae829/requests",
          "reserve_doi": "https://works.hcommons.org/api/records/t7ehc-ae829/draft/pids/doi",
          "self": "https://works.hcommons.org/api/records/t7ehc-ae829",
          "self_doi": "https://works.hcommons.org/doi/10.17613/t7ehc-ae829",
          "self_html": "https://works.hcommons.org/records/t7ehc-ae829",
          "self_iiif_manifest": "https://works.hcommons.org/api/iiif/record:t7ehc-ae829/manifest",
          "self_iiif_sequence": "https://works.hcommons.org/api/iiif/record:t7ehc-ae829/sequence/default",
          "versions": "https://works.hcommons.org/api/records/t7ehc-ae829/versions"
        },
        "media_files": {
          "count": 0,
          "enabled": false,
          "entries": {},
          "order": [],
          "total_bytes": 0
        },
        "metadata": {
          "creators": [
            {
              "person_or_org": {
                "family_name": "Glowacki",
                "given_name": "David R",
                "name": "Glowacki, David R",
                "type": "personal"
              },
              "role": {
                "id": "author",
                "title": {
                  "en": "Author"
                }
              }
            }
          ],
          "identifiers": [
            {
              "identifier": "-CS3T-",
              "scheme": "import-recid"
            },
            {
              "identifier": "https://jcrt.org/archives/11.1/glowacki/",
              "scheme": "url"
            }
          ],
          "languages": [
            {
              "id": "eng",
              "title": {
                "en": "English"
              }
            }
          ],
          "publication_date": "2010",
          "publisher": "Whitestone Publications",
          "resource_type": {
            "id": "textDocument-journalArticle",
            "title": {
              "de": "Zeitschriftenartikel",
              "en": "Journal article"
            }
          },
          "rights": [
            {
              "link": "https://jcrt.org/copyright/",
              "title": {
                "en": "Copyright held by the author(s). Published in the Journal for Cultural and Religious Theory."
              }
            }
          ],
          "subjects": [
            {
              "id": "http://id.worldcat.org/fast/824163",
              "scheme": "FAST-topical",
              "subject": "Autonomy"
            },
            {
              "id": "http://id.worldcat.org/fast/1808029",
              "scheme": "FAST-title",
              "subject": "Bible. Epistles of Paul"
            },
            {
              "id": "http://id.worldcat.org/fast/860368",
              "scheme": "FAST-topical",
              "subject": "Church--Authority"
            },
            {
              "id": "http://id.worldcat.org/fast/1074219",
              "scheme": "FAST-topical",
              "subject": "Power (Social sciences)"
            },
            {
              "id": "http://id.worldcat.org/fast/1136447",
              "scheme": "FAST-topical",
              "subject": "Subject (Philosophy)"
            }
          ],
          "title": "All Things to All People: Unravelling the Structure of the Apostolic Panopticon"
        },
        "parent": {
          "access": {
            "grants": [],
            "links": [],
            "owned_by": {
              "user": "3742"
            },
            "settings": {
              "accept_conditions_text": null,
              "allow_guest_requests": false,
              "allow_user_requests": false,
              "secret_link_expiration": 0
            }
          },
          "communities": {
            "default": "ee71433f-c65c-4738-b3d1-2dcef5368f2a",
            "entries": [
              {
                "access": {
                  "member_policy": "open",
                  "members_visibility": "public",
                  "record_policy": "open",
                  "review_policy": "closed",
                  "visibility": "public"
                },
                "children": {
                  "allow": false
                },
                "created": "2026-08-30T10:45:17.864932+00:00",
                "custom_fields": {
                  "stats:dashboard_enabled": false
                },
                "deletion_status": {
                  "is_deleted": false,
                  "status": "P"
                },
                "id": "ee71433f-c65c-4738-b3d1-2dcef5368f2a",
                "links": {},
                "metadata": {
                  "description": "JCRT 11.1",
                  "title": "JCRT 11.1",
                  "type": {
                    "id": "journal"
                  },
                  "website": "https://jcrt.org/archives/11.1/"
                },
                "revision_id": 3,
                "slug": "jcrt-111",
                "updated": "2026-08-30T10:45:18.530405+00:00"
              }
            ],
            "ids": [
              "ee71433f-c65c-4738-b3d1-2dcef5368f2a"
            ]
          },
          "id": "7kssz-x2a43",
          "pids": {
            "doi": {
              "client": "datacite",
              "identifier": "10.17613/7kssz-x2a43",
              "provider": "datacite"
            }
          }
        },
        "pids": {
          "doi": {
            "client": "datacite",
            "identifier": "10.17613/t7ehc-ae829",
            "provider": "datacite"
          },
          "oai": {
            "identifier": "oai:https://works.hcommons.org:t7ehc-ae829",
            "provider": "oai"
          }
        },
        "revision_id": 5,
        "stats": {
          "all_versions": {
            "data_volume": 0.0,
            "downloads": 0,
            "unique_downloads": 0,
            "unique_views": 0,
            "views": 0
          },
          "this_version": {
            "data_volume": 0.0,
            "downloads": 0,
            "unique_downloads": 0,
            "unique_views": 0,
            "views": 0
          }
        },
        "status": "published",
        "updated": "2026-08-30T10:45:34.162959+00:00",
        "versions": {
          "index": 1,
          "is_latest": true,
          "is_latest_draft": true
        }
      },
      "record_id": "t7ehc-ae829",
      "record_url": "https://works.hcommons.org/records/t7ehc-ae829",
      "source_id": ""
    },
    {
      "collection_id": "ee71433f-c65c-4738-b3d1-2dcef5368f2a",
      "errors": [],
      "files": {
        "mayes.pdf": {
          "messages": [],
          "status": "uploaded"
        }
      },
      "item_index": 2,
      "metadata": {
        "access": {
          "embargo": {
            "active": false,
            "reason": null
          },
          "files": "public",
          "record": "public",
          "status": "open"
        },
        "created": "2026-08-30T10:45:35.882091+00:00",
        "custom_fields": {
          "journal:journal": {
            "issn": "1530-5228",
            "issue": "1",
            "pages": "",
            "title": "Journal for Cultural & Religious Theory",
            "volume": "11"
          },
          "kcr:user_defined_tags": [
            "violence-in-the-bible",
            "bible-john-5-12",
            "criticism",
            "bible-john",
            "power-social-sciences",
            "christianity",
            "foucault",
            "sovereignty",
            "etc",
            "interpretation",
            "jesus-christ-person-and-offices",
            "slavoj",
            "z-iz-ek",
            "1926-1984",
            "michel",
            "david",
            "paul",
            "agamben",
            "giorgio",
            "the-apostle",
            "clergy-office",
            "king-of-israel",
            "mika",
            "monarchy",
            "ojakangas",
            "sacrifice-christianity",
            "saint-theology-ministry",
            "shepherds",
            "shepherds-religious-aspects-judaism",
            "violence-and-religion"
          ]
        },
        "deletion_status": {
          "is_deleted": false,
          "status": "P"
        },
        "files": {
          "count": 1,
          "enabled": true,
          "entries": {
            "mayes.pdf": {
              "access": {
                "hidden": false
              },
              "checksum": "md5:51bd015a9f0796eef0c87f0e8d40293c",
              "ext": "pdf",
              "id": "124e0a5d-a026-4312-a3b4-6e38dbd73552",
              "key": "mayes.pdf",
              "links": {
                "content": "https://works.hcommons.org/api/records/yjgnd-as459/files/mayes.pdf/content",
                "iiif_api": "https://works.hcommons.org/api/iiif/record:yjgnd-as459:mayes.pdf/full/full/0/default.png",
                "iiif_base": "https://works.hcommons.org/api/iiif/record:yjgnd-as459:mayes.pdf",
                "iiif_canvas": "https://works.hcommons.org/api/iiif/record:yjgnd-as459/canvas/mayes.pdf",
                "iiif_info": "https://works.hcommons.org/api/iiif/record:yjgnd-as459:mayes.pdf/info.json",
                "self": "https://works.hcommons.org/api/records/yjgnd-as459/files/mayes.pdf"
              },
              "metadata": {},
              "mimetype": "application/pdf",
              "size": 729472,
              "storage_class": "L"
            }
          },
          "order": [],
          "total_bytes": 729472
        },
        "id": "yjgnd-as459",
        "is_draft": false,
        "is_published": true,
        "links": {
          "access": "https://works.hcommons.org/api/records/yjgnd-as459/access",
          "access_grants": "https://works.hcommons.org/api/records/yjgnd-as459/access/grants",
          "access_groups": "https://works.hcommons.org/api/records/yjgnd-as459/access/groups",
          "access_links": "https://works.hcommons.org/api/records/yjgnd-as459/access/links",
          "access_request": "https://works.hcommons.org/api/records/yjgnd-as459/access/request",
          "access_users": "https://works.hcommons.org/api/records/yjgnd-as459/access/users",
          "archive": "https://works.hcommons.org/api/records/yjgnd-as459/files-archive",
          "archive_media": "https://works.hcommons.org/api/records/yjgnd-as459/media-files-archive",
          "communities": "https://works.hcommons.org/api/records/yjgnd-as459/communities",
          "communities-suggestions": "https://works.hcommons.org/api/records/yjgnd-as459/communities-suggestions",
          "doi": "https://doi.org/10.17613/yjgnd-as459",
          "draft": "https://works.hcommons.org/api/records/yjgnd-as459/draft",
          "files": "https://works.hcommons.org/api/records/yjgnd-as459/files",
          "latest": "https://works.hcommons.org/api/records/yjgnd-as459/versions/latest",
          "latest_html": "https://works.hcommons.org/records/yjgnd-as459/latest",
          "media_files": "https://works.hcommons.org/api/records/yjgnd-as459/media-files",
          "parent": "https://works.hcommons.org/api/records/k9qw1-xkh30",
          "parent_doi": "https://works.hcommons.org/doi/10.17613/k9qw1-xkh30",
          "parent_html": "https://works.hcommons.org/records/k9qw1-xkh30",
          "requests": "https://works.hcommons.org/api/records/yjgnd-as459/requests",
          "reserve_doi": "https://works.hcommons.org/api/records/yjgnd-as459/draft/pids/doi",
          "self": "https://works.hcommons.org/api/records/yjgnd-as459",
          "self_doi": "https://works.hcommons.org/doi/10.17613/yjgnd-as459",
          "self_html": "https://works.hcommons.org/records/yjgnd-as459",
          "self_iiif_manifest": "https://works.hcommons.org/api/iiif/record:yjgnd-as459/manifest",
          "self_iiif_sequence": "https://works.hcommons.org/api/iiif/record:yjgnd-as459/sequence/default",
          "versions": "https://works.hcommons.org/api/records/yjgnd-as459/versions"
        },
        "media_files": {
          "count": 0,
          "enabled": false,
          "entries": {},
          "order": [],
          "total_bytes": 0
        },
        "metadata": {
          "creators": [
            {
              "person_or_org": {
                "family_name": "Mayes",
                "given_name": "Christopher",
                "name": "Mayes, Christopher",
                "type": "personal"
              },
              "role": {
                "id": "author",
                "title": {
                  "en": "Author"
                }
              }
            }
          ],
          "identifiers": [
            {
              "identifier": "3sUw03",
              "scheme": "import-recid"
            },
            {
              "identifier": "https://jcrt.org/archives/11.1/mayes/",
              "scheme": "url"
            }
          ],
          "languages": [
            {
              "id": "eng",
              "title": {
                "en": "English"
              }
            }
          ],
          "publication_date": "2010",
          "publisher": "Whitestone Publications",
          "resource_type": {
            "id": "textDocument-journalArticle",
            "title": {
              "de": "Zeitschriftenartikel",
              "en": "Journal article"
            }
          },
          "rights": [
            {
              "link": "https://jcrt.org/copyright/",
              "title": {
                "en": "Copyright held by the author(s). Published in the Journal for Cultural and Religious Theory."
              }
            }
          ],
          "subjects": [
            {
              "id": "http://id.worldcat.org/fast/1696638",
              "scheme": "FAST-title",
              "subject": "Bible. John"
            },
            {
              "id": "http://id.worldcat.org/fast/859599",
              "scheme": "FAST-topical",
              "subject": "Christianity"
            },
            {
              "id": "http://id.worldcat.org/fast/864056",
              "scheme": "FAST-topical",
              "subject": "Clergy--Office"
            },
            {
              "id": "http://id.worldcat.org/fast/883735",
              "scheme": "FAST-topical",
              "subject": "Criticism"
            },
            {
              "id": "http://id.worldcat.org/fast/1025055",
              "scheme": "FAST-topical",
              "subject": "Monarchy"
            },
            {
              "id": "http://id.worldcat.org/fast/1074219",
              "scheme": "FAST-topical",
              "subject": "Power (Social sciences)"
            },
            {
              "id": "http://id.worldcat.org/fast/1103252",
              "scheme": "FAST-topical",
              "subject": "Sacrifice--Christianity"
            },
            {
              "id": "http://id.worldcat.org/fast/1115813",
              "scheme": "FAST-topical",
              "subject": "Shepherds"
            },
            {
              "id": "http://id.worldcat.org/fast/1127379",
              "scheme": "FAST-topical",
              "subject": "Sovereignty"
            },
            {
              "id": "http://id.worldcat.org/fast/1167308",
              "scheme": "FAST-topical",
              "subject": "Violence in the Bible"
            }
          ],
          "title": "The Violence of Care: an Analysis of Foucault's Pastor"
        },
        "parent": {
          "access": {
            "grants": [],
            "links": [],
            "owned_by": {
              "user": "3742"
            },
            "settings": {
              "accept_conditions_text": null,
              "allow_guest_requests": false,
              "allow_user_requests": false,
              "secret_link_expiration": 0
            }
          },
          "communities": {
            "default": "ee71433f-c65c-4738-b3d1-2dcef5368f2a",
            "entries": [
              {
                "access": {
                  "member_policy": "open",
                  "members_visibility": "public",
                  "record_policy": "open",
                  "review_policy": "closed",
                  "visibility": "public"
                },
                "children": {
                  "allow": false
                },
                "created": "2026-08-30T10:45:17.864932+00:00",
                "custom_fields": {
                  "stats:dashboard_enabled": false
                },
                "deletion_status": {
                  "is_deleted": false,
                  "status": "P"
                },
                "id": "ee71433f-c65c-4738-b3d1-2dcef5368f2a",
                "links": {},
                "metadata": {
                  "description": "JCRT 11.1",
                  "title": "JCRT 11.1",
                  "type": {
                    "id": "journal"
                  },
                  "website": "https://jcrt.org/archives/11.1/"
                },
                "revision_id": 3,
                "slug": "jcrt-111",
                "updated": "2026-08-30T10:45:18.530405+00:00"
              }
            ],
            "ids": [
              "ee71433f-c65c-4738-b3d1-2dcef5368f2a"
            ]
          },
          "id": "k9qw1-xkh30",
          "pids": {
            "doi": {
              "client": "datacite",
              "identifier": "10.17613/k9qw1-xkh30",
              "provider": "datacite"
            }
          }
        },
        "pids": {
          "doi": {
            "client": "datacite",
            "identifier": "10.17613/yjgnd-as459",
            "provider": "datacite"
          },
          "oai": {
            "identifier": "oai:https://works.hcommons.org:yjgnd-as459",
            "provider": "oai"
          }
        },
        "revision_id": 5,
        "stats": {
          "all_versions": {
            "data_volume": 0.0,
            "downloads": 0,
            "unique_downloads": 0,
            "unique_views": 0,
            "views": 0
          },
          "this_version": {
            "data_volume": 0.0,
            "downloads": 0,
            "unique_downloads": 0,
            "unique_views": 0,
            "views": 0
          }
        },
        "status": "published",
        "updated": "2026-08-30T10:45:36.147914+00:00",
        "versions": {
          "index": 1,
          "is_latest": true,
          "is_latest_draft": true
        }
      },
      "record_id": "yjgnd-as459",
      "record_url": "https://works.hcommons.org/records/yjgnd-as459",
      "source_id": ""
    },
    {
      "collection_id": "ee71433f-c65c-4738-b3d1-2dcef5368f2a",
      "errors": [],
      "files": {
        "nicolet-anderson.pdf": {
          "messages": [],
          "status": "uploaded"
        }
      },
      "item_index": 3,
      "metadata": {
        "access": {
          "embargo": {
            "active": false,
            "reason": null
          },
          "files": "public",
          "record": "public",
          "status": "open"
        },
        "created": "2026-08-30T10:45:37.950206+00:00",
        "custom_fields": {
          "journal:journal": {
            "issn": "1530-5228",
            "issue": "1",
            "pages": "",
            "title": "Journal for Cultural & Religious Theory",
            "volume": "11"
          },
          "kcr:user_defined_tags": [
            "criticism",
            "bible-romans",
            "power-social-sciences",
            "bible-romans-12-16",
            "bible-romans-5-8",
            "foucault",
            "butler",
            "etc",
            "interpretation",
            "self-philosophy",
            "knowledge",
            "theory-of",
            "1926-1984",
            "michel",
            "paul",
            "judith",
            "the-apostle",
            "saint-theology-anthropology",
            "autonomy",
            "subject-philosophy",
            "obedience",
            "saint-psychology"
          ]
        },
        "deletion_status": {
          "is_deleted": false,
          "status": "P"
        },
        "files": {
          "count": 1,
          "enabled": true,
          "entries": {
            "nicolet-anderson.pdf": {
              "access": {
                "hidden": false
              },
              "checksum": "md5:86df1996a4e6d6a94a18a23aa648f106",
              "ext": "pdf",
              "id": "6a1dc5a1-ce50-442d-ac17-c71db00e42c0",
              "key": "nicolet-anderson.pdf",
              "links": {
                "content": "https://works.hcommons.org/api/records/5vdq8-zar71/files/nicolet-anderson.pdf/content",
                "iiif_api": "https://works.hcommons.org/api/iiif/record:5vdq8-zar71:nicolet-anderson.pdf/full/full/0/default.png",
                "iiif_base": "https://works.hcommons.org/api/iiif/record:5vdq8-zar71:nicolet-anderson.pdf",
                "iiif_canvas": "https://works.hcommons.org/api/iiif/record:5vdq8-zar71/canvas/nicolet-anderson.pdf",
                "iiif_info": "https://works.hcommons.org/api/iiif/record:5vdq8-zar71:nicolet-anderson.pdf/info.json",
                "self": "https://works.hcommons.org/api/records/5vdq8-zar71/files/nicolet-anderson.pdf"
              },
              "metadata": {},
              "mimetype": "application/pdf",
              "size": 743793,
              "storage_class": "L"
            }
          },
          "order": [],
          "total_bytes": 743793
        },
        "id": "5vdq8-zar71",
        "is_draft": false,
        "is_published": true,
        "links": {
          "access": "https://works.hcommons.org/api/records/5vdq8-zar71/access",
          "access_grants": "https://works.hcommons.org/api/records/5vdq8-zar71/access/grants",
          "access_groups": "https://works.hcommons.org/api/records/5vdq8-zar71/access/groups",
          "access_links": "https://works.hcommons.org/api/records/5vdq8-zar71/access/links",
          "access_request": "https://works.hcommons.org/api/records/5vdq8-zar71/access/request",
          "access_users": "https://works.hcommons.org/api/records/5vdq8-zar71/access/users",
          "archive": "https://works.hcommons.org/api/records/5vdq8-zar71/files-archive",
          "archive_media": "https://works.hcommons.org/api/records/5vdq8-zar71/media-files-archive",
          "communities": "https://works.hcommons.org/api/records/5vdq8-zar71/communities",
          "communities-suggestions": "https://works.hcommons.org/api/records/5vdq8-zar71/communities-suggestions",
          "doi": "https://doi.org/10.17613/5vdq8-zar71",
          "draft": "https://works.hcommons.org/api/records/5vdq8-zar71/draft",
          "files": "https://works.hcommons.org/api/records/5vdq8-zar71/files",
          "latest": "https://works.hcommons.org/api/records/5vdq8-zar71/versions/latest",
          "latest_html": "https://works.hcommons.org/records/5vdq8-zar71/latest",
          "media_files": "https://works.hcommons.org/api/records/5vdq8-zar71/media-files",
          "parent": "https://works.hcommons.org/api/records/7k8g4-17y22",
          "parent_doi": "https://works.hcommons.org/doi/10.17613/7k8g4-17y22",
          "parent_html": "https://works.hcommons.org/records/7k8g4-17y22",
          "requests": "https://works.hcommons.org/api/records/5vdq8-zar71/requests",
          "reserve_doi": "https://works.hcommons.org/api/records/5vdq8-zar71/draft/pids/doi",
          "self": "https://works.hcommons.org/api/records/5vdq8-zar71",
          "self_doi": "https://works.hcommons.org/doi/10.17613/5vdq8-zar71",
          "self_html": "https://works.hcommons.org/records/5vdq8-zar71",
          "self_iiif_manifest": "https://works.hcommons.org/api/iiif/record:5vdq8-zar71/manifest",
          "self_iiif_sequence": "https://works.hcommons.org/api/iiif/record:5vdq8-zar71/sequence/default",
          "versions": "https://works.hcommons.org/api/records/5vdq8-zar71/versions"
        },
        "media_files": {
          "count": 0,
          "enabled": false,
          "entries": {},
          "order": [],
          "total_bytes": 0
        },
        "metadata": {
          "creators": [
            {
              "person_or_org": {
                "family_name": "Anderson",
                "given_name": "Val\u00e9rie Nicolet",
                "name": "Anderson, Val\u00e9rie Nicolet",
                "type": "personal"
              },
              "role": {
                "id": "author",
                "title": {
                  "en": "Author"
                }
              }
            }
          ],
          "identifiers": [
            {
              "identifier": "pworVL",
              "scheme": "import-recid"
            },
            {
              "identifier": "https://jcrt.org/archives/11.1/nicolet-anderson/",
              "scheme": "url"
            }
          ],
          "languages": [
            {
              "id": "eng",
              "title": {
                "en": "English"
              }
            }
          ],
          "publication_date": "2010",
          "publisher": "Whitestone Publications",
          "resource_type": {
            "id": "textDocument-journalArticle",
            "title": {
              "de": "Zeitschriftenartikel",
              "en": "Journal article"
            }
          },
          "rights": [
            {
              "link": "https://jcrt.org/copyright/",
              "title": {
                "en": "Copyright held by the author(s). Published in the Journal for Cultural and Religious Theory."
              }
            }
          ],
          "subjects": [
            {
              "id": "http://id.worldcat.org/fast/824163",
              "scheme": "FAST-topical",
              "subject": "Autonomy"
            },
            {
              "id": "http://id.worldcat.org/fast/1892944",
              "scheme": "FAST-title",
              "subject": "Bible. Romans"
            },
            {
              "id": "http://id.worldcat.org/fast/883735",
              "scheme": "FAST-topical",
              "subject": "Criticism"
            },
            {
              "id": "http://id.worldcat.org/fast/1042707",
              "scheme": "FAST-topical",
              "subject": "Obedience"
            },
            {
              "id": "http://id.worldcat.org/fast/1074219",
              "scheme": "FAST-topical",
              "subject": "Power (Social sciences)"
            },
            {
              "id": "http://id.worldcat.org/fast/1111454",
              "scheme": "FAST-topical",
              "subject": "Self (Philosophy)"
            },
            {
              "id": "http://id.worldcat.org/fast/1136447",
              "scheme": "FAST-topical",
              "subject": "Subject (Philosophy)"
            }
          ],
          "title": "Becoming a Subject: the Case of Michel Foucault and Paul"
        },
        "parent": {
          "access": {
            "grants": [],
            "links": [],
            "owned_by": {
              "user": "3742"
            },
            "settings": {
              "accept_conditions_text": null,
              "allow_guest_requests": false,
              "allow_user_requests": false,
              "secret_link_expiration": 0
            }
          },
          "communities": {
            "default": "ee71433f-c65c-4738-b3d1-2dcef5368f2a",
            "entries": [
              {
                "access": {
                  "member_policy": "open",
                  "members_visibility": "public",
                  "record_policy": "open",
                  "review_policy": "closed",
                  "visibility": "public"
                },
                "children": {
                  "allow": false
                },
                "created": "2026-08-30T10:45:17.864932+00:00",
                "custom_fields": {
                  "stats:dashboard_enabled": false
                },
                "deletion_status": {
                  "is_deleted": false,
                  "status": "P"
                },
                "id": "ee71433f-c65c-4738-b3d1-2dcef5368f2a",
                "links": {},
                "metadata": {
                  "description": "JCRT 11.1",
                  "title": "JCRT 11.1",
                  "type": {
                    "id": "journal"
                  },
                  "website": "https://jcrt.org/archives/11.1/"
                },
                "revision_id": 3,
                "slug": "jcrt-111",
                "updated": "2026-08-30T10:45:18.530405+00:00"
              }
            ],
            "ids": [
              "ee71433f-c65c-4738-b3d1-2dcef5368f2a"
            ]
          },
          "id": "7k8g4-17y22",
          "pids": {
            "doi": {
              "client": "datacite",
              "identifier": "10.17613/7k8g4-17y22",
              "provider": "datacite"
            }
          }
        },
        "pids": {
          "doi": {
            "client": "datacite",
            "identifier": "10.17613/5vdq8-zar71",
            "provider": "datacite"
          },
          "oai": {
            "identifier": "oai:https://works.hcommons.org:5vdq8-zar71",
            "provider": "oai"
          }
        },
        "revision_id": 5,
        "stats": {
          "all_versions": {
            "data_volume": 0.0,
            "downloads": 0,
            "unique_downloads": 0,
            "unique_views": 0,
            "views": 0
          },
          "this_version": {
            "data_volume": 0.0,
            "downloads": 0,
            "unique_downloads": 0,
            "unique_views": 0,
            "views": 0
          }
        },
        "status": "published",
        "updated": "2026-08-30T10:45:38.188081+00:00",
        "versions": {
          "index": 1,
          "is_latest": true,
          "is_latest_draft": true
        }
      },
      "record_id": "5vdq8-zar71",
      "record_url": "https://works.hcommons.org/records/5vdq8-zar71",
      "source_id": ""
    }
  ],
  "errors": [],
  "message": "All records were successfully imported",
  "status": "success"
}