{
  "status": 200,
  "message": "11.1 records verified in KC Works",
  "errors": [],
  "data": [
    {
      "record_id": "4bwss-mbp18"
    },
    {
      "record_id": "vz5ys-d7250"
    },
    {
      "record_id": "40fvr-j8x75"
    },
    {
      "record_id": "47eaw-3c479"
    },
    {
      "record_id": "qtxs8-fc289"
    },
    {
      "record_id": "t7ehc-ae829"
    },
    {
      "record_id": "yjgnd-as459"
    },
    {
      "record_id": "5vdq8-zar71"
    },
    {
      "record_id": "g3zj7-1px51"
    },
    {
      "record_id": "asfav-2j567"
    }
  ]
}
