{
  "status": 200,
  "message": "11.2 records verified in KC Works",
  "errors": [],
  "data": [
    {
      "record_id": "nvmy0-9v729"
    },
    {
      "record_id": "bv9y7-vm504"
    },
    {
      "record_id": "5h8yh-c7h25"
    },
    {
      "record_id": "cg250-jpc73"
    },
    {
      "record_id": "fxpva-n8r68"
    },
    {
      "record_id": "ah9v6-dq531"
    },
    {
      "record_id": "pbnd3-s3n44"
    },
    {
      "record_id": "26vmp-zkz23"
    },
    {
      "record_id": "ay91f-r1a13"
    },
    {
      "record_id": "8fn1h-n6d57"
    },
    {
      "record_id": "2ya85-s0605"
    },
    {
      "record_id": "y3sd3-1sc17"
    },
    {
      "record_id": "t48nq-ksx78"
    },
    {
      "record_id": "4j6t1-zw448"
    }
  ]
}
