{
  "data": [
    {
      "collection_id": "e5751b5a-5b73-44fa-8027-869a5bb8d79c",
      "errors": [],
      "files": {
        "raschke.pdf": {
          "messages": [],
          "status": "uploaded"
        }
      },
      "item_index": 0,
      "metadata": {
        "access": {
          "embargo": {
            "active": false,
            "reason": null
          },
          "files": "public",
          "record": "public",
          "status": "open"
        },
        "created": "2026-08-30T10:44:43.378838+00:00",
        "custom_fields": {
          "journal:journal": {
            "issn": "1530-5228",
            "issue": "2",
            "pages": "",
            "title": "Journal for Cultural & Religious Theory",
            "volume": "11"
          },
          "kcr:user_defined_tags": [
            "death-of-god-philosophy",
            "death-of-god-theology",
            "theologia-crucis",
            "philosophy-and-christianity",
            "difference-philosophy",
            "1901-1981",
            "jacques",
            "lacan",
            "psychoanalysis-and-religion",
            "slavoj",
            "z-iz-ek",
            "1927-2018",
            "altizer",
            "john",
            "milbank",
            "1775-1854",
            "events-philosophy",
            "friedrich-wilhelm-joseph-von",
            "schelling",
            "simplicity-philosophy",
            "thomas-j-j"
          ]
        },
        "deletion_status": {
          "is_deleted": false,
          "status": "P"
        },
        "files": {
          "count": 1,
          "enabled": true,
          "entries": {
            "raschke.pdf": {
              "access": {
                "hidden": false
              },
              "checksum": "md5:c3a92c5c389d8206dcc956d0af7ea957",
              "ext": "pdf",
              "id": "c4eb303f-22d4-4a29-ad27-dd0cadb9d21c",
              "key": "raschke.pdf",
              "links": {
                "content": "https://works.hcommons.org/api/records/ay91f-r1a13/files/raschke.pdf/content",
                "iiif_api": "https://works.hcommons.org/api/iiif/record:ay91f-r1a13:raschke.pdf/full/full/0/default.png",
                "iiif_base": "https://works.hcommons.org/api/iiif/record:ay91f-r1a13:raschke.pdf",
                "iiif_canvas": "https://works.hcommons.org/api/iiif/record:ay91f-r1a13/canvas/raschke.pdf",
                "iiif_info": "https://works.hcommons.org/api/iiif/record:ay91f-r1a13:raschke.pdf/info.json",
                "self": "https://works.hcommons.org/api/records/ay91f-r1a13/files/raschke.pdf"
              },
              "metadata": {},
              "mimetype": "application/pdf",
              "size": 410761,
              "storage_class": "L"
            }
          },
          "order": [],
          "total_bytes": 410761
        },
        "id": "ay91f-r1a13",
        "is_draft": false,
        "is_published": true,
        "links": {
          "access": "https://works.hcommons.org/api/records/ay91f-r1a13/access",
          "access_grants": "https://works.hcommons.org/api/records/ay91f-r1a13/access/grants",
          "access_groups": "https://works.hcommons.org/api/records/ay91f-r1a13/access/groups",
          "access_links": "https://works.hcommons.org/api/records/ay91f-r1a13/access/links",
          "access_request": "https://works.hcommons.org/api/records/ay91f-r1a13/access/request",
          "access_users": "https://works.hcommons.org/api/records/ay91f-r1a13/access/users",
          "archive": "https://works.hcommons.org/api/records/ay91f-r1a13/files-archive",
          "archive_media": "https://works.hcommons.org/api/records/ay91f-r1a13/media-files-archive",
          "communities": "https://works.hcommons.org/api/records/ay91f-r1a13/communities",
          "communities-suggestions": "https://works.hcommons.org/api/records/ay91f-r1a13/communities-suggestions",
          "doi": "https://doi.org/10.17613/ay91f-r1a13",
          "draft": "https://works.hcommons.org/api/records/ay91f-r1a13/draft",
          "files": "https://works.hcommons.org/api/records/ay91f-r1a13/files",
          "latest": "https://works.hcommons.org/api/records/ay91f-r1a13/versions/latest",
          "latest_html": "https://works.hcommons.org/records/ay91f-r1a13/latest",
          "media_files": "https://works.hcommons.org/api/records/ay91f-r1a13/media-files",
          "parent": "https://works.hcommons.org/api/records/dzpny-jq207",
          "parent_doi": "https://works.hcommons.org/doi/10.17613/dzpny-jq207",
          "parent_html": "https://works.hcommons.org/records/dzpny-jq207",
          "requests": "https://works.hcommons.org/api/records/ay91f-r1a13/requests",
          "reserve_doi": "https://works.hcommons.org/api/records/ay91f-r1a13/draft/pids/doi",
          "self": "https://works.hcommons.org/api/records/ay91f-r1a13",
          "self_doi": "https://works.hcommons.org/doi/10.17613/ay91f-r1a13",
          "self_html": "https://works.hcommons.org/records/ay91f-r1a13",
          "self_iiif_manifest": "https://works.hcommons.org/api/iiif/record:ay91f-r1a13/manifest",
          "self_iiif_sequence": "https://works.hcommons.org/api/iiif/record:ay91f-r1a13/sequence/default",
          "versions": "https://works.hcommons.org/api/records/ay91f-r1a13/versions"
        },
        "media_files": {
          "count": 0,
          "enabled": false,
          "entries": {},
          "order": [],
          "total_bytes": 0
        },
        "metadata": {
          "creators": [
            {
              "person_or_org": {
                "family_name": "Raschke",
                "given_name": "Carl A.",
                "name": "Raschke, Carl A.",
                "type": "personal"
              },
              "role": {
                "id": "author",
                "title": {
                  "en": "Author"
                }
              }
            }
          ],
          "identifiers": [
            {
              "identifier": "s8K9tB",
              "scheme": "import-recid"
            },
            {
              "identifier": "https://jcrt.org/archives/11.2/raschke/",
              "scheme": "url"
            }
          ],
          "languages": [
            {
              "id": "eng",
              "title": {
                "en": "English"
              }
            }
          ],
          "publication_date": "2011",
          "publisher": "Whitestone Publications",
          "resource_type": {
            "id": "textDocument-journalArticle",
            "title": {
              "de": "Zeitschriftenartikel",
              "en": "Journal article"
            }
          },
          "rights": [
            {
              "link": "https://jcrt.org/copyright/",
              "title": {
                "en": "Copyright held by the author(s). Published in the Journal for Cultural and Religious Theory."
              }
            }
          ],
          "subjects": [
            {
              "id": "http://id.worldcat.org/fast/888716",
              "scheme": "FAST-topical",
              "subject": "Death of God theology"
            },
            {
              "id": "http://id.worldcat.org/fast/893405",
              "scheme": "FAST-topical",
              "subject": "Difference (Philosophy)"
            },
            {
              "id": "http://id.worldcat.org/fast/917152",
              "scheme": "FAST-topical",
              "subject": "Events (Philosophy)"
            },
            {
              "id": "http://id.worldcat.org/fast/1081280",
              "scheme": "FAST-topical",
              "subject": "Psychoanalysis and religion"
            },
            {
              "id": "http://id.worldcat.org/fast/1119143",
              "scheme": "FAST-topical",
              "subject": "Simplicity (Philosophy)"
            },
            {
              "id": "http://id.worldcat.org/fast/1740836",
              "scheme": "FAST-topical",
              "subject": "Theology of the cross"
            },
            {
              "id": "http://id.worldcat.org/fast/1474140",
              "scheme": "FAST-personal",
              "subject": "Thomas, J. J."
            }
          ],
          "title": "The Monstrosity of \u017dI\u017dEk's Christianity"
        },
        "parent": {
          "access": {
            "grants": [],
            "links": [],
            "owned_by": {
              "user": "3742"
            },
            "settings": {
              "accept_conditions_text": null,
              "allow_guest_requests": false,
              "allow_user_requests": false,
              "secret_link_expiration": 0
            }
          },
          "communities": {
            "default": "e5751b5a-5b73-44fa-8027-869a5bb8d79c",
            "entries": [
              {
                "access": {
                  "member_policy": "open",
                  "members_visibility": "public",
                  "record_policy": "open",
                  "review_policy": "closed",
                  "visibility": "public"
                },
                "children": {
                  "allow": false
                },
                "created": "2026-08-30T10:44:17.551400+00:00",
                "custom_fields": {
                  "stats:dashboard_enabled": false
                },
                "deletion_status": {
                  "is_deleted": false,
                  "status": "P"
                },
                "id": "e5751b5a-5b73-44fa-8027-869a5bb8d79c",
                "links": {},
                "metadata": {
                  "description": "JCRT 11.2",
                  "title": "JCRT 11.2",
                  "type": {
                    "id": "journal"
                  },
                  "website": "https://jcrt.org/archives/11.2/"
                },
                "revision_id": 3,
                "slug": "jcrt-112",
                "updated": "2026-08-30T10:44:18.236424+00:00"
              }
            ],
            "ids": [
              "e5751b5a-5b73-44fa-8027-869a5bb8d79c"
            ]
          },
          "id": "dzpny-jq207",
          "pids": {
            "doi": {
              "client": "datacite",
              "identifier": "10.17613/dzpny-jq207",
              "provider": "datacite"
            }
          }
        },
        "pids": {
          "doi": {
            "client": "datacite",
            "identifier": "10.17613/ay91f-r1a13",
            "provider": "datacite"
          },
          "oai": {
            "identifier": "oai:https://works.hcommons.org:ay91f-r1a13",
            "provider": "oai"
          }
        },
        "revision_id": 5,
        "stats": {
          "all_versions": {
            "data_volume": 0.0,
            "downloads": 0,
            "unique_downloads": 0,
            "unique_views": 0,
            "views": 0
          },
          "this_version": {
            "data_volume": 0.0,
            "downloads": 0,
            "unique_downloads": 0,
            "unique_views": 0,
            "views": 0
          }
        },
        "status": "published",
        "updated": "2026-08-30T10:44:43.602162+00:00",
        "versions": {
          "index": 1,
          "is_latest": true,
          "is_latest_draft": true
        }
      },
      "record_id": "ay91f-r1a13",
      "record_url": "https://works.hcommons.org/records/ay91f-r1a13",
      "source_id": ""
    },
    {
      "collection_id": "e5751b5a-5b73-44fa-8027-869a5bb8d79c",
      "errors": [],
      "files": {
        "robbins.pdf": {
          "messages": [],
          "status": "uploaded"
        }
      },
      "item_index": 1,
      "metadata": {
        "access": {
          "embargo": {
            "active": false,
            "reason": null
          },
          "files": "public",
          "record": "public",
          "status": "open"
        },
        "created": "2026-08-30T10:44:45.793306+00:00",
        "custom_fields": {
          "journal:journal": {
            "issn": "1530-5228",
            "issue": "2",
            "pages": "",
            "title": "Journal for Cultural & Religious Theory",
            "volume": "11"
          },
          "kcr:user_defined_tags": [
            "modernism",
            "protestantism",
            "christian",
            "civilization",
            "slavoj",
            "z-iz-ek",
            "john",
            "2001-2009",
            "war-on-terrorism",
            "violence-and-religion",
            "milbank",
            "1957-2011",
            "bin-laden",
            "creston",
            "davis",
            "osama",
            "radical-orthodoxy-movement",
            "secular",
            "theology-historiography"
          ]
        },
        "deletion_status": {
          "is_deleted": false,
          "status": "P"
        },
        "files": {
          "count": 1,
          "enabled": true,
          "entries": {
            "robbins.pdf": {
              "access": {
                "hidden": false
              },
              "checksum": "md5:c490395d83b8d3c07c2805c914939ed4",
              "ext": "pdf",
              "id": "9f5f497b-3b70-4031-9876-c2cb7e51e181",
              "key": "robbins.pdf",
              "links": {
                "content": "https://works.hcommons.org/api/records/8fn1h-n6d57/files/robbins.pdf/content",
                "iiif_api": "https://works.hcommons.org/api/iiif/record:8fn1h-n6d57:robbins.pdf/full/full/0/default.png",
                "iiif_base": "https://works.hcommons.org/api/iiif/record:8fn1h-n6d57:robbins.pdf",
                "iiif_canvas": "https://works.hcommons.org/api/iiif/record:8fn1h-n6d57/canvas/robbins.pdf",
                "iiif_info": "https://works.hcommons.org/api/iiif/record:8fn1h-n6d57:robbins.pdf/info.json",
                "self": "https://works.hcommons.org/api/records/8fn1h-n6d57/files/robbins.pdf"
              },
              "metadata": {},
              "mimetype": "application/pdf",
              "size": 437916,
              "storage_class": "L"
            }
          },
          "order": [],
          "total_bytes": 437916
        },
        "id": "8fn1h-n6d57",
        "is_draft": false,
        "is_published": true,
        "links": {
          "access": "https://works.hcommons.org/api/records/8fn1h-n6d57/access",
          "access_grants": "https://works.hcommons.org/api/records/8fn1h-n6d57/access/grants",
          "access_groups": "https://works.hcommons.org/api/records/8fn1h-n6d57/access/groups",
          "access_links": "https://works.hcommons.org/api/records/8fn1h-n6d57/access/links",
          "access_request": "https://works.hcommons.org/api/records/8fn1h-n6d57/access/request",
          "access_users": "https://works.hcommons.org/api/records/8fn1h-n6d57/access/users",
          "archive": "https://works.hcommons.org/api/records/8fn1h-n6d57/files-archive",
          "archive_media": "https://works.hcommons.org/api/records/8fn1h-n6d57/media-files-archive",
          "communities": "https://works.hcommons.org/api/records/8fn1h-n6d57/communities",
          "communities-suggestions": "https://works.hcommons.org/api/records/8fn1h-n6d57/communities-suggestions",
          "doi": "https://doi.org/10.17613/8fn1h-n6d57",
          "draft": "https://works.hcommons.org/api/records/8fn1h-n6d57/draft",
          "files": "https://works.hcommons.org/api/records/8fn1h-n6d57/files",
          "latest": "https://works.hcommons.org/api/records/8fn1h-n6d57/versions/latest",
          "latest_html": "https://works.hcommons.org/records/8fn1h-n6d57/latest",
          "media_files": "https://works.hcommons.org/api/records/8fn1h-n6d57/media-files",
          "parent": "https://works.hcommons.org/api/records/8ad5h-s6y24",
          "parent_doi": "https://works.hcommons.org/doi/10.17613/8ad5h-s6y24",
          "parent_html": "https://works.hcommons.org/records/8ad5h-s6y24",
          "requests": "https://works.hcommons.org/api/records/8fn1h-n6d57/requests",
          "reserve_doi": "https://works.hcommons.org/api/records/8fn1h-n6d57/draft/pids/doi",
          "self": "https://works.hcommons.org/api/records/8fn1h-n6d57",
          "self_doi": "https://works.hcommons.org/doi/10.17613/8fn1h-n6d57",
          "self_html": "https://works.hcommons.org/records/8fn1h-n6d57",
          "self_iiif_manifest": "https://works.hcommons.org/api/iiif/record:8fn1h-n6d57/manifest",
          "self_iiif_sequence": "https://works.hcommons.org/api/iiif/record:8fn1h-n6d57/sequence/default",
          "versions": "https://works.hcommons.org/api/records/8fn1h-n6d57/versions"
        },
        "media_files": {
          "count": 0,
          "enabled": false,
          "entries": {},
          "order": [],
          "total_bytes": 0
        },
        "metadata": {
          "creators": [
            {
              "person_or_org": {
                "family_name": "Robbins",
                "given_name": "Jeffrey W",
                "name": "Robbins, Jeffrey W",
                "type": "personal"
              },
              "role": {
                "id": "author",
                "title": {
                  "en": "Author"
                }
              }
            }
          ],
          "identifiers": [
            {
              "identifier": "LXB9uT",
              "scheme": "import-recid"
            },
            {
              "identifier": "https://jcrt.org/archives/11.2/robbins/",
              "scheme": "url"
            }
          ],
          "languages": [
            {
              "id": "eng",
              "title": {
                "en": "English"
              }
            }
          ],
          "publication_date": "2011",
          "publisher": "Whitestone Publications",
          "resource_type": {
            "id": "textDocument-journalArticle",
            "title": {
              "de": "Zeitschriftenartikel",
              "en": "Journal article"
            }
          },
          "rights": [
            {
              "link": "https://jcrt.org/copyright/",
              "title": {
                "en": "Copyright held by the author(s). Published in the Journal for Cultural and Religious Theory."
              }
            }
          ],
          "subjects": [
            {
              "id": "http://id.worldcat.org/fast/862898",
              "scheme": "FAST-topical",
              "subject": "Civilization"
            },
            {
              "id": "http://id.worldcat.org/fast/1024448",
              "scheme": "FAST-topical",
              "subject": "Modernism (Christian theology)"
            },
            {
              "id": "http://id.worldcat.org/fast/1079920",
              "scheme": "FAST-topical",
              "subject": "Protestantism"
            },
            {
              "id": "http://id.worldcat.org/fast/1403162",
              "scheme": "FAST-title",
              "subject": "War on terrorism"
            }
          ],
          "title": "Operation Neptune Spear"
        },
        "parent": {
          "access": {
            "grants": [],
            "links": [],
            "owned_by": {
              "user": "3742"
            },
            "settings": {
              "accept_conditions_text": null,
              "allow_guest_requests": false,
              "allow_user_requests": false,
              "secret_link_expiration": 0
            }
          },
          "communities": {
            "default": "e5751b5a-5b73-44fa-8027-869a5bb8d79c",
            "entries": [
              {
                "access": {
                  "member_policy": "open",
                  "members_visibility": "public",
                  "record_policy": "open",
                  "review_policy": "closed",
                  "visibility": "public"
                },
                "children": {
                  "allow": false
                },
                "created": "2026-08-30T10:44:17.551400+00:00",
                "custom_fields": {
                  "stats:dashboard_enabled": false
                },
                "deletion_status": {
                  "is_deleted": false,
                  "status": "P"
                },
                "id": "e5751b5a-5b73-44fa-8027-869a5bb8d79c",
                "links": {},
                "metadata": {
                  "description": "JCRT 11.2",
                  "title": "JCRT 11.2",
                  "type": {
                    "id": "journal"
                  },
                  "website": "https://jcrt.org/archives/11.2/"
                },
                "revision_id": 3,
                "slug": "jcrt-112",
                "updated": "2026-08-30T10:44:18.236424+00:00"
              }
            ],
            "ids": [
              "e5751b5a-5b73-44fa-8027-869a5bb8d79c"
            ]
          },
          "id": "8ad5h-s6y24",
          "pids": {
            "doi": {
              "client": "datacite",
              "identifier": "10.17613/8ad5h-s6y24",
              "provider": "datacite"
            }
          }
        },
        "pids": {
          "doi": {
            "client": "datacite",
            "identifier": "10.17613/8fn1h-n6d57",
            "provider": "datacite"
          },
          "oai": {
            "identifier": "oai:https://works.hcommons.org:8fn1h-n6d57",
            "provider": "oai"
          }
        },
        "revision_id": 5,
        "stats": {
          "all_versions": {
            "data_volume": 0.0,
            "downloads": 0,
            "unique_downloads": 0,
            "unique_views": 0,
            "views": 0
          },
          "this_version": {
            "data_volume": 0.0,
            "downloads": 0,
            "unique_downloads": 0,
            "unique_views": 0,
            "views": 0
          }
        },
        "status": "published",
        "updated": "2026-08-30T10:44:46.011723+00:00",
        "versions": {
          "index": 1,
          "is_latest": true,
          "is_latest_draft": true
        }
      },
      "record_id": "8fn1h-n6d57",
      "record_url": "https://works.hcommons.org/records/8fn1h-n6d57",
      "source_id": ""
    },
    {
      "collection_id": "e5751b5a-5b73-44fa-8027-869a5bb8d79c",
      "errors": [],
      "files": {
        "stockwell.pdf": {
          "messages": [],
          "status": "uploaded"
        }
      },
      "item_index": 2,
      "metadata": {
        "access": {
          "embargo": {
            "active": false,
            "reason": null
          },
          "files": "public",
          "record": "public",
          "status": "open"
        },
        "created": "2026-08-30T10:44:47.698361+00:00",
        "custom_fields": {
          "journal:journal": {
            "issn": "1530-5228",
            "issue": "2",
            "pages": "",
            "title": "Journal for Cultural & Religious Theory",
            "volume": "11"
          },
          "kcr:user_defined_tags": [
            "christianity-and-judaism",
            "faith",
            "religious-pluralism",
            "judaism",
            "religion-philosophy",
            "knowledge",
            "1724-1804",
            "immanuel",
            "kant",
            "community-and-religion",
            "german-language-translating-into-english",
            "god-judaism",
            "philosophy-terminology",
            "secret-philosophy",
            "theory-of-religion"
          ]
        },
        "deletion_status": {
          "is_deleted": false,
          "status": "P"
        },
        "files": {
          "count": 1,
          "enabled": true,
          "entries": {
            "stockwell.pdf": {
              "access": {
                "hidden": false
              },
              "checksum": "md5:2cc7f408c70611c7a9bbc84a47af245e",
              "ext": "pdf",
              "id": "e1d65ca7-9a6b-448f-8035-7f6b3549da72",
              "key": "stockwell.pdf",
              "links": {
                "content": "https://works.hcommons.org/api/records/2ya85-s0605/files/stockwell.pdf/content",
                "iiif_api": "https://works.hcommons.org/api/iiif/record:2ya85-s0605:stockwell.pdf/full/full/0/default.png",
                "iiif_base": "https://works.hcommons.org/api/iiif/record:2ya85-s0605:stockwell.pdf",
                "iiif_canvas": "https://works.hcommons.org/api/iiif/record:2ya85-s0605/canvas/stockwell.pdf",
                "iiif_info": "https://works.hcommons.org/api/iiif/record:2ya85-s0605:stockwell.pdf/info.json",
                "self": "https://works.hcommons.org/api/records/2ya85-s0605/files/stockwell.pdf"
              },
              "metadata": {},
              "mimetype": "application/pdf",
              "size": 761849,
              "storage_class": "L"
            }
          },
          "order": [],
          "total_bytes": 761849
        },
        "id": "2ya85-s0605",
        "is_draft": false,
        "is_published": true,
        "links": {
          "access": "https://works.hcommons.org/api/records/2ya85-s0605/access",
          "access_grants": "https://works.hcommons.org/api/records/2ya85-s0605/access/grants",
          "access_groups": "https://works.hcommons.org/api/records/2ya85-s0605/access/groups",
          "access_links": "https://works.hcommons.org/api/records/2ya85-s0605/access/links",
          "access_request": "https://works.hcommons.org/api/records/2ya85-s0605/access/request",
          "access_users": "https://works.hcommons.org/api/records/2ya85-s0605/access/users",
          "archive": "https://works.hcommons.org/api/records/2ya85-s0605/files-archive",
          "archive_media": "https://works.hcommons.org/api/records/2ya85-s0605/media-files-archive",
          "communities": "https://works.hcommons.org/api/records/2ya85-s0605/communities",
          "communities-suggestions": "https://works.hcommons.org/api/records/2ya85-s0605/communities-suggestions",
          "doi": "https://doi.org/10.17613/2ya85-s0605",
          "draft": "https://works.hcommons.org/api/records/2ya85-s0605/draft",
          "files": "https://works.hcommons.org/api/records/2ya85-s0605/files",
          "latest": "https://works.hcommons.org/api/records/2ya85-s0605/versions/latest",
          "latest_html": "https://works.hcommons.org/records/2ya85-s0605/latest",
          "media_files": "https://works.hcommons.org/api/records/2ya85-s0605/media-files",
          "parent": "https://works.hcommons.org/api/records/6pre5-vry48",
          "parent_doi": "https://works.hcommons.org/doi/10.17613/6pre5-vry48",
          "parent_html": "https://works.hcommons.org/records/6pre5-vry48",
          "requests": "https://works.hcommons.org/api/records/2ya85-s0605/requests",
          "reserve_doi": "https://works.hcommons.org/api/records/2ya85-s0605/draft/pids/doi",
          "self": "https://works.hcommons.org/api/records/2ya85-s0605",
          "self_doi": "https://works.hcommons.org/doi/10.17613/2ya85-s0605",
          "self_html": "https://works.hcommons.org/records/2ya85-s0605",
          "self_iiif_manifest": "https://works.hcommons.org/api/iiif/record:2ya85-s0605/manifest",
          "self_iiif_sequence": "https://works.hcommons.org/api/iiif/record:2ya85-s0605/sequence/default",
          "versions": "https://works.hcommons.org/api/records/2ya85-s0605/versions"
        },
        "media_files": {
          "count": 0,
          "enabled": false,
          "entries": {},
          "order": [],
          "total_bytes": 0
        },
        "metadata": {
          "creators": [
            {
              "person_or_org": {
                "family_name": "Stockwell",
                "given_name": "Cory",
                "name": "Stockwell, Cory",
                "type": "personal"
              },
              "role": {
                "id": "author",
                "title": {
                  "en": "Author"
                }
              }
            }
          ],
          "identifiers": [
            {
              "identifier": "RblH0v",
              "scheme": "import-recid"
            },
            {
              "identifier": "https://jcrt.org/archives/11.2/stockwell/",
              "scheme": "url"
            }
          ],
          "languages": [
            {
              "id": "eng",
              "title": {
                "en": "English"
              }
            }
          ],
          "publication_date": "2011",
          "publisher": "Whitestone Publications",
          "resource_type": {
            "id": "textDocument-journalArticle",
            "title": {
              "de": "Zeitschriftenartikel",
              "en": "Journal article"
            }
          },
          "rights": [
            {
              "link": "https://jcrt.org/copyright/",
              "title": {
                "en": "Copyright held by the author(s). Published in the Journal for Cultural and Religious Theory."
              }
            }
          ],
          "subjects": [
            {
              "id": "http://id.worldcat.org/fast/1198492",
              "scheme": "FAST-topical",
              "subject": "Faith"
            },
            {
              "id": "http://id.worldcat.org/fast/941768",
              "scheme": "FAST-topical",
              "subject": "German language--Translating into English"
            },
            {
              "id": "http://id.worldcat.org/fast/944157",
              "scheme": "FAST-topical",
              "subject": "God (Judaism)"
            },
            {
              "id": "http://id.worldcat.org/fast/984280",
              "scheme": "FAST-topical",
              "subject": "Judaism"
            },
            {
              "id": "http://id.worldcat.org/fast/1060819",
              "scheme": "FAST-topical",
              "subject": "Philosophy--Terminology"
            },
            {
              "id": "http://id.worldcat.org/fast/1093794",
              "scheme": "FAST-topical",
              "subject": "Religion--Philosophy"
            },
            {
              "id": "http://id.worldcat.org/fast/1094200",
              "scheme": "FAST-topical",
              "subject": "Religious pluralism"
            },
            {
              "id": "http://id.worldcat.org/fast/1110655",
              "scheme": "FAST-topical",
              "subject": "Secret (Philosophy)"
            }
          ],
          "title": "The Secret That God Keeps from US: on the Necessary Plurality of Religions in Kant"
        },
        "parent": {
          "access": {
            "grants": [],
            "links": [],
            "owned_by": {
              "user": "3742"
            },
            "settings": {
              "accept_conditions_text": null,
              "allow_guest_requests": false,
              "allow_user_requests": false,
              "secret_link_expiration": 0
            }
          },
          "communities": {
            "default": "e5751b5a-5b73-44fa-8027-869a5bb8d79c",
            "entries": [
              {
                "access": {
                  "member_policy": "open",
                  "members_visibility": "public",
                  "record_policy": "open",
                  "review_policy": "closed",
                  "visibility": "public"
                },
                "children": {
                  "allow": false
                },
                "created": "2026-08-30T10:44:17.551400+00:00",
                "custom_fields": {
                  "stats:dashboard_enabled": false
                },
                "deletion_status": {
                  "is_deleted": false,
                  "status": "P"
                },
                "id": "e5751b5a-5b73-44fa-8027-869a5bb8d79c",
                "links": {},
                "metadata": {
                  "description": "JCRT 11.2",
                  "title": "JCRT 11.2",
                  "type": {
                    "id": "journal"
                  },
                  "website": "https://jcrt.org/archives/11.2/"
                },
                "revision_id": 3,
                "slug": "jcrt-112",
                "updated": "2026-08-30T10:44:18.236424+00:00"
              }
            ],
            "ids": [
              "e5751b5a-5b73-44fa-8027-869a5bb8d79c"
            ]
          },
          "id": "6pre5-vry48",
          "pids": {
            "doi": {
              "client": "datacite",
              "identifier": "10.17613/6pre5-vry48",
              "provider": "datacite"
            }
          }
        },
        "pids": {
          "doi": {
            "client": "datacite",
            "identifier": "10.17613/2ya85-s0605",
            "provider": "datacite"
          },
          "oai": {
            "identifier": "oai:https://works.hcommons.org:2ya85-s0605",
            "provider": "oai"
          }
        },
        "revision_id": 5,
        "stats": {
          "all_versions": {
            "data_volume": 0.0,
            "downloads": 0,
            "unique_downloads": 0,
            "unique_views": 0,
            "views": 0
          },
          "this_version": {
            "data_volume": 0.0,
            "downloads": 0,
            "unique_downloads": 0,
            "unique_views": 0,
            "views": 0
          }
        },
        "status": "published",
        "updated": "2026-08-30T10:44:47.926202+00:00",
        "versions": {
          "index": 1,
          "is_latest": true,
          "is_latest_draft": true
        }
      },
      "record_id": "2ya85-s0605",
      "record_url": "https://works.hcommons.org/records/2ya85-s0605",
      "source_id": ""
    },
    {
      "collection_id": "e5751b5a-5b73-44fa-8027-869a5bb8d79c",
      "errors": [],
      "files": {
        "taylor.pdf": {
          "messages": [],
          "status": "uploaded"
        }
      },
      "item_index": 3,
      "metadata": {
        "access": {
          "embargo": {
            "active": false,
            "reason": null
          },
          "files": "public",
          "record": "public",
          "status": "open"
        },
        "created": "2026-08-30T10:44:49.719284+00:00",
        "custom_fields": {
          "journal:journal": {
            "issn": "1530-5228",
            "issue": "2",
            "pages": "",
            "title": "Journal for Cultural & Religious Theory",
            "volume": "11"
          },
          "kcr:user_defined_tags": [
            "materialism",
            "theologia-crucis",
            "reconciliation-theology",
            "ontology",
            "christianity",
            "christianity-and-atheism",
            "difference-philosophy",
            "jesus-christ-crucifixion",
            "body",
            "human-philosophy",
            "human-body-in-religion",
            "slavoj",
            "z-iz-ek",
            "capitalism-and-religion",
            "john",
            "theology-methodology",
            "community-and-religion",
            "milbank",
            "1475-1564",
            "jesus-christ-art",
            "jesus-christ-humanity",
            "michelangelo-buonarroti"
          ]
        },
        "deletion_status": {
          "is_deleted": false,
          "status": "P"
        },
        "files": {
          "count": 1,
          "enabled": true,
          "entries": {
            "taylor.pdf": {
              "access": {
                "hidden": false
              },
              "checksum": "md5:d6aaa24b0d2504e195d723a939f81676",
              "ext": "pdf",
              "id": "fe252467-ff66-4a13-879c-7bff4de625c9",
              "key": "taylor.pdf",
              "links": {
                "content": "https://works.hcommons.org/api/records/y3sd3-1sc17/files/taylor.pdf/content",
                "iiif_api": "https://works.hcommons.org/api/iiif/record:y3sd3-1sc17:taylor.pdf/full/full/0/default.png",
                "iiif_base": "https://works.hcommons.org/api/iiif/record:y3sd3-1sc17:taylor.pdf",
                "iiif_canvas": "https://works.hcommons.org/api/iiif/record:y3sd3-1sc17/canvas/taylor.pdf",
                "iiif_info": "https://works.hcommons.org/api/iiif/record:y3sd3-1sc17:taylor.pdf/info.json",
                "self": "https://works.hcommons.org/api/records/y3sd3-1sc17/files/taylor.pdf"
              },
              "metadata": {},
              "mimetype": "application/pdf",
              "size": 690337,
              "storage_class": "L"
            }
          },
          "order": [],
          "total_bytes": 690337
        },
        "id": "y3sd3-1sc17",
        "is_draft": false,
        "is_published": true,
        "links": {
          "access": "https://works.hcommons.org/api/records/y3sd3-1sc17/access",
          "access_grants": "https://works.hcommons.org/api/records/y3sd3-1sc17/access/grants",
          "access_groups": "https://works.hcommons.org/api/records/y3sd3-1sc17/access/groups",
          "access_links": "https://works.hcommons.org/api/records/y3sd3-1sc17/access/links",
          "access_request": "https://works.hcommons.org/api/records/y3sd3-1sc17/access/request",
          "access_users": "https://works.hcommons.org/api/records/y3sd3-1sc17/access/users",
          "archive": "https://works.hcommons.org/api/records/y3sd3-1sc17/files-archive",
          "archive_media": "https://works.hcommons.org/api/records/y3sd3-1sc17/media-files-archive",
          "communities": "https://works.hcommons.org/api/records/y3sd3-1sc17/communities",
          "communities-suggestions": "https://works.hcommons.org/api/records/y3sd3-1sc17/communities-suggestions",
          "doi": "https://doi.org/10.17613/y3sd3-1sc17",
          "draft": "https://works.hcommons.org/api/records/y3sd3-1sc17/draft",
          "files": "https://works.hcommons.org/api/records/y3sd3-1sc17/files",
          "latest": "https://works.hcommons.org/api/records/y3sd3-1sc17/versions/latest",
          "latest_html": "https://works.hcommons.org/records/y3sd3-1sc17/latest",
          "media_files": "https://works.hcommons.org/api/records/y3sd3-1sc17/media-files",
          "parent": "https://works.hcommons.org/api/records/3h2m3-nz583",
          "parent_doi": "https://works.hcommons.org/doi/10.17613/3h2m3-nz583",
          "parent_html": "https://works.hcommons.org/records/3h2m3-nz583",
          "requests": "https://works.hcommons.org/api/records/y3sd3-1sc17/requests",
          "reserve_doi": "https://works.hcommons.org/api/records/y3sd3-1sc17/draft/pids/doi",
          "self": "https://works.hcommons.org/api/records/y3sd3-1sc17",
          "self_doi": "https://works.hcommons.org/doi/10.17613/y3sd3-1sc17",
          "self_html": "https://works.hcommons.org/records/y3sd3-1sc17",
          "self_iiif_manifest": "https://works.hcommons.org/api/iiif/record:y3sd3-1sc17/manifest",
          "self_iiif_sequence": "https://works.hcommons.org/api/iiif/record:y3sd3-1sc17/sequence/default",
          "versions": "https://works.hcommons.org/api/records/y3sd3-1sc17/versions"
        },
        "media_files": {
          "count": 0,
          "enabled": false,
          "entries": {},
          "order": [],
          "total_bytes": 0
        },
        "metadata": {
          "creators": [
            {
              "person_or_org": {
                "family_name": "Taylor",
                "given_name": "Victor",
                "name": "Taylor, Victor",
                "type": "personal"
              },
              "role": {
                "id": "author",
                "title": {
                  "en": "Author"
                }
              }
            }
          ],
          "identifiers": [
            {
              "identifier": "QWtquc",
              "scheme": "import-recid"
            },
            {
              "identifier": "https://jcrt.org/archives/11.2/taylor/",
              "scheme": "url"
            }
          ],
          "languages": [
            {
              "id": "eng",
              "title": {
                "en": "English"
              }
            }
          ],
          "publication_date": "2011",
          "publisher": "Whitestone Publications",
          "resource_type": {
            "id": "textDocument-journalArticle",
            "title": {
              "de": "Zeitschriftenartikel",
              "en": "Journal article"
            }
          },
          "rights": [
            {
              "link": "https://jcrt.org/copyright/",
              "title": {
                "en": "Copyright held by the author(s). Published in the Journal for Cultural and Religious Theory."
              }
            }
          ],
          "subjects": [
            {
              "id": "http://id.worldcat.org/fast/859599",
              "scheme": "FAST-topical",
              "subject": "Christianity"
            },
            {
              "id": "http://id.worldcat.org/fast/859658",
              "scheme": "FAST-topical",
              "subject": "Christianity and atheism"
            },
            {
              "id": "http://id.worldcat.org/fast/893405",
              "scheme": "FAST-topical",
              "subject": "Difference (Philosophy)"
            },
            {
              "id": "http://id.worldcat.org/fast/1011758",
              "scheme": "FAST-topical",
              "subject": "Materialism"
            },
            {
              "id": "http://id.worldcat.org/fast/1045995",
              "scheme": "FAST-topical",
              "subject": "Ontology"
            },
            {
              "id": "http://id.worldcat.org/fast/1149580",
              "scheme": "FAST-topical",
              "subject": "Theology--Methodology"
            },
            {
              "id": "http://id.worldcat.org/fast/1740836",
              "scheme": "FAST-topical",
              "subject": "Theology of the cross"
            }
          ],
          "title": "Absolute Christ or 'Wdcd?': the Question of Christian Materiality in the Monstrosity of Christ: Paradox or Dialectic"
        },
        "parent": {
          "access": {
            "grants": [],
            "links": [],
            "owned_by": {
              "user": "3742"
            },
            "settings": {
              "accept_conditions_text": null,
              "allow_guest_requests": false,
              "allow_user_requests": false,
              "secret_link_expiration": 0
            }
          },
          "communities": {
            "default": "e5751b5a-5b73-44fa-8027-869a5bb8d79c",
            "entries": [
              {
                "access": {
                  "member_policy": "open",
                  "members_visibility": "public",
                  "record_policy": "open",
                  "review_policy": "closed",
                  "visibility": "public"
                },
                "children": {
                  "allow": false
                },
                "created": "2026-08-30T10:44:17.551400+00:00",
                "custom_fields": {
                  "stats:dashboard_enabled": false
                },
                "deletion_status": {
                  "is_deleted": false,
                  "status": "P"
                },
                "id": "e5751b5a-5b73-44fa-8027-869a5bb8d79c",
                "links": {},
                "metadata": {
                  "description": "JCRT 11.2",
                  "title": "JCRT 11.2",
                  "type": {
                    "id": "journal"
                  },
                  "website": "https://jcrt.org/archives/11.2/"
                },
                "revision_id": 3,
                "slug": "jcrt-112",
                "updated": "2026-08-30T10:44:18.236424+00:00"
              }
            ],
            "ids": [
              "e5751b5a-5b73-44fa-8027-869a5bb8d79c"
            ]
          },
          "id": "3h2m3-nz583",
          "pids": {
            "doi": {
              "client": "datacite",
              "identifier": "10.17613/3h2m3-nz583",
              "provider": "datacite"
            }
          }
        },
        "pids": {
          "doi": {
            "client": "datacite",
            "identifier": "10.17613/y3sd3-1sc17",
            "provider": "datacite"
          },
          "oai": {
            "identifier": "oai:https://works.hcommons.org:y3sd3-1sc17",
            "provider": "oai"
          }
        },
        "revision_id": 5,
        "stats": {
          "all_versions": {
            "data_volume": 0.0,
            "downloads": 0,
            "unique_downloads": 0,
            "unique_views": 0,
            "views": 0
          },
          "this_version": {
            "data_volume": 0.0,
            "downloads": 0,
            "unique_downloads": 0,
            "unique_views": 0,
            "views": 0
          }
        },
        "status": "published",
        "updated": "2026-08-30T10:44:49.947255+00:00",
        "versions": {
          "index": 1,
          "is_latest": true,
          "is_latest_draft": true
        }
      },
      "record_id": "y3sd3-1sc17",
      "record_url": "https://works.hcommons.org/records/y3sd3-1sc17",
      "source_id": ""
    }
  ],
  "errors": [],
  "message": "All records were successfully imported",
  "status": "success"
}