{
  "data": [
    {
      "collection_id": "e5751b5a-5b73-44fa-8027-869a5bb8d79c",
      "errors": [],
      "files": {
        "hagglund.pdf": {
          "messages": [],
          "status": "uploaded"
        }
      },
      "item_index": 0,
      "metadata": {
        "access": {
          "embargo": {
            "active": false,
            "reason": null
          },
          "files": "public",
          "record": "public",
          "status": "open"
        },
        "created": "2026-08-30T10:44:32.460977+00:00",
        "custom_fields": {
          "journal:journal": {
            "issn": "1530-5228",
            "issue": "2",
            "pages": "",
            "title": "Journal for Cultural & Religious Theory",
            "volume": "11"
          },
          "kcr:user_defined_tags": [
            "philosophical-theology",
            "god-philosophy",
            "evil",
            "atheism",
            "deconstruction-criticism",
            "future",
            "messianism",
            "atrocities",
            "jacques",
            "the",
            "1930-2004",
            "derrida",
            "kearney",
            "richard",
            "finite",
            "caputo",
            "violence-and-religion",
            "god-goodness",
            "hospitality",
            "john-d",
            "possibility"
          ]
        },
        "deletion_status": {
          "is_deleted": false,
          "status": "P"
        },
        "files": {
          "count": 1,
          "enabled": true,
          "entries": {
            "hagglund.pdf": {
              "access": {
                "hidden": false
              },
              "checksum": "md5:6ef72a186e3ec6797ec4273a76c9c610",
              "ext": "pdf",
              "id": "5314d247-63d8-4d16-8907-45bdb916d71f",
              "key": "hagglund.pdf",
              "links": {
                "content": "https://works.hcommons.org/api/records/fxpva-n8r68/files/hagglund.pdf/content",
                "iiif_api": "https://works.hcommons.org/api/iiif/record:fxpva-n8r68:hagglund.pdf/full/full/0/default.png",
                "iiif_base": "https://works.hcommons.org/api/iiif/record:fxpva-n8r68:hagglund.pdf",
                "iiif_canvas": "https://works.hcommons.org/api/iiif/record:fxpva-n8r68/canvas/hagglund.pdf",
                "iiif_info": "https://works.hcommons.org/api/iiif/record:fxpva-n8r68:hagglund.pdf/info.json",
                "self": "https://works.hcommons.org/api/records/fxpva-n8r68/files/hagglund.pdf"
              },
              "metadata": {},
              "mimetype": "application/pdf",
              "size": 840279,
              "storage_class": "L"
            }
          },
          "order": [],
          "total_bytes": 840279
        },
        "id": "fxpva-n8r68",
        "is_draft": false,
        "is_published": true,
        "links": {
          "access": "https://works.hcommons.org/api/records/fxpva-n8r68/access",
          "access_grants": "https://works.hcommons.org/api/records/fxpva-n8r68/access/grants",
          "access_groups": "https://works.hcommons.org/api/records/fxpva-n8r68/access/groups",
          "access_links": "https://works.hcommons.org/api/records/fxpva-n8r68/access/links",
          "access_request": "https://works.hcommons.org/api/records/fxpva-n8r68/access/request",
          "access_users": "https://works.hcommons.org/api/records/fxpva-n8r68/access/users",
          "archive": "https://works.hcommons.org/api/records/fxpva-n8r68/files-archive",
          "archive_media": "https://works.hcommons.org/api/records/fxpva-n8r68/media-files-archive",
          "communities": "https://works.hcommons.org/api/records/fxpva-n8r68/communities",
          "communities-suggestions": "https://works.hcommons.org/api/records/fxpva-n8r68/communities-suggestions",
          "doi": "https://doi.org/10.17613/fxpva-n8r68",
          "draft": "https://works.hcommons.org/api/records/fxpva-n8r68/draft",
          "files": "https://works.hcommons.org/api/records/fxpva-n8r68/files",
          "latest": "https://works.hcommons.org/api/records/fxpva-n8r68/versions/latest",
          "latest_html": "https://works.hcommons.org/records/fxpva-n8r68/latest",
          "media_files": "https://works.hcommons.org/api/records/fxpva-n8r68/media-files",
          "parent": "https://works.hcommons.org/api/records/8fn40-em563",
          "parent_doi": "https://works.hcommons.org/doi/10.17613/8fn40-em563",
          "parent_html": "https://works.hcommons.org/records/8fn40-em563",
          "requests": "https://works.hcommons.org/api/records/fxpva-n8r68/requests",
          "reserve_doi": "https://works.hcommons.org/api/records/fxpva-n8r68/draft/pids/doi",
          "self": "https://works.hcommons.org/api/records/fxpva-n8r68",
          "self_doi": "https://works.hcommons.org/doi/10.17613/fxpva-n8r68",
          "self_html": "https://works.hcommons.org/records/fxpva-n8r68",
          "self_iiif_manifest": "https://works.hcommons.org/api/iiif/record:fxpva-n8r68/manifest",
          "self_iiif_sequence": "https://works.hcommons.org/api/iiif/record:fxpva-n8r68/sequence/default",
          "versions": "https://works.hcommons.org/api/records/fxpva-n8r68/versions"
        },
        "media_files": {
          "count": 0,
          "enabled": false,
          "entries": {},
          "order": [],
          "total_bytes": 0
        },
        "metadata": {
          "creators": [
            {
              "person_or_org": {
                "family_name": "H\u00e4gglund",
                "given_name": "Martin",
                "name": "H\u00e4gglund, Martin",
                "type": "personal"
              },
              "role": {
                "id": "author",
                "title": {
                  "en": "Author"
                }
              }
            }
          ],
          "identifiers": [
            {
              "identifier": "pCCcMW",
              "scheme": "import-recid"
            },
            {
              "identifier": "https://jcrt.org/archives/11.2/hagglund/",
              "scheme": "url"
            }
          ],
          "languages": [
            {
              "id": "eng",
              "title": {
                "en": "English"
              }
            }
          ],
          "publication_date": "2011",
          "publisher": "Whitestone Publications",
          "resource_type": {
            "id": "textDocument-journalArticle",
            "title": {
              "de": "Zeitschriftenartikel",
              "en": "Journal article"
            }
          },
          "rights": [
            {
              "link": "https://jcrt.org/copyright/",
              "title": {
                "en": "Copyright held by the author(s). Published in the Journal for Cultural and Religious Theory."
              }
            }
          ],
          "subjects": [
            {
              "id": "http://id.worldcat.org/fast/819974",
              "scheme": "FAST-topical",
              "subject": "Atheism"
            },
            {
              "id": "http://id.worldcat.org/fast/820727",
              "scheme": "FAST-topical",
              "subject": "Atrocities"
            },
            {
              "id": "http://id.worldcat.org/fast/944054",
              "scheme": "FAST-topical",
              "subject": "God--Goodness"
            },
            {
              "id": "http://id.worldcat.org/fast/944097",
              "scheme": "FAST-topical",
              "subject": "God--Philosophy"
            },
            {
              "id": "http://id.worldcat.org/fast/944894",
              "scheme": "FAST-topical",
              "subject": "Good and evil"
            },
            {
              "id": "http://id.worldcat.org/fast/961114",
              "scheme": "FAST-topical",
              "subject": "Hospitality"
            },
            {
              "id": "http://id.worldcat.org/fast/1017438",
              "scheme": "FAST-topical",
              "subject": "Messianism"
            },
            {
              "id": "http://id.worldcat.org/fast/1060773",
              "scheme": "FAST-topical",
              "subject": "Philosophical theology"
            },
            {
              "id": "http://id.worldcat.org/fast/1072695",
              "scheme": "FAST-topical",
              "subject": "Possibility"
            }
          ],
          "title": "The Radical Evil of Deconstruction: a Reply to John D. Caputo"
        },
        "parent": {
          "access": {
            "grants": [],
            "links": [],
            "owned_by": {
              "user": "3742"
            },
            "settings": {
              "accept_conditions_text": null,
              "allow_guest_requests": false,
              "allow_user_requests": false,
              "secret_link_expiration": 0
            }
          },
          "communities": {
            "default": "e5751b5a-5b73-44fa-8027-869a5bb8d79c",
            "entries": [
              {
                "access": {
                  "member_policy": "open",
                  "members_visibility": "public",
                  "record_policy": "open",
                  "review_policy": "closed",
                  "visibility": "public"
                },
                "children": {
                  "allow": false
                },
                "created": "2026-08-30T10:44:17.551400+00:00",
                "custom_fields": {
                  "stats:dashboard_enabled": false
                },
                "deletion_status": {
                  "is_deleted": false,
                  "status": "P"
                },
                "id": "e5751b5a-5b73-44fa-8027-869a5bb8d79c",
                "links": {},
                "metadata": {
                  "description": "JCRT 11.2",
                  "title": "JCRT 11.2",
                  "type": {
                    "id": "journal"
                  },
                  "website": "https://jcrt.org/archives/11.2/"
                },
                "revision_id": 3,
                "slug": "jcrt-112",
                "updated": "2026-08-30T10:44:18.236424+00:00"
              }
            ],
            "ids": [
              "e5751b5a-5b73-44fa-8027-869a5bb8d79c"
            ]
          },
          "id": "8fn40-em563",
          "pids": {
            "doi": {
              "client": "datacite",
              "identifier": "10.17613/8fn40-em563",
              "provider": "datacite"
            }
          }
        },
        "pids": {
          "doi": {
            "client": "datacite",
            "identifier": "10.17613/fxpva-n8r68",
            "provider": "datacite"
          },
          "oai": {
            "identifier": "oai:https://works.hcommons.org:fxpva-n8r68",
            "provider": "oai"
          }
        },
        "revision_id": 5,
        "stats": {
          "all_versions": {
            "data_volume": 0.0,
            "downloads": 0,
            "unique_downloads": 0,
            "unique_views": 0,
            "views": 0
          },
          "this_version": {
            "data_volume": 0.0,
            "downloads": 0,
            "unique_downloads": 0,
            "unique_views": 0,
            "views": 0
          }
        },
        "status": "published",
        "updated": "2026-08-30T10:44:32.701910+00:00",
        "versions": {
          "index": 1,
          "is_latest": true,
          "is_latest_draft": true
        }
      },
      "record_id": "fxpva-n8r68",
      "record_url": "https://works.hcommons.org/records/fxpva-n8r68",
      "source_id": ""
    },
    {
      "collection_id": "e5751b5a-5b73-44fa-8027-869a5bb8d79c",
      "errors": [],
      "files": {
        "holsclaw.pdf": {
          "messages": [],
          "status": "uploaded"
        }
      },
      "item_index": 1,
      "metadata": {
        "access": {
          "embargo": {
            "active": false,
            "reason": null
          },
          "files": "public",
          "record": "public",
          "status": "open"
        },
        "created": "2026-08-30T10:44:34.606002+00:00",
        "custom_fields": {
          "journal:journal": {
            "issn": "1530-5228",
            "issue": "2",
            "pages": "",
            "title": "Journal for Cultural & Religious Theory",
            "volume": "11"
          },
          "kcr:user_defined_tags": [
            "dissent",
            "grace-theology",
            "lord-s-supper-real-presence",
            "political",
            "the",
            "marxian-economics",
            "chauvet",
            "eucharistic-prayers",
            "exchange",
            "government",
            "karatani",
            "ko-jin",
            "louis-marie",
            "money",
            "resistance-to",
            "state"
          ]
        },
        "deletion_status": {
          "is_deleted": false,
          "status": "P"
        },
        "files": {
          "count": 1,
          "enabled": true,
          "entries": {
            "holsclaw.pdf": {
              "access": {
                "hidden": false
              },
              "checksum": "md5:11476df34a20c9890bfca8dcfe08cdff",
              "ext": "pdf",
              "id": "811646d3-4ab4-4fd1-aa05-45c5e8aa7351",
              "key": "holsclaw.pdf",
              "links": {
                "content": "https://works.hcommons.org/api/records/ah9v6-dq531/files/holsclaw.pdf/content",
                "iiif_api": "https://works.hcommons.org/api/iiif/record:ah9v6-dq531:holsclaw.pdf/full/full/0/default.png",
                "iiif_base": "https://works.hcommons.org/api/iiif/record:ah9v6-dq531:holsclaw.pdf",
                "iiif_canvas": "https://works.hcommons.org/api/iiif/record:ah9v6-dq531/canvas/holsclaw.pdf",
                "iiif_info": "https://works.hcommons.org/api/iiif/record:ah9v6-dq531:holsclaw.pdf/info.json",
                "self": "https://works.hcommons.org/api/records/ah9v6-dq531/files/holsclaw.pdf"
              },
              "metadata": {},
              "mimetype": "application/pdf",
              "size": 649945,
              "storage_class": "L"
            }
          },
          "order": [],
          "total_bytes": 649945
        },
        "id": "ah9v6-dq531",
        "is_draft": false,
        "is_published": true,
        "links": {
          "access": "https://works.hcommons.org/api/records/ah9v6-dq531/access",
          "access_grants": "https://works.hcommons.org/api/records/ah9v6-dq531/access/grants",
          "access_groups": "https://works.hcommons.org/api/records/ah9v6-dq531/access/groups",
          "access_links": "https://works.hcommons.org/api/records/ah9v6-dq531/access/links",
          "access_request": "https://works.hcommons.org/api/records/ah9v6-dq531/access/request",
          "access_users": "https://works.hcommons.org/api/records/ah9v6-dq531/access/users",
          "archive": "https://works.hcommons.org/api/records/ah9v6-dq531/files-archive",
          "archive_media": "https://works.hcommons.org/api/records/ah9v6-dq531/media-files-archive",
          "communities": "https://works.hcommons.org/api/records/ah9v6-dq531/communities",
          "communities-suggestions": "https://works.hcommons.org/api/records/ah9v6-dq531/communities-suggestions",
          "doi": "https://doi.org/10.17613/ah9v6-dq531",
          "draft": "https://works.hcommons.org/api/records/ah9v6-dq531/draft",
          "files": "https://works.hcommons.org/api/records/ah9v6-dq531/files",
          "latest": "https://works.hcommons.org/api/records/ah9v6-dq531/versions/latest",
          "latest_html": "https://works.hcommons.org/records/ah9v6-dq531/latest",
          "media_files": "https://works.hcommons.org/api/records/ah9v6-dq531/media-files",
          "parent": "https://works.hcommons.org/api/records/ab6ex-h5462",
          "parent_doi": "https://works.hcommons.org/doi/10.17613/ab6ex-h5462",
          "parent_html": "https://works.hcommons.org/records/ab6ex-h5462",
          "requests": "https://works.hcommons.org/api/records/ah9v6-dq531/requests",
          "reserve_doi": "https://works.hcommons.org/api/records/ah9v6-dq531/draft/pids/doi",
          "self": "https://works.hcommons.org/api/records/ah9v6-dq531",
          "self_doi": "https://works.hcommons.org/doi/10.17613/ah9v6-dq531",
          "self_html": "https://works.hcommons.org/records/ah9v6-dq531",
          "self_iiif_manifest": "https://works.hcommons.org/api/iiif/record:ah9v6-dq531/manifest",
          "self_iiif_sequence": "https://works.hcommons.org/api/iiif/record:ah9v6-dq531/sequence/default",
          "versions": "https://works.hcommons.org/api/records/ah9v6-dq531/versions"
        },
        "media_files": {
          "count": 0,
          "enabled": false,
          "entries": {},
          "order": [],
          "total_bytes": 0
        },
        "metadata": {
          "creators": [
            {
              "person_or_org": {
                "family_name": "Holsclaw",
                "given_name": "Geoffrey",
                "name": "Holsclaw, Geoffrey",
                "type": "personal"
              },
              "role": {
                "id": "author",
                "title": {
                  "en": "Author"
                }
              }
            }
          ],
          "identifiers": [
            {
              "identifier": "eALEaC",
              "scheme": "import-recid"
            },
            {
              "identifier": "https://jcrt.org/archives/11.2/holsclaw/",
              "scheme": "url"
            }
          ],
          "languages": [
            {
              "id": "eng",
              "title": {
                "en": "English"
              }
            }
          ],
          "publication_date": "2011",
          "publisher": "Whitestone Publications",
          "resource_type": {
            "id": "textDocument-journalArticle",
            "title": {
              "de": "Zeitschriftenartikel",
              "en": "Journal article"
            }
          },
          "rights": [
            {
              "link": "https://jcrt.org/copyright/",
              "title": {
                "en": "Copyright held by the author(s). Published in the Journal for Cultural and Religious Theory."
              }
            }
          ],
          "subjects": [
            {
              "id": "http://id.worldcat.org/fast/916395",
              "scheme": "FAST-topical",
              "subject": "Eucharistic prayers"
            },
            {
              "id": "http://id.worldcat.org/fast/917649",
              "scheme": "FAST-topical",
              "subject": "Exchange"
            },
            {
              "id": "http://id.worldcat.org/fast/945759",
              "scheme": "FAST-topical",
              "subject": "Grace (Theology)"
            },
            {
              "id": "http://id.worldcat.org/fast/1002561",
              "scheme": "FAST-topical",
              "subject": "Lord's Supper--Real presence"
            },
            {
              "id": "http://id.worldcat.org/fast/1010951",
              "scheme": "FAST-topical",
              "subject": "Marxian economics"
            },
            {
              "id": "http://id.worldcat.org/fast/1025265",
              "scheme": "FAST-topical",
              "subject": "Money"
            },
            {
              "id": "http://id.worldcat.org/fast/1069781",
              "scheme": "FAST-topical",
              "subject": "Political science"
            }
          ],
          "title": "Christ in Circulation: the Eucharistic Exchange and Money"
        },
        "parent": {
          "access": {
            "grants": [],
            "links": [],
            "owned_by": {
              "user": "3742"
            },
            "settings": {
              "accept_conditions_text": null,
              "allow_guest_requests": false,
              "allow_user_requests": false,
              "secret_link_expiration": 0
            }
          },
          "communities": {
            "default": "e5751b5a-5b73-44fa-8027-869a5bb8d79c",
            "entries": [
              {
                "access": {
                  "member_policy": "open",
                  "members_visibility": "public",
                  "record_policy": "open",
                  "review_policy": "closed",
                  "visibility": "public"
                },
                "children": {
                  "allow": false
                },
                "created": "2026-08-30T10:44:17.551400+00:00",
                "custom_fields": {
                  "stats:dashboard_enabled": false
                },
                "deletion_status": {
                  "is_deleted": false,
                  "status": "P"
                },
                "id": "e5751b5a-5b73-44fa-8027-869a5bb8d79c",
                "links": {},
                "metadata": {
                  "description": "JCRT 11.2",
                  "title": "JCRT 11.2",
                  "type": {
                    "id": "journal"
                  },
                  "website": "https://jcrt.org/archives/11.2/"
                },
                "revision_id": 3,
                "slug": "jcrt-112",
                "updated": "2026-08-30T10:44:18.236424+00:00"
              }
            ],
            "ids": [
              "e5751b5a-5b73-44fa-8027-869a5bb8d79c"
            ]
          },
          "id": "ab6ex-h5462",
          "pids": {
            "doi": {
              "client": "datacite",
              "identifier": "10.17613/ab6ex-h5462",
              "provider": "datacite"
            }
          }
        },
        "pids": {
          "doi": {
            "client": "datacite",
            "identifier": "10.17613/ah9v6-dq531",
            "provider": "datacite"
          },
          "oai": {
            "identifier": "oai:https://works.hcommons.org:ah9v6-dq531",
            "provider": "oai"
          }
        },
        "revision_id": 5,
        "stats": {
          "all_versions": {
            "data_volume": 0.0,
            "downloads": 0,
            "unique_downloads": 0,
            "unique_views": 0,
            "views": 0
          },
          "this_version": {
            "data_volume": 0.0,
            "downloads": 0,
            "unique_downloads": 0,
            "unique_views": 0,
            "views": 0
          }
        },
        "status": "published",
        "updated": "2026-08-30T10:44:34.841308+00:00",
        "versions": {
          "index": 1,
          "is_latest": true,
          "is_latest_draft": true
        }
      },
      "record_id": "ah9v6-dq531",
      "record_url": "https://works.hcommons.org/records/ah9v6-dq531",
      "source_id": ""
    },
    {
      "collection_id": "e5751b5a-5b73-44fa-8027-869a5bb8d79c",
      "errors": [],
      "files": {
        "hyman.pdf": {
          "messages": [],
          "status": "uploaded"
        }
      },
      "item_index": 2,
      "metadata": {
        "access": {
          "embargo": {
            "active": false,
            "reason": null
          },
          "files": "public",
          "record": "public",
          "status": "open"
        },
        "created": "2026-08-30T10:44:36.579859+00:00",
        "custom_fields": {
          "journal:journal": {
            "issn": "1530-5228",
            "issue": "2",
            "pages": "",
            "title": "Journal for Cultural & Religious Theory",
            "volume": "11"
          },
          "kcr:user_defined_tags": [
            "homosexuality",
            "anglicanism",
            "anglican-communion",
            "sexuality-and-religion",
            "church-of-england",
            "christian-ethics",
            "homosexuality-and-christianity",
            "ecclesiology",
            "schism",
            "religion-and-sexuality",
            "church-crisis",
            "gavin-hyman"
          ]
        },
        "deletion_status": {
          "is_deleted": false,
          "status": "P"
        },
        "files": {
          "count": 1,
          "enabled": true,
          "entries": {
            "hyman.pdf": {
              "access": {
                "hidden": false
              },
              "checksum": "md5:1d76f5f173bd04630264079bc7a591e3",
              "ext": "pdf",
              "id": "62f28734-0dee-4205-90f7-a0eed56cb3ef",
              "key": "hyman.pdf",
              "links": {
                "content": "https://works.hcommons.org/api/records/pbnd3-s3n44/files/hyman.pdf/content",
                "iiif_api": "https://works.hcommons.org/api/iiif/record:pbnd3-s3n44:hyman.pdf/full/full/0/default.png",
                "iiif_base": "https://works.hcommons.org/api/iiif/record:pbnd3-s3n44:hyman.pdf",
                "iiif_canvas": "https://works.hcommons.org/api/iiif/record:pbnd3-s3n44/canvas/hyman.pdf",
                "iiif_info": "https://works.hcommons.org/api/iiif/record:pbnd3-s3n44:hyman.pdf/info.json",
                "self": "https://works.hcommons.org/api/records/pbnd3-s3n44/files/hyman.pdf"
              },
              "metadata": {},
              "mimetype": "application/pdf",
              "size": 538732,
              "storage_class": "L"
            }
          },
          "order": [],
          "total_bytes": 538732
        },
        "id": "pbnd3-s3n44",
        "is_draft": false,
        "is_published": true,
        "links": {
          "access": "https://works.hcommons.org/api/records/pbnd3-s3n44/access",
          "access_grants": "https://works.hcommons.org/api/records/pbnd3-s3n44/access/grants",
          "access_groups": "https://works.hcommons.org/api/records/pbnd3-s3n44/access/groups",
          "access_links": "https://works.hcommons.org/api/records/pbnd3-s3n44/access/links",
          "access_request": "https://works.hcommons.org/api/records/pbnd3-s3n44/access/request",
          "access_users": "https://works.hcommons.org/api/records/pbnd3-s3n44/access/users",
          "archive": "https://works.hcommons.org/api/records/pbnd3-s3n44/files-archive",
          "archive_media": "https://works.hcommons.org/api/records/pbnd3-s3n44/media-files-archive",
          "communities": "https://works.hcommons.org/api/records/pbnd3-s3n44/communities",
          "communities-suggestions": "https://works.hcommons.org/api/records/pbnd3-s3n44/communities-suggestions",
          "doi": "https://doi.org/10.17613/pbnd3-s3n44",
          "draft": "https://works.hcommons.org/api/records/pbnd3-s3n44/draft",
          "files": "https://works.hcommons.org/api/records/pbnd3-s3n44/files",
          "latest": "https://works.hcommons.org/api/records/pbnd3-s3n44/versions/latest",
          "latest_html": "https://works.hcommons.org/records/pbnd3-s3n44/latest",
          "media_files": "https://works.hcommons.org/api/records/pbnd3-s3n44/media-files",
          "parent": "https://works.hcommons.org/api/records/4sst1-gqz67",
          "parent_doi": "https://works.hcommons.org/doi/10.17613/4sst1-gqz67",
          "parent_html": "https://works.hcommons.org/records/4sst1-gqz67",
          "requests": "https://works.hcommons.org/api/records/pbnd3-s3n44/requests",
          "reserve_doi": "https://works.hcommons.org/api/records/pbnd3-s3n44/draft/pids/doi",
          "self": "https://works.hcommons.org/api/records/pbnd3-s3n44",
          "self_doi": "https://works.hcommons.org/doi/10.17613/pbnd3-s3n44",
          "self_html": "https://works.hcommons.org/records/pbnd3-s3n44",
          "self_iiif_manifest": "https://works.hcommons.org/api/iiif/record:pbnd3-s3n44/manifest",
          "self_iiif_sequence": "https://works.hcommons.org/api/iiif/record:pbnd3-s3n44/sequence/default",
          "versions": "https://works.hcommons.org/api/records/pbnd3-s3n44/versions"
        },
        "media_files": {
          "count": 0,
          "enabled": false,
          "entries": {},
          "order": [],
          "total_bytes": 0
        },
        "metadata": {
          "creators": [
            {
              "person_or_org": {
                "family_name": "Hyman",
                "given_name": "Gavin",
                "name": "Hyman, Gavin",
                "type": "personal"
              },
              "role": {
                "id": "author",
                "title": {
                  "en": "Author"
                }
              }
            }
          ],
          "identifiers": [
            {
              "identifier": "RdHUB3",
              "scheme": "import-recid"
            },
            {
              "identifier": "https://jcrt.org/archives/11.2/hyman/",
              "scheme": "url"
            }
          ],
          "languages": [
            {
              "id": "eng",
              "title": {
                "en": "English"
              }
            }
          ],
          "publication_date": "2011",
          "publisher": "Whitestone Publications",
          "resource_type": {
            "id": "textDocument-journalArticle",
            "title": {
              "de": "Zeitschriftenartikel",
              "en": "Journal article"
            }
          },
          "rights": [
            {
              "link": "https://jcrt.org/copyright/",
              "title": {
                "en": "Copyright held by the author(s). Published in the Journal for Cultural and Religious Theory."
              }
            }
          ],
          "subjects": [
            {
              "id": "http://id.worldcat.org/fast/808873",
              "scheme": "FAST-topical",
              "subject": "Anglican Communion"
            },
            {
              "id": "http://id.worldcat.org/fast/859107",
              "scheme": "FAST-topical",
              "subject": "Christian ethics"
            },
            {
              "id": "http://id.worldcat.org/fast/860364",
              "scheme": "FAST-topical",
              "subject": "Church"
            },
            {
              "id": "http://id.worldcat.org/fast/532932",
              "scheme": "FAST-corporate",
              "subject": "Church of England"
            },
            {
              "id": "http://id.worldcat.org/fast/959755",
              "scheme": "FAST-topical",
              "subject": "Homosexuality"
            },
            {
              "id": "http://id.worldcat.org/fast/1106691",
              "scheme": "FAST-topical",
              "subject": "Schism"
            }
          ],
          "title": "Homosexuality and the Crisis of Anglicanism"
        },
        "parent": {
          "access": {
            "grants": [],
            "links": [],
            "owned_by": {
              "user": "3742"
            },
            "settings": {
              "accept_conditions_text": null,
              "allow_guest_requests": false,
              "allow_user_requests": false,
              "secret_link_expiration": 0
            }
          },
          "communities": {
            "default": "e5751b5a-5b73-44fa-8027-869a5bb8d79c",
            "entries": [
              {
                "access": {
                  "member_policy": "open",
                  "members_visibility": "public",
                  "record_policy": "open",
                  "review_policy": "closed",
                  "visibility": "public"
                },
                "children": {
                  "allow": false
                },
                "created": "2026-08-30T10:44:17.551400+00:00",
                "custom_fields": {
                  "stats:dashboard_enabled": false
                },
                "deletion_status": {
                  "is_deleted": false,
                  "status": "P"
                },
                "id": "e5751b5a-5b73-44fa-8027-869a5bb8d79c",
                "links": {},
                "metadata": {
                  "description": "JCRT 11.2",
                  "title": "JCRT 11.2",
                  "type": {
                    "id": "journal"
                  },
                  "website": "https://jcrt.org/archives/11.2/"
                },
                "revision_id": 3,
                "slug": "jcrt-112",
                "updated": "2026-08-30T10:44:18.236424+00:00"
              }
            ],
            "ids": [
              "e5751b5a-5b73-44fa-8027-869a5bb8d79c"
            ]
          },
          "id": "4sst1-gqz67",
          "pids": {
            "doi": {
              "client": "datacite",
              "identifier": "10.17613/4sst1-gqz67",
              "provider": "datacite"
            }
          }
        },
        "pids": {
          "doi": {
            "client": "datacite",
            "identifier": "10.17613/pbnd3-s3n44",
            "provider": "datacite"
          },
          "oai": {
            "identifier": "oai:https://works.hcommons.org:pbnd3-s3n44",
            "provider": "oai"
          }
        },
        "revision_id": 5,
        "stats": {
          "all_versions": {
            "data_volume": 0.0,
            "downloads": 0,
            "unique_downloads": 0,
            "unique_views": 0,
            "views": 0
          },
          "this_version": {
            "data_volume": 0.0,
            "downloads": 0,
            "unique_downloads": 0,
            "unique_views": 0,
            "views": 0
          }
        },
        "status": "published",
        "updated": "2026-08-30T10:44:36.837128+00:00",
        "versions": {
          "index": 1,
          "is_latest": true,
          "is_latest_draft": true
        }
      },
      "record_id": "pbnd3-s3n44",
      "record_url": "https://works.hcommons.org/records/pbnd3-s3n44",
      "source_id": ""
    },
    {
      "collection_id": "e5751b5a-5b73-44fa-8027-869a5bb8d79c",
      "errors": [],
      "files": {
        "mcclain.pdf": {
          "messages": [],
          "status": "uploaded"
        }
      },
      "item_index": 3,
      "metadata": {
        "access": {
          "embargo": {
            "active": false,
            "reason": null
          },
          "files": "public",
          "record": "public",
          "status": "open"
        },
        "created": "2026-08-30T10:44:38.583034+00:00",
        "custom_fields": {
          "journal:journal": {
            "issn": "1530-5228",
            "issue": "2",
            "pages": "",
            "title": "Journal for Cultural & Religious Theory",
            "volume": "11"
          },
          "kcr:user_defined_tags": [
            "sacramental-poetics",
            "secularism",
            "secularization",
            "theology-and-literature",
            "sacramentality",
            "poetics",
            "disenchantment",
            "religion-and-literature",
            "eucharist",
            "early-modern-literature",
            "modernity",
            "transcendence"
          ]
        },
        "deletion_status": {
          "is_deleted": false,
          "status": "P"
        },
        "files": {
          "count": 1,
          "enabled": true,
          "entries": {
            "mcclain.pdf": {
              "access": {
                "hidden": false
              },
              "checksum": "md5:1a20cccfeced6bb0146fd5203572a9f4",
              "ext": "pdf",
              "id": "152164a8-4bae-48da-be11-7025a9a7aebe",
              "key": "mcclain.pdf",
              "links": {
                "content": "https://works.hcommons.org/api/records/26vmp-zkz23/files/mcclain.pdf/content",
                "iiif_api": "https://works.hcommons.org/api/iiif/record:26vmp-zkz23:mcclain.pdf/full/full/0/default.png",
                "iiif_base": "https://works.hcommons.org/api/iiif/record:26vmp-zkz23:mcclain.pdf",
                "iiif_canvas": "https://works.hcommons.org/api/iiif/record:26vmp-zkz23/canvas/mcclain.pdf",
                "iiif_info": "https://works.hcommons.org/api/iiif/record:26vmp-zkz23:mcclain.pdf/info.json",
                "self": "https://works.hcommons.org/api/records/26vmp-zkz23/files/mcclain.pdf"
              },
              "metadata": {},
              "mimetype": "application/pdf",
              "size": 343826,
              "storage_class": "L"
            }
          },
          "order": [],
          "total_bytes": 343826
        },
        "id": "26vmp-zkz23",
        "is_draft": false,
        "is_published": true,
        "links": {
          "access": "https://works.hcommons.org/api/records/26vmp-zkz23/access",
          "access_grants": "https://works.hcommons.org/api/records/26vmp-zkz23/access/grants",
          "access_groups": "https://works.hcommons.org/api/records/26vmp-zkz23/access/groups",
          "access_links": "https://works.hcommons.org/api/records/26vmp-zkz23/access/links",
          "access_request": "https://works.hcommons.org/api/records/26vmp-zkz23/access/request",
          "access_users": "https://works.hcommons.org/api/records/26vmp-zkz23/access/users",
          "archive": "https://works.hcommons.org/api/records/26vmp-zkz23/files-archive",
          "archive_media": "https://works.hcommons.org/api/records/26vmp-zkz23/media-files-archive",
          "communities": "https://works.hcommons.org/api/records/26vmp-zkz23/communities",
          "communities-suggestions": "https://works.hcommons.org/api/records/26vmp-zkz23/communities-suggestions",
          "doi": "https://doi.org/10.17613/26vmp-zkz23",
          "draft": "https://works.hcommons.org/api/records/26vmp-zkz23/draft",
          "files": "https://works.hcommons.org/api/records/26vmp-zkz23/files",
          "latest": "https://works.hcommons.org/api/records/26vmp-zkz23/versions/latest",
          "latest_html": "https://works.hcommons.org/records/26vmp-zkz23/latest",
          "media_files": "https://works.hcommons.org/api/records/26vmp-zkz23/media-files",
          "parent": "https://works.hcommons.org/api/records/r2pnq-80h50",
          "parent_doi": "https://works.hcommons.org/doi/10.17613/r2pnq-80h50",
          "parent_html": "https://works.hcommons.org/records/r2pnq-80h50",
          "requests": "https://works.hcommons.org/api/records/26vmp-zkz23/requests",
          "reserve_doi": "https://works.hcommons.org/api/records/26vmp-zkz23/draft/pids/doi",
          "self": "https://works.hcommons.org/api/records/26vmp-zkz23",
          "self_doi": "https://works.hcommons.org/doi/10.17613/26vmp-zkz23",
          "self_html": "https://works.hcommons.org/records/26vmp-zkz23",
          "self_iiif_manifest": "https://works.hcommons.org/api/iiif/record:26vmp-zkz23/manifest",
          "self_iiif_sequence": "https://works.hcommons.org/api/iiif/record:26vmp-zkz23/sequence/default",
          "versions": "https://works.hcommons.org/api/records/26vmp-zkz23/versions"
        },
        "media_files": {
          "count": 0,
          "enabled": false,
          "entries": {},
          "order": [],
          "total_bytes": 0
        },
        "metadata": {
          "creators": [
            {
              "person_or_org": {
                "family_name": "McClain",
                "given_name": "Daniel J",
                "name": "McClain, Daniel J",
                "type": "personal"
              },
              "role": {
                "id": "author",
                "title": {
                  "en": "Author"
                }
              }
            }
          ],
          "identifiers": [
            {
              "identifier": "lqlC8m",
              "scheme": "import-recid"
            },
            {
              "identifier": "https://jcrt.org/archives/11.2/mcclain/",
              "scheme": "url"
            }
          ],
          "languages": [
            {
              "id": "eng",
              "title": {
                "en": "English"
              }
            }
          ],
          "publication_date": "2011",
          "publisher": "Whitestone Publications",
          "resource_type": {
            "id": "textDocument-journalArticle",
            "title": {
              "de": "Zeitschriftenartikel",
              "en": "Journal article"
            }
          },
          "rights": [
            {
              "link": "https://jcrt.org/copyright/",
              "title": {
                "en": "Copyright held by the author(s). Published in the Journal for Cultural and Religious Theory."
              }
            }
          ],
          "subjects": [
            {
              "id": "http://id.worldcat.org/fast/863073",
              "scheme": "FAST-topical",
              "subject": "Civilization, Modern"
            },
            {
              "id": "http://id.worldcat.org/fast/1002518",
              "scheme": "FAST-topical",
              "subject": "Lord's Supper"
            },
            {
              "id": "http://id.worldcat.org/fast/1067682",
              "scheme": "FAST-topical",
              "subject": "Poetics"
            },
            {
              "id": "http://id.worldcat.org/fast/1093839",
              "scheme": "FAST-topical",
              "subject": "Religion and literature"
            },
            {
              "id": "http://id.worldcat.org/fast/1110732",
              "scheme": "FAST-topical",
              "subject": "Secularism"
            },
            {
              "id": "http://id.worldcat.org/fast/1110738",
              "scheme": "FAST-topical",
              "subject": "Secularization"
            }
          ],
          "title": "Sacramental Poetics at the Dawn of Secularism: When God Left the World"
        },
        "parent": {
          "access": {
            "grants": [],
            "links": [],
            "owned_by": {
              "user": "3742"
            },
            "settings": {
              "accept_conditions_text": null,
              "allow_guest_requests": false,
              "allow_user_requests": false,
              "secret_link_expiration": 0
            }
          },
          "communities": {
            "default": "e5751b5a-5b73-44fa-8027-869a5bb8d79c",
            "entries": [
              {
                "access": {
                  "member_policy": "open",
                  "members_visibility": "public",
                  "record_policy": "open",
                  "review_policy": "closed",
                  "visibility": "public"
                },
                "children": {
                  "allow": false
                },
                "created": "2026-08-30T10:44:17.551400+00:00",
                "custom_fields": {
                  "stats:dashboard_enabled": false
                },
                "deletion_status": {
                  "is_deleted": false,
                  "status": "P"
                },
                "id": "e5751b5a-5b73-44fa-8027-869a5bb8d79c",
                "links": {},
                "metadata": {
                  "description": "JCRT 11.2",
                  "title": "JCRT 11.2",
                  "type": {
                    "id": "journal"
                  },
                  "website": "https://jcrt.org/archives/11.2/"
                },
                "revision_id": 3,
                "slug": "jcrt-112",
                "updated": "2026-08-30T10:44:18.236424+00:00"
              }
            ],
            "ids": [
              "e5751b5a-5b73-44fa-8027-869a5bb8d79c"
            ]
          },
          "id": "r2pnq-80h50",
          "pids": {
            "doi": {
              "client": "datacite",
              "identifier": "10.17613/r2pnq-80h50",
              "provider": "datacite"
            }
          }
        },
        "pids": {
          "doi": {
            "client": "datacite",
            "identifier": "10.17613/26vmp-zkz23",
            "provider": "datacite"
          },
          "oai": {
            "identifier": "oai:https://works.hcommons.org:26vmp-zkz23",
            "provider": "oai"
          }
        },
        "revision_id": 5,
        "stats": {
          "all_versions": {
            "data_volume": 0.0,
            "downloads": 0,
            "unique_downloads": 0,
            "unique_views": 0,
            "views": 0
          },
          "this_version": {
            "data_volume": 0.0,
            "downloads": 0,
            "unique_downloads": 0,
            "unique_views": 0,
            "views": 0
          }
        },
        "status": "published",
        "updated": "2026-08-30T10:44:38.817591+00:00",
        "versions": {
          "index": 1,
          "is_latest": true,
          "is_latest_draft": true
        }
      },
      "record_id": "26vmp-zkz23",
      "record_url": "https://works.hcommons.org/records/26vmp-zkz23",
      "source_id": ""
    }
  ],
  "errors": [],
  "message": "All records were successfully imported",
  "status": "success"
}