{
  "status": 200,
  "message": "12.2 records verified in KC Works",
  "errors": [],
  "data": [
    {
      "record_id": "exmbg-6kf96"
    },
    {
      "record_id": "t364v-f9h94"
    },
    {
      "record_id": "prx6g-21w38"
    },
    {
      "record_id": "k9kw8-5s740"
    },
    {
      "record_id": "832dk-31q24"
    },
    {
      "record_id": "h92x0-njf97"
    },
    {
      "record_id": "ceac4-jgm88"
    },
    {
      "record_id": "ac5mz-rd686"
    },
    {
      "record_id": "tef9y-1rc71"
    },
    {
      "record_id": "dm9h1-1k728"
    },
    {
      "record_id": "t1ym2-et289"
    },
    {
      "record_id": "ey2tb-q6n56"
    },
    {
      "record_id": "p8f6r-j0140"
    },
    {
      "record_id": "dstdj-8bg38"
    },
    {
      "record_id": "bw5rg-adc97"
    },
    {
      "record_id": "5kwtg-r4203"
    },
    {
      "record_id": "4k6qa-gse73"
    },
    {
      "record_id": "0y16t-3cc54"
    },
    {
      "record_id": "qmhch-4b887"
    },
    {
      "record_id": "vbtdd-08435"
    },
    {
      "record_id": "8v2bw-hrd29"
    },
    {
      "record_id": "gg3tj-c9s76"
    },
    {
      "record_id": "fvqps-mz944"
    }
  ]
}
