{
  "data": [
    {
      "collection_id": "ef484a3f-2eeb-4b08-b0a7-a9d23689abc9",
      "errors": [],
      "files": {
        "taylor.raschke.pdf": {
          "messages": [],
          "status": "uploaded"
        }
      },
      "item_index": 0,
      "metadata": {
        "access": {
          "embargo": {
            "active": false,
            "reason": null
          },
          "files": "public",
          "record": "public",
          "status": "open"
        },
        "created": "2026-08-30T10:40:16.504650+00:00",
        "custom_fields": {
          "journal:journal": {
            "issn": "1530-5228",
            "issue": "3",
            "pages": "",
            "title": "Journal for Cultural & Religious Theory",
            "volume": "12"
          },
          "kcr:user_defined_tags": [
            "raschke",
            "alchemy-of-the-word-book",
            "carl-a",
            "postmodernism-literature"
          ]
        },
        "deletion_status": {
          "is_deleted": false,
          "status": "P"
        },
        "files": {
          "count": 1,
          "enabled": true,
          "entries": {
            "taylor.raschke.pdf": {
              "access": {
                "hidden": false
              },
              "checksum": "md5:97d90cd032d9b630025627aaae990e40",
              "ext": "pdf",
              "id": "657cfba0-3da4-412a-a6b1-1afa33a420a0",
              "key": "taylor.raschke.pdf",
              "links": {
                "content": "https://works.hcommons.org/api/records/gfamw-84m68/files/taylor.raschke.pdf/content",
                "iiif_api": "https://works.hcommons.org/api/iiif/record:gfamw-84m68:taylor.raschke.pdf/full/full/0/default.png",
                "iiif_base": "https://works.hcommons.org/api/iiif/record:gfamw-84m68:taylor.raschke.pdf",
                "iiif_canvas": "https://works.hcommons.org/api/iiif/record:gfamw-84m68/canvas/taylor.raschke.pdf",
                "iiif_info": "https://works.hcommons.org/api/iiif/record:gfamw-84m68:taylor.raschke.pdf/info.json",
                "self": "https://works.hcommons.org/api/records/gfamw-84m68/files/taylor.raschke.pdf"
              },
              "metadata": {},
              "mimetype": "application/pdf",
              "size": 592021,
              "storage_class": "L"
            }
          },
          "order": [],
          "total_bytes": 592021
        },
        "id": "gfamw-84m68",
        "is_draft": false,
        "is_published": true,
        "links": {
          "access": "https://works.hcommons.org/api/records/gfamw-84m68/access",
          "access_grants": "https://works.hcommons.org/api/records/gfamw-84m68/access/grants",
          "access_groups": "https://works.hcommons.org/api/records/gfamw-84m68/access/groups",
          "access_links": "https://works.hcommons.org/api/records/gfamw-84m68/access/links",
          "access_request": "https://works.hcommons.org/api/records/gfamw-84m68/access/request",
          "access_users": "https://works.hcommons.org/api/records/gfamw-84m68/access/users",
          "archive": "https://works.hcommons.org/api/records/gfamw-84m68/files-archive",
          "archive_media": "https://works.hcommons.org/api/records/gfamw-84m68/media-files-archive",
          "communities": "https://works.hcommons.org/api/records/gfamw-84m68/communities",
          "communities-suggestions": "https://works.hcommons.org/api/records/gfamw-84m68/communities-suggestions",
          "doi": "https://doi.org/10.17613/gfamw-84m68",
          "draft": "https://works.hcommons.org/api/records/gfamw-84m68/draft",
          "files": "https://works.hcommons.org/api/records/gfamw-84m68/files",
          "latest": "https://works.hcommons.org/api/records/gfamw-84m68/versions/latest",
          "latest_html": "https://works.hcommons.org/records/gfamw-84m68/latest",
          "media_files": "https://works.hcommons.org/api/records/gfamw-84m68/media-files",
          "parent": "https://works.hcommons.org/api/records/rvfnd-k7r47",
          "parent_doi": "https://works.hcommons.org/doi/10.17613/rvfnd-k7r47",
          "parent_html": "https://works.hcommons.org/records/rvfnd-k7r47",
          "requests": "https://works.hcommons.org/api/records/gfamw-84m68/requests",
          "reserve_doi": "https://works.hcommons.org/api/records/gfamw-84m68/draft/pids/doi",
          "self": "https://works.hcommons.org/api/records/gfamw-84m68",
          "self_doi": "https://works.hcommons.org/doi/10.17613/gfamw-84m68",
          "self_html": "https://works.hcommons.org/records/gfamw-84m68",
          "self_iiif_manifest": "https://works.hcommons.org/api/iiif/record:gfamw-84m68/manifest",
          "self_iiif_sequence": "https://works.hcommons.org/api/iiif/record:gfamw-84m68/sequence/default",
          "versions": "https://works.hcommons.org/api/records/gfamw-84m68/versions"
        },
        "media_files": {
          "count": 0,
          "enabled": false,
          "entries": {},
          "order": [],
          "total_bytes": 0
        },
        "metadata": {
          "creators": [
            {
              "person_or_org": {
                "family_name": "Raschke",
                "given_name": "Carl A.",
                "name": "Raschke, Carl A.",
                "type": "personal"
              },
              "role": {
                "id": "author",
                "title": {
                  "en": "Author"
                }
              }
            },
            {
              "person_or_org": {
                "family_name": "Taylor",
                "given_name": "Victor",
                "name": "Taylor, Victor",
                "type": "personal"
              },
              "role": {
                "id": "author",
                "title": {
                  "en": "Author"
                }
              }
            }
          ],
          "description": "An interview of University of Denver's professor Carl A. Raschke that includes depiction of postmodern approaches in deconstruction literature; collaboration of diferent literary discourses in the",
          "identifiers": [
            {
              "identifier": "b8TNnu",
              "scheme": "import-recid"
            },
            {
              "identifier": "https://jcrt.org/archives/12.3/taylor.raschke/",
              "scheme": "url"
            }
          ],
          "languages": [
            {
              "id": "eng",
              "title": {
                "en": "English"
              }
            }
          ],
          "publication_date": "2013",
          "publisher": "Whitestone Publications",
          "resource_type": {
            "id": "textDocument-journalArticle",
            "title": {
              "de": "Zeitschriftenartikel",
              "en": "Journal article"
            }
          },
          "rights": [
            {
              "link": "https://jcrt.org/copyright/",
              "title": {
                "en": "Copyright held by the author(s). Published in the Journal for Cultural and Religious Theory."
              }
            }
          ],
          "subjects": [
            {
              "id": "http://id.worldcat.org/fast/1073181",
              "scheme": "FAST-topical",
              "subject": "Postmodernism (Literature)"
            }
          ],
          "title": "From Alchemy to Revolution: a Conversation with Carl A. Raschke."
        },
        "parent": {
          "access": {
            "grants": [],
            "links": [],
            "owned_by": {
              "user": "3742"
            },
            "settings": {
              "accept_conditions_text": null,
              "allow_guest_requests": false,
              "allow_user_requests": false,
              "secret_link_expiration": 0
            }
          },
          "communities": {
            "default": "ef484a3f-2eeb-4b08-b0a7-a9d23689abc9",
            "entries": [
              {
                "access": {
                  "member_policy": "open",
                  "members_visibility": "public",
                  "record_policy": "open",
                  "review_policy": "closed",
                  "visibility": "public"
                },
                "children": {
                  "allow": false
                },
                "created": "2026-08-30T10:39:40.717874+00:00",
                "custom_fields": {
                  "stats:dashboard_enabled": false
                },
                "deletion_status": {
                  "is_deleted": false,
                  "status": "P"
                },
                "id": "ef484a3f-2eeb-4b08-b0a7-a9d23689abc9",
                "links": {},
                "metadata": {
                  "description": "JCRT 12.3",
                  "title": "JCRT 12.3",
                  "type": {
                    "id": "journal"
                  },
                  "website": "https://jcrt.org/archives/12.3/"
                },
                "revision_id": 3,
                "slug": "jcrt-123",
                "updated": "2026-08-30T10:39:41.449176+00:00"
              }
            ],
            "ids": [
              "ef484a3f-2eeb-4b08-b0a7-a9d23689abc9"
            ]
          },
          "id": "rvfnd-k7r47",
          "pids": {
            "doi": {
              "client": "datacite",
              "identifier": "10.17613/rvfnd-k7r47",
              "provider": "datacite"
            }
          }
        },
        "pids": {
          "doi": {
            "client": "datacite",
            "identifier": "10.17613/gfamw-84m68",
            "provider": "datacite"
          },
          "oai": {
            "identifier": "oai:https://works.hcommons.org:gfamw-84m68",
            "provider": "oai"
          }
        },
        "revision_id": 5,
        "stats": {
          "all_versions": {
            "data_volume": 0.0,
            "downloads": 0,
            "unique_downloads": 0,
            "unique_views": 0,
            "views": 0
          },
          "this_version": {
            "data_volume": 0.0,
            "downloads": 0,
            "unique_downloads": 0,
            "unique_views": 0,
            "views": 0
          }
        },
        "status": "published",
        "updated": "2026-08-30T10:40:16.722263+00:00",
        "versions": {
          "index": 1,
          "is_latest": true,
          "is_latest_draft": true
        }
      },
      "record_id": "gfamw-84m68",
      "record_url": "https://works.hcommons.org/records/gfamw-84m68",
      "source_id": ""
    }
  ],
  "errors": [],
  "message": "All records were successfully imported",
  "status": "success"
}