{
  "status": 200,
  "message": "12.3 records verified in KC Works",
  "errors": [],
  "data": [
    {
      "record_id": "k8nae-9yw93"
    },
    {
      "record_id": "29zqx-sew80"
    },
    {
      "record_id": "bntxr-4h524"
    },
    {
      "record_id": "s4aqt-zra41"
    },
    {
      "record_id": "13snf-kb162"
    },
    {
      "record_id": "tdefx-b0w56"
    },
    {
      "record_id": "jfm7d-dy349"
    },
    {
      "record_id": "ab2zw-mcd45"
    },
    {
      "record_id": "2n4h5-wba17"
    },
    {
      "record_id": "5tpdr-wkx02"
    },
    {
      "record_id": "z06rv-b9p53"
    },
    {
      "record_id": "f6dn6-1rc43"
    },
    {
      "record_id": "gfamw-84m68"
    }
  ]
}
