{
  "data": [
    {
      "collection_id": "d8cb3ee6-47c7-441b-a138-ddd29349ce19",
      "errors": [],
      "files": {
        "eberle.pdf": {
          "messages": [],
          "status": "uploaded"
        }
      },
      "item_index": 0,
      "metadata": {
        "access": {
          "embargo": {
            "active": false,
            "reason": null
          },
          "files": "public",
          "record": "public",
          "status": "open"
        },
        "created": "2026-08-30T10:38:54.987878+00:00",
        "custom_fields": {
          "journal:journal": {
            "issn": "1530-5228",
            "issue": "1",
            "pages": "159-161",
            "title": "Journal for Cultural & Religious Theory",
            "volume": "13"
          },
          "kcr:user_defined_tags": [
            "nonfiction",
            "the",
            "anna",
            "exodus",
            "hartnell",
            "rewriting-exodus-american-futures-from-du-bois-to-obama-book"
          ]
        },
        "deletion_status": {
          "is_deleted": false,
          "status": "P"
        },
        "files": {
          "count": 1,
          "enabled": true,
          "entries": {
            "eberle.pdf": {
              "access": {
                "hidden": false
              },
              "checksum": "md5:944ac573ca98daa2db48d23894fbd7fc",
              "ext": "pdf",
              "id": "064ae80b-a6f5-43ea-88b2-d1353c2101aa",
              "key": "eberle.pdf",
              "links": {
                "content": "https://works.hcommons.org/api/records/v9xd3-zrg04/files/eberle.pdf/content",
                "iiif_api": "https://works.hcommons.org/api/iiif/record:v9xd3-zrg04:eberle.pdf/full/full/0/default.png",
                "iiif_base": "https://works.hcommons.org/api/iiif/record:v9xd3-zrg04:eberle.pdf",
                "iiif_canvas": "https://works.hcommons.org/api/iiif/record:v9xd3-zrg04/canvas/eberle.pdf",
                "iiif_info": "https://works.hcommons.org/api/iiif/record:v9xd3-zrg04:eberle.pdf/info.json",
                "self": "https://works.hcommons.org/api/records/v9xd3-zrg04/files/eberle.pdf"
              },
              "metadata": {},
              "mimetype": "application/pdf",
              "size": 256136,
              "storage_class": "L"
            }
          },
          "order": [],
          "total_bytes": 256136
        },
        "id": "v9xd3-zrg04",
        "is_draft": false,
        "is_published": true,
        "links": {
          "access": "https://works.hcommons.org/api/records/v9xd3-zrg04/access",
          "access_grants": "https://works.hcommons.org/api/records/v9xd3-zrg04/access/grants",
          "access_groups": "https://works.hcommons.org/api/records/v9xd3-zrg04/access/groups",
          "access_links": "https://works.hcommons.org/api/records/v9xd3-zrg04/access/links",
          "access_request": "https://works.hcommons.org/api/records/v9xd3-zrg04/access/request",
          "access_users": "https://works.hcommons.org/api/records/v9xd3-zrg04/access/users",
          "archive": "https://works.hcommons.org/api/records/v9xd3-zrg04/files-archive",
          "archive_media": "https://works.hcommons.org/api/records/v9xd3-zrg04/media-files-archive",
          "communities": "https://works.hcommons.org/api/records/v9xd3-zrg04/communities",
          "communities-suggestions": "https://works.hcommons.org/api/records/v9xd3-zrg04/communities-suggestions",
          "doi": "https://doi.org/10.17613/v9xd3-zrg04",
          "draft": "https://works.hcommons.org/api/records/v9xd3-zrg04/draft",
          "files": "https://works.hcommons.org/api/records/v9xd3-zrg04/files",
          "latest": "https://works.hcommons.org/api/records/v9xd3-zrg04/versions/latest",
          "latest_html": "https://works.hcommons.org/records/v9xd3-zrg04/latest",
          "media_files": "https://works.hcommons.org/api/records/v9xd3-zrg04/media-files",
          "parent": "https://works.hcommons.org/api/records/c5hac-jww22",
          "parent_doi": "https://works.hcommons.org/doi/10.17613/c5hac-jww22",
          "parent_html": "https://works.hcommons.org/records/c5hac-jww22",
          "requests": "https://works.hcommons.org/api/records/v9xd3-zrg04/requests",
          "reserve_doi": "https://works.hcommons.org/api/records/v9xd3-zrg04/draft/pids/doi",
          "self": "https://works.hcommons.org/api/records/v9xd3-zrg04",
          "self_doi": "https://works.hcommons.org/doi/10.17613/v9xd3-zrg04",
          "self_html": "https://works.hcommons.org/records/v9xd3-zrg04",
          "self_iiif_manifest": "https://works.hcommons.org/api/iiif/record:v9xd3-zrg04/manifest",
          "self_iiif_sequence": "https://works.hcommons.org/api/iiif/record:v9xd3-zrg04/sequence/default",
          "versions": "https://works.hcommons.org/api/records/v9xd3-zrg04/versions"
        },
        "media_files": {
          "count": 0,
          "enabled": false,
          "entries": {},
          "order": [],
          "total_bytes": 0
        },
        "metadata": {
          "creators": [
            {
              "person_or_org": {
                "family_name": "Eberle",
                "given_name": "Bo",
                "name": "Eberle, Bo",
                "type": "personal"
              },
              "role": {
                "id": "author",
                "title": {
                  "en": "Author"
                }
              }
            }
          ],
          "identifiers": [
            {
              "identifier": "irAeNv",
              "scheme": "import-recid"
            },
            {
              "identifier": "https://jcrt.org/archives/13.1/eberle/",
              "scheme": "url"
            }
          ],
          "languages": [
            {
              "id": "eng",
              "title": {
                "en": "English"
              }
            }
          ],
          "publication_date": "2014",
          "publisher": "Whitestone Publications",
          "resource_type": {
            "id": "textDocument-journalArticle",
            "title": {
              "de": "Zeitschriftenartikel",
              "en": "Journal article"
            }
          },
          "rights": [
            {
              "link": "https://jcrt.org/copyright/",
              "title": {
                "en": "Copyright held by the author(s). Published in the Journal for Cultural and Religious Theory."
              }
            }
          ],
          "subjects": [
            {
              "id": "http://id.worldcat.org/fast/1093763",
              "scheme": "FAST-topical",
              "subject": "Religion"
            }
          ],
          "title": "Rewriting Exodus: American Futures from Du Bois to Obama."
        },
        "parent": {
          "access": {
            "grants": [],
            "links": [],
            "owned_by": {
              "user": "3742"
            },
            "settings": {
              "accept_conditions_text": null,
              "allow_guest_requests": false,
              "allow_user_requests": false,
              "secret_link_expiration": 0
            }
          },
          "communities": {
            "default": "d8cb3ee6-47c7-441b-a138-ddd29349ce19",
            "entries": [
              {
                "access": {
                  "member_policy": "open",
                  "members_visibility": "public",
                  "record_policy": "open",
                  "review_policy": "closed",
                  "visibility": "public"
                },
                "children": {
                  "allow": false
                },
                "created": "2026-08-30T10:38:41.564315+00:00",
                "custom_fields": {
                  "stats:dashboard_enabled": false
                },
                "deletion_status": {
                  "is_deleted": false,
                  "status": "P"
                },
                "id": "d8cb3ee6-47c7-441b-a138-ddd29349ce19",
                "links": {},
                "metadata": {
                  "description": "JCRT 13.1",
                  "title": "JCRT 13.1",
                  "type": {
                    "id": "journal"
                  },
                  "website": "https://jcrt.org/archives/13.1/"
                },
                "revision_id": 3,
                "slug": "jcrt-131",
                "updated": "2026-08-30T10:38:42.315468+00:00"
              }
            ],
            "ids": [
              "d8cb3ee6-47c7-441b-a138-ddd29349ce19"
            ]
          },
          "id": "c5hac-jww22",
          "pids": {
            "doi": {
              "client": "datacite",
              "identifier": "10.17613/c5hac-jww22",
              "provider": "datacite"
            }
          }
        },
        "pids": {
          "doi": {
            "client": "datacite",
            "identifier": "10.17613/v9xd3-zrg04",
            "provider": "datacite"
          },
          "oai": {
            "identifier": "oai:https://works.hcommons.org:v9xd3-zrg04",
            "provider": "oai"
          }
        },
        "revision_id": 5,
        "stats": {
          "all_versions": {
            "data_volume": 0.0,
            "downloads": 0,
            "unique_downloads": 0,
            "unique_views": 0,
            "views": 0
          },
          "this_version": {
            "data_volume": 0.0,
            "downloads": 0,
            "unique_downloads": 0,
            "unique_views": 0,
            "views": 0
          }
        },
        "status": "published",
        "updated": "2026-08-30T10:38:55.212416+00:00",
        "versions": {
          "index": 1,
          "is_latest": true,
          "is_latest_draft": true
        }
      },
      "record_id": "v9xd3-zrg04",
      "record_url": "https://works.hcommons.org/records/v9xd3-zrg04",
      "source_id": ""
    },
    {
      "collection_id": "d8cb3ee6-47c7-441b-a138-ddd29349ce19",
      "errors": [],
      "files": {
        "lugones.pdf": {
          "messages": [],
          "status": "uploaded"
        }
      },
      "item_index": 1,
      "metadata": {
        "access": {
          "embargo": {
            "active": false,
            "reason": null
          },
          "files": "public",
          "record": "public",
          "status": "open"
        },
        "created": "2026-08-30T10:38:57.093379+00:00",
        "custom_fields": {
          "journal:journal": {
            "issn": "1530-5228",
            "issue": "1",
            "pages": "68-80",
            "title": "Journal for Cultural & Religious Theory",
            "volume": "13"
          },
          "kcr:user_defined_tags": [
            "feminism",
            "multiculturalism"
          ]
        },
        "deletion_status": {
          "is_deleted": false,
          "status": "P"
        },
        "files": {
          "count": 1,
          "enabled": true,
          "entries": {
            "lugones.pdf": {
              "access": {
                "hidden": false
              },
              "checksum": "md5:dfd0926f71c5a3b59721e71edb4b0988",
              "ext": "pdf",
              "id": "bfdb81b4-2cbc-4ee9-a3e9-349a4b89b6a8",
              "key": "lugones.pdf",
              "links": {
                "content": "https://works.hcommons.org/api/records/2m1se-1st27/files/lugones.pdf/content",
                "iiif_api": "https://works.hcommons.org/api/iiif/record:2m1se-1st27:lugones.pdf/full/full/0/default.png",
                "iiif_base": "https://works.hcommons.org/api/iiif/record:2m1se-1st27:lugones.pdf",
                "iiif_canvas": "https://works.hcommons.org/api/iiif/record:2m1se-1st27/canvas/lugones.pdf",
                "iiif_info": "https://works.hcommons.org/api/iiif/record:2m1se-1st27:lugones.pdf/info.json",
                "self": "https://works.hcommons.org/api/records/2m1se-1st27/files/lugones.pdf"
              },
              "metadata": {},
              "mimetype": "application/pdf",
              "size": 551475,
              "storage_class": "L"
            }
          },
          "order": [],
          "total_bytes": 551475
        },
        "id": "2m1se-1st27",
        "is_draft": false,
        "is_published": true,
        "links": {
          "access": "https://works.hcommons.org/api/records/2m1se-1st27/access",
          "access_grants": "https://works.hcommons.org/api/records/2m1se-1st27/access/grants",
          "access_groups": "https://works.hcommons.org/api/records/2m1se-1st27/access/groups",
          "access_links": "https://works.hcommons.org/api/records/2m1se-1st27/access/links",
          "access_request": "https://works.hcommons.org/api/records/2m1se-1st27/access/request",
          "access_users": "https://works.hcommons.org/api/records/2m1se-1st27/access/users",
          "archive": "https://works.hcommons.org/api/records/2m1se-1st27/files-archive",
          "archive_media": "https://works.hcommons.org/api/records/2m1se-1st27/media-files-archive",
          "communities": "https://works.hcommons.org/api/records/2m1se-1st27/communities",
          "communities-suggestions": "https://works.hcommons.org/api/records/2m1se-1st27/communities-suggestions",
          "doi": "https://doi.org/10.17613/2m1se-1st27",
          "draft": "https://works.hcommons.org/api/records/2m1se-1st27/draft",
          "files": "https://works.hcommons.org/api/records/2m1se-1st27/files",
          "latest": "https://works.hcommons.org/api/records/2m1se-1st27/versions/latest",
          "latest_html": "https://works.hcommons.org/records/2m1se-1st27/latest",
          "media_files": "https://works.hcommons.org/api/records/2m1se-1st27/media-files",
          "parent": "https://works.hcommons.org/api/records/7k9xj-tpf52",
          "parent_doi": "https://works.hcommons.org/doi/10.17613/7k9xj-tpf52",
          "parent_html": "https://works.hcommons.org/records/7k9xj-tpf52",
          "requests": "https://works.hcommons.org/api/records/2m1se-1st27/requests",
          "reserve_doi": "https://works.hcommons.org/api/records/2m1se-1st27/draft/pids/doi",
          "self": "https://works.hcommons.org/api/records/2m1se-1st27",
          "self_doi": "https://works.hcommons.org/doi/10.17613/2m1se-1st27",
          "self_html": "https://works.hcommons.org/records/2m1se-1st27",
          "self_iiif_manifest": "https://works.hcommons.org/api/iiif/record:2m1se-1st27/manifest",
          "self_iiif_sequence": "https://works.hcommons.org/api/iiif/record:2m1se-1st27/sequence/default",
          "versions": "https://works.hcommons.org/api/records/2m1se-1st27/versions"
        },
        "media_files": {
          "count": 0,
          "enabled": false,
          "entries": {},
          "order": [],
          "total_bytes": 0
        },
        "metadata": {
          "creators": [
            {
              "person_or_org": {
                "family_name": "Lugones",
                "given_name": "Maria",
                "name": "Lugones, Maria",
                "type": "personal"
              },
              "role": {
                "id": "author",
                "title": {
                  "en": "Author"
                }
              }
            }
          ],
          "description": "The article discusses the resistances to inclusion in dominant feminisms by Women of Color feminists.",
          "identifiers": [
            {
              "identifier": "PYSqbx",
              "scheme": "import-recid"
            },
            {
              "identifier": "https://jcrt.org/archives/13.1/lugones/",
              "scheme": "url"
            }
          ],
          "languages": [
            {
              "id": "eng",
              "title": {
                "en": "English"
              }
            }
          ],
          "publication_date": "2014",
          "publisher": "Whitestone Publications",
          "resource_type": {
            "id": "textDocument-journalArticle",
            "title": {
              "de": "Zeitschriftenartikel",
              "en": "Journal article"
            }
          },
          "rights": [
            {
              "link": "https://jcrt.org/copyright/",
              "title": {
                "en": "Copyright held by the author(s). Published in the Journal for Cultural and Religious Theory."
              }
            }
          ],
          "subjects": [
            {
              "id": "http://id.worldcat.org/fast/922671",
              "scheme": "FAST-topical",
              "subject": "Feminism"
            },
            {
              "id": "http://id.worldcat.org/fast/1028836",
              "scheme": "FAST-topical",
              "subject": "Multiculturalism"
            }
          ],
          "title": "Radical Multiculturalism and Women of Color Feminisms."
        },
        "parent": {
          "access": {
            "grants": [],
            "links": [],
            "owned_by": {
              "user": "3742"
            },
            "settings": {
              "accept_conditions_text": null,
              "allow_guest_requests": false,
              "allow_user_requests": false,
              "secret_link_expiration": 0
            }
          },
          "communities": {
            "default": "d8cb3ee6-47c7-441b-a138-ddd29349ce19",
            "entries": [
              {
                "access": {
                  "member_policy": "open",
                  "members_visibility": "public",
                  "record_policy": "open",
                  "review_policy": "closed",
                  "visibility": "public"
                },
                "children": {
                  "allow": false
                },
                "created": "2026-08-30T10:38:41.564315+00:00",
                "custom_fields": {
                  "stats:dashboard_enabled": false
                },
                "deletion_status": {
                  "is_deleted": false,
                  "status": "P"
                },
                "id": "d8cb3ee6-47c7-441b-a138-ddd29349ce19",
                "links": {},
                "metadata": {
                  "description": "JCRT 13.1",
                  "title": "JCRT 13.1",
                  "type": {
                    "id": "journal"
                  },
                  "website": "https://jcrt.org/archives/13.1/"
                },
                "revision_id": 3,
                "slug": "jcrt-131",
                "updated": "2026-08-30T10:38:42.315468+00:00"
              }
            ],
            "ids": [
              "d8cb3ee6-47c7-441b-a138-ddd29349ce19"
            ]
          },
          "id": "7k9xj-tpf52",
          "pids": {
            "doi": {
              "client": "datacite",
              "identifier": "10.17613/7k9xj-tpf52",
              "provider": "datacite"
            }
          }
        },
        "pids": {
          "doi": {
            "client": "datacite",
            "identifier": "10.17613/2m1se-1st27",
            "provider": "datacite"
          },
          "oai": {
            "identifier": "oai:https://works.hcommons.org:2m1se-1st27",
            "provider": "oai"
          }
        },
        "revision_id": 5,
        "stats": {
          "all_versions": {
            "data_volume": 0.0,
            "downloads": 0,
            "unique_downloads": 0,
            "unique_views": 0,
            "views": 0
          },
          "this_version": {
            "data_volume": 0.0,
            "downloads": 0,
            "unique_downloads": 0,
            "unique_views": 0,
            "views": 0
          }
        },
        "status": "published",
        "updated": "2026-08-30T10:38:57.313430+00:00",
        "versions": {
          "index": 1,
          "is_latest": true,
          "is_latest_draft": true
        }
      },
      "record_id": "2m1se-1st27",
      "record_url": "https://works.hcommons.org/records/2m1se-1st27",
      "source_id": ""
    },
    {
      "collection_id": "d8cb3ee6-47c7-441b-a138-ddd29349ce19",
      "errors": [],
      "files": {
        "mendez.pdf": {
          "messages": [],
          "status": "uploaded"
        }
      },
      "item_index": 2,
      "metadata": {
        "access": {
          "embargo": {
            "active": false,
            "reason": null
          },
          "files": "public",
          "record": "public",
          "status": "open"
        },
        "created": "2026-08-30T10:38:58.844910+00:00",
        "custom_fields": {
          "journal:journal": {
            "issn": "1530-5228",
            "issue": "1",
            "pages": "101-121",
            "title": "Journal for Cultural & Religious Theory",
            "volume": "13"
          },
          "kcr:user_defined_tags": [
            "black-cubans",
            "dimorphism-biology",
            "praxis-process"
          ]
        },
        "deletion_status": {
          "is_deleted": false,
          "status": "P"
        },
        "files": {
          "count": 1,
          "enabled": true,
          "entries": {
            "mendez.pdf": {
              "access": {
                "hidden": false
              },
              "checksum": "md5:83b86d62267dbb186226d55473836517",
              "ext": "pdf",
              "id": "5eb33124-7da2-4bd2-88bc-5d2a5a68eeef",
              "key": "mendez.pdf",
              "links": {
                "content": "https://works.hcommons.org/api/records/2dd66-6vw82/files/mendez.pdf/content",
                "iiif_api": "https://works.hcommons.org/api/iiif/record:2dd66-6vw82:mendez.pdf/full/full/0/default.png",
                "iiif_base": "https://works.hcommons.org/api/iiif/record:2dd66-6vw82:mendez.pdf",
                "iiif_canvas": "https://works.hcommons.org/api/iiif/record:2dd66-6vw82/canvas/mendez.pdf",
                "iiif_info": "https://works.hcommons.org/api/iiif/record:2dd66-6vw82:mendez.pdf/info.json",
                "self": "https://works.hcommons.org/api/records/2dd66-6vw82/files/mendez.pdf"
              },
              "metadata": {},
              "mimetype": "application/pdf",
              "size": 840489,
              "storage_class": "L"
            }
          },
          "order": [],
          "total_bytes": 840489
        },
        "id": "2dd66-6vw82",
        "is_draft": false,
        "is_published": true,
        "links": {
          "access": "https://works.hcommons.org/api/records/2dd66-6vw82/access",
          "access_grants": "https://works.hcommons.org/api/records/2dd66-6vw82/access/grants",
          "access_groups": "https://works.hcommons.org/api/records/2dd66-6vw82/access/groups",
          "access_links": "https://works.hcommons.org/api/records/2dd66-6vw82/access/links",
          "access_request": "https://works.hcommons.org/api/records/2dd66-6vw82/access/request",
          "access_users": "https://works.hcommons.org/api/records/2dd66-6vw82/access/users",
          "archive": "https://works.hcommons.org/api/records/2dd66-6vw82/files-archive",
          "archive_media": "https://works.hcommons.org/api/records/2dd66-6vw82/media-files-archive",
          "communities": "https://works.hcommons.org/api/records/2dd66-6vw82/communities",
          "communities-suggestions": "https://works.hcommons.org/api/records/2dd66-6vw82/communities-suggestions",
          "doi": "https://doi.org/10.17613/2dd66-6vw82",
          "draft": "https://works.hcommons.org/api/records/2dd66-6vw82/draft",
          "files": "https://works.hcommons.org/api/records/2dd66-6vw82/files",
          "latest": "https://works.hcommons.org/api/records/2dd66-6vw82/versions/latest",
          "latest_html": "https://works.hcommons.org/records/2dd66-6vw82/latest",
          "media_files": "https://works.hcommons.org/api/records/2dd66-6vw82/media-files",
          "parent": "https://works.hcommons.org/api/records/6pd3z-x0259",
          "parent_doi": "https://works.hcommons.org/doi/10.17613/6pd3z-x0259",
          "parent_html": "https://works.hcommons.org/records/6pd3z-x0259",
          "requests": "https://works.hcommons.org/api/records/2dd66-6vw82/requests",
          "reserve_doi": "https://works.hcommons.org/api/records/2dd66-6vw82/draft/pids/doi",
          "self": "https://works.hcommons.org/api/records/2dd66-6vw82",
          "self_doi": "https://works.hcommons.org/doi/10.17613/2dd66-6vw82",
          "self_html": "https://works.hcommons.org/records/2dd66-6vw82",
          "self_iiif_manifest": "https://works.hcommons.org/api/iiif/record:2dd66-6vw82/manifest",
          "self_iiif_sequence": "https://works.hcommons.org/api/iiif/record:2dd66-6vw82/sequence/default",
          "versions": "https://works.hcommons.org/api/records/2dd66-6vw82/versions"
        },
        "media_files": {
          "count": 0,
          "enabled": false,
          "entries": {},
          "order": [],
          "total_bytes": 0
        },
        "metadata": {
          "creators": [
            {
              "person_or_org": {
                "family_name": "M\u00c9Ndez",
                "given_name": "Xhercis",
                "name": "M\u00c9Ndez, Xhercis",
                "type": "personal"
              },
              "role": {
                "id": "author",
                "title": {
                  "en": "Author"
                }
              }
            }
          ],
          "description": "The article discusses the complex ways in which material bodies are reconfigured in and through Afro-Cuban ritual praxis.",
          "identifiers": [
            {
              "identifier": "ZYQe2b",
              "scheme": "import-recid"
            },
            {
              "identifier": "https://jcrt.org/archives/13.1/mendez/",
              "scheme": "url"
            }
          ],
          "languages": [
            {
              "id": "eng",
              "title": {
                "en": "English"
              }
            }
          ],
          "publication_date": "2014",
          "publisher": "Whitestone Publications",
          "resource_type": {
            "id": "textDocument-journalArticle",
            "title": {
              "de": "Zeitschriftenartikel",
              "en": "Journal article"
            }
          },
          "rights": [
            {
              "link": "https://jcrt.org/copyright/",
              "title": {
                "en": "Copyright held by the author(s). Published in the Journal for Cultural and Religious Theory."
              }
            }
          ],
          "subjects": [
            {
              "id": "http://id.worldcat.org/fast/1093763",
              "scheme": "FAST-topical",
              "subject": "Religion"
            }
          ],
          "title": "Transcending Dimorphism: Afro-Cuban Ritual Praxis and the Rematerialization of the Body."
        },
        "parent": {
          "access": {
            "grants": [],
            "links": [],
            "owned_by": {
              "user": "3742"
            },
            "settings": {
              "accept_conditions_text": null,
              "allow_guest_requests": false,
              "allow_user_requests": false,
              "secret_link_expiration": 0
            }
          },
          "communities": {
            "default": "d8cb3ee6-47c7-441b-a138-ddd29349ce19",
            "entries": [
              {
                "access": {
                  "member_policy": "open",
                  "members_visibility": "public",
                  "record_policy": "open",
                  "review_policy": "closed",
                  "visibility": "public"
                },
                "children": {
                  "allow": false
                },
                "created": "2026-08-30T10:38:41.564315+00:00",
                "custom_fields": {
                  "stats:dashboard_enabled": false
                },
                "deletion_status": {
                  "is_deleted": false,
                  "status": "P"
                },
                "id": "d8cb3ee6-47c7-441b-a138-ddd29349ce19",
                "links": {},
                "metadata": {
                  "description": "JCRT 13.1",
                  "title": "JCRT 13.1",
                  "type": {
                    "id": "journal"
                  },
                  "website": "https://jcrt.org/archives/13.1/"
                },
                "revision_id": 3,
                "slug": "jcrt-131",
                "updated": "2026-08-30T10:38:42.315468+00:00"
              }
            ],
            "ids": [
              "d8cb3ee6-47c7-441b-a138-ddd29349ce19"
            ]
          },
          "id": "6pd3z-x0259",
          "pids": {
            "doi": {
              "client": "datacite",
              "identifier": "10.17613/6pd3z-x0259",
              "provider": "datacite"
            }
          }
        },
        "pids": {
          "doi": {
            "client": "datacite",
            "identifier": "10.17613/2dd66-6vw82",
            "provider": "datacite"
          },
          "oai": {
            "identifier": "oai:https://works.hcommons.org:2dd66-6vw82",
            "provider": "oai"
          }
        },
        "revision_id": 5,
        "stats": {
          "all_versions": {
            "data_volume": 0.0,
            "downloads": 0,
            "unique_downloads": 0,
            "unique_views": 0,
            "views": 0
          },
          "this_version": {
            "data_volume": 0.0,
            "downloads": 0,
            "unique_downloads": 0,
            "unique_views": 0,
            "views": 0
          }
        },
        "status": "published",
        "updated": "2026-08-30T10:38:59.056194+00:00",
        "versions": {
          "index": 1,
          "is_latest": true,
          "is_latest_draft": true
        }
      },
      "record_id": "2dd66-6vw82",
      "record_url": "https://works.hcommons.org/records/2dd66-6vw82",
      "source_id": ""
    },
    {
      "collection_id": "d8cb3ee6-47c7-441b-a138-ddd29349ce19",
      "errors": [],
      "files": {
        "miller.pdf": {
          "messages": [],
          "status": "uploaded"
        }
      },
      "item_index": 3,
      "metadata": {
        "access": {
          "embargo": {
            "active": false,
            "reason": null
          },
          "files": "public",
          "record": "public",
          "status": "open"
        },
        "created": "2026-08-30T10:39:00.771235+00:00",
        "custom_fields": {
          "journal:journal": {
            "issn": "1530-5228",
            "issue": "1",
            "pages": "162-165",
            "title": "Journal for Cultural & Religious Theory",
            "volume": "13"
          },
          "kcr:user_defined_tags": [
            "modernity",
            "nonfiction",
            "the-book",
            "darker-side-of-western-modernity-global-futures",
            "decolonial-options",
            "mignolo",
            "walter-d"
          ]
        },
        "deletion_status": {
          "is_deleted": false,
          "status": "P"
        },
        "files": {
          "count": 1,
          "enabled": true,
          "entries": {
            "miller.pdf": {
              "access": {
                "hidden": false
              },
              "checksum": "md5:023f02d3f0010784144b623755f75c7e",
              "ext": "pdf",
              "id": "828e77e0-065c-408c-a5fd-8a5310c5db38",
              "key": "miller.pdf",
              "links": {
                "content": "https://works.hcommons.org/api/records/pb5p3-ygz26/files/miller.pdf/content",
                "iiif_api": "https://works.hcommons.org/api/iiif/record:pb5p3-ygz26:miller.pdf/full/full/0/default.png",
                "iiif_base": "https://works.hcommons.org/api/iiif/record:pb5p3-ygz26:miller.pdf",
                "iiif_canvas": "https://works.hcommons.org/api/iiif/record:pb5p3-ygz26/canvas/miller.pdf",
                "iiif_info": "https://works.hcommons.org/api/iiif/record:pb5p3-ygz26:miller.pdf/info.json",
                "self": "https://works.hcommons.org/api/records/pb5p3-ygz26/files/miller.pdf"
              },
              "metadata": {},
              "mimetype": "application/pdf",
              "size": 241017,
              "storage_class": "L"
            }
          },
          "order": [],
          "total_bytes": 241017
        },
        "id": "pb5p3-ygz26",
        "is_draft": false,
        "is_published": true,
        "links": {
          "access": "https://works.hcommons.org/api/records/pb5p3-ygz26/access",
          "access_grants": "https://works.hcommons.org/api/records/pb5p3-ygz26/access/grants",
          "access_groups": "https://works.hcommons.org/api/records/pb5p3-ygz26/access/groups",
          "access_links": "https://works.hcommons.org/api/records/pb5p3-ygz26/access/links",
          "access_request": "https://works.hcommons.org/api/records/pb5p3-ygz26/access/request",
          "access_users": "https://works.hcommons.org/api/records/pb5p3-ygz26/access/users",
          "archive": "https://works.hcommons.org/api/records/pb5p3-ygz26/files-archive",
          "archive_media": "https://works.hcommons.org/api/records/pb5p3-ygz26/media-files-archive",
          "communities": "https://works.hcommons.org/api/records/pb5p3-ygz26/communities",
          "communities-suggestions": "https://works.hcommons.org/api/records/pb5p3-ygz26/communities-suggestions",
          "doi": "https://doi.org/10.17613/pb5p3-ygz26",
          "draft": "https://works.hcommons.org/api/records/pb5p3-ygz26/draft",
          "files": "https://works.hcommons.org/api/records/pb5p3-ygz26/files",
          "latest": "https://works.hcommons.org/api/records/pb5p3-ygz26/versions/latest",
          "latest_html": "https://works.hcommons.org/records/pb5p3-ygz26/latest",
          "media_files": "https://works.hcommons.org/api/records/pb5p3-ygz26/media-files",
          "parent": "https://works.hcommons.org/api/records/jk1vw-hsg73",
          "parent_doi": "https://works.hcommons.org/doi/10.17613/jk1vw-hsg73",
          "parent_html": "https://works.hcommons.org/records/jk1vw-hsg73",
          "requests": "https://works.hcommons.org/api/records/pb5p3-ygz26/requests",
          "reserve_doi": "https://works.hcommons.org/api/records/pb5p3-ygz26/draft/pids/doi",
          "self": "https://works.hcommons.org/api/records/pb5p3-ygz26",
          "self_doi": "https://works.hcommons.org/doi/10.17613/pb5p3-ygz26",
          "self_html": "https://works.hcommons.org/records/pb5p3-ygz26",
          "self_iiif_manifest": "https://works.hcommons.org/api/iiif/record:pb5p3-ygz26/manifest",
          "self_iiif_sequence": "https://works.hcommons.org/api/iiif/record:pb5p3-ygz26/sequence/default",
          "versions": "https://works.hcommons.org/api/records/pb5p3-ygz26/versions"
        },
        "media_files": {
          "count": 0,
          "enabled": false,
          "entries": {},
          "order": [],
          "total_bytes": 0
        },
        "metadata": {
          "creators": [
            {
              "person_or_org": {
                "family_name": "Miller",
                "given_name": "Jordan E.",
                "name": "Miller, Jordan E.",
                "type": "personal"
              },
              "role": {
                "id": "author",
                "title": {
                  "en": "Author"
                }
              }
            }
          ],
          "identifiers": [
            {
              "identifier": "tdCkyo",
              "scheme": "import-recid"
            },
            {
              "identifier": "https://jcrt.org/archives/13.1/miller/",
              "scheme": "url"
            }
          ],
          "languages": [
            {
              "id": "eng",
              "title": {
                "en": "English"
              }
            }
          ],
          "publication_date": "2014",
          "publisher": "Whitestone Publications",
          "resource_type": {
            "id": "textDocument-journalArticle",
            "title": {
              "de": "Zeitschriftenartikel",
              "en": "Journal article"
            }
          },
          "rights": [
            {
              "link": "https://jcrt.org/copyright/",
              "title": {
                "en": "Copyright held by the author(s). Published in the Journal for Cultural and Religious Theory."
              }
            }
          ],
          "subjects": [
            {
              "id": "http://id.worldcat.org/fast/863073",
              "scheme": "FAST-topical",
              "subject": "Civilization, Modern"
            }
          ],
          "title": "The Darker Side of Western Modernity: Global Futures, Decolonial Options."
        },
        "parent": {
          "access": {
            "grants": [],
            "links": [],
            "owned_by": {
              "user": "3742"
            },
            "settings": {
              "accept_conditions_text": null,
              "allow_guest_requests": false,
              "allow_user_requests": false,
              "secret_link_expiration": 0
            }
          },
          "communities": {
            "default": "d8cb3ee6-47c7-441b-a138-ddd29349ce19",
            "entries": [
              {
                "access": {
                  "member_policy": "open",
                  "members_visibility": "public",
                  "record_policy": "open",
                  "review_policy": "closed",
                  "visibility": "public"
                },
                "children": {
                  "allow": false
                },
                "created": "2026-08-30T10:38:41.564315+00:00",
                "custom_fields": {
                  "stats:dashboard_enabled": false
                },
                "deletion_status": {
                  "is_deleted": false,
                  "status": "P"
                },
                "id": "d8cb3ee6-47c7-441b-a138-ddd29349ce19",
                "links": {},
                "metadata": {
                  "description": "JCRT 13.1",
                  "title": "JCRT 13.1",
                  "type": {
                    "id": "journal"
                  },
                  "website": "https://jcrt.org/archives/13.1/"
                },
                "revision_id": 3,
                "slug": "jcrt-131",
                "updated": "2026-08-30T10:38:42.315468+00:00"
              }
            ],
            "ids": [
              "d8cb3ee6-47c7-441b-a138-ddd29349ce19"
            ]
          },
          "id": "jk1vw-hsg73",
          "pids": {
            "doi": {
              "client": "datacite",
              "identifier": "10.17613/jk1vw-hsg73",
              "provider": "datacite"
            }
          }
        },
        "pids": {
          "doi": {
            "client": "datacite",
            "identifier": "10.17613/pb5p3-ygz26",
            "provider": "datacite"
          },
          "oai": {
            "identifier": "oai:https://works.hcommons.org:pb5p3-ygz26",
            "provider": "oai"
          }
        },
        "revision_id": 5,
        "stats": {
          "all_versions": {
            "data_volume": 0.0,
            "downloads": 0,
            "unique_downloads": 0,
            "unique_views": 0,
            "views": 0
          },
          "this_version": {
            "data_volume": 0.0,
            "downloads": 0,
            "unique_downloads": 0,
            "unique_views": 0,
            "views": 0
          }
        },
        "status": "published",
        "updated": "2026-08-30T10:39:00.988714+00:00",
        "versions": {
          "index": 1,
          "is_latest": true,
          "is_latest_draft": true
        }
      },
      "record_id": "pb5p3-ygz26",
      "record_url": "https://works.hcommons.org/records/pb5p3-ygz26",
      "source_id": ""
    }
  ],
  "errors": [],
  "message": "All records were successfully imported",
  "status": "success"
}