{
  "data": [
    {
      "collection_id": "7af4be8a-2169-477a-be10-aa69dfe292c8",
      "errors": [],
      "files": {
        "alvis.pdf": {
          "messages": [],
          "status": "uploaded"
        }
      },
      "item_index": 0,
      "metadata": {
        "access": {
          "embargo": {
            "active": false,
            "reason": null
          },
          "files": "public",
          "record": "public",
          "status": "open"
        },
        "created": "2026-08-30T10:36:17.561014+00:00",
        "custom_fields": {
          "journal:journal": {
            "issn": "1530-5228",
            "issue": "1",
            "pages": "25-37",
            "title": "Journal for Cultural & Religious Theory",
            "volume": "14"
          },
          "kcr:user_defined_tags": [
            "1724-1804",
            "immanuel",
            "jean-luc",
            "kant",
            "kantian-ethics",
            "marion"
          ]
        },
        "deletion_status": {
          "is_deleted": false,
          "status": "P"
        },
        "files": {
          "count": 1,
          "enabled": true,
          "entries": {
            "alvis.pdf": {
              "access": {
                "hidden": false
              },
              "checksum": "md5:e16a6173ed08107e830ab3f376fc61af",
              "ext": "pdf",
              "id": "b8e40f99-518f-4f8d-a106-432155cda7bb",
              "key": "alvis.pdf",
              "links": {
                "content": "https://works.hcommons.org/api/records/vrq90-j4v58/files/alvis.pdf/content",
                "iiif_api": "https://works.hcommons.org/api/iiif/record:vrq90-j4v58:alvis.pdf/full/full/0/default.png",
                "iiif_base": "https://works.hcommons.org/api/iiif/record:vrq90-j4v58:alvis.pdf",
                "iiif_canvas": "https://works.hcommons.org/api/iiif/record:vrq90-j4v58/canvas/alvis.pdf",
                "iiif_info": "https://works.hcommons.org/api/iiif/record:vrq90-j4v58:alvis.pdf/info.json",
                "self": "https://works.hcommons.org/api/records/vrq90-j4v58/files/alvis.pdf"
              },
              "metadata": {},
              "mimetype": "application/pdf",
              "size": 652278,
              "storage_class": "L"
            }
          },
          "order": [],
          "total_bytes": 652278
        },
        "id": "vrq90-j4v58",
        "is_draft": false,
        "is_published": true,
        "links": {
          "access": "https://works.hcommons.org/api/records/vrq90-j4v58/access",
          "access_grants": "https://works.hcommons.org/api/records/vrq90-j4v58/access/grants",
          "access_groups": "https://works.hcommons.org/api/records/vrq90-j4v58/access/groups",
          "access_links": "https://works.hcommons.org/api/records/vrq90-j4v58/access/links",
          "access_request": "https://works.hcommons.org/api/records/vrq90-j4v58/access/request",
          "access_users": "https://works.hcommons.org/api/records/vrq90-j4v58/access/users",
          "archive": "https://works.hcommons.org/api/records/vrq90-j4v58/files-archive",
          "archive_media": "https://works.hcommons.org/api/records/vrq90-j4v58/media-files-archive",
          "communities": "https://works.hcommons.org/api/records/vrq90-j4v58/communities",
          "communities-suggestions": "https://works.hcommons.org/api/records/vrq90-j4v58/communities-suggestions",
          "doi": "https://doi.org/10.17613/vrq90-j4v58",
          "draft": "https://works.hcommons.org/api/records/vrq90-j4v58/draft",
          "files": "https://works.hcommons.org/api/records/vrq90-j4v58/files",
          "latest": "https://works.hcommons.org/api/records/vrq90-j4v58/versions/latest",
          "latest_html": "https://works.hcommons.org/records/vrq90-j4v58/latest",
          "media_files": "https://works.hcommons.org/api/records/vrq90-j4v58/media-files",
          "parent": "https://works.hcommons.org/api/records/2wxzy-z5j56",
          "parent_doi": "https://works.hcommons.org/doi/10.17613/2wxzy-z5j56",
          "parent_html": "https://works.hcommons.org/records/2wxzy-z5j56",
          "requests": "https://works.hcommons.org/api/records/vrq90-j4v58/requests",
          "reserve_doi": "https://works.hcommons.org/api/records/vrq90-j4v58/draft/pids/doi",
          "self": "https://works.hcommons.org/api/records/vrq90-j4v58",
          "self_doi": "https://works.hcommons.org/doi/10.17613/vrq90-j4v58",
          "self_html": "https://works.hcommons.org/records/vrq90-j4v58",
          "self_iiif_manifest": "https://works.hcommons.org/api/iiif/record:vrq90-j4v58/manifest",
          "self_iiif_sequence": "https://works.hcommons.org/api/iiif/record:vrq90-j4v58/sequence/default",
          "versions": "https://works.hcommons.org/api/records/vrq90-j4v58/versions"
        },
        "media_files": {
          "count": 0,
          "enabled": false,
          "entries": {},
          "order": [],
          "total_bytes": 0
        },
        "metadata": {
          "creators": [
            {
              "person_or_org": {
                "family_name": "Alvis",
                "given_name": "Jason",
                "name": "Alvis, Jason",
                "type": "personal"
              },
              "role": {
                "id": "author",
                "title": {
                  "en": "Author"
                }
              }
            }
          ],
          "description": "The article focuses on the works and contribution of philosopher Jean-Luc Marion particularly his alteration of Kantian subjectivity, a philosophy of German philosopher Immanuel Kant which deals with the position of mind, epistemology, and ethics.",
          "identifiers": [
            {
              "identifier": "CltuJc",
              "scheme": "import-recid"
            },
            {
              "identifier": "https://jcrt.org/archives/14.1/alvis/",
              "scheme": "url"
            }
          ],
          "languages": [
            {
              "id": "eng",
              "title": {
                "en": "English"
              }
            }
          ],
          "publication_date": "2014",
          "publisher": "Whitestone Publications",
          "resource_type": {
            "id": "textDocument-journalArticle",
            "title": {
              "de": "Zeitschriftenartikel",
              "en": "Journal article"
            }
          },
          "rights": [
            {
              "link": "https://jcrt.org/copyright/",
              "title": {
                "en": "Copyright held by the author(s). Published in the Journal for Cultural and Religious Theory."
              }
            }
          ],
          "subjects": [
            {
              "id": "http://id.worldcat.org/fast/1093763",
              "scheme": "FAST-topical",
              "subject": "Religion"
            }
          ],
          "title": "Subject and Time: Jean-Luc Marion's Alteration of Kantian Subjectivity."
        },
        "parent": {
          "access": {
            "grants": [],
            "links": [],
            "owned_by": {
              "user": "3742"
            },
            "settings": {
              "accept_conditions_text": null,
              "allow_guest_requests": false,
              "allow_user_requests": false,
              "secret_link_expiration": 0
            }
          },
          "communities": {
            "default": "7af4be8a-2169-477a-be10-aa69dfe292c8",
            "entries": [
              {
                "access": {
                  "member_policy": "open",
                  "members_visibility": "public",
                  "record_policy": "open",
                  "review_policy": "closed",
                  "visibility": "public"
                },
                "children": {
                  "allow": false
                },
                "created": "2026-08-30T10:36:13.684065+00:00",
                "custom_fields": {
                  "stats:dashboard_enabled": false
                },
                "deletion_status": {
                  "is_deleted": false,
                  "status": "P"
                },
                "id": "7af4be8a-2169-477a-be10-aa69dfe292c8",
                "links": {},
                "metadata": {
                  "description": "JCRT 14.1",
                  "title": "JCRT 14.1",
                  "type": {
                    "id": "journal"
                  },
                  "website": "https://jcrt.org/archives/14.1/"
                },
                "revision_id": 3,
                "slug": "jcrt-141",
                "updated": "2026-08-30T10:36:14.416176+00:00"
              }
            ],
            "ids": [
              "7af4be8a-2169-477a-be10-aa69dfe292c8"
            ]
          },
          "id": "2wxzy-z5j56",
          "pids": {
            "doi": {
              "client": "datacite",
              "identifier": "10.17613/2wxzy-z5j56",
              "provider": "datacite"
            }
          }
        },
        "pids": {
          "doi": {
            "client": "datacite",
            "identifier": "10.17613/vrq90-j4v58",
            "provider": "datacite"
          },
          "oai": {
            "identifier": "oai:https://works.hcommons.org:vrq90-j4v58",
            "provider": "oai"
          }
        },
        "revision_id": 5,
        "stats": {
          "all_versions": {
            "data_volume": 0.0,
            "downloads": 0,
            "unique_downloads": 0,
            "unique_views": 0,
            "views": 0
          },
          "this_version": {
            "data_volume": 0.0,
            "downloads": 0,
            "unique_downloads": 0,
            "unique_views": 0,
            "views": 0
          }
        },
        "status": "published",
        "updated": "2026-08-30T10:36:17.765659+00:00",
        "versions": {
          "index": 1,
          "is_latest": true,
          "is_latest_draft": true
        }
      },
      "record_id": "vrq90-j4v58",
      "record_url": "https://works.hcommons.org/records/vrq90-j4v58",
      "source_id": ""
    },
    {
      "collection_id": "7af4be8a-2169-477a-be10-aa69dfe292c8",
      "errors": [],
      "files": {
        "fagenblat.pdf": {
          "messages": [],
          "status": "uploaded"
        }
      },
      "item_index": 1,
      "metadata": {
        "access": {
          "embargo": {
            "active": false,
            "reason": null
          },
          "files": "public",
          "record": "public",
          "status": "open"
        },
        "created": "2026-08-30T10:36:19.330506+00:00",
        "custom_fields": {
          "journal:journal": {
            "issn": "1530-5228",
            "issue": "1",
            "pages": "8-24",
            "title": "Journal for Cultural & Religious Theory",
            "volume": "14"
          },
          "kcr:user_defined_tags": [
            "antisemitism",
            "1889-1976",
            "heidegger",
            "martin",
            "marketing-research-and-public-opinion-polling",
            "political-attitudes",
            "zionism"
          ]
        },
        "deletion_status": {
          "is_deleted": false,
          "status": "P"
        },
        "files": {
          "count": 1,
          "enabled": true,
          "entries": {
            "fagenblat.pdf": {
              "access": {
                "hidden": false
              },
              "checksum": "md5:d34e67ea94c1b47d96c7c63e333a723d",
              "ext": "pdf",
              "id": "4dc2611f-48ab-4c75-a8b5-3bee64557b35",
              "key": "fagenblat.pdf",
              "links": {
                "content": "https://works.hcommons.org/api/records/p954n-2jt59/files/fagenblat.pdf/content",
                "iiif_api": "https://works.hcommons.org/api/iiif/record:p954n-2jt59:fagenblat.pdf/full/full/0/default.png",
                "iiif_base": "https://works.hcommons.org/api/iiif/record:p954n-2jt59:fagenblat.pdf",
                "iiif_canvas": "https://works.hcommons.org/api/iiif/record:p954n-2jt59/canvas/fagenblat.pdf",
                "iiif_info": "https://works.hcommons.org/api/iiif/record:p954n-2jt59:fagenblat.pdf/info.json",
                "self": "https://works.hcommons.org/api/records/p954n-2jt59/files/fagenblat.pdf"
              },
              "metadata": {},
              "mimetype": "application/pdf",
              "size": 831195,
              "storage_class": "L"
            }
          },
          "order": [],
          "total_bytes": 831195
        },
        "id": "p954n-2jt59",
        "is_draft": false,
        "is_published": true,
        "links": {
          "access": "https://works.hcommons.org/api/records/p954n-2jt59/access",
          "access_grants": "https://works.hcommons.org/api/records/p954n-2jt59/access/grants",
          "access_groups": "https://works.hcommons.org/api/records/p954n-2jt59/access/groups",
          "access_links": "https://works.hcommons.org/api/records/p954n-2jt59/access/links",
          "access_request": "https://works.hcommons.org/api/records/p954n-2jt59/access/request",
          "access_users": "https://works.hcommons.org/api/records/p954n-2jt59/access/users",
          "archive": "https://works.hcommons.org/api/records/p954n-2jt59/files-archive",
          "archive_media": "https://works.hcommons.org/api/records/p954n-2jt59/media-files-archive",
          "communities": "https://works.hcommons.org/api/records/p954n-2jt59/communities",
          "communities-suggestions": "https://works.hcommons.org/api/records/p954n-2jt59/communities-suggestions",
          "doi": "https://doi.org/10.17613/p954n-2jt59",
          "draft": "https://works.hcommons.org/api/records/p954n-2jt59/draft",
          "files": "https://works.hcommons.org/api/records/p954n-2jt59/files",
          "latest": "https://works.hcommons.org/api/records/p954n-2jt59/versions/latest",
          "latest_html": "https://works.hcommons.org/records/p954n-2jt59/latest",
          "media_files": "https://works.hcommons.org/api/records/p954n-2jt59/media-files",
          "parent": "https://works.hcommons.org/api/records/dtmfn-ege38",
          "parent_doi": "https://works.hcommons.org/doi/10.17613/dtmfn-ege38",
          "parent_html": "https://works.hcommons.org/records/dtmfn-ege38",
          "requests": "https://works.hcommons.org/api/records/p954n-2jt59/requests",
          "reserve_doi": "https://works.hcommons.org/api/records/p954n-2jt59/draft/pids/doi",
          "self": "https://works.hcommons.org/api/records/p954n-2jt59",
          "self_doi": "https://works.hcommons.org/doi/10.17613/p954n-2jt59",
          "self_html": "https://works.hcommons.org/records/p954n-2jt59",
          "self_iiif_manifest": "https://works.hcommons.org/api/iiif/record:p954n-2jt59/manifest",
          "self_iiif_sequence": "https://works.hcommons.org/api/iiif/record:p954n-2jt59/sequence/default",
          "versions": "https://works.hcommons.org/api/records/p954n-2jt59/versions"
        },
        "media_files": {
          "count": 0,
          "enabled": false,
          "entries": {},
          "order": [],
          "total_bytes": 0
        },
        "metadata": {
          "creators": [
            {
              "person_or_org": {
                "family_name": "Fagenblat",
                "given_name": "Michael",
                "name": "Fagenblat, Michael",
                "type": "personal"
              },
              "role": {
                "id": "author",
                "title": {
                  "en": "Author"
                }
              }
            }
          ],
          "description": "The article focuses on the aspects of the antisemitism of European philosopher Martin Heidegger and the return to the Zionism, a movement which look towards the creation of the Jewish state in Palestine.",
          "identifiers": [
            {
              "identifier": "RrFUIJ",
              "scheme": "import-recid"
            },
            {
              "identifier": "https://jcrt.org/archives/14.1/fagenblat/",
              "scheme": "url"
            }
          ],
          "languages": [
            {
              "id": "eng",
              "title": {
                "en": "English"
              }
            }
          ],
          "publication_date": "2014",
          "publisher": "Whitestone Publications",
          "resource_type": {
            "id": "textDocument-journalArticle",
            "title": {
              "de": "Zeitschriftenartikel",
              "en": "Journal article"
            }
          },
          "rights": [
            {
              "link": "https://jcrt.org/copyright/",
              "title": {
                "en": "Copyright held by the author(s). Published in the Journal for Cultural and Religious Theory."
              }
            }
          ],
          "subjects": [
            {
              "id": "http://id.worldcat.org/fast/810769",
              "scheme": "FAST-topical",
              "subject": "Antisemitism"
            },
            {
              "id": "http://id.worldcat.org/fast/1184468",
              "scheme": "FAST-topical",
              "subject": "Zionism"
            }
          ],
          "title": "The Thing That Scares Me Most: Heidegger's Anti-Semitism and the Return to Zion."
        },
        "parent": {
          "access": {
            "grants": [],
            "links": [],
            "owned_by": {
              "user": "3742"
            },
            "settings": {
              "accept_conditions_text": null,
              "allow_guest_requests": false,
              "allow_user_requests": false,
              "secret_link_expiration": 0
            }
          },
          "communities": {
            "default": "7af4be8a-2169-477a-be10-aa69dfe292c8",
            "entries": [
              {
                "access": {
                  "member_policy": "open",
                  "members_visibility": "public",
                  "record_policy": "open",
                  "review_policy": "closed",
                  "visibility": "public"
                },
                "children": {
                  "allow": false
                },
                "created": "2026-08-30T10:36:13.684065+00:00",
                "custom_fields": {
                  "stats:dashboard_enabled": false
                },
                "deletion_status": {
                  "is_deleted": false,
                  "status": "P"
                },
                "id": "7af4be8a-2169-477a-be10-aa69dfe292c8",
                "links": {},
                "metadata": {
                  "description": "JCRT 14.1",
                  "title": "JCRT 14.1",
                  "type": {
                    "id": "journal"
                  },
                  "website": "https://jcrt.org/archives/14.1/"
                },
                "revision_id": 3,
                "slug": "jcrt-141",
                "updated": "2026-08-30T10:36:14.416176+00:00"
              }
            ],
            "ids": [
              "7af4be8a-2169-477a-be10-aa69dfe292c8"
            ]
          },
          "id": "dtmfn-ege38",
          "pids": {
            "doi": {
              "client": "datacite",
              "identifier": "10.17613/dtmfn-ege38",
              "provider": "datacite"
            }
          }
        },
        "pids": {
          "doi": {
            "client": "datacite",
            "identifier": "10.17613/p954n-2jt59",
            "provider": "datacite"
          },
          "oai": {
            "identifier": "oai:https://works.hcommons.org:p954n-2jt59",
            "provider": "oai"
          }
        },
        "revision_id": 5,
        "stats": {
          "all_versions": {
            "data_volume": 0.0,
            "downloads": 0,
            "unique_downloads": 0,
            "unique_views": 0,
            "views": 0
          },
          "this_version": {
            "data_volume": 0.0,
            "downloads": 0,
            "unique_downloads": 0,
            "unique_views": 0,
            "views": 0
          }
        },
        "status": "published",
        "updated": "2026-08-30T10:36:19.536254+00:00",
        "versions": {
          "index": 1,
          "is_latest": true,
          "is_latest_draft": true
        }
      },
      "record_id": "p954n-2jt59",
      "record_url": "https://works.hcommons.org/records/p954n-2jt59",
      "source_id": ""
    },
    {
      "collection_id": "7af4be8a-2169-477a-be10-aa69dfe292c8",
      "errors": [],
      "files": {
        "featherstone.pdf": {
          "messages": [],
          "status": "uploaded"
        }
      },
      "item_index": 2,
      "metadata": {
        "access": {
          "embargo": {
            "active": false,
            "reason": null
          },
          "files": "public",
          "record": "public",
          "status": "open"
        },
        "created": "2026-08-30T10:36:21.078911+00:00",
        "custom_fields": {
          "journal:journal": {
            "issn": "1530-5228",
            "issue": "1",
            "pages": "70-83",
            "title": "Journal for Cultural & Religious Theory",
            "volume": "14"
          },
          "kcr:user_defined_tags": [
            "juergensmeyer",
            "mark",
            "terrorism"
          ]
        },
        "deletion_status": {
          "is_deleted": false,
          "status": "P"
        },
        "files": {
          "count": 1,
          "enabled": true,
          "entries": {
            "featherstone.pdf": {
              "access": {
                "hidden": false
              },
              "checksum": "md5:07cbddaebfdb066bf7d04082272eb8df",
              "ext": "pdf",
              "id": "b7e0ba3c-82c6-46c7-8bbc-407db11595bb",
              "key": "featherstone.pdf",
              "links": {
                "content": "https://works.hcommons.org/api/records/rr91q-32j30/files/featherstone.pdf/content",
                "iiif_api": "https://works.hcommons.org/api/iiif/record:rr91q-32j30:featherstone.pdf/full/full/0/default.png",
                "iiif_base": "https://works.hcommons.org/api/iiif/record:rr91q-32j30:featherstone.pdf",
                "iiif_canvas": "https://works.hcommons.org/api/iiif/record:rr91q-32j30/canvas/featherstone.pdf",
                "iiif_info": "https://works.hcommons.org/api/iiif/record:rr91q-32j30:featherstone.pdf/info.json",
                "self": "https://works.hcommons.org/api/records/rr91q-32j30/files/featherstone.pdf"
              },
              "metadata": {},
              "mimetype": "application/pdf",
              "size": 631121,
              "storage_class": "L"
            }
          },
          "order": [],
          "total_bytes": 631121
        },
        "id": "rr91q-32j30",
        "is_draft": false,
        "is_published": true,
        "links": {
          "access": "https://works.hcommons.org/api/records/rr91q-32j30/access",
          "access_grants": "https://works.hcommons.org/api/records/rr91q-32j30/access/grants",
          "access_groups": "https://works.hcommons.org/api/records/rr91q-32j30/access/groups",
          "access_links": "https://works.hcommons.org/api/records/rr91q-32j30/access/links",
          "access_request": "https://works.hcommons.org/api/records/rr91q-32j30/access/request",
          "access_users": "https://works.hcommons.org/api/records/rr91q-32j30/access/users",
          "archive": "https://works.hcommons.org/api/records/rr91q-32j30/files-archive",
          "archive_media": "https://works.hcommons.org/api/records/rr91q-32j30/media-files-archive",
          "communities": "https://works.hcommons.org/api/records/rr91q-32j30/communities",
          "communities-suggestions": "https://works.hcommons.org/api/records/rr91q-32j30/communities-suggestions",
          "doi": "https://doi.org/10.17613/rr91q-32j30",
          "draft": "https://works.hcommons.org/api/records/rr91q-32j30/draft",
          "files": "https://works.hcommons.org/api/records/rr91q-32j30/files",
          "latest": "https://works.hcommons.org/api/records/rr91q-32j30/versions/latest",
          "latest_html": "https://works.hcommons.org/records/rr91q-32j30/latest",
          "media_files": "https://works.hcommons.org/api/records/rr91q-32j30/media-files",
          "parent": "https://works.hcommons.org/api/records/n7zwc-21s30",
          "parent_doi": "https://works.hcommons.org/doi/10.17613/n7zwc-21s30",
          "parent_html": "https://works.hcommons.org/records/n7zwc-21s30",
          "requests": "https://works.hcommons.org/api/records/rr91q-32j30/requests",
          "reserve_doi": "https://works.hcommons.org/api/records/rr91q-32j30/draft/pids/doi",
          "self": "https://works.hcommons.org/api/records/rr91q-32j30",
          "self_doi": "https://works.hcommons.org/doi/10.17613/rr91q-32j30",
          "self_html": "https://works.hcommons.org/records/rr91q-32j30",
          "self_iiif_manifest": "https://works.hcommons.org/api/iiif/record:rr91q-32j30/manifest",
          "self_iiif_sequence": "https://works.hcommons.org/api/iiif/record:rr91q-32j30/sequence/default",
          "versions": "https://works.hcommons.org/api/records/rr91q-32j30/versions"
        },
        "media_files": {
          "count": 0,
          "enabled": false,
          "entries": {},
          "order": [],
          "total_bytes": 0
        },
        "metadata": {
          "creators": [
            {
              "person_or_org": {
                "family_name": "Featherston",
                "given_name": "Donnie",
                "name": "Featherston, Donnie",
                "type": "personal"
              },
              "role": {
                "id": "author",
                "title": {
                  "en": "Author"
                }
              }
            }
          ],
          "description": "The article offers the insights of American scholar Mark Juergensmeyer which include understanding contemporary terrorism, resurgence of religious identity, and the motif of cosmic war.",
          "identifiers": [
            {
              "identifier": "3ZTjkS",
              "scheme": "import-recid"
            },
            {
              "identifier": "https://jcrt.org/archives/14.1/featherston/",
              "scheme": "url"
            }
          ],
          "languages": [
            {
              "id": "eng",
              "title": {
                "en": "English"
              }
            }
          ],
          "publication_date": "2014",
          "publisher": "Whitestone Publications",
          "resource_type": {
            "id": "textDocument-journalArticle",
            "title": {
              "de": "Zeitschriftenartikel",
              "en": "Journal article"
            }
          },
          "rights": [
            {
              "link": "https://jcrt.org/copyright/",
              "title": {
                "en": "Copyright held by the author(s). Published in the Journal for Cultural and Religious Theory."
              }
            }
          ],
          "subjects": [
            {
              "id": "http://id.worldcat.org/fast/1198506",
              "scheme": "FAST-topical",
              "subject": "Mark"
            },
            {
              "id": "http://id.worldcat.org/fast/1148101",
              "scheme": "FAST-topical",
              "subject": "Terrorism"
            }
          ],
          "title": "Crusaders without a Cross: Biopolitical and Secular Reconfiguration of Cosmic War."
        },
        "parent": {
          "access": {
            "grants": [],
            "links": [],
            "owned_by": {
              "user": "3742"
            },
            "settings": {
              "accept_conditions_text": null,
              "allow_guest_requests": false,
              "allow_user_requests": false,
              "secret_link_expiration": 0
            }
          },
          "communities": {
            "default": "7af4be8a-2169-477a-be10-aa69dfe292c8",
            "entries": [
              {
                "access": {
                  "member_policy": "open",
                  "members_visibility": "public",
                  "record_policy": "open",
                  "review_policy": "closed",
                  "visibility": "public"
                },
                "children": {
                  "allow": false
                },
                "created": "2026-08-30T10:36:13.684065+00:00",
                "custom_fields": {
                  "stats:dashboard_enabled": false
                },
                "deletion_status": {
                  "is_deleted": false,
                  "status": "P"
                },
                "id": "7af4be8a-2169-477a-be10-aa69dfe292c8",
                "links": {},
                "metadata": {
                  "description": "JCRT 14.1",
                  "title": "JCRT 14.1",
                  "type": {
                    "id": "journal"
                  },
                  "website": "https://jcrt.org/archives/14.1/"
                },
                "revision_id": 3,
                "slug": "jcrt-141",
                "updated": "2026-08-30T10:36:14.416176+00:00"
              }
            ],
            "ids": [
              "7af4be8a-2169-477a-be10-aa69dfe292c8"
            ]
          },
          "id": "n7zwc-21s30",
          "pids": {
            "doi": {
              "client": "datacite",
              "identifier": "10.17613/n7zwc-21s30",
              "provider": "datacite"
            }
          }
        },
        "pids": {
          "doi": {
            "client": "datacite",
            "identifier": "10.17613/rr91q-32j30",
            "provider": "datacite"
          },
          "oai": {
            "identifier": "oai:https://works.hcommons.org:rr91q-32j30",
            "provider": "oai"
          }
        },
        "revision_id": 5,
        "stats": {
          "all_versions": {
            "data_volume": 0.0,
            "downloads": 0,
            "unique_downloads": 0,
            "unique_views": 0,
            "views": 0
          },
          "this_version": {
            "data_volume": 0.0,
            "downloads": 0,
            "unique_downloads": 0,
            "unique_views": 0,
            "views": 0
          }
        },
        "status": "published",
        "updated": "2026-08-30T10:36:21.295394+00:00",
        "versions": {
          "index": 1,
          "is_latest": true,
          "is_latest_draft": true
        }
      },
      "record_id": "rr91q-32j30",
      "record_url": "https://works.hcommons.org/records/rr91q-32j30",
      "source_id": ""
    },
    {
      "collection_id": "7af4be8a-2169-477a-be10-aa69dfe292c8",
      "errors": [],
      "files": {
        "green.pdf": {
          "messages": [],
          "status": "uploaded"
        }
      },
      "item_index": 3,
      "metadata": {
        "access": {
          "embargo": {
            "active": false,
            "reason": null
          },
          "files": "public",
          "record": "public",
          "status": "open"
        },
        "created": "2026-08-30T10:36:22.801026+00:00",
        "custom_fields": {
          "journal:journal": {
            "issn": "1530-5228",
            "issue": "1",
            "pages": "143-164",
            "title": "Journal for Cultural & Religious Theory",
            "volume": "14"
          },
          "kcr:user_defined_tags": [
            "christoph",
            "gans",
            "silent-hill-film"
          ]
        },
        "deletion_status": {
          "is_deleted": false,
          "status": "P"
        },
        "files": {
          "count": 1,
          "enabled": true,
          "entries": {
            "green.pdf": {
              "access": {
                "hidden": false
              },
              "checksum": "md5:046bf63dc8b547bdc2d722c86f197c08",
              "ext": "pdf",
              "id": "b7e1e072-6ed1-42b9-ac89-aec02c1c0023",
              "key": "green.pdf",
              "links": {
                "content": "https://works.hcommons.org/api/records/ft4rm-nzy80/files/green.pdf/content",
                "iiif_api": "https://works.hcommons.org/api/iiif/record:ft4rm-nzy80:green.pdf/full/full/0/default.png",
                "iiif_base": "https://works.hcommons.org/api/iiif/record:ft4rm-nzy80:green.pdf",
                "iiif_canvas": "https://works.hcommons.org/api/iiif/record:ft4rm-nzy80/canvas/green.pdf",
                "iiif_info": "https://works.hcommons.org/api/iiif/record:ft4rm-nzy80:green.pdf/info.json",
                "self": "https://works.hcommons.org/api/records/ft4rm-nzy80/files/green.pdf"
              },
              "metadata": {},
              "mimetype": "application/pdf",
              "size": 719722,
              "storage_class": "L"
            }
          },
          "order": [],
          "total_bytes": 719722
        },
        "id": "ft4rm-nzy80",
        "is_draft": false,
        "is_published": true,
        "links": {
          "access": "https://works.hcommons.org/api/records/ft4rm-nzy80/access",
          "access_grants": "https://works.hcommons.org/api/records/ft4rm-nzy80/access/grants",
          "access_groups": "https://works.hcommons.org/api/records/ft4rm-nzy80/access/groups",
          "access_links": "https://works.hcommons.org/api/records/ft4rm-nzy80/access/links",
          "access_request": "https://works.hcommons.org/api/records/ft4rm-nzy80/access/request",
          "access_users": "https://works.hcommons.org/api/records/ft4rm-nzy80/access/users",
          "archive": "https://works.hcommons.org/api/records/ft4rm-nzy80/files-archive",
          "archive_media": "https://works.hcommons.org/api/records/ft4rm-nzy80/media-files-archive",
          "communities": "https://works.hcommons.org/api/records/ft4rm-nzy80/communities",
          "communities-suggestions": "https://works.hcommons.org/api/records/ft4rm-nzy80/communities-suggestions",
          "doi": "https://doi.org/10.17613/ft4rm-nzy80",
          "draft": "https://works.hcommons.org/api/records/ft4rm-nzy80/draft",
          "files": "https://works.hcommons.org/api/records/ft4rm-nzy80/files",
          "latest": "https://works.hcommons.org/api/records/ft4rm-nzy80/versions/latest",
          "latest_html": "https://works.hcommons.org/records/ft4rm-nzy80/latest",
          "media_files": "https://works.hcommons.org/api/records/ft4rm-nzy80/media-files",
          "parent": "https://works.hcommons.org/api/records/06540-7jx05",
          "parent_doi": "https://works.hcommons.org/doi/10.17613/06540-7jx05",
          "parent_html": "https://works.hcommons.org/records/06540-7jx05",
          "requests": "https://works.hcommons.org/api/records/ft4rm-nzy80/requests",
          "reserve_doi": "https://works.hcommons.org/api/records/ft4rm-nzy80/draft/pids/doi",
          "self": "https://works.hcommons.org/api/records/ft4rm-nzy80",
          "self_doi": "https://works.hcommons.org/doi/10.17613/ft4rm-nzy80",
          "self_html": "https://works.hcommons.org/records/ft4rm-nzy80",
          "self_iiif_manifest": "https://works.hcommons.org/api/iiif/record:ft4rm-nzy80/manifest",
          "self_iiif_sequence": "https://works.hcommons.org/api/iiif/record:ft4rm-nzy80/sequence/default",
          "versions": "https://works.hcommons.org/api/records/ft4rm-nzy80/versions"
        },
        "media_files": {
          "count": 0,
          "enabled": false,
          "entries": {},
          "order": [],
          "total_bytes": 0
        },
        "metadata": {
          "creators": [
            {
              "person_or_org": {
                "family_name": "Green",
                "given_name": "Amy M.",
                "name": "Green, Amy M.",
                "type": "personal"
              },
              "role": {
                "id": "author",
                "title": {
                  "en": "Author"
                }
              }
            }
          ],
          "description": "The article critiques the film",
          "identifiers": [
            {
              "identifier": "k4jH2C",
              "scheme": "import-recid"
            },
            {
              "identifier": "https://jcrt.org/archives/14.1/green/",
              "scheme": "url"
            }
          ],
          "languages": [
            {
              "id": "eng",
              "title": {
                "en": "English"
              }
            }
          ],
          "publication_date": "2014",
          "publisher": "Whitestone Publications",
          "resource_type": {
            "id": "textDocument-journalArticle",
            "title": {
              "de": "Zeitschriftenartikel",
              "en": "Journal article"
            }
          },
          "rights": [
            {
              "link": "https://jcrt.org/copyright/",
              "title": {
                "en": "Copyright held by the author(s). Published in the Journal for Cultural and Religious Theory."
              }
            }
          ],
          "subjects": [
            {
              "id": "http://id.worldcat.org/fast/1093763",
              "scheme": "FAST-topical",
              "subject": "Religion"
            }
          ],
          "title": "\"Mother Is God in the Eyes of a Child:\" Mariology, Revelation, and Mothers in Silent Hill."
        },
        "parent": {
          "access": {
            "grants": [],
            "links": [],
            "owned_by": {
              "user": "3742"
            },
            "settings": {
              "accept_conditions_text": null,
              "allow_guest_requests": false,
              "allow_user_requests": false,
              "secret_link_expiration": 0
            }
          },
          "communities": {
            "default": "7af4be8a-2169-477a-be10-aa69dfe292c8",
            "entries": [
              {
                "access": {
                  "member_policy": "open",
                  "members_visibility": "public",
                  "record_policy": "open",
                  "review_policy": "closed",
                  "visibility": "public"
                },
                "children": {
                  "allow": false
                },
                "created": "2026-08-30T10:36:13.684065+00:00",
                "custom_fields": {
                  "stats:dashboard_enabled": false
                },
                "deletion_status": {
                  "is_deleted": false,
                  "status": "P"
                },
                "id": "7af4be8a-2169-477a-be10-aa69dfe292c8",
                "links": {},
                "metadata": {
                  "description": "JCRT 14.1",
                  "title": "JCRT 14.1",
                  "type": {
                    "id": "journal"
                  },
                  "website": "https://jcrt.org/archives/14.1/"
                },
                "revision_id": 3,
                "slug": "jcrt-141",
                "updated": "2026-08-30T10:36:14.416176+00:00"
              }
            ],
            "ids": [
              "7af4be8a-2169-477a-be10-aa69dfe292c8"
            ]
          },
          "id": "06540-7jx05",
          "pids": {
            "doi": {
              "client": "datacite",
              "identifier": "10.17613/06540-7jx05",
              "provider": "datacite"
            }
          }
        },
        "pids": {
          "doi": {
            "client": "datacite",
            "identifier": "10.17613/ft4rm-nzy80",
            "provider": "datacite"
          },
          "oai": {
            "identifier": "oai:https://works.hcommons.org:ft4rm-nzy80",
            "provider": "oai"
          }
        },
        "revision_id": 5,
        "stats": {
          "all_versions": {
            "data_volume": 0.0,
            "downloads": 0,
            "unique_downloads": 0,
            "unique_views": 0,
            "views": 0
          },
          "this_version": {
            "data_volume": 0.0,
            "downloads": 0,
            "unique_downloads": 0,
            "unique_views": 0,
            "views": 0
          }
        },
        "status": "published",
        "updated": "2026-08-30T10:36:23.004887+00:00",
        "versions": {
          "index": 1,
          "is_latest": true,
          "is_latest_draft": true
        }
      },
      "record_id": "ft4rm-nzy80",
      "record_url": "https://works.hcommons.org/records/ft4rm-nzy80",
      "source_id": ""
    }
  ],
  "errors": [],
  "message": "All records were successfully imported",
  "status": "success"
}