{
  "status": 200,
  "message": "14.1 records verified in KC Works",
  "errors": [],
  "data": [
    {
      "record_id": "vrq90-j4v58"
    },
    {
      "record_id": "p954n-2jt59"
    },
    {
      "record_id": "rr91q-32j30"
    },
    {
      "record_id": "ft4rm-nzy80"
    },
    {
      "record_id": "8bhcs-aek10"
    },
    {
      "record_id": "sy7jn-k2094"
    },
    {
      "record_id": "q5mxb-stz26"
    },
    {
      "record_id": "x1x6n-9g908"
    },
    {
      "record_id": "hrngt-vwh75"
    },
    {
      "record_id": "d8vsj-xtn49"
    },
    {
      "record_id": "pam13-8at92"
    },
    {
      "record_id": "7qsy1-6bw66"
    },
    {
      "record_id": "zwjw9-z2h61"
    }
  ]
}
