{
  "status": 200,
  "message": "14.2 records verified in KC Works",
  "errors": [],
  "data": [
    {
      "record_id": "bjjaw-35608"
    },
    {
      "record_id": "059qc-52m90"
    },
    {
      "record_id": "xcbs3-s3y67"
    },
    {
      "record_id": "cez4j-exy96"
    },
    {
      "record_id": "t87t2-3r354"
    },
    {
      "record_id": "38gka-tww87"
    },
    {
      "record_id": "0zvgp-x3w05"
    },
    {
      "record_id": "ssytk-x7897"
    },
    {
      "record_id": "34rwj-2wd78"
    },
    {
      "record_id": "rj6jb-cc974"
    },
    {
      "record_id": "j21f9-y7q62"
    },
    {
      "record_id": "vptg4-sz987"
    },
    {
      "record_id": "3v341-k5e35"
    },
    {
      "record_id": "x0cep-qt303"
    },
    {
      "record_id": "tycwz-reb74"
    },
    {
      "record_id": "h3g5t-4tf38"
    },
    {
      "record_id": "by649-r5460"
    },
    {
      "record_id": "k48ys-kmb36"
    },
    {
      "record_id": "kd505-8pp47"
    }
  ]
}
