{
  "status": 200,
  "message": "15.2 records verified in KC Works",
  "errors": [],
  "data": [
    {
      "record_id": "9n9f5-s6k89"
    },
    {
      "record_id": "5gt68-aff31"
    },
    {
      "record_id": "1cdx4-m5p70"
    },
    {
      "record_id": "19w40-h2f31"
    },
    {
      "record_id": "2f2x5-mej09"
    },
    {
      "record_id": "6tkwq-zt465"
    },
    {
      "record_id": "c3gy7-02q64"
    },
    {
      "record_id": "gjjmm-wqh55"
    },
    {
      "record_id": "epswt-rjg73"
    }
  ]
}
