{
  "data": [
    {
      "collection_id": "b0c5e9ae-8f32-43ef-aec2-2914232d75bd",
      "errors": [],
      "files": {
        "valente2.pdf": {
          "messages": [],
          "status": "uploaded"
        }
      },
      "item_index": 0,
      "metadata": {
        "access": {
          "embargo": {
            "active": false,
            "reason": null
          },
          "files": "public",
          "record": "public",
          "status": "open"
        },
        "created": "2026-08-30T10:33:53.798790+00:00",
        "custom_fields": {
          "journal:journal": {
            "issn": "1530-5228",
            "issue": "2",
            "pages": "16-21",
            "title": "Journal for Cultural & Religious Theory",
            "volume": "15"
          },
          "kcr:user_defined_tags": [
            "autism",
            "docter",
            "inside-out-film",
            "pete"
          ]
        },
        "deletion_status": {
          "is_deleted": false,
          "status": "P"
        },
        "files": {
          "count": 1,
          "enabled": true,
          "entries": {
            "valente2.pdf": {
              "access": {
                "hidden": false
              },
              "checksum": "md5:69631f6b6e752574ca53612b224854e4",
              "ext": "pdf",
              "id": "c21c60ab-8316-4694-9f37-56b5c2f1048d",
              "key": "valente2.pdf",
              "links": {
                "content": "https://works.hcommons.org/api/records/epswt-rjg73/files/valente2.pdf/content",
                "iiif_api": "https://works.hcommons.org/api/iiif/record:epswt-rjg73:valente2.pdf/full/full/0/default.png",
                "iiif_base": "https://works.hcommons.org/api/iiif/record:epswt-rjg73:valente2.pdf",
                "iiif_canvas": "https://works.hcommons.org/api/iiif/record:epswt-rjg73/canvas/valente2.pdf",
                "iiif_info": "https://works.hcommons.org/api/iiif/record:epswt-rjg73:valente2.pdf/info.json",
                "self": "https://works.hcommons.org/api/records/epswt-rjg73/files/valente2.pdf"
              },
              "metadata": {},
              "mimetype": "application/pdf",
              "size": 392890,
              "storage_class": "L"
            }
          },
          "order": [],
          "total_bytes": 392890
        },
        "id": "epswt-rjg73",
        "is_draft": false,
        "is_published": true,
        "links": {
          "access": "https://works.hcommons.org/api/records/epswt-rjg73/access",
          "access_grants": "https://works.hcommons.org/api/records/epswt-rjg73/access/grants",
          "access_groups": "https://works.hcommons.org/api/records/epswt-rjg73/access/groups",
          "access_links": "https://works.hcommons.org/api/records/epswt-rjg73/access/links",
          "access_request": "https://works.hcommons.org/api/records/epswt-rjg73/access/request",
          "access_users": "https://works.hcommons.org/api/records/epswt-rjg73/access/users",
          "archive": "https://works.hcommons.org/api/records/epswt-rjg73/files-archive",
          "archive_media": "https://works.hcommons.org/api/records/epswt-rjg73/media-files-archive",
          "communities": "https://works.hcommons.org/api/records/epswt-rjg73/communities",
          "communities-suggestions": "https://works.hcommons.org/api/records/epswt-rjg73/communities-suggestions",
          "doi": "https://doi.org/10.17613/epswt-rjg73",
          "draft": "https://works.hcommons.org/api/records/epswt-rjg73/draft",
          "files": "https://works.hcommons.org/api/records/epswt-rjg73/files",
          "latest": "https://works.hcommons.org/api/records/epswt-rjg73/versions/latest",
          "latest_html": "https://works.hcommons.org/records/epswt-rjg73/latest",
          "media_files": "https://works.hcommons.org/api/records/epswt-rjg73/media-files",
          "parent": "https://works.hcommons.org/api/records/g8p7c-sj530",
          "parent_doi": "https://works.hcommons.org/doi/10.17613/g8p7c-sj530",
          "parent_html": "https://works.hcommons.org/records/g8p7c-sj530",
          "requests": "https://works.hcommons.org/api/records/epswt-rjg73/requests",
          "reserve_doi": "https://works.hcommons.org/api/records/epswt-rjg73/draft/pids/doi",
          "self": "https://works.hcommons.org/api/records/epswt-rjg73",
          "self_doi": "https://works.hcommons.org/doi/10.17613/epswt-rjg73",
          "self_html": "https://works.hcommons.org/records/epswt-rjg73",
          "self_iiif_manifest": "https://works.hcommons.org/api/iiif/record:epswt-rjg73/manifest",
          "self_iiif_sequence": "https://works.hcommons.org/api/iiif/record:epswt-rjg73/sequence/default",
          "versions": "https://works.hcommons.org/api/records/epswt-rjg73/versions"
        },
        "media_files": {
          "count": 0,
          "enabled": false,
          "entries": {},
          "order": [],
          "total_bytes": 0
        },
        "metadata": {
          "creators": [
            {
              "person_or_org": {
                "family_name": "Valente",
                "given_name": "Joseph",
                "name": "Valente, Joseph",
                "type": "personal"
              },
              "role": {
                "id": "author",
                "title": {
                  "en": "Author"
                }
              }
            }
          ],
          "description": "The article critiques the film",
          "identifiers": [
            {
              "identifier": "d4vJDO",
              "scheme": "import-recid"
            },
            {
              "identifier": "https://jcrt.org/archives/15.2/valente2/",
              "scheme": "url"
            }
          ],
          "languages": [
            {
              "id": "eng",
              "title": {
                "en": "English"
              }
            }
          ],
          "publication_date": "2016",
          "publisher": "Whitestone Publications",
          "resource_type": {
            "id": "textDocument-journalArticle",
            "title": {
              "de": "Zeitschriftenartikel",
              "en": "Journal article"
            }
          },
          "rights": [
            {
              "link": "https://jcrt.org/copyright/",
              "title": {
                "en": "Copyright held by the author(s). Published in the Journal for Cultural and Religious Theory."
              }
            }
          ],
          "subjects": [
            {
              "id": "http://id.worldcat.org/fast/822484",
              "scheme": "FAST-topical",
              "subject": "Autism"
            }
          ],
          "title": "There's a Girl Inside."
        },
        "parent": {
          "access": {
            "grants": [],
            "links": [],
            "owned_by": {
              "user": "3742"
            },
            "settings": {
              "accept_conditions_text": null,
              "allow_guest_requests": false,
              "allow_user_requests": false,
              "secret_link_expiration": 0
            }
          },
          "communities": {
            "default": "b0c5e9ae-8f32-43ef-aec2-2914232d75bd",
            "entries": [
              {
                "access": {
                  "member_policy": "open",
                  "members_visibility": "public",
                  "record_policy": "open",
                  "review_policy": "closed",
                  "visibility": "public"
                },
                "children": {
                  "allow": false
                },
                "created": "2026-08-30T10:33:23.732012+00:00",
                "custom_fields": {
                  "stats:dashboard_enabled": false
                },
                "deletion_status": {
                  "is_deleted": false,
                  "status": "P"
                },
                "id": "b0c5e9ae-8f32-43ef-aec2-2914232d75bd",
                "links": {},
                "metadata": {
                  "description": "JCRT 15.2",
                  "title": "JCRT 15.2",
                  "type": {
                    "id": "journal"
                  },
                  "website": "https://jcrt.org/archives/15.2/"
                },
                "revision_id": 3,
                "slug": "jcrt-152",
                "updated": "2026-08-30T10:33:24.472005+00:00"
              }
            ],
            "ids": [
              "b0c5e9ae-8f32-43ef-aec2-2914232d75bd"
            ]
          },
          "id": "g8p7c-sj530",
          "pids": {
            "doi": {
              "client": "datacite",
              "identifier": "10.17613/g8p7c-sj530",
              "provider": "datacite"
            }
          }
        },
        "pids": {
          "doi": {
            "client": "datacite",
            "identifier": "10.17613/epswt-rjg73",
            "provider": "datacite"
          },
          "oai": {
            "identifier": "oai:https://works.hcommons.org:epswt-rjg73",
            "provider": "oai"
          }
        },
        "revision_id": 5,
        "stats": {
          "all_versions": {
            "data_volume": 0.0,
            "downloads": 0,
            "unique_downloads": 0,
            "unique_views": 0,
            "views": 0
          },
          "this_version": {
            "data_volume": 0.0,
            "downloads": 0,
            "unique_downloads": 0,
            "unique_views": 0,
            "views": 0
          }
        },
        "status": "published",
        "updated": "2026-08-30T10:33:54.046276+00:00",
        "versions": {
          "index": 1,
          "is_latest": true,
          "is_latest_draft": true
        }
      },
      "record_id": "epswt-rjg73",
      "record_url": "https://works.hcommons.org/records/epswt-rjg73",
      "source_id": ""
    }
  ],
  "errors": [],
  "message": "All records were successfully imported",
  "status": "success"
}