{
  "status": 200,
  "message": "16.1 records verified in KC Works",
  "errors": [],
  "data": [
    {
      "record_id": "fanys-58s50"
    },
    {
      "record_id": "x6wxf-kc567"
    },
    {
      "record_id": "gydsj-vk012"
    },
    {
      "record_id": "sndfm-vdk67"
    },
    {
      "record_id": "qwrfm-8s096"
    },
    {
      "record_id": "1j4rr-gnz65"
    },
    {
      "record_id": "1hyrk-vgk45"
    },
    {
      "record_id": "k2bfv-6v739"
    },
    {
      "record_id": "a48q3-8k297"
    },
    {
      "record_id": "8fpg8-47646"
    },
    {
      "record_id": "akryj-4ww68"
    },
    {
      "record_id": "xmv0e-hmt91"
    },
    {
      "record_id": "wer9k-sb388"
    },
    {
      "record_id": "dce3r-tp258"
    },
    {
      "record_id": "7xh48-95v72"
    },
    {
      "record_id": "mrtn5-t0k78"
    },
    {
      "record_id": "x8zed-k1w66"
    }
  ]
}
