{
  "data": [
    {
      "collection_id": "9545d87d-59f1-4af1-a8ef-e7fb7357897d",
      "errors": [],
      "files": {
        "InterviewUlmer.pdf": {
          "messages": [],
          "status": "uploaded"
        }
      },
      "item_index": 0,
      "metadata": {
        "access": {
          "embargo": {
            "active": false,
            "reason": null
          },
          "files": "public",
          "record": "public",
          "status": "open"
        },
        "created": "2026-08-30T10:31:33.911860+00:00",
        "custom_fields": {
          "journal:journal": {
            "issn": "1530-5228",
            "issue": "1",
            "pages": "",
            "title": "Journal for Cultural & Religious Theory",
            "volume": "16"
          },
          "kcr:user_defined_tags": [
            "gregory-ulmer",
            "electracy",
            "theopraxesis",
            "heuretics",
            "applied-grammatology",
            "jacques-derrida",
            "digital-humanities",
            "joseph-beuys",
            "media-studies",
            "avant-garde",
            "university",
            "humanities"
          ]
        },
        "deletion_status": {
          "is_deleted": false,
          "status": "P"
        },
        "files": {
          "count": 1,
          "enabled": true,
          "entries": {
            "InterviewUlmer.pdf": {
              "access": {
                "hidden": false
              },
              "checksum": "md5:521fb21be8ec4b0578af292db1428a09",
              "ext": "pdf",
              "id": "8839a178-423c-4610-96b1-0fccbf31646f",
              "key": "InterviewUlmer.pdf",
              "links": {
                "content": "https://works.hcommons.org/api/records/a48q3-8k297/files/InterviewUlmer.pdf/content",
                "iiif_api": "https://works.hcommons.org/api/iiif/record:a48q3-8k297:InterviewUlmer.pdf/full/full/0/default.png",
                "iiif_base": "https://works.hcommons.org/api/iiif/record:a48q3-8k297:InterviewUlmer.pdf",
                "iiif_canvas": "https://works.hcommons.org/api/iiif/record:a48q3-8k297/canvas/InterviewUlmer.pdf",
                "iiif_info": "https://works.hcommons.org/api/iiif/record:a48q3-8k297:InterviewUlmer.pdf/info.json",
                "self": "https://works.hcommons.org/api/records/a48q3-8k297/files/InterviewUlmer.pdf"
              },
              "metadata": {},
              "mimetype": "application/pdf",
              "size": 716357,
              "storage_class": "L"
            }
          },
          "order": [],
          "total_bytes": 716357
        },
        "id": "a48q3-8k297",
        "is_draft": false,
        "is_published": true,
        "links": {
          "access": "https://works.hcommons.org/api/records/a48q3-8k297/access",
          "access_grants": "https://works.hcommons.org/api/records/a48q3-8k297/access/grants",
          "access_groups": "https://works.hcommons.org/api/records/a48q3-8k297/access/groups",
          "access_links": "https://works.hcommons.org/api/records/a48q3-8k297/access/links",
          "access_request": "https://works.hcommons.org/api/records/a48q3-8k297/access/request",
          "access_users": "https://works.hcommons.org/api/records/a48q3-8k297/access/users",
          "archive": "https://works.hcommons.org/api/records/a48q3-8k297/files-archive",
          "archive_media": "https://works.hcommons.org/api/records/a48q3-8k297/media-files-archive",
          "communities": "https://works.hcommons.org/api/records/a48q3-8k297/communities",
          "communities-suggestions": "https://works.hcommons.org/api/records/a48q3-8k297/communities-suggestions",
          "doi": "https://doi.org/10.17613/a48q3-8k297",
          "draft": "https://works.hcommons.org/api/records/a48q3-8k297/draft",
          "files": "https://works.hcommons.org/api/records/a48q3-8k297/files",
          "latest": "https://works.hcommons.org/api/records/a48q3-8k297/versions/latest",
          "latest_html": "https://works.hcommons.org/records/a48q3-8k297/latest",
          "media_files": "https://works.hcommons.org/api/records/a48q3-8k297/media-files",
          "parent": "https://works.hcommons.org/api/records/f9j4h-nag29",
          "parent_doi": "https://works.hcommons.org/doi/10.17613/f9j4h-nag29",
          "parent_html": "https://works.hcommons.org/records/f9j4h-nag29",
          "requests": "https://works.hcommons.org/api/records/a48q3-8k297/requests",
          "reserve_doi": "https://works.hcommons.org/api/records/a48q3-8k297/draft/pids/doi",
          "self": "https://works.hcommons.org/api/records/a48q3-8k297",
          "self_doi": "https://works.hcommons.org/doi/10.17613/a48q3-8k297",
          "self_html": "https://works.hcommons.org/records/a48q3-8k297",
          "self_iiif_manifest": "https://works.hcommons.org/api/iiif/record:a48q3-8k297/manifest",
          "self_iiif_sequence": "https://works.hcommons.org/api/iiif/record:a48q3-8k297/sequence/default",
          "versions": "https://works.hcommons.org/api/records/a48q3-8k297/versions"
        },
        "media_files": {
          "count": 0,
          "enabled": false,
          "entries": {},
          "order": [],
          "total_bytes": 0
        },
        "metadata": {
          "creators": [
            {
              "person_or_org": {
                "family_name": "C.figueiredo",
                "given_name": "Sergio",
                "name": "C.figueiredo, Sergio",
                "type": "personal"
              },
              "role": {
                "id": "author",
                "title": {
                  "en": "Author"
                }
              }
            }
          ],
          "identifiers": [
            {
              "identifier": "s4ITYQ",
              "scheme": "import-recid"
            },
            {
              "identifier": "https://jcrt.org/archives/16.1/interviewulmer/",
              "scheme": "url"
            }
          ],
          "languages": [
            {
              "id": "eng",
              "title": {
                "en": "English"
              }
            }
          ],
          "publication_date": "2016",
          "publisher": "Whitestone Publications",
          "resource_type": {
            "id": "textDocument-journalArticle",
            "title": {
              "de": "Zeitschriftenartikel",
              "en": "Journal article"
            }
          },
          "rights": [
            {
              "link": "https://jcrt.org/copyright/",
              "title": {
                "en": "Copyright held by the author(s). Published in the Journal for Cultural and Religious Theory."
              }
            }
          ],
          "subjects": [
            {
              "id": "http://id.worldcat.org/fast/1776700",
              "scheme": "FAST-title",
              "subject": "Avant garde"
            },
            {
              "id": "http://id.worldcat.org/fast/963599",
              "scheme": "FAST-topical",
              "subject": "Digital humanities"
            },
            {
              "id": "http://id.worldcat.org/fast/963588",
              "scheme": "FAST-topical",
              "subject": "Humanities"
            },
            {
              "id": "http://id.worldcat.org/fast/1787007",
              "scheme": "FAST-title",
              "subject": "Media studies"
            }
          ],
          "title": "Theopraxesis and the Future of H'mmm in the University: an Interview with Gregory L. Ulmer"
        },
        "parent": {
          "access": {
            "grants": [],
            "links": [],
            "owned_by": {
              "user": "3742"
            },
            "settings": {
              "accept_conditions_text": null,
              "allow_guest_requests": false,
              "allow_user_requests": false,
              "secret_link_expiration": 0
            }
          },
          "communities": {
            "default": "9545d87d-59f1-4af1-a8ef-e7fb7357897d",
            "entries": [
              {
                "access": {
                  "member_policy": "open",
                  "members_visibility": "public",
                  "record_policy": "open",
                  "review_policy": "closed",
                  "visibility": "public"
                },
                "children": {
                  "allow": false
                },
                "created": "2026-08-30T10:31:09.579726+00:00",
                "custom_fields": {
                  "stats:dashboard_enabled": false
                },
                "deletion_status": {
                  "is_deleted": false,
                  "status": "P"
                },
                "id": "9545d87d-59f1-4af1-a8ef-e7fb7357897d",
                "links": {},
                "metadata": {
                  "description": "JCRT 16.1",
                  "title": "JCRT 16.1",
                  "type": {
                    "id": "journal"
                  },
                  "website": "https://jcrt.org/archives/16.1/"
                },
                "revision_id": 3,
                "slug": "jcrt-161",
                "updated": "2026-08-30T10:31:10.314052+00:00"
              }
            ],
            "ids": [
              "9545d87d-59f1-4af1-a8ef-e7fb7357897d"
            ]
          },
          "id": "f9j4h-nag29",
          "pids": {
            "doi": {
              "client": "datacite",
              "identifier": "10.17613/f9j4h-nag29",
              "provider": "datacite"
            }
          }
        },
        "pids": {
          "doi": {
            "client": "datacite",
            "identifier": "10.17613/a48q3-8k297",
            "provider": "datacite"
          },
          "oai": {
            "identifier": "oai:https://works.hcommons.org:a48q3-8k297",
            "provider": "oai"
          }
        },
        "revision_id": 5,
        "stats": {
          "all_versions": {
            "data_volume": 0.0,
            "downloads": 0,
            "unique_downloads": 0,
            "unique_views": 0,
            "views": 0
          },
          "this_version": {
            "data_volume": 0.0,
            "downloads": 0,
            "unique_downloads": 0,
            "unique_views": 0,
            "views": 0
          }
        },
        "status": "published",
        "updated": "2026-08-30T10:31:34.128822+00:00",
        "versions": {
          "index": 1,
          "is_latest": true,
          "is_latest_draft": true
        }
      },
      "record_id": "a48q3-8k297",
      "record_url": "https://works.hcommons.org/records/a48q3-8k297",
      "source_id": ""
    },
    {
      "collection_id": "9545d87d-59f1-4af1-a8ef-e7fb7357897d",
      "errors": [],
      "files": {
        "IntroFigueiredo.pdf": {
          "messages": [],
          "status": "uploaded"
        }
      },
      "item_index": 1,
      "metadata": {
        "access": {
          "embargo": {
            "active": false,
            "reason": null
          },
          "files": "public",
          "record": "public",
          "status": "open"
        },
        "created": "2026-08-30T10:31:36.051567+00:00",
        "custom_fields": {
          "journal:journal": {
            "issn": "1530-5228",
            "issue": "1",
            "pages": "",
            "title": "Journal for Cultural & Religious Theory",
            "volume": "16"
          },
          "kcr:user_defined_tags": [
            "civic-humanities",
            "public-humanities",
            "civic-engagement",
            "humanities",
            "community-engagement",
            "higher-education",
            "public-scholarship",
            "democracy",
            "university",
            "rhetoric",
            "arts-and-humanities",
            "civic-arts"
          ]
        },
        "deletion_status": {
          "is_deleted": false,
          "status": "P"
        },
        "files": {
          "count": 1,
          "enabled": true,
          "entries": {
            "IntroFigueiredo.pdf": {
              "access": {
                "hidden": false
              },
              "checksum": "md5:c0836b7c860bf1f5f5a7abb6ae3dea91",
              "ext": "pdf",
              "id": "2ab6564b-0416-4354-8c89-4c231fe41669",
              "key": "IntroFigueiredo.pdf",
              "links": {
                "content": "https://works.hcommons.org/api/records/8fpg8-47646/files/IntroFigueiredo.pdf/content",
                "iiif_api": "https://works.hcommons.org/api/iiif/record:8fpg8-47646:IntroFigueiredo.pdf/full/full/0/default.png",
                "iiif_base": "https://works.hcommons.org/api/iiif/record:8fpg8-47646:IntroFigueiredo.pdf",
                "iiif_canvas": "https://works.hcommons.org/api/iiif/record:8fpg8-47646/canvas/IntroFigueiredo.pdf",
                "iiif_info": "https://works.hcommons.org/api/iiif/record:8fpg8-47646:IntroFigueiredo.pdf/info.json",
                "self": "https://works.hcommons.org/api/records/8fpg8-47646/files/IntroFigueiredo.pdf"
              },
              "metadata": {},
              "mimetype": "application/pdf",
              "size": 284272,
              "storage_class": "L"
            }
          },
          "order": [],
          "total_bytes": 284272
        },
        "id": "8fpg8-47646",
        "is_draft": false,
        "is_published": true,
        "links": {
          "access": "https://works.hcommons.org/api/records/8fpg8-47646/access",
          "access_grants": "https://works.hcommons.org/api/records/8fpg8-47646/access/grants",
          "access_groups": "https://works.hcommons.org/api/records/8fpg8-47646/access/groups",
          "access_links": "https://works.hcommons.org/api/records/8fpg8-47646/access/links",
          "access_request": "https://works.hcommons.org/api/records/8fpg8-47646/access/request",
          "access_users": "https://works.hcommons.org/api/records/8fpg8-47646/access/users",
          "archive": "https://works.hcommons.org/api/records/8fpg8-47646/files-archive",
          "archive_media": "https://works.hcommons.org/api/records/8fpg8-47646/media-files-archive",
          "communities": "https://works.hcommons.org/api/records/8fpg8-47646/communities",
          "communities-suggestions": "https://works.hcommons.org/api/records/8fpg8-47646/communities-suggestions",
          "doi": "https://doi.org/10.17613/8fpg8-47646",
          "draft": "https://works.hcommons.org/api/records/8fpg8-47646/draft",
          "files": "https://works.hcommons.org/api/records/8fpg8-47646/files",
          "latest": "https://works.hcommons.org/api/records/8fpg8-47646/versions/latest",
          "latest_html": "https://works.hcommons.org/records/8fpg8-47646/latest",
          "media_files": "https://works.hcommons.org/api/records/8fpg8-47646/media-files",
          "parent": "https://works.hcommons.org/api/records/t9w2x-5mj46",
          "parent_doi": "https://works.hcommons.org/doi/10.17613/t9w2x-5mj46",
          "parent_html": "https://works.hcommons.org/records/t9w2x-5mj46",
          "requests": "https://works.hcommons.org/api/records/8fpg8-47646/requests",
          "reserve_doi": "https://works.hcommons.org/api/records/8fpg8-47646/draft/pids/doi",
          "self": "https://works.hcommons.org/api/records/8fpg8-47646",
          "self_doi": "https://works.hcommons.org/doi/10.17613/8fpg8-47646",
          "self_html": "https://works.hcommons.org/records/8fpg8-47646",
          "self_iiif_manifest": "https://works.hcommons.org/api/iiif/record:8fpg8-47646/manifest",
          "self_iiif_sequence": "https://works.hcommons.org/api/iiif/record:8fpg8-47646/sequence/default",
          "versions": "https://works.hcommons.org/api/records/8fpg8-47646/versions"
        },
        "media_files": {
          "count": 0,
          "enabled": false,
          "entries": {},
          "order": [],
          "total_bytes": 0
        },
        "metadata": {
          "creators": [
            {
              "person_or_org": {
                "family_name": "Figueiredo",
                "given_name": "Sergio C.",
                "name": "Figueiredo, Sergio C.",
                "type": "personal"
              },
              "role": {
                "id": "author",
                "title": {
                  "en": "Author"
                }
              }
            }
          ],
          "identifiers": [
            {
              "identifier": "rDU_hk",
              "scheme": "import-recid"
            },
            {
              "identifier": "https://jcrt.org/archives/16.1/introfigueiredo/",
              "scheme": "url"
            }
          ],
          "languages": [
            {
              "id": "eng",
              "title": {
                "en": "English"
              }
            }
          ],
          "publication_date": "2016",
          "publisher": "Whitestone Publications",
          "resource_type": {
            "id": "textDocument-journalArticle",
            "title": {
              "de": "Zeitschriftenartikel",
              "en": "Journal article"
            }
          },
          "rights": [
            {
              "link": "https://jcrt.org/copyright/",
              "title": {
                "en": "Copyright held by the author(s). Published in the Journal for Cultural and Religious Theory."
              }
            }
          ],
          "subjects": [
            {
              "id": "http://id.worldcat.org/fast/890077",
              "scheme": "FAST-topical",
              "subject": "Democracy"
            },
            {
              "id": "http://id.worldcat.org/fast/903005",
              "scheme": "FAST-topical",
              "subject": "Education, Higher"
            },
            {
              "id": "http://id.worldcat.org/fast/963588",
              "scheme": "FAST-topical",
              "subject": "Humanities"
            },
            {
              "id": "http://id.worldcat.org/fast/1096948",
              "scheme": "FAST-topical",
              "subject": "Rhetoric"
            }
          ],
          "title": "Introduction To The Journal Of Cultural And Religious Theory Special Issue On 'Civic Humanities'"
        },
        "parent": {
          "access": {
            "grants": [],
            "links": [],
            "owned_by": {
              "user": "3742"
            },
            "settings": {
              "accept_conditions_text": null,
              "allow_guest_requests": false,
              "allow_user_requests": false,
              "secret_link_expiration": 0
            }
          },
          "communities": {
            "default": "9545d87d-59f1-4af1-a8ef-e7fb7357897d",
            "entries": [
              {
                "access": {
                  "member_policy": "open",
                  "members_visibility": "public",
                  "record_policy": "open",
                  "review_policy": "closed",
                  "visibility": "public"
                },
                "children": {
                  "allow": false
                },
                "created": "2026-08-30T10:31:09.579726+00:00",
                "custom_fields": {
                  "stats:dashboard_enabled": false
                },
                "deletion_status": {
                  "is_deleted": false,
                  "status": "P"
                },
                "id": "9545d87d-59f1-4af1-a8ef-e7fb7357897d",
                "links": {},
                "metadata": {
                  "description": "JCRT 16.1",
                  "title": "JCRT 16.1",
                  "type": {
                    "id": "journal"
                  },
                  "website": "https://jcrt.org/archives/16.1/"
                },
                "revision_id": 3,
                "slug": "jcrt-161",
                "updated": "2026-08-30T10:31:10.314052+00:00"
              }
            ],
            "ids": [
              "9545d87d-59f1-4af1-a8ef-e7fb7357897d"
            ]
          },
          "id": "t9w2x-5mj46",
          "pids": {
            "doi": {
              "client": "datacite",
              "identifier": "10.17613/t9w2x-5mj46",
              "provider": "datacite"
            }
          }
        },
        "pids": {
          "doi": {
            "client": "datacite",
            "identifier": "10.17613/8fpg8-47646",
            "provider": "datacite"
          },
          "oai": {
            "identifier": "oai:https://works.hcommons.org:8fpg8-47646",
            "provider": "oai"
          }
        },
        "revision_id": 5,
        "stats": {
          "all_versions": {
            "data_volume": 0.0,
            "downloads": 0,
            "unique_downloads": 0,
            "unique_views": 0,
            "views": 0
          },
          "this_version": {
            "data_volume": 0.0,
            "downloads": 0,
            "unique_downloads": 0,
            "unique_views": 0,
            "views": 0
          }
        },
        "status": "published",
        "updated": "2026-08-30T10:31:36.264936+00:00",
        "versions": {
          "index": 1,
          "is_latest": true,
          "is_latest_draft": true
        }
      },
      "record_id": "8fpg8-47646",
      "record_url": "https://works.hcommons.org/records/8fpg8-47646",
      "source_id": ""
    },
    {
      "collection_id": "9545d87d-59f1-4af1-a8ef-e7fb7357897d",
      "errors": [],
      "files": {
        "Li.pdf": {
          "messages": [],
          "status": "uploaded"
        }
      },
      "item_index": 2,
      "metadata": {
        "access": {
          "embargo": {
            "active": false,
            "reason": null
          },
          "files": "public",
          "record": "public",
          "status": "open"
        },
        "created": "2026-08-30T10:31:37.864905+00:00",
        "custom_fields": {
          "journal:journal": {
            "issn": "1530-5228",
            "issue": "1",
            "pages": "23-39",
            "title": "Journal for Cultural & Religious Theory",
            "volume": "16"
          },
          "kcr:user_defined_tags": [
            "community-involvement",
            "cyberculture",
            "distraction"
          ]
        },
        "deletion_status": {
          "is_deleted": false,
          "status": "P"
        },
        "files": {
          "count": 1,
          "enabled": true,
          "entries": {
            "Li.pdf": {
              "access": {
                "hidden": false
              },
              "checksum": "md5:431cac83c9931a6671b92635007e89f8",
              "ext": "pdf",
              "id": "2f86cf5e-82db-43b6-bce6-bb3d66b1924b",
              "key": "Li.pdf",
              "links": {
                "content": "https://works.hcommons.org/api/records/akryj-4ww68/files/Li.pdf/content",
                "iiif_api": "https://works.hcommons.org/api/iiif/record:akryj-4ww68:Li.pdf/full/full/0/default.png",
                "iiif_base": "https://works.hcommons.org/api/iiif/record:akryj-4ww68:Li.pdf",
                "iiif_canvas": "https://works.hcommons.org/api/iiif/record:akryj-4ww68/canvas/Li.pdf",
                "iiif_info": "https://works.hcommons.org/api/iiif/record:akryj-4ww68:Li.pdf/info.json",
                "self": "https://works.hcommons.org/api/records/akryj-4ww68/files/Li.pdf"
              },
              "metadata": {},
              "mimetype": "application/pdf",
              "size": 882812,
              "storage_class": "L"
            }
          },
          "order": [],
          "total_bytes": 882812
        },
        "id": "akryj-4ww68",
        "is_draft": false,
        "is_published": true,
        "links": {
          "access": "https://works.hcommons.org/api/records/akryj-4ww68/access",
          "access_grants": "https://works.hcommons.org/api/records/akryj-4ww68/access/grants",
          "access_groups": "https://works.hcommons.org/api/records/akryj-4ww68/access/groups",
          "access_links": "https://works.hcommons.org/api/records/akryj-4ww68/access/links",
          "access_request": "https://works.hcommons.org/api/records/akryj-4ww68/access/request",
          "access_users": "https://works.hcommons.org/api/records/akryj-4ww68/access/users",
          "archive": "https://works.hcommons.org/api/records/akryj-4ww68/files-archive",
          "archive_media": "https://works.hcommons.org/api/records/akryj-4ww68/media-files-archive",
          "communities": "https://works.hcommons.org/api/records/akryj-4ww68/communities",
          "communities-suggestions": "https://works.hcommons.org/api/records/akryj-4ww68/communities-suggestions",
          "doi": "https://doi.org/10.17613/akryj-4ww68",
          "draft": "https://works.hcommons.org/api/records/akryj-4ww68/draft",
          "files": "https://works.hcommons.org/api/records/akryj-4ww68/files",
          "latest": "https://works.hcommons.org/api/records/akryj-4ww68/versions/latest",
          "latest_html": "https://works.hcommons.org/records/akryj-4ww68/latest",
          "media_files": "https://works.hcommons.org/api/records/akryj-4ww68/media-files",
          "parent": "https://works.hcommons.org/api/records/q4y6y-7tg27",
          "parent_doi": "https://works.hcommons.org/doi/10.17613/q4y6y-7tg27",
          "parent_html": "https://works.hcommons.org/records/q4y6y-7tg27",
          "requests": "https://works.hcommons.org/api/records/akryj-4ww68/requests",
          "reserve_doi": "https://works.hcommons.org/api/records/akryj-4ww68/draft/pids/doi",
          "self": "https://works.hcommons.org/api/records/akryj-4ww68",
          "self_doi": "https://works.hcommons.org/doi/10.17613/akryj-4ww68",
          "self_html": "https://works.hcommons.org/records/akryj-4ww68",
          "self_iiif_manifest": "https://works.hcommons.org/api/iiif/record:akryj-4ww68/manifest",
          "self_iiif_sequence": "https://works.hcommons.org/api/iiif/record:akryj-4ww68/sequence/default",
          "versions": "https://works.hcommons.org/api/records/akryj-4ww68/versions"
        },
        "media_files": {
          "count": 0,
          "enabled": false,
          "entries": {},
          "order": [],
          "total_bytes": 0
        },
        "metadata": {
          "creators": [
            {
              "person_or_org": {
                "family_name": "Li",
                "given_name": "Hui-Chun",
                "name": "Li, Hui-Chun",
                "type": "personal"
              },
              "role": {
                "id": "author",
                "title": {
                  "en": "Author"
                }
              }
            }
          ],
          "identifiers": [
            {
              "identifier": "wl9GKO",
              "scheme": "import-recid"
            },
            {
              "identifier": "https://jcrt.org/archives/16.1/li/",
              "scheme": "url"
            }
          ],
          "languages": [
            {
              "id": "eng",
              "title": {
                "en": "English"
              }
            }
          ],
          "publication_date": "2016",
          "publisher": "Whitestone Publications",
          "resource_type": {
            "id": "textDocument-journalArticle",
            "title": {
              "de": "Zeitschriftenartikel",
              "en": "Journal article"
            }
          },
          "rights": [
            {
              "link": "https://jcrt.org/copyright/",
              "title": {
                "en": "Copyright held by the author(s). Published in the Journal for Cultural and Religious Theory."
              }
            }
          ],
          "subjects": [
            {
              "id": "http://id.worldcat.org/fast/1069386",
              "scheme": "FAST-topical",
              "subject": "Political participation"
            }
          ],
          "title": "Civic Engagements Through a Transductive Discourse of Care."
        },
        "parent": {
          "access": {
            "grants": [],
            "links": [],
            "owned_by": {
              "user": "3742"
            },
            "settings": {
              "accept_conditions_text": null,
              "allow_guest_requests": false,
              "allow_user_requests": false,
              "secret_link_expiration": 0
            }
          },
          "communities": {
            "default": "9545d87d-59f1-4af1-a8ef-e7fb7357897d",
            "entries": [
              {
                "access": {
                  "member_policy": "open",
                  "members_visibility": "public",
                  "record_policy": "open",
                  "review_policy": "closed",
                  "visibility": "public"
                },
                "children": {
                  "allow": false
                },
                "created": "2026-08-30T10:31:09.579726+00:00",
                "custom_fields": {
                  "stats:dashboard_enabled": false
                },
                "deletion_status": {
                  "is_deleted": false,
                  "status": "P"
                },
                "id": "9545d87d-59f1-4af1-a8ef-e7fb7357897d",
                "links": {},
                "metadata": {
                  "description": "JCRT 16.1",
                  "title": "JCRT 16.1",
                  "type": {
                    "id": "journal"
                  },
                  "website": "https://jcrt.org/archives/16.1/"
                },
                "revision_id": 3,
                "slug": "jcrt-161",
                "updated": "2026-08-30T10:31:10.314052+00:00"
              }
            ],
            "ids": [
              "9545d87d-59f1-4af1-a8ef-e7fb7357897d"
            ]
          },
          "id": "q4y6y-7tg27",
          "pids": {
            "doi": {
              "client": "datacite",
              "identifier": "10.17613/q4y6y-7tg27",
              "provider": "datacite"
            }
          }
        },
        "pids": {
          "doi": {
            "client": "datacite",
            "identifier": "10.17613/akryj-4ww68",
            "provider": "datacite"
          },
          "oai": {
            "identifier": "oai:https://works.hcommons.org:akryj-4ww68",
            "provider": "oai"
          }
        },
        "revision_id": 5,
        "stats": {
          "all_versions": {
            "data_volume": 0.0,
            "downloads": 0,
            "unique_downloads": 0,
            "unique_views": 0,
            "views": 0
          },
          "this_version": {
            "data_volume": 0.0,
            "downloads": 0,
            "unique_downloads": 0,
            "unique_views": 0,
            "views": 0
          }
        },
        "status": "published",
        "updated": "2026-08-30T10:31:38.103405+00:00",
        "versions": {
          "index": 1,
          "is_latest": true,
          "is_latest_draft": true
        }
      },
      "record_id": "akryj-4ww68",
      "record_url": "https://works.hcommons.org/records/akryj-4ww68",
      "source_id": ""
    },
    {
      "collection_id": "9545d87d-59f1-4af1-a8ef-e7fb7357897d",
      "errors": [],
      "files": {
        "Obrien.pdf": {
          "messages": [],
          "status": "uploaded"
        }
      },
      "item_index": 3,
      "metadata": {
        "access": {
          "embargo": {
            "active": false,
            "reason": null
          },
          "files": "public",
          "record": "public",
          "status": "open"
        },
        "created": "2026-08-30T10:31:39.783732+00:00",
        "custom_fields": {
          "journal:journal": {
            "issn": "1530-5228",
            "issue": "1",
            "pages": "52-55",
            "title": "Journal for Cultural & Religious Theory",
            "volume": "16"
          },
          "kcr:user_defined_tags": [
            "social-justice",
            "humanities",
            "ulmer",
            "gregory"
          ]
        },
        "deletion_status": {
          "is_deleted": false,
          "status": "P"
        },
        "files": {
          "count": 1,
          "enabled": true,
          "entries": {
            "Obrien.pdf": {
              "access": {
                "hidden": false
              },
              "checksum": "md5:b4bac491f8c7f49914d0fd2d89563f0b",
              "ext": "pdf",
              "id": "91a6c42f-ae5c-42e4-a068-81b748c37c1d",
              "key": "Obrien.pdf",
              "links": {
                "content": "https://works.hcommons.org/api/records/xmv0e-hmt91/files/Obrien.pdf/content",
                "iiif_api": "https://works.hcommons.org/api/iiif/record:xmv0e-hmt91:Obrien.pdf/full/full/0/default.png",
                "iiif_base": "https://works.hcommons.org/api/iiif/record:xmv0e-hmt91:Obrien.pdf",
                "iiif_canvas": "https://works.hcommons.org/api/iiif/record:xmv0e-hmt91/canvas/Obrien.pdf",
                "iiif_info": "https://works.hcommons.org/api/iiif/record:xmv0e-hmt91:Obrien.pdf/info.json",
                "self": "https://works.hcommons.org/api/records/xmv0e-hmt91/files/Obrien.pdf"
              },
              "metadata": {},
              "mimetype": "application/pdf",
              "size": 510044,
              "storage_class": "L"
            }
          },
          "order": [],
          "total_bytes": 510044
        },
        "id": "xmv0e-hmt91",
        "is_draft": false,
        "is_published": true,
        "links": {
          "access": "https://works.hcommons.org/api/records/xmv0e-hmt91/access",
          "access_grants": "https://works.hcommons.org/api/records/xmv0e-hmt91/access/grants",
          "access_groups": "https://works.hcommons.org/api/records/xmv0e-hmt91/access/groups",
          "access_links": "https://works.hcommons.org/api/records/xmv0e-hmt91/access/links",
          "access_request": "https://works.hcommons.org/api/records/xmv0e-hmt91/access/request",
          "access_users": "https://works.hcommons.org/api/records/xmv0e-hmt91/access/users",
          "archive": "https://works.hcommons.org/api/records/xmv0e-hmt91/files-archive",
          "archive_media": "https://works.hcommons.org/api/records/xmv0e-hmt91/media-files-archive",
          "communities": "https://works.hcommons.org/api/records/xmv0e-hmt91/communities",
          "communities-suggestions": "https://works.hcommons.org/api/records/xmv0e-hmt91/communities-suggestions",
          "doi": "https://doi.org/10.17613/xmv0e-hmt91",
          "draft": "https://works.hcommons.org/api/records/xmv0e-hmt91/draft",
          "files": "https://works.hcommons.org/api/records/xmv0e-hmt91/files",
          "latest": "https://works.hcommons.org/api/records/xmv0e-hmt91/versions/latest",
          "latest_html": "https://works.hcommons.org/records/xmv0e-hmt91/latest",
          "media_files": "https://works.hcommons.org/api/records/xmv0e-hmt91/media-files",
          "parent": "https://works.hcommons.org/api/records/wvsma-wm468",
          "parent_doi": "https://works.hcommons.org/doi/10.17613/wvsma-wm468",
          "parent_html": "https://works.hcommons.org/records/wvsma-wm468",
          "requests": "https://works.hcommons.org/api/records/xmv0e-hmt91/requests",
          "reserve_doi": "https://works.hcommons.org/api/records/xmv0e-hmt91/draft/pids/doi",
          "self": "https://works.hcommons.org/api/records/xmv0e-hmt91",
          "self_doi": "https://works.hcommons.org/doi/10.17613/xmv0e-hmt91",
          "self_html": "https://works.hcommons.org/records/xmv0e-hmt91",
          "self_iiif_manifest": "https://works.hcommons.org/api/iiif/record:xmv0e-hmt91/manifest",
          "self_iiif_sequence": "https://works.hcommons.org/api/iiif/record:xmv0e-hmt91/sequence/default",
          "versions": "https://works.hcommons.org/api/records/xmv0e-hmt91/versions"
        },
        "media_files": {
          "count": 0,
          "enabled": false,
          "entries": {},
          "order": [],
          "total_bytes": 0
        },
        "metadata": {
          "creators": [
            {
              "person_or_org": {
                "family_name": "O'Brien",
                "given_name": "April",
                "name": "O'Brien, April",
                "type": "personal"
              },
              "role": {
                "id": "author",
                "title": {
                  "en": "Author"
                }
              }
            }
          ],
          "identifiers": [
            {
              "identifier": "MN-x_-",
              "scheme": "import-recid"
            },
            {
              "identifier": "https://jcrt.org/archives/16.1/obrien/",
              "scheme": "url"
            }
          ],
          "languages": [
            {
              "id": "eng",
              "title": {
                "en": "English"
              }
            }
          ],
          "publication_date": "2016",
          "publisher": "Whitestone Publications",
          "resource_type": {
            "id": "textDocument-journalArticle",
            "title": {
              "de": "Zeitschriftenartikel",
              "en": "Journal article"
            }
          },
          "rights": [
            {
              "link": "https://jcrt.org/copyright/",
              "title": {
                "en": "Copyright held by the author(s). Published in the Journal for Cultural and Religious Theory."
              }
            }
          ],
          "subjects": [
            {
              "id": "http://id.worldcat.org/fast/963588",
              "scheme": "FAST-topical",
              "subject": "Humanities"
            },
            {
              "id": "http://id.worldcat.org/fast/1122603",
              "scheme": "FAST-topical",
              "subject": "Social justice"
            }
          ],
          "title": "The Ghosts of Pendleton: Artist's Statement."
        },
        "parent": {
          "access": {
            "grants": [],
            "links": [],
            "owned_by": {
              "user": "3742"
            },
            "settings": {
              "accept_conditions_text": null,
              "allow_guest_requests": false,
              "allow_user_requests": false,
              "secret_link_expiration": 0
            }
          },
          "communities": {
            "default": "9545d87d-59f1-4af1-a8ef-e7fb7357897d",
            "entries": [
              {
                "access": {
                  "member_policy": "open",
                  "members_visibility": "public",
                  "record_policy": "open",
                  "review_policy": "closed",
                  "visibility": "public"
                },
                "children": {
                  "allow": false
                },
                "created": "2026-08-30T10:31:09.579726+00:00",
                "custom_fields": {
                  "stats:dashboard_enabled": false
                },
                "deletion_status": {
                  "is_deleted": false,
                  "status": "P"
                },
                "id": "9545d87d-59f1-4af1-a8ef-e7fb7357897d",
                "links": {},
                "metadata": {
                  "description": "JCRT 16.1",
                  "title": "JCRT 16.1",
                  "type": {
                    "id": "journal"
                  },
                  "website": "https://jcrt.org/archives/16.1/"
                },
                "revision_id": 3,
                "slug": "jcrt-161",
                "updated": "2026-08-30T10:31:10.314052+00:00"
              }
            ],
            "ids": [
              "9545d87d-59f1-4af1-a8ef-e7fb7357897d"
            ]
          },
          "id": "wvsma-wm468",
          "pids": {
            "doi": {
              "client": "datacite",
              "identifier": "10.17613/wvsma-wm468",
              "provider": "datacite"
            }
          }
        },
        "pids": {
          "doi": {
            "client": "datacite",
            "identifier": "10.17613/xmv0e-hmt91",
            "provider": "datacite"
          },
          "oai": {
            "identifier": "oai:https://works.hcommons.org:xmv0e-hmt91",
            "provider": "oai"
          }
        },
        "revision_id": 5,
        "stats": {
          "all_versions": {
            "data_volume": 0.0,
            "downloads": 0,
            "unique_downloads": 0,
            "unique_views": 0,
            "views": 0
          },
          "this_version": {
            "data_volume": 0.0,
            "downloads": 0,
            "unique_downloads": 0,
            "unique_views": 0,
            "views": 0
          }
        },
        "status": "published",
        "updated": "2026-08-30T10:31:40.016952+00:00",
        "versions": {
          "index": 1,
          "is_latest": true,
          "is_latest_draft": true
        }
      },
      "record_id": "xmv0e-hmt91",
      "record_url": "https://works.hcommons.org/records/xmv0e-hmt91",
      "source_id": ""
    }
  ],
  "errors": [],
  "message": "All records were successfully imported",
  "status": "success"
}