{
  "data": [
    {
      "collection_id": "9545d87d-59f1-4af1-a8ef-e7fb7357897d",
      "errors": [],
      "files": {
        "IntroFigueiredo.pdf": {
          "messages": [],
          "status": "uploaded"
        }
      },
      "item_index": 0,
      "metadata": {
        "access": {
          "embargo": {
            "active": false,
            "reason": null
          },
          "files": "public",
          "record": "public",
          "status": "open"
        },
        "created": "2026-08-30T10:31:23.283773+00:00",
        "custom_fields": {
          "journal:journal": {
            "issn": "1530-5228",
            "issue": "1",
            "pages": "1-4",
            "title": "Journal for Cultural & Religious Theory",
            "volume": "16"
          },
          "kcr:user_defined_tags": [
            "taylor",
            "humanities",
            "gregory-l",
            "ulmer",
            "victor"
          ]
        },
        "deletion_status": {
          "is_deleted": false,
          "status": "P"
        },
        "files": {
          "count": 1,
          "enabled": true,
          "entries": {
            "IntroFigueiredo.pdf": {
              "access": {
                "hidden": false
              },
              "checksum": "md5:c0836b7c860bf1f5f5a7abb6ae3dea91",
              "ext": "pdf",
              "id": "d3e2a597-31e8-480e-b24a-50c437241c00",
              "key": "IntroFigueiredo.pdf",
              "links": {
                "content": "https://works.hcommons.org/api/records/qwrfm-8s096/files/IntroFigueiredo.pdf/content",
                "iiif_api": "https://works.hcommons.org/api/iiif/record:qwrfm-8s096:IntroFigueiredo.pdf/full/full/0/default.png",
                "iiif_base": "https://works.hcommons.org/api/iiif/record:qwrfm-8s096:IntroFigueiredo.pdf",
                "iiif_canvas": "https://works.hcommons.org/api/iiif/record:qwrfm-8s096/canvas/IntroFigueiredo.pdf",
                "iiif_info": "https://works.hcommons.org/api/iiif/record:qwrfm-8s096:IntroFigueiredo.pdf/info.json",
                "self": "https://works.hcommons.org/api/records/qwrfm-8s096/files/IntroFigueiredo.pdf"
              },
              "metadata": {},
              "mimetype": "application/pdf",
              "size": 284272,
              "storage_class": "L"
            }
          },
          "order": [],
          "total_bytes": 284272
        },
        "id": "qwrfm-8s096",
        "is_draft": false,
        "is_published": true,
        "links": {
          "access": "https://works.hcommons.org/api/records/qwrfm-8s096/access",
          "access_grants": "https://works.hcommons.org/api/records/qwrfm-8s096/access/grants",
          "access_groups": "https://works.hcommons.org/api/records/qwrfm-8s096/access/groups",
          "access_links": "https://works.hcommons.org/api/records/qwrfm-8s096/access/links",
          "access_request": "https://works.hcommons.org/api/records/qwrfm-8s096/access/request",
          "access_users": "https://works.hcommons.org/api/records/qwrfm-8s096/access/users",
          "archive": "https://works.hcommons.org/api/records/qwrfm-8s096/files-archive",
          "archive_media": "https://works.hcommons.org/api/records/qwrfm-8s096/media-files-archive",
          "communities": "https://works.hcommons.org/api/records/qwrfm-8s096/communities",
          "communities-suggestions": "https://works.hcommons.org/api/records/qwrfm-8s096/communities-suggestions",
          "doi": "https://doi.org/10.17613/qwrfm-8s096",
          "draft": "https://works.hcommons.org/api/records/qwrfm-8s096/draft",
          "files": "https://works.hcommons.org/api/records/qwrfm-8s096/files",
          "latest": "https://works.hcommons.org/api/records/qwrfm-8s096/versions/latest",
          "latest_html": "https://works.hcommons.org/records/qwrfm-8s096/latest",
          "media_files": "https://works.hcommons.org/api/records/qwrfm-8s096/media-files",
          "parent": "https://works.hcommons.org/api/records/mhvcc-z0855",
          "parent_doi": "https://works.hcommons.org/doi/10.17613/mhvcc-z0855",
          "parent_html": "https://works.hcommons.org/records/mhvcc-z0855",
          "requests": "https://works.hcommons.org/api/records/qwrfm-8s096/requests",
          "reserve_doi": "https://works.hcommons.org/api/records/qwrfm-8s096/draft/pids/doi",
          "self": "https://works.hcommons.org/api/records/qwrfm-8s096",
          "self_doi": "https://works.hcommons.org/doi/10.17613/qwrfm-8s096",
          "self_html": "https://works.hcommons.org/records/qwrfm-8s096",
          "self_iiif_manifest": "https://works.hcommons.org/api/iiif/record:qwrfm-8s096/manifest",
          "self_iiif_sequence": "https://works.hcommons.org/api/iiif/record:qwrfm-8s096/sequence/default",
          "versions": "https://works.hcommons.org/api/records/qwrfm-8s096/versions"
        },
        "media_files": {
          "count": 0,
          "enabled": false,
          "entries": {},
          "order": [],
          "total_bytes": 0
        },
        "metadata": {
          "creators": [
            {
              "person_or_org": {
                "family_name": "Figueiredo",
                "given_name": "Sergio C.",
                "name": "Figueiredo, Sergio C.",
                "type": "personal"
              },
              "role": {
                "id": "author",
                "title": {
                  "en": "Author"
                }
              }
            }
          ],
          "identifiers": [
            {
              "identifier": "BRNCtU",
              "scheme": "import-recid"
            },
            {
              "identifier": "https://jcrt.org/archives/16.1/figueiredo/",
              "scheme": "url"
            }
          ],
          "languages": [
            {
              "id": "eng",
              "title": {
                "en": "English"
              }
            }
          ],
          "publication_date": "2016",
          "publisher": "Whitestone Publications",
          "resource_type": {
            "id": "textDocument-journalArticle",
            "title": {
              "de": "Zeitschriftenartikel",
              "en": "Journal article"
            }
          },
          "rights": [
            {
              "link": "https://jcrt.org/copyright/",
              "title": {
                "en": "Copyright held by the author(s). Published in the Journal for Cultural and Religious Theory."
              }
            }
          ],
          "subjects": [
            {
              "id": "http://id.worldcat.org/fast/963588",
              "scheme": "FAST-topical",
              "subject": "Humanities"
            }
          ],
          "title": "Introduction to the Journal of Cultural and Religious Theory Special Issue On"
        },
        "parent": {
          "access": {
            "grants": [],
            "links": [],
            "owned_by": {
              "user": "3742"
            },
            "settings": {
              "accept_conditions_text": null,
              "allow_guest_requests": false,
              "allow_user_requests": false,
              "secret_link_expiration": 0
            }
          },
          "communities": {
            "default": "9545d87d-59f1-4af1-a8ef-e7fb7357897d",
            "entries": [
              {
                "access": {
                  "member_policy": "open",
                  "members_visibility": "public",
                  "record_policy": "open",
                  "review_policy": "closed",
                  "visibility": "public"
                },
                "children": {
                  "allow": false
                },
                "created": "2026-08-30T10:31:09.579726+00:00",
                "custom_fields": {
                  "stats:dashboard_enabled": false
                },
                "deletion_status": {
                  "is_deleted": false,
                  "status": "P"
                },
                "id": "9545d87d-59f1-4af1-a8ef-e7fb7357897d",
                "links": {},
                "metadata": {
                  "description": "JCRT 16.1",
                  "title": "JCRT 16.1",
                  "type": {
                    "id": "journal"
                  },
                  "website": "https://jcrt.org/archives/16.1/"
                },
                "revision_id": 3,
                "slug": "jcrt-161",
                "updated": "2026-08-30T10:31:10.314052+00:00"
              }
            ],
            "ids": [
              "9545d87d-59f1-4af1-a8ef-e7fb7357897d"
            ]
          },
          "id": "mhvcc-z0855",
          "pids": {
            "doi": {
              "client": "datacite",
              "identifier": "10.17613/mhvcc-z0855",
              "provider": "datacite"
            }
          }
        },
        "pids": {
          "doi": {
            "client": "datacite",
            "identifier": "10.17613/qwrfm-8s096",
            "provider": "datacite"
          },
          "oai": {
            "identifier": "oai:https://works.hcommons.org:qwrfm-8s096",
            "provider": "oai"
          }
        },
        "revision_id": 5,
        "stats": {
          "all_versions": {
            "data_volume": 0.0,
            "downloads": 0,
            "unique_downloads": 0,
            "unique_views": 0,
            "views": 0
          },
          "this_version": {
            "data_volume": 0.0,
            "downloads": 0,
            "unique_downloads": 0,
            "unique_views": 0,
            "views": 0
          }
        },
        "status": "published",
        "updated": "2026-08-30T10:31:23.488813+00:00",
        "versions": {
          "index": 1,
          "is_latest": true,
          "is_latest_draft": true
        }
      },
      "record_id": "qwrfm-8s096",
      "record_url": "https://works.hcommons.org/records/qwrfm-8s096",
      "source_id": ""
    },
    {
      "collection_id": "9545d87d-59f1-4af1-a8ef-e7fb7357897d",
      "errors": [],
      "files": {
        "InterviewGaia.pdf": {
          "messages": [],
          "status": "uploaded"
        }
      },
      "item_index": 1,
      "metadata": {
        "access": {
          "embargo": {
            "active": false,
            "reason": null
          },
          "files": "public",
          "record": "public",
          "status": "open"
        },
        "created": "2026-08-30T10:31:25.154439+00:00",
        "custom_fields": {
          "journal:journal": {
            "issn": "1530-5228",
            "issue": "1",
            "pages": "",
            "title": "Journal for Cultural & Religious Theory",
            "volume": "16"
          },
          "kcr:user_defined_tags": [
            "street-art",
            "gaia",
            "muralism",
            "graffiti",
            "public-space",
            "gentrification",
            "civic-dialogue",
            "urban-art",
            "community-engagement",
            "race-and-class",
            "public-art",
            "civic-humanities"
          ]
        },
        "deletion_status": {
          "is_deleted": false,
          "status": "P"
        },
        "files": {
          "count": 1,
          "enabled": true,
          "entries": {
            "InterviewGaia.pdf": {
              "access": {
                "hidden": false
              },
              "checksum": "md5:131e0380b5f4d07e2668512d04e1a03d",
              "ext": "pdf",
              "id": "d8e68c01-4e57-45ad-96ae-238c65f975a6",
              "key": "InterviewGaia.pdf",
              "links": {
                "content": "https://works.hcommons.org/api/records/1j4rr-gnz65/files/InterviewGaia.pdf/content",
                "iiif_api": "https://works.hcommons.org/api/iiif/record:1j4rr-gnz65:InterviewGaia.pdf/full/full/0/default.png",
                "iiif_base": "https://works.hcommons.org/api/iiif/record:1j4rr-gnz65:InterviewGaia.pdf",
                "iiif_canvas": "https://works.hcommons.org/api/iiif/record:1j4rr-gnz65/canvas/InterviewGaia.pdf",
                "iiif_info": "https://works.hcommons.org/api/iiif/record:1j4rr-gnz65:InterviewGaia.pdf/info.json",
                "self": "https://works.hcommons.org/api/records/1j4rr-gnz65/files/InterviewGaia.pdf"
              },
              "metadata": {},
              "mimetype": "application/pdf",
              "size": 294335,
              "storage_class": "L"
            }
          },
          "order": [],
          "total_bytes": 294335
        },
        "id": "1j4rr-gnz65",
        "is_draft": false,
        "is_published": true,
        "links": {
          "access": "https://works.hcommons.org/api/records/1j4rr-gnz65/access",
          "access_grants": "https://works.hcommons.org/api/records/1j4rr-gnz65/access/grants",
          "access_groups": "https://works.hcommons.org/api/records/1j4rr-gnz65/access/groups",
          "access_links": "https://works.hcommons.org/api/records/1j4rr-gnz65/access/links",
          "access_request": "https://works.hcommons.org/api/records/1j4rr-gnz65/access/request",
          "access_users": "https://works.hcommons.org/api/records/1j4rr-gnz65/access/users",
          "archive": "https://works.hcommons.org/api/records/1j4rr-gnz65/files-archive",
          "archive_media": "https://works.hcommons.org/api/records/1j4rr-gnz65/media-files-archive",
          "communities": "https://works.hcommons.org/api/records/1j4rr-gnz65/communities",
          "communities-suggestions": "https://works.hcommons.org/api/records/1j4rr-gnz65/communities-suggestions",
          "doi": "https://doi.org/10.17613/1j4rr-gnz65",
          "draft": "https://works.hcommons.org/api/records/1j4rr-gnz65/draft",
          "files": "https://works.hcommons.org/api/records/1j4rr-gnz65/files",
          "latest": "https://works.hcommons.org/api/records/1j4rr-gnz65/versions/latest",
          "latest_html": "https://works.hcommons.org/records/1j4rr-gnz65/latest",
          "media_files": "https://works.hcommons.org/api/records/1j4rr-gnz65/media-files",
          "parent": "https://works.hcommons.org/api/records/pwhmv-ca422",
          "parent_doi": "https://works.hcommons.org/doi/10.17613/pwhmv-ca422",
          "parent_html": "https://works.hcommons.org/records/pwhmv-ca422",
          "requests": "https://works.hcommons.org/api/records/1j4rr-gnz65/requests",
          "reserve_doi": "https://works.hcommons.org/api/records/1j4rr-gnz65/draft/pids/doi",
          "self": "https://works.hcommons.org/api/records/1j4rr-gnz65",
          "self_doi": "https://works.hcommons.org/doi/10.17613/1j4rr-gnz65",
          "self_html": "https://works.hcommons.org/records/1j4rr-gnz65",
          "self_iiif_manifest": "https://works.hcommons.org/api/iiif/record:1j4rr-gnz65/manifest",
          "self_iiif_sequence": "https://works.hcommons.org/api/iiif/record:1j4rr-gnz65/sequence/default",
          "versions": "https://works.hcommons.org/api/records/1j4rr-gnz65/versions"
        },
        "media_files": {
          "count": 0,
          "enabled": false,
          "entries": {},
          "order": [],
          "total_bytes": 0
        },
        "metadata": {
          "creators": [
            {
              "person_or_org": {
                "family_name": "Clay-Robinson",
                "given_name": "Shelly",
                "name": "Clay-Robinson, Shelly",
                "type": "personal"
              },
              "role": {
                "id": "author",
                "title": {
                  "en": "Author"
                }
              }
            }
          ],
          "identifiers": [
            {
              "identifier": "PSM5-t",
              "scheme": "import-recid"
            },
            {
              "identifier": "https://jcrt.org/archives/16.1/interviewgaia/",
              "scheme": "url"
            }
          ],
          "languages": [
            {
              "id": "eng",
              "title": {
                "en": "English"
              }
            }
          ],
          "publication_date": "2016",
          "publisher": "Whitestone Publications",
          "resource_type": {
            "id": "textDocument-journalArticle",
            "title": {
              "de": "Zeitschriftenartikel",
              "en": "Journal article"
            }
          },
          "rights": [
            {
              "link": "https://jcrt.org/copyright/",
              "title": {
                "en": "Copyright held by the author(s). Published in the Journal for Cultural and Religious Theory."
              }
            }
          ],
          "subjects": [
            {
              "id": "http://id.worldcat.org/fast/940296",
              "scheme": "FAST-topical",
              "subject": "Gentrification"
            },
            {
              "id": "http://id.worldcat.org/fast/945846",
              "scheme": "FAST-topical",
              "subject": "Graffiti"
            },
            {
              "id": "http://id.worldcat.org/fast/1082064",
              "scheme": "FAST-topical",
              "subject": "Public art"
            },
            {
              "id": "http://id.worldcat.org/fast/1134650",
              "scheme": "FAST-topical",
              "subject": "Street art"
            }
          ],
          "title": "Street Art and Civic Dialogue: an Interview with Gaia"
        },
        "parent": {
          "access": {
            "grants": [],
            "links": [],
            "owned_by": {
              "user": "3742"
            },
            "settings": {
              "accept_conditions_text": null,
              "allow_guest_requests": false,
              "allow_user_requests": false,
              "secret_link_expiration": 0
            }
          },
          "communities": {
            "default": "9545d87d-59f1-4af1-a8ef-e7fb7357897d",
            "entries": [
              {
                "access": {
                  "member_policy": "open",
                  "members_visibility": "public",
                  "record_policy": "open",
                  "review_policy": "closed",
                  "visibility": "public"
                },
                "children": {
                  "allow": false
                },
                "created": "2026-08-30T10:31:09.579726+00:00",
                "custom_fields": {
                  "stats:dashboard_enabled": false
                },
                "deletion_status": {
                  "is_deleted": false,
                  "status": "P"
                },
                "id": "9545d87d-59f1-4af1-a8ef-e7fb7357897d",
                "links": {},
                "metadata": {
                  "description": "JCRT 16.1",
                  "title": "JCRT 16.1",
                  "type": {
                    "id": "journal"
                  },
                  "website": "https://jcrt.org/archives/16.1/"
                },
                "revision_id": 3,
                "slug": "jcrt-161",
                "updated": "2026-08-30T10:31:10.314052+00:00"
              }
            ],
            "ids": [
              "9545d87d-59f1-4af1-a8ef-e7fb7357897d"
            ]
          },
          "id": "pwhmv-ca422",
          "pids": {
            "doi": {
              "client": "datacite",
              "identifier": "10.17613/pwhmv-ca422",
              "provider": "datacite"
            }
          }
        },
        "pids": {
          "doi": {
            "client": "datacite",
            "identifier": "10.17613/1j4rr-gnz65",
            "provider": "datacite"
          },
          "oai": {
            "identifier": "oai:https://works.hcommons.org:1j4rr-gnz65",
            "provider": "oai"
          }
        },
        "revision_id": 5,
        "stats": {
          "all_versions": {
            "data_volume": 0.0,
            "downloads": 0,
            "unique_downloads": 0,
            "unique_views": 0,
            "views": 0
          },
          "this_version": {
            "data_volume": 0.0,
            "downloads": 0,
            "unique_downloads": 0,
            "unique_views": 0,
            "views": 0
          }
        },
        "status": "published",
        "updated": "2026-08-30T10:31:25.366795+00:00",
        "versions": {
          "index": 1,
          "is_latest": true,
          "is_latest_draft": true
        }
      },
      "record_id": "1j4rr-gnz65",
      "record_url": "https://works.hcommons.org/records/1j4rr-gnz65",
      "source_id": ""
    },
    {
      "collection_id": "9545d87d-59f1-4af1-a8ef-e7fb7357897d",
      "errors": [],
      "files": {
        "InterviewGiroux.pdf": {
          "messages": [],
          "status": "uploaded"
        }
      },
      "item_index": 2,
      "metadata": {
        "access": {
          "embargo": {
            "active": false,
            "reason": null
          },
          "files": "public",
          "record": "public",
          "status": "open"
        },
        "created": "2026-08-30T10:31:26.990337+00:00",
        "custom_fields": {
          "journal:journal": {
            "issn": "1530-5228",
            "issue": "1",
            "pages": "",
            "title": "Journal for Cultural & Religious Theory",
            "volume": "16"
          },
          "kcr:user_defined_tags": [
            "henry-giroux",
            "critical-pedagogy",
            "civic-engagement",
            "neoliberalism",
            "higher-education",
            "public-intellectual",
            "community-engagement",
            "market-fundamentalism",
            "volunteerism",
            "democracy",
            "civic-humanities",
            "social-justice"
          ]
        },
        "deletion_status": {
          "is_deleted": false,
          "status": "P"
        },
        "files": {
          "count": 1,
          "enabled": true,
          "entries": {
            "InterviewGiroux.pdf": {
              "access": {
                "hidden": false
              },
              "checksum": "md5:22592f141b33841a528f6e2d0a4c8d77",
              "ext": "pdf",
              "id": "b588ae6e-88d1-477e-a6ff-b8a2ffdacfa4",
              "key": "InterviewGiroux.pdf",
              "links": {
                "content": "https://works.hcommons.org/api/records/1hyrk-vgk45/files/InterviewGiroux.pdf/content",
                "iiif_api": "https://works.hcommons.org/api/iiif/record:1hyrk-vgk45:InterviewGiroux.pdf/full/full/0/default.png",
                "iiif_base": "https://works.hcommons.org/api/iiif/record:1hyrk-vgk45:InterviewGiroux.pdf",
                "iiif_canvas": "https://works.hcommons.org/api/iiif/record:1hyrk-vgk45/canvas/InterviewGiroux.pdf",
                "iiif_info": "https://works.hcommons.org/api/iiif/record:1hyrk-vgk45:InterviewGiroux.pdf/info.json",
                "self": "https://works.hcommons.org/api/records/1hyrk-vgk45/files/InterviewGiroux.pdf"
              },
              "metadata": {},
              "mimetype": "application/pdf",
              "size": 348698,
              "storage_class": "L"
            }
          },
          "order": [],
          "total_bytes": 348698
        },
        "id": "1hyrk-vgk45",
        "is_draft": false,
        "is_published": true,
        "links": {
          "access": "https://works.hcommons.org/api/records/1hyrk-vgk45/access",
          "access_grants": "https://works.hcommons.org/api/records/1hyrk-vgk45/access/grants",
          "access_groups": "https://works.hcommons.org/api/records/1hyrk-vgk45/access/groups",
          "access_links": "https://works.hcommons.org/api/records/1hyrk-vgk45/access/links",
          "access_request": "https://works.hcommons.org/api/records/1hyrk-vgk45/access/request",
          "access_users": "https://works.hcommons.org/api/records/1hyrk-vgk45/access/users",
          "archive": "https://works.hcommons.org/api/records/1hyrk-vgk45/files-archive",
          "archive_media": "https://works.hcommons.org/api/records/1hyrk-vgk45/media-files-archive",
          "communities": "https://works.hcommons.org/api/records/1hyrk-vgk45/communities",
          "communities-suggestions": "https://works.hcommons.org/api/records/1hyrk-vgk45/communities-suggestions",
          "doi": "https://doi.org/10.17613/1hyrk-vgk45",
          "draft": "https://works.hcommons.org/api/records/1hyrk-vgk45/draft",
          "files": "https://works.hcommons.org/api/records/1hyrk-vgk45/files",
          "latest": "https://works.hcommons.org/api/records/1hyrk-vgk45/versions/latest",
          "latest_html": "https://works.hcommons.org/records/1hyrk-vgk45/latest",
          "media_files": "https://works.hcommons.org/api/records/1hyrk-vgk45/media-files",
          "parent": "https://works.hcommons.org/api/records/fkzrd-7n092",
          "parent_doi": "https://works.hcommons.org/doi/10.17613/fkzrd-7n092",
          "parent_html": "https://works.hcommons.org/records/fkzrd-7n092",
          "requests": "https://works.hcommons.org/api/records/1hyrk-vgk45/requests",
          "reserve_doi": "https://works.hcommons.org/api/records/1hyrk-vgk45/draft/pids/doi",
          "self": "https://works.hcommons.org/api/records/1hyrk-vgk45",
          "self_doi": "https://works.hcommons.org/doi/10.17613/1hyrk-vgk45",
          "self_html": "https://works.hcommons.org/records/1hyrk-vgk45",
          "self_iiif_manifest": "https://works.hcommons.org/api/iiif/record:1hyrk-vgk45/manifest",
          "self_iiif_sequence": "https://works.hcommons.org/api/iiif/record:1hyrk-vgk45/sequence/default",
          "versions": "https://works.hcommons.org/api/records/1hyrk-vgk45/versions"
        },
        "media_files": {
          "count": 0,
          "enabled": false,
          "entries": {},
          "order": [],
          "total_bytes": 0
        },
        "metadata": {
          "creators": [
            {
              "person_or_org": {
                "family_name": "Taylor",
                "given_name": "Victor",
                "name": "Taylor, Victor",
                "type": "personal"
              },
              "role": {
                "id": "author",
                "title": {
                  "en": "Author"
                }
              }
            }
          ],
          "identifiers": [
            {
              "identifier": "OHjUqu",
              "scheme": "import-recid"
            },
            {
              "identifier": "https://jcrt.org/archives/16.1/interviewgiroux/",
              "scheme": "url"
            }
          ],
          "languages": [
            {
              "id": "eng",
              "title": {
                "en": "English"
              }
            }
          ],
          "publication_date": "2016",
          "publisher": "Whitestone Publications",
          "resource_type": {
            "id": "textDocument-journalArticle",
            "title": {
              "de": "Zeitschriftenartikel",
              "en": "Journal article"
            }
          },
          "rights": [
            {
              "link": "https://jcrt.org/copyright/",
              "title": {
                "en": "Copyright held by the author(s). Published in the Journal for Cultural and Religious Theory."
              }
            }
          ],
          "subjects": [
            {
              "id": "http://id.worldcat.org/fast/883676",
              "scheme": "FAST-topical",
              "subject": "Critical pedagogy"
            },
            {
              "id": "http://id.worldcat.org/fast/890077",
              "scheme": "FAST-topical",
              "subject": "Democracy"
            },
            {
              "id": "http://id.worldcat.org/fast/903005",
              "scheme": "FAST-topical",
              "subject": "Education, Higher"
            },
            {
              "id": "http://id.worldcat.org/fast/1737382",
              "scheme": "FAST-topical",
              "subject": "Neoliberalism"
            },
            {
              "id": "http://id.worldcat.org/fast/1122603",
              "scheme": "FAST-topical",
              "subject": "Social justice"
            },
            {
              "id": "http://id.worldcat.org/fast/1168976",
              "scheme": "FAST-topical",
              "subject": "Voluntarism"
            }
          ],
          "title": "An Interview with Henry Giroux"
        },
        "parent": {
          "access": {
            "grants": [],
            "links": [],
            "owned_by": {
              "user": "3742"
            },
            "settings": {
              "accept_conditions_text": null,
              "allow_guest_requests": false,
              "allow_user_requests": false,
              "secret_link_expiration": 0
            }
          },
          "communities": {
            "default": "9545d87d-59f1-4af1-a8ef-e7fb7357897d",
            "entries": [
              {
                "access": {
                  "member_policy": "open",
                  "members_visibility": "public",
                  "record_policy": "open",
                  "review_policy": "closed",
                  "visibility": "public"
                },
                "children": {
                  "allow": false
                },
                "created": "2026-08-30T10:31:09.579726+00:00",
                "custom_fields": {
                  "stats:dashboard_enabled": false
                },
                "deletion_status": {
                  "is_deleted": false,
                  "status": "P"
                },
                "id": "9545d87d-59f1-4af1-a8ef-e7fb7357897d",
                "links": {},
                "metadata": {
                  "description": "JCRT 16.1",
                  "title": "JCRT 16.1",
                  "type": {
                    "id": "journal"
                  },
                  "website": "https://jcrt.org/archives/16.1/"
                },
                "revision_id": 3,
                "slug": "jcrt-161",
                "updated": "2026-08-30T10:31:10.314052+00:00"
              }
            ],
            "ids": [
              "9545d87d-59f1-4af1-a8ef-e7fb7357897d"
            ]
          },
          "id": "fkzrd-7n092",
          "pids": {
            "doi": {
              "client": "datacite",
              "identifier": "10.17613/fkzrd-7n092",
              "provider": "datacite"
            }
          }
        },
        "pids": {
          "doi": {
            "client": "datacite",
            "identifier": "10.17613/1hyrk-vgk45",
            "provider": "datacite"
          },
          "oai": {
            "identifier": "oai:https://works.hcommons.org:1hyrk-vgk45",
            "provider": "oai"
          }
        },
        "revision_id": 5,
        "stats": {
          "all_versions": {
            "data_volume": 0.0,
            "downloads": 0,
            "unique_downloads": 0,
            "unique_views": 0,
            "views": 0
          },
          "this_version": {
            "data_volume": 0.0,
            "downloads": 0,
            "unique_downloads": 0,
            "unique_views": 0,
            "views": 0
          }
        },
        "status": "published",
        "updated": "2026-08-30T10:31:27.219457+00:00",
        "versions": {
          "index": 1,
          "is_latest": true,
          "is_latest_draft": true
        }
      },
      "record_id": "1hyrk-vgk45",
      "record_url": "https://works.hcommons.org/records/1hyrk-vgk45",
      "source_id": ""
    },
    {
      "collection_id": "9545d87d-59f1-4af1-a8ef-e7fb7357897d",
      "errors": [],
      "files": {
        "InterviewSousanis.pdf": {
          "messages": [],
          "status": "uploaded"
        }
      },
      "item_index": 3,
      "metadata": {
        "access": {
          "embargo": {
            "active": false,
            "reason": null
          },
          "files": "public",
          "record": "public",
          "status": "open"
        },
        "created": "2026-08-30T10:31:28.838116+00:00",
        "custom_fields": {
          "journal:journal": {
            "issn": "1530-5228",
            "issue": "1",
            "pages": "",
            "title": "Journal for Cultural & Religious Theory",
            "volume": "16"
          },
          "kcr:user_defined_tags": [
            "nick-sousanis",
            "comics-as-scholarship",
            "unflattening",
            "visual-thinking",
            "graphic-dissertation",
            "comics",
            "visual-metaphor",
            "aesthetic-education",
            "maxine-greene",
            "accessibility",
            "higher-education",
            "civic-humanities"
          ]
        },
        "deletion_status": {
          "is_deleted": false,
          "status": "P"
        },
        "files": {
          "count": 1,
          "enabled": true,
          "entries": {
            "InterviewSousanis.pdf": {
              "access": {
                "hidden": false
              },
              "checksum": "md5:36f90bcae4d8c9a4cf7d155573ec3e43",
              "ext": "pdf",
              "id": "d873de00-cba7-4ad4-8889-9190cc05396b",
              "key": "InterviewSousanis.pdf",
              "links": {
                "content": "https://works.hcommons.org/api/records/k2bfv-6v739/files/InterviewSousanis.pdf/content",
                "iiif_api": "https://works.hcommons.org/api/iiif/record:k2bfv-6v739:InterviewSousanis.pdf/full/full/0/default.png",
                "iiif_base": "https://works.hcommons.org/api/iiif/record:k2bfv-6v739:InterviewSousanis.pdf",
                "iiif_canvas": "https://works.hcommons.org/api/iiif/record:k2bfv-6v739/canvas/InterviewSousanis.pdf",
                "iiif_info": "https://works.hcommons.org/api/iiif/record:k2bfv-6v739:InterviewSousanis.pdf/info.json",
                "self": "https://works.hcommons.org/api/records/k2bfv-6v739/files/InterviewSousanis.pdf"
              },
              "metadata": {},
              "mimetype": "application/pdf",
              "size": 475754,
              "storage_class": "L"
            }
          },
          "order": [],
          "total_bytes": 475754
        },
        "id": "k2bfv-6v739",
        "is_draft": false,
        "is_published": true,
        "links": {
          "access": "https://works.hcommons.org/api/records/k2bfv-6v739/access",
          "access_grants": "https://works.hcommons.org/api/records/k2bfv-6v739/access/grants",
          "access_groups": "https://works.hcommons.org/api/records/k2bfv-6v739/access/groups",
          "access_links": "https://works.hcommons.org/api/records/k2bfv-6v739/access/links",
          "access_request": "https://works.hcommons.org/api/records/k2bfv-6v739/access/request",
          "access_users": "https://works.hcommons.org/api/records/k2bfv-6v739/access/users",
          "archive": "https://works.hcommons.org/api/records/k2bfv-6v739/files-archive",
          "archive_media": "https://works.hcommons.org/api/records/k2bfv-6v739/media-files-archive",
          "communities": "https://works.hcommons.org/api/records/k2bfv-6v739/communities",
          "communities-suggestions": "https://works.hcommons.org/api/records/k2bfv-6v739/communities-suggestions",
          "doi": "https://doi.org/10.17613/k2bfv-6v739",
          "draft": "https://works.hcommons.org/api/records/k2bfv-6v739/draft",
          "files": "https://works.hcommons.org/api/records/k2bfv-6v739/files",
          "latest": "https://works.hcommons.org/api/records/k2bfv-6v739/versions/latest",
          "latest_html": "https://works.hcommons.org/records/k2bfv-6v739/latest",
          "media_files": "https://works.hcommons.org/api/records/k2bfv-6v739/media-files",
          "parent": "https://works.hcommons.org/api/records/7kq0v-2jq57",
          "parent_doi": "https://works.hcommons.org/doi/10.17613/7kq0v-2jq57",
          "parent_html": "https://works.hcommons.org/records/7kq0v-2jq57",
          "requests": "https://works.hcommons.org/api/records/k2bfv-6v739/requests",
          "reserve_doi": "https://works.hcommons.org/api/records/k2bfv-6v739/draft/pids/doi",
          "self": "https://works.hcommons.org/api/records/k2bfv-6v739",
          "self_doi": "https://works.hcommons.org/doi/10.17613/k2bfv-6v739",
          "self_html": "https://works.hcommons.org/records/k2bfv-6v739",
          "self_iiif_manifest": "https://works.hcommons.org/api/iiif/record:k2bfv-6v739/manifest",
          "self_iiif_sequence": "https://works.hcommons.org/api/iiif/record:k2bfv-6v739/sequence/default",
          "versions": "https://works.hcommons.org/api/records/k2bfv-6v739/versions"
        },
        "media_files": {
          "count": 0,
          "enabled": false,
          "entries": {},
          "order": [],
          "total_bytes": 0
        },
        "metadata": {
          "creators": [
            {
              "person_or_org": {
                "family_name": "Stowe",
                "given_name": "S. Andrew",
                "name": "Stowe, S. Andrew",
                "type": "personal"
              },
              "role": {
                "id": "author",
                "title": {
                  "en": "Author"
                }
              }
            }
          ],
          "identifiers": [
            {
              "identifier": "uyagD2",
              "scheme": "import-recid"
            },
            {
              "identifier": "https://jcrt.org/archives/16.1/interviewsousanis/",
              "scheme": "url"
            }
          ],
          "languages": [
            {
              "id": "eng",
              "title": {
                "en": "English"
              }
            }
          ],
          "publication_date": "2016",
          "publisher": "Whitestone Publications",
          "resource_type": {
            "id": "textDocument-journalArticle",
            "title": {
              "de": "Zeitschriftenartikel",
              "en": "Journal article"
            }
          },
          "rights": [
            {
              "link": "https://jcrt.org/copyright/",
              "title": {
                "en": "Copyright held by the author(s). Published in the Journal for Cultural and Religious Theory."
              }
            }
          ],
          "subjects": [
            {
              "id": "http://id.worldcat.org/fast/869145",
              "scheme": "FAST-topical",
              "subject": "Comic books, strips, etc."
            },
            {
              "id": "http://id.worldcat.org/fast/903005",
              "scheme": "FAST-topical",
              "subject": "Education, Higher"
            },
            {
              "id": "http://id.worldcat.org/fast/2005848",
              "scheme": "FAST-topical",
              "subject": "Visual metaphor"
            }
          ],
          "title": "An Interview with Nick Sousanis"
        },
        "parent": {
          "access": {
            "grants": [],
            "links": [],
            "owned_by": {
              "user": "3742"
            },
            "settings": {
              "accept_conditions_text": null,
              "allow_guest_requests": false,
              "allow_user_requests": false,
              "secret_link_expiration": 0
            }
          },
          "communities": {
            "default": "9545d87d-59f1-4af1-a8ef-e7fb7357897d",
            "entries": [
              {
                "access": {
                  "member_policy": "open",
                  "members_visibility": "public",
                  "record_policy": "open",
                  "review_policy": "closed",
                  "visibility": "public"
                },
                "children": {
                  "allow": false
                },
                "created": "2026-08-30T10:31:09.579726+00:00",
                "custom_fields": {
                  "stats:dashboard_enabled": false
                },
                "deletion_status": {
                  "is_deleted": false,
                  "status": "P"
                },
                "id": "9545d87d-59f1-4af1-a8ef-e7fb7357897d",
                "links": {},
                "metadata": {
                  "description": "JCRT 16.1",
                  "title": "JCRT 16.1",
                  "type": {
                    "id": "journal"
                  },
                  "website": "https://jcrt.org/archives/16.1/"
                },
                "revision_id": 3,
                "slug": "jcrt-161",
                "updated": "2026-08-30T10:31:10.314052+00:00"
              }
            ],
            "ids": [
              "9545d87d-59f1-4af1-a8ef-e7fb7357897d"
            ]
          },
          "id": "7kq0v-2jq57",
          "pids": {
            "doi": {
              "client": "datacite",
              "identifier": "10.17613/7kq0v-2jq57",
              "provider": "datacite"
            }
          }
        },
        "pids": {
          "doi": {
            "client": "datacite",
            "identifier": "10.17613/k2bfv-6v739",
            "provider": "datacite"
          },
          "oai": {
            "identifier": "oai:https://works.hcommons.org:k2bfv-6v739",
            "provider": "oai"
          }
        },
        "revision_id": 5,
        "stats": {
          "all_versions": {
            "data_volume": 0.0,
            "downloads": 0,
            "unique_downloads": 0,
            "unique_views": 0,
            "views": 0
          },
          "this_version": {
            "data_volume": 0.0,
            "downloads": 0,
            "unique_downloads": 0,
            "unique_views": 0,
            "views": 0
          }
        },
        "status": "published",
        "updated": "2026-08-30T10:31:29.053186+00:00",
        "versions": {
          "index": 1,
          "is_latest": true,
          "is_latest_draft": true
        }
      },
      "record_id": "k2bfv-6v739",
      "record_url": "https://works.hcommons.org/records/k2bfv-6v739",
      "source_id": ""
    }
  ],
  "errors": [],
  "message": "All records were successfully imported",
  "status": "success"
}