{
  "data": [
    {
      "collection_id": "5c82d585-280d-4970-9304-5f6322e201b8",
      "errors": [],
      "files": {
        "Introduction.pdf": {
          "messages": [],
          "status": "uploaded"
        }
      },
      "item_index": 0,
      "metadata": {
        "access": {
          "embargo": {
            "active": false,
            "reason": null
          },
          "files": "public",
          "record": "public",
          "status": "open"
        },
        "created": "2026-08-30T10:29:26.023123+00:00",
        "custom_fields": {
          "journal:journal": {
            "issn": "1530-5228",
            "issue": "3",
            "pages": "260-270",
            "title": "Journal for Cultural & Religious Theory",
            "volume": "16"
          },
          "kcr:user_defined_tags": [
            "genealogy",
            "salvation-in-christianity",
            "all-other-personal-services"
          ]
        },
        "deletion_status": {
          "is_deleted": false,
          "status": "P"
        },
        "files": {
          "count": 1,
          "enabled": true,
          "entries": {
            "Introduction.pdf": {
              "access": {
                "hidden": false
              },
              "checksum": "md5:53907e2dc966f968b24b86c03cfea3ed",
              "ext": "pdf",
              "id": "2b85e073-99bb-4f89-a68a-ac3a9aa56279",
              "key": "Introduction.pdf",
              "links": {
                "content": "https://works.hcommons.org/api/records/fbct4-n1191/files/Introduction.pdf/content",
                "iiif_api": "https://works.hcommons.org/api/iiif/record:fbct4-n1191:Introduction.pdf/full/full/0/default.png",
                "iiif_base": "https://works.hcommons.org/api/iiif/record:fbct4-n1191:Introduction.pdf",
                "iiif_canvas": "https://works.hcommons.org/api/iiif/record:fbct4-n1191/canvas/Introduction.pdf",
                "iiif_info": "https://works.hcommons.org/api/iiif/record:fbct4-n1191:Introduction.pdf/info.json",
                "self": "https://works.hcommons.org/api/records/fbct4-n1191/files/Introduction.pdf"
              },
              "metadata": {},
              "mimetype": "application/pdf",
              "size": 596631,
              "storage_class": "L"
            }
          },
          "order": [],
          "total_bytes": 596631
        },
        "id": "fbct4-n1191",
        "is_draft": false,
        "is_published": true,
        "links": {
          "access": "https://works.hcommons.org/api/records/fbct4-n1191/access",
          "access_grants": "https://works.hcommons.org/api/records/fbct4-n1191/access/grants",
          "access_groups": "https://works.hcommons.org/api/records/fbct4-n1191/access/groups",
          "access_links": "https://works.hcommons.org/api/records/fbct4-n1191/access/links",
          "access_request": "https://works.hcommons.org/api/records/fbct4-n1191/access/request",
          "access_users": "https://works.hcommons.org/api/records/fbct4-n1191/access/users",
          "archive": "https://works.hcommons.org/api/records/fbct4-n1191/files-archive",
          "archive_media": "https://works.hcommons.org/api/records/fbct4-n1191/media-files-archive",
          "communities": "https://works.hcommons.org/api/records/fbct4-n1191/communities",
          "communities-suggestions": "https://works.hcommons.org/api/records/fbct4-n1191/communities-suggestions",
          "doi": "https://doi.org/10.17613/fbct4-n1191",
          "draft": "https://works.hcommons.org/api/records/fbct4-n1191/draft",
          "files": "https://works.hcommons.org/api/records/fbct4-n1191/files",
          "latest": "https://works.hcommons.org/api/records/fbct4-n1191/versions/latest",
          "latest_html": "https://works.hcommons.org/records/fbct4-n1191/latest",
          "media_files": "https://works.hcommons.org/api/records/fbct4-n1191/media-files",
          "parent": "https://works.hcommons.org/api/records/233zg-z0q47",
          "parent_doi": "https://works.hcommons.org/doi/10.17613/233zg-z0q47",
          "parent_html": "https://works.hcommons.org/records/233zg-z0q47",
          "requests": "https://works.hcommons.org/api/records/fbct4-n1191/requests",
          "reserve_doi": "https://works.hcommons.org/api/records/fbct4-n1191/draft/pids/doi",
          "self": "https://works.hcommons.org/api/records/fbct4-n1191",
          "self_doi": "https://works.hcommons.org/doi/10.17613/fbct4-n1191",
          "self_html": "https://works.hcommons.org/records/fbct4-n1191",
          "self_iiif_manifest": "https://works.hcommons.org/api/iiif/record:fbct4-n1191/manifest",
          "self_iiif_sequence": "https://works.hcommons.org/api/iiif/record:fbct4-n1191/sequence/default",
          "versions": "https://works.hcommons.org/api/records/fbct4-n1191/versions"
        },
        "media_files": {
          "count": 0,
          "enabled": false,
          "entries": {},
          "order": [],
          "total_bytes": 0
        },
        "metadata": {
          "creators": [
            {
              "person_or_org": {
                "family_name": "Raschke",
                "given_name": "Carl A.",
                "name": "Raschke, Carl A.",
                "type": "personal"
              },
              "role": {
                "id": "author",
                "title": {
                  "en": "Author"
                }
              }
            }
          ],
          "identifiers": [
            {
              "identifier": "Et3RlK",
              "scheme": "import-recid"
            },
            {
              "identifier": "https://jcrt.org/archives/16.3/raschke/",
              "scheme": "url"
            }
          ],
          "languages": [
            {
              "id": "eng",
              "title": {
                "en": "English"
              }
            }
          ],
          "publication_date": "2017",
          "publisher": "Whitestone Publications",
          "resource_type": {
            "id": "textDocument-journalArticle",
            "title": {
              "de": "Zeitschriftenartikel",
              "en": "Journal article"
            }
          },
          "rights": [
            {
              "link": "https://jcrt.org/copyright/",
              "title": {
                "en": "Copyright held by the author(s). Published in the Journal for Cultural and Religious Theory."
              }
            }
          ],
          "subjects": [
            {
              "id": "http://id.worldcat.org/fast/939652",
              "scheme": "FAST-topical",
              "subject": "Genealogy"
            }
          ],
          "title": "The End of Theology and the Event of Truth: an Introduction"
        },
        "parent": {
          "access": {
            "grants": [],
            "links": [],
            "owned_by": {
              "user": "3742"
            },
            "settings": {
              "accept_conditions_text": null,
              "allow_guest_requests": false,
              "allow_user_requests": false,
              "secret_link_expiration": 0
            }
          },
          "communities": {
            "default": "5c82d585-280d-4970-9304-5f6322e201b8",
            "entries": [
              {
                "access": {
                  "member_policy": "open",
                  "members_visibility": "public",
                  "record_policy": "open",
                  "review_policy": "closed",
                  "visibility": "public"
                },
                "children": {
                  "allow": false
                },
                "created": "2026-08-30T10:29:01.244290+00:00",
                "custom_fields": {
                  "stats:dashboard_enabled": false
                },
                "deletion_status": {
                  "is_deleted": false,
                  "status": "P"
                },
                "id": "5c82d585-280d-4970-9304-5f6322e201b8",
                "links": {},
                "metadata": {
                  "description": "JCRT 16.3",
                  "title": "JCRT 16.3",
                  "type": {
                    "id": "journal"
                  },
                  "website": "https://jcrt.org/archives/16.3/"
                },
                "revision_id": 3,
                "slug": "jcrt-163",
                "updated": "2026-08-30T10:29:01.933655+00:00"
              }
            ],
            "ids": [
              "5c82d585-280d-4970-9304-5f6322e201b8"
            ]
          },
          "id": "233zg-z0q47",
          "pids": {
            "doi": {
              "client": "datacite",
              "identifier": "10.17613/233zg-z0q47",
              "provider": "datacite"
            }
          }
        },
        "pids": {
          "doi": {
            "client": "datacite",
            "identifier": "10.17613/fbct4-n1191",
            "provider": "datacite"
          },
          "oai": {
            "identifier": "oai:https://works.hcommons.org:fbct4-n1191",
            "provider": "oai"
          }
        },
        "revision_id": 5,
        "stats": {
          "all_versions": {
            "data_volume": 0.0,
            "downloads": 0,
            "unique_downloads": 0,
            "unique_views": 0,
            "views": 0
          },
          "this_version": {
            "data_volume": 0.0,
            "downloads": 0,
            "unique_downloads": 0,
            "unique_views": 0,
            "views": 0
          }
        },
        "status": "published",
        "updated": "2026-08-30T10:29:26.236566+00:00",
        "versions": {
          "index": 1,
          "is_latest": true,
          "is_latest_draft": true
        }
      },
      "record_id": "fbct4-n1191",
      "record_url": "https://works.hcommons.org/records/fbct4-n1191",
      "source_id": ""
    },
    {
      "collection_id": "5c82d585-280d-4970-9304-5f6322e201b8",
      "errors": [],
      "files": {
        "Weaver.pdf": {
          "messages": [],
          "status": "uploaded"
        }
      },
      "item_index": 1,
      "metadata": {
        "access": {
          "embargo": {
            "active": false,
            "reason": null
          },
          "files": "public",
          "record": "public",
          "status": "open"
        },
        "created": "2026-08-30T10:29:28.178157+00:00",
        "custom_fields": {
          "journal:journal": {
            "issn": "1530-5228",
            "issue": "3",
            "pages": "367-381",
            "title": "Journal for Cultural & Religious Theory",
            "volume": "16"
          },
          "kcr:user_defined_tags": [
            "secularization-theology",
            "theologians",
            "alain",
            "badiou"
          ]
        },
        "deletion_status": {
          "is_deleted": false,
          "status": "P"
        },
        "files": {
          "count": 1,
          "enabled": true,
          "entries": {
            "Weaver.pdf": {
              "access": {
                "hidden": false
              },
              "checksum": "md5:3fbce78b9ebbbaa284f8dac4f329e6fd",
              "ext": "pdf",
              "id": "af4bf0f8-75cf-4033-ad0a-e325e2968e20",
              "key": "Weaver.pdf",
              "links": {
                "content": "https://works.hcommons.org/api/records/ab3nk-dmn87/files/Weaver.pdf/content",
                "iiif_api": "https://works.hcommons.org/api/iiif/record:ab3nk-dmn87:Weaver.pdf/full/full/0/default.png",
                "iiif_base": "https://works.hcommons.org/api/iiif/record:ab3nk-dmn87:Weaver.pdf",
                "iiif_canvas": "https://works.hcommons.org/api/iiif/record:ab3nk-dmn87/canvas/Weaver.pdf",
                "iiif_info": "https://works.hcommons.org/api/iiif/record:ab3nk-dmn87:Weaver.pdf/info.json",
                "self": "https://works.hcommons.org/api/records/ab3nk-dmn87/files/Weaver.pdf"
              },
              "metadata": {},
              "mimetype": "application/pdf",
              "size": 686619,
              "storage_class": "L"
            }
          },
          "order": [],
          "total_bytes": 686619
        },
        "id": "ab3nk-dmn87",
        "is_draft": false,
        "is_published": true,
        "links": {
          "access": "https://works.hcommons.org/api/records/ab3nk-dmn87/access",
          "access_grants": "https://works.hcommons.org/api/records/ab3nk-dmn87/access/grants",
          "access_groups": "https://works.hcommons.org/api/records/ab3nk-dmn87/access/groups",
          "access_links": "https://works.hcommons.org/api/records/ab3nk-dmn87/access/links",
          "access_request": "https://works.hcommons.org/api/records/ab3nk-dmn87/access/request",
          "access_users": "https://works.hcommons.org/api/records/ab3nk-dmn87/access/users",
          "archive": "https://works.hcommons.org/api/records/ab3nk-dmn87/files-archive",
          "archive_media": "https://works.hcommons.org/api/records/ab3nk-dmn87/media-files-archive",
          "communities": "https://works.hcommons.org/api/records/ab3nk-dmn87/communities",
          "communities-suggestions": "https://works.hcommons.org/api/records/ab3nk-dmn87/communities-suggestions",
          "doi": "https://doi.org/10.17613/ab3nk-dmn87",
          "draft": "https://works.hcommons.org/api/records/ab3nk-dmn87/draft",
          "files": "https://works.hcommons.org/api/records/ab3nk-dmn87/files",
          "latest": "https://works.hcommons.org/api/records/ab3nk-dmn87/versions/latest",
          "latest_html": "https://works.hcommons.org/records/ab3nk-dmn87/latest",
          "media_files": "https://works.hcommons.org/api/records/ab3nk-dmn87/media-files",
          "parent": "https://works.hcommons.org/api/records/3vxq8-sae36",
          "parent_doi": "https://works.hcommons.org/doi/10.17613/3vxq8-sae36",
          "parent_html": "https://works.hcommons.org/records/3vxq8-sae36",
          "requests": "https://works.hcommons.org/api/records/ab3nk-dmn87/requests",
          "reserve_doi": "https://works.hcommons.org/api/records/ab3nk-dmn87/draft/pids/doi",
          "self": "https://works.hcommons.org/api/records/ab3nk-dmn87",
          "self_doi": "https://works.hcommons.org/doi/10.17613/ab3nk-dmn87",
          "self_html": "https://works.hcommons.org/records/ab3nk-dmn87",
          "self_iiif_manifest": "https://works.hcommons.org/api/iiif/record:ab3nk-dmn87/manifest",
          "self_iiif_sequence": "https://works.hcommons.org/api/iiif/record:ab3nk-dmn87/sequence/default",
          "versions": "https://works.hcommons.org/api/records/ab3nk-dmn87/versions"
        },
        "media_files": {
          "count": 0,
          "enabled": false,
          "entries": {},
          "order": [],
          "total_bytes": 0
        },
        "metadata": {
          "creators": [
            {
              "person_or_org": {
                "family_name": "Weaver",
                "given_name": "Taylor",
                "name": "Weaver, Taylor",
                "type": "personal"
              },
              "role": {
                "id": "author",
                "title": {
                  "en": "Author"
                }
              }
            }
          ],
          "identifiers": [
            {
              "identifier": "ij9t6N",
              "scheme": "import-recid"
            },
            {
              "identifier": "https://jcrt.org/archives/16.3/weaver/",
              "scheme": "url"
            }
          ],
          "languages": [
            {
              "id": "eng",
              "title": {
                "en": "English"
              }
            }
          ],
          "publication_date": "2017",
          "publisher": "Whitestone Publications",
          "resource_type": {
            "id": "textDocument-journalArticle",
            "title": {
              "de": "Zeitschriftenartikel",
              "en": "Journal article"
            }
          },
          "rights": [
            {
              "link": "https://jcrt.org/copyright/",
              "title": {
                "en": "Copyright held by the author(s). Published in the Journal for Cultural and Religious Theory."
              }
            }
          ],
          "subjects": [
            {
              "id": "http://id.worldcat.org/fast/1110740",
              "scheme": "FAST-topical",
              "subject": "Secularization (Theology)"
            },
            {
              "id": "http://id.worldcat.org/fast/1149517",
              "scheme": "FAST-topical",
              "subject": "Theologians"
            }
          ],
          "title": "Badiou and Pauline Theology: Detecting a Theology of Death."
        },
        "parent": {
          "access": {
            "grants": [],
            "links": [],
            "owned_by": {
              "user": "3742"
            },
            "settings": {
              "accept_conditions_text": null,
              "allow_guest_requests": false,
              "allow_user_requests": false,
              "secret_link_expiration": 0
            }
          },
          "communities": {
            "default": "5c82d585-280d-4970-9304-5f6322e201b8",
            "entries": [
              {
                "access": {
                  "member_policy": "open",
                  "members_visibility": "public",
                  "record_policy": "open",
                  "review_policy": "closed",
                  "visibility": "public"
                },
                "children": {
                  "allow": false
                },
                "created": "2026-08-30T10:29:01.244290+00:00",
                "custom_fields": {
                  "stats:dashboard_enabled": false
                },
                "deletion_status": {
                  "is_deleted": false,
                  "status": "P"
                },
                "id": "5c82d585-280d-4970-9304-5f6322e201b8",
                "links": {},
                "metadata": {
                  "description": "JCRT 16.3",
                  "title": "JCRT 16.3",
                  "type": {
                    "id": "journal"
                  },
                  "website": "https://jcrt.org/archives/16.3/"
                },
                "revision_id": 3,
                "slug": "jcrt-163",
                "updated": "2026-08-30T10:29:01.933655+00:00"
              }
            ],
            "ids": [
              "5c82d585-280d-4970-9304-5f6322e201b8"
            ]
          },
          "id": "3vxq8-sae36",
          "pids": {
            "doi": {
              "client": "datacite",
              "identifier": "10.17613/3vxq8-sae36",
              "provider": "datacite"
            }
          }
        },
        "pids": {
          "doi": {
            "client": "datacite",
            "identifier": "10.17613/ab3nk-dmn87",
            "provider": "datacite"
          },
          "oai": {
            "identifier": "oai:https://works.hcommons.org:ab3nk-dmn87",
            "provider": "oai"
          }
        },
        "revision_id": 5,
        "stats": {
          "all_versions": {
            "data_volume": 0.0,
            "downloads": 0,
            "unique_downloads": 0,
            "unique_views": 0,
            "views": 0
          },
          "this_version": {
            "data_volume": 0.0,
            "downloads": 0,
            "unique_downloads": 0,
            "unique_views": 0,
            "views": 0
          }
        },
        "status": "published",
        "updated": "2026-08-30T10:29:28.545492+00:00",
        "versions": {
          "index": 1,
          "is_latest": true,
          "is_latest_draft": true
        }
      },
      "record_id": "ab3nk-dmn87",
      "record_url": "https://works.hcommons.org/records/ab3nk-dmn87",
      "source_id": ""
    }
  ],
  "errors": [],
  "message": "All records were successfully imported",
  "status": "success"
}