{
  "status": 200,
  "message": "16.3 records verified in KC Works",
  "errors": [],
  "data": [
    {
      "record_id": "wfs9t-sdk36"
    },
    {
      "record_id": "s97xg-acc33"
    },
    {
      "record_id": "4hkg1-9k577"
    },
    {
      "record_id": "8b5y6-2tk90"
    },
    {
      "record_id": "8s4t1-0xh94"
    },
    {
      "record_id": "rp3dx-5f916"
    },
    {
      "record_id": "vqz9r-t1768"
    },
    {
      "record_id": "87zty-mh694"
    },
    {
      "record_id": "fbct4-n1191"
    },
    {
      "record_id": "ab3nk-dmn87"
    }
  ]
}
