{
  "status": 200,
  "message": "17.1 records verified in KC Works",
  "errors": [],
  "data": [
    {
      "record_id": "yp96a-pt029"
    },
    {
      "record_id": "hwh2c-crf31"
    },
    {
      "record_id": "rm5fd-6wj23"
    },
    {
      "record_id": "b9dc3-62s04"
    },
    {
      "record_id": "p6nv8-nh021"
    },
    {
      "record_id": "q1197-n7010"
    },
    {
      "record_id": "790en-ger95"
    },
    {
      "record_id": "wyw5a-czw68"
    },
    {
      "record_id": "kenpj-hnd82"
    },
    {
      "record_id": "18kfw-0ex40"
    },
    {
      "record_id": "d2v6q-4eg70"
    }
  ]
}
