{
  "data": [
    {
      "collection_id": "a07a49eb-d6bc-464b-92fb-df572554d011",
      "errors": [],
      "files": {
        "Beiner.pdf": {
          "messages": [],
          "status": "uploaded"
        }
      },
      "item_index": 0,
      "metadata": {
        "access": {
          "embargo": {
            "active": false,
            "reason": null
          },
          "files": "public",
          "record": "public",
          "status": "open"
        },
        "created": "2026-08-30T10:28:20.083918+00:00",
        "custom_fields": {
          "journal:journal": {
            "issn": "1530-5228",
            "issue": "1",
            "pages": "1-16",
            "title": "Journal for Cultural & Religious Theory",
            "volume": "17"
          },
          "kcr:user_defined_tags": [
            "1892-1940",
            "benjamin",
            "walter",
            "1906-1975",
            "arendt",
            "hannah"
          ]
        },
        "deletion_status": {
          "is_deleted": false,
          "status": "P"
        },
        "files": {
          "count": 1,
          "enabled": true,
          "entries": {
            "Beiner.pdf": {
              "access": {
                "hidden": false
              },
              "checksum": "md5:2d1f8ec6d30110b5321a7c3ed997e89b",
              "ext": "pdf",
              "id": "64937173-be2a-4d38-a505-8d5a404d6419",
              "key": "Beiner.pdf",
              "links": {
                "content": "https://works.hcommons.org/api/records/yp96a-pt029/files/Beiner.pdf/content",
                "iiif_api": "https://works.hcommons.org/api/iiif/record:yp96a-pt029:Beiner.pdf/full/full/0/default.png",
                "iiif_base": "https://works.hcommons.org/api/iiif/record:yp96a-pt029:Beiner.pdf",
                "iiif_canvas": "https://works.hcommons.org/api/iiif/record:yp96a-pt029/canvas/Beiner.pdf",
                "iiif_info": "https://works.hcommons.org/api/iiif/record:yp96a-pt029:Beiner.pdf/info.json",
                "self": "https://works.hcommons.org/api/records/yp96a-pt029/files/Beiner.pdf"
              },
              "metadata": {},
              "mimetype": "application/pdf",
              "size": 706352,
              "storage_class": "L"
            }
          },
          "order": [],
          "total_bytes": 706352
        },
        "id": "yp96a-pt029",
        "is_draft": false,
        "is_published": true,
        "links": {
          "access": "https://works.hcommons.org/api/records/yp96a-pt029/access",
          "access_grants": "https://works.hcommons.org/api/records/yp96a-pt029/access/grants",
          "access_groups": "https://works.hcommons.org/api/records/yp96a-pt029/access/groups",
          "access_links": "https://works.hcommons.org/api/records/yp96a-pt029/access/links",
          "access_request": "https://works.hcommons.org/api/records/yp96a-pt029/access/request",
          "access_users": "https://works.hcommons.org/api/records/yp96a-pt029/access/users",
          "archive": "https://works.hcommons.org/api/records/yp96a-pt029/files-archive",
          "archive_media": "https://works.hcommons.org/api/records/yp96a-pt029/media-files-archive",
          "communities": "https://works.hcommons.org/api/records/yp96a-pt029/communities",
          "communities-suggestions": "https://works.hcommons.org/api/records/yp96a-pt029/communities-suggestions",
          "doi": "https://doi.org/10.17613/yp96a-pt029",
          "draft": "https://works.hcommons.org/api/records/yp96a-pt029/draft",
          "files": "https://works.hcommons.org/api/records/yp96a-pt029/files",
          "latest": "https://works.hcommons.org/api/records/yp96a-pt029/versions/latest",
          "latest_html": "https://works.hcommons.org/records/yp96a-pt029/latest",
          "media_files": "https://works.hcommons.org/api/records/yp96a-pt029/media-files",
          "parent": "https://works.hcommons.org/api/records/2rxkn-a3x57",
          "parent_doi": "https://works.hcommons.org/doi/10.17613/2rxkn-a3x57",
          "parent_html": "https://works.hcommons.org/records/2rxkn-a3x57",
          "requests": "https://works.hcommons.org/api/records/yp96a-pt029/requests",
          "reserve_doi": "https://works.hcommons.org/api/records/yp96a-pt029/draft/pids/doi",
          "self": "https://works.hcommons.org/api/records/yp96a-pt029",
          "self_doi": "https://works.hcommons.org/doi/10.17613/yp96a-pt029",
          "self_html": "https://works.hcommons.org/records/yp96a-pt029",
          "self_iiif_manifest": "https://works.hcommons.org/api/iiif/record:yp96a-pt029/manifest",
          "self_iiif_sequence": "https://works.hcommons.org/api/iiif/record:yp96a-pt029/sequence/default",
          "versions": "https://works.hcommons.org/api/records/yp96a-pt029/versions"
        },
        "media_files": {
          "count": 0,
          "enabled": false,
          "entries": {},
          "order": [],
          "total_bytes": 0
        },
        "metadata": {
          "creators": [
            {
              "person_or_org": {
                "family_name": "Beiner",
                "given_name": "Ronald",
                "name": "Beiner, Ronald",
                "type": "personal"
              },
              "role": {
                "id": "author",
                "title": {
                  "en": "Author"
                }
              }
            }
          ],
          "identifiers": [
            {
              "identifier": "N71HAw",
              "scheme": "import-recid"
            },
            {
              "identifier": "https://jcrt.org/archives/17.1/beiner/",
              "scheme": "url"
            }
          ],
          "languages": [
            {
              "id": "eng",
              "title": {
                "en": "English"
              }
            }
          ],
          "publication_date": "2018",
          "publisher": "Whitestone Publications",
          "resource_type": {
            "id": "textDocument-journalArticle",
            "title": {
              "de": "Zeitschriftenartikel",
              "en": "Journal article"
            }
          },
          "rights": [
            {
              "link": "https://jcrt.org/copyright/",
              "title": {
                "en": "Copyright held by the author(s). Published in the Journal for Cultural and Religious Theory."
              }
            }
          ],
          "subjects": [
            {
              "id": "http://id.worldcat.org/fast/1093763",
              "scheme": "FAST-topical",
              "subject": "Religion"
            }
          ],
          "title": "Benjamin's Concept of History as a Source of Arendt's Idea of Judgment."
        },
        "parent": {
          "access": {
            "grants": [],
            "links": [],
            "owned_by": {
              "user": "3742"
            },
            "settings": {
              "accept_conditions_text": null,
              "allow_guest_requests": false,
              "allow_user_requests": false,
              "secret_link_expiration": 0
            }
          },
          "communities": {
            "default": "a07a49eb-d6bc-464b-92fb-df572554d011",
            "entries": [
              {
                "access": {
                  "member_policy": "open",
                  "members_visibility": "public",
                  "record_policy": "open",
                  "review_policy": "closed",
                  "visibility": "public"
                },
                "children": {
                  "allow": false
                },
                "created": "2026-08-30T10:28:16.178305+00:00",
                "custom_fields": {
                  "stats:dashboard_enabled": false
                },
                "deletion_status": {
                  "is_deleted": false,
                  "status": "P"
                },
                "id": "a07a49eb-d6bc-464b-92fb-df572554d011",
                "links": {},
                "metadata": {
                  "description": "JCRT 17.1",
                  "title": "JCRT 17.1",
                  "type": {
                    "id": "journal"
                  },
                  "website": "https://jcrt.org/archives/17.1/"
                },
                "revision_id": 3,
                "slug": "jcrt-171",
                "updated": "2026-08-30T10:28:16.804363+00:00"
              }
            ],
            "ids": [
              "a07a49eb-d6bc-464b-92fb-df572554d011"
            ]
          },
          "id": "2rxkn-a3x57",
          "pids": {
            "doi": {
              "client": "datacite",
              "identifier": "10.17613/2rxkn-a3x57",
              "provider": "datacite"
            }
          }
        },
        "pids": {
          "doi": {
            "client": "datacite",
            "identifier": "10.17613/yp96a-pt029",
            "provider": "datacite"
          },
          "oai": {
            "identifier": "oai:https://works.hcommons.org:yp96a-pt029",
            "provider": "oai"
          }
        },
        "revision_id": 5,
        "stats": {
          "all_versions": {
            "data_volume": 0.0,
            "downloads": 0,
            "unique_downloads": 0,
            "unique_views": 0,
            "views": 0
          },
          "this_version": {
            "data_volume": 0.0,
            "downloads": 0,
            "unique_downloads": 0,
            "unique_views": 0,
            "views": 0
          }
        },
        "status": "published",
        "updated": "2026-08-30T10:28:20.301215+00:00",
        "versions": {
          "index": 1,
          "is_latest": true,
          "is_latest_draft": true
        }
      },
      "record_id": "yp96a-pt029",
      "record_url": "https://works.hcommons.org/records/yp96a-pt029",
      "source_id": ""
    },
    {
      "collection_id": "a07a49eb-d6bc-464b-92fb-df572554d011",
      "errors": [],
      "files": {
        "Bielik.pdf": {
          "messages": [],
          "status": "uploaded"
        }
      },
      "item_index": 1,
      "metadata": {
        "access": {
          "embargo": {
            "active": false,
            "reason": null
          },
          "files": "public",
          "record": "public",
          "status": "open"
        },
        "created": "2026-08-30T10:28:21.858368+00:00",
        "custom_fields": {
          "journal:journal": {
            "issn": "1530-5228",
            "issue": "1",
            "pages": "17-36",
            "title": "Journal for Cultural & Religious Theory",
            "volume": "17"
          },
          "kcr:user_defined_tags": [
            "jews",
            "the",
            "finite"
          ]
        },
        "deletion_status": {
          "is_deleted": false,
          "status": "P"
        },
        "files": {
          "count": 1,
          "enabled": true,
          "entries": {
            "Bielik.pdf": {
              "access": {
                "hidden": false
              },
              "checksum": "md5:222d225e6b621665b6dda0f4b93d57ed",
              "ext": "pdf",
              "id": "91151238-d257-4058-a524-bb2e7523e06c",
              "key": "Bielik.pdf",
              "links": {
                "content": "https://works.hcommons.org/api/records/hwh2c-crf31/files/Bielik.pdf/content",
                "iiif_api": "https://works.hcommons.org/api/iiif/record:hwh2c-crf31:Bielik.pdf/full/full/0/default.png",
                "iiif_base": "https://works.hcommons.org/api/iiif/record:hwh2c-crf31:Bielik.pdf",
                "iiif_canvas": "https://works.hcommons.org/api/iiif/record:hwh2c-crf31/canvas/Bielik.pdf",
                "iiif_info": "https://works.hcommons.org/api/iiif/record:hwh2c-crf31:Bielik.pdf/info.json",
                "self": "https://works.hcommons.org/api/records/hwh2c-crf31/files/Bielik.pdf"
              },
              "metadata": {},
              "mimetype": "application/pdf",
              "size": 873402,
              "storage_class": "L"
            }
          },
          "order": [],
          "total_bytes": 873402
        },
        "id": "hwh2c-crf31",
        "is_draft": false,
        "is_published": true,
        "links": {
          "access": "https://works.hcommons.org/api/records/hwh2c-crf31/access",
          "access_grants": "https://works.hcommons.org/api/records/hwh2c-crf31/access/grants",
          "access_groups": "https://works.hcommons.org/api/records/hwh2c-crf31/access/groups",
          "access_links": "https://works.hcommons.org/api/records/hwh2c-crf31/access/links",
          "access_request": "https://works.hcommons.org/api/records/hwh2c-crf31/access/request",
          "access_users": "https://works.hcommons.org/api/records/hwh2c-crf31/access/users",
          "archive": "https://works.hcommons.org/api/records/hwh2c-crf31/files-archive",
          "archive_media": "https://works.hcommons.org/api/records/hwh2c-crf31/media-files-archive",
          "communities": "https://works.hcommons.org/api/records/hwh2c-crf31/communities",
          "communities-suggestions": "https://works.hcommons.org/api/records/hwh2c-crf31/communities-suggestions",
          "doi": "https://doi.org/10.17613/hwh2c-crf31",
          "draft": "https://works.hcommons.org/api/records/hwh2c-crf31/draft",
          "files": "https://works.hcommons.org/api/records/hwh2c-crf31/files",
          "latest": "https://works.hcommons.org/api/records/hwh2c-crf31/versions/latest",
          "latest_html": "https://works.hcommons.org/records/hwh2c-crf31/latest",
          "media_files": "https://works.hcommons.org/api/records/hwh2c-crf31/media-files",
          "parent": "https://works.hcommons.org/api/records/bft1y-sth54",
          "parent_doi": "https://works.hcommons.org/doi/10.17613/bft1y-sth54",
          "parent_html": "https://works.hcommons.org/records/bft1y-sth54",
          "requests": "https://works.hcommons.org/api/records/hwh2c-crf31/requests",
          "reserve_doi": "https://works.hcommons.org/api/records/hwh2c-crf31/draft/pids/doi",
          "self": "https://works.hcommons.org/api/records/hwh2c-crf31",
          "self_doi": "https://works.hcommons.org/doi/10.17613/hwh2c-crf31",
          "self_html": "https://works.hcommons.org/records/hwh2c-crf31",
          "self_iiif_manifest": "https://works.hcommons.org/api/iiif/record:hwh2c-crf31/manifest",
          "self_iiif_sequence": "https://works.hcommons.org/api/iiif/record:hwh2c-crf31/sequence/default",
          "versions": "https://works.hcommons.org/api/records/hwh2c-crf31/versions"
        },
        "media_files": {
          "count": 0,
          "enabled": false,
          "entries": {},
          "order": [],
          "total_bytes": 0
        },
        "metadata": {
          "creators": [
            {
              "person_or_org": {
                "family_name": "Bielik-Robson",
                "given_name": "Agata",
                "name": "Bielik-Robson, Agata",
                "type": "personal"
              },
              "role": {
                "id": "author",
                "title": {
                  "en": "Author"
                }
              }
            }
          ],
          "identifiers": [
            {
              "identifier": "rZ2QaR",
              "scheme": "import-recid"
            },
            {
              "identifier": "https://jcrt.org/archives/17.1/bielik/",
              "scheme": "url"
            }
          ],
          "languages": [
            {
              "id": "eng",
              "title": {
                "en": "English"
              }
            }
          ],
          "publication_date": "2018",
          "publisher": "Whitestone Publications",
          "resource_type": {
            "id": "textDocument-journalArticle",
            "title": {
              "de": "Zeitschriftenartikel",
              "en": "Journal article"
            }
          },
          "rights": [
            {
              "link": "https://jcrt.org/copyright/",
              "title": {
                "en": "Copyright held by the author(s). Published in the Journal for Cultural and Religious Theory."
              }
            }
          ],
          "subjects": [
            {
              "id": "http://id.worldcat.org/fast/983135",
              "scheme": "FAST-topical",
              "subject": "Jews"
            }
          ],
          "title": "Love Strong as Death: Jews Against Heidegger, on the Issue of Finitude."
        },
        "parent": {
          "access": {
            "grants": [],
            "links": [],
            "owned_by": {
              "user": "3742"
            },
            "settings": {
              "accept_conditions_text": null,
              "allow_guest_requests": false,
              "allow_user_requests": false,
              "secret_link_expiration": 0
            }
          },
          "communities": {
            "default": "a07a49eb-d6bc-464b-92fb-df572554d011",
            "entries": [
              {
                "access": {
                  "member_policy": "open",
                  "members_visibility": "public",
                  "record_policy": "open",
                  "review_policy": "closed",
                  "visibility": "public"
                },
                "children": {
                  "allow": false
                },
                "created": "2026-08-30T10:28:16.178305+00:00",
                "custom_fields": {
                  "stats:dashboard_enabled": false
                },
                "deletion_status": {
                  "is_deleted": false,
                  "status": "P"
                },
                "id": "a07a49eb-d6bc-464b-92fb-df572554d011",
                "links": {},
                "metadata": {
                  "description": "JCRT 17.1",
                  "title": "JCRT 17.1",
                  "type": {
                    "id": "journal"
                  },
                  "website": "https://jcrt.org/archives/17.1/"
                },
                "revision_id": 3,
                "slug": "jcrt-171",
                "updated": "2026-08-30T10:28:16.804363+00:00"
              }
            ],
            "ids": [
              "a07a49eb-d6bc-464b-92fb-df572554d011"
            ]
          },
          "id": "bft1y-sth54",
          "pids": {
            "doi": {
              "client": "datacite",
              "identifier": "10.17613/bft1y-sth54",
              "provider": "datacite"
            }
          }
        },
        "pids": {
          "doi": {
            "client": "datacite",
            "identifier": "10.17613/hwh2c-crf31",
            "provider": "datacite"
          },
          "oai": {
            "identifier": "oai:https://works.hcommons.org:hwh2c-crf31",
            "provider": "oai"
          }
        },
        "revision_id": 5,
        "stats": {
          "all_versions": {
            "data_volume": 0.0,
            "downloads": 0,
            "unique_downloads": 0,
            "unique_views": 0,
            "views": 0
          },
          "this_version": {
            "data_volume": 0.0,
            "downloads": 0,
            "unique_downloads": 0,
            "unique_views": 0,
            "views": 0
          }
        },
        "status": "published",
        "updated": "2026-08-30T10:28:22.067966+00:00",
        "versions": {
          "index": 1,
          "is_latest": true,
          "is_latest_draft": true
        }
      },
      "record_id": "hwh2c-crf31",
      "record_url": "https://works.hcommons.org/records/hwh2c-crf31",
      "source_id": ""
    },
    {
      "collection_id": "a07a49eb-d6bc-464b-92fb-df572554d011",
      "errors": [],
      "files": {
        "Caputo.pdf": {
          "messages": [],
          "status": "uploaded"
        }
      },
      "item_index": 2,
      "metadata": {
        "access": {
          "embargo": {
            "active": false,
            "reason": null
          },
          "files": "public",
          "record": "public",
          "status": "open"
        },
        "created": "2026-08-30T10:28:23.600358+00:00",
        "custom_fields": {
          "journal:journal": {
            "issn": "1530-5228",
            "issue": "1",
            "pages": "37-56",
            "title": "Journal for Cultural & Religious Theory",
            "volume": "17"
          },
          "kcr:user_defined_tags": [
            "catherine",
            "cloud-of-the-impossible-negative-theology-planetary-entanglement-book",
            "keller"
          ]
        },
        "deletion_status": {
          "is_deleted": false,
          "status": "P"
        },
        "files": {
          "count": 1,
          "enabled": true,
          "entries": {
            "Caputo.pdf": {
              "access": {
                "hidden": false
              },
              "checksum": "md5:9276c53ec3fb62ef1698b6be02fa3eee",
              "ext": "pdf",
              "id": "53e60c15-bc2b-4cac-9dc7-e1fe989e9003",
              "key": "Caputo.pdf",
              "links": {
                "content": "https://works.hcommons.org/api/records/rm5fd-6wj23/files/Caputo.pdf/content",
                "iiif_api": "https://works.hcommons.org/api/iiif/record:rm5fd-6wj23:Caputo.pdf/full/full/0/default.png",
                "iiif_base": "https://works.hcommons.org/api/iiif/record:rm5fd-6wj23:Caputo.pdf",
                "iiif_canvas": "https://works.hcommons.org/api/iiif/record:rm5fd-6wj23/canvas/Caputo.pdf",
                "iiif_info": "https://works.hcommons.org/api/iiif/record:rm5fd-6wj23:Caputo.pdf/info.json",
                "self": "https://works.hcommons.org/api/records/rm5fd-6wj23/files/Caputo.pdf"
              },
              "metadata": {},
              "mimetype": "application/pdf",
              "size": 1079914,
              "storage_class": "L"
            }
          },
          "order": [],
          "total_bytes": 1079914
        },
        "id": "rm5fd-6wj23",
        "is_draft": false,
        "is_published": true,
        "links": {
          "access": "https://works.hcommons.org/api/records/rm5fd-6wj23/access",
          "access_grants": "https://works.hcommons.org/api/records/rm5fd-6wj23/access/grants",
          "access_groups": "https://works.hcommons.org/api/records/rm5fd-6wj23/access/groups",
          "access_links": "https://works.hcommons.org/api/records/rm5fd-6wj23/access/links",
          "access_request": "https://works.hcommons.org/api/records/rm5fd-6wj23/access/request",
          "access_users": "https://works.hcommons.org/api/records/rm5fd-6wj23/access/users",
          "archive": "https://works.hcommons.org/api/records/rm5fd-6wj23/files-archive",
          "archive_media": "https://works.hcommons.org/api/records/rm5fd-6wj23/media-files-archive",
          "communities": "https://works.hcommons.org/api/records/rm5fd-6wj23/communities",
          "communities-suggestions": "https://works.hcommons.org/api/records/rm5fd-6wj23/communities-suggestions",
          "doi": "https://doi.org/10.17613/rm5fd-6wj23",
          "draft": "https://works.hcommons.org/api/records/rm5fd-6wj23/draft",
          "files": "https://works.hcommons.org/api/records/rm5fd-6wj23/files",
          "latest": "https://works.hcommons.org/api/records/rm5fd-6wj23/versions/latest",
          "latest_html": "https://works.hcommons.org/records/rm5fd-6wj23/latest",
          "media_files": "https://works.hcommons.org/api/records/rm5fd-6wj23/media-files",
          "parent": "https://works.hcommons.org/api/records/c7sjr-cap87",
          "parent_doi": "https://works.hcommons.org/doi/10.17613/c7sjr-cap87",
          "parent_html": "https://works.hcommons.org/records/c7sjr-cap87",
          "requests": "https://works.hcommons.org/api/records/rm5fd-6wj23/requests",
          "reserve_doi": "https://works.hcommons.org/api/records/rm5fd-6wj23/draft/pids/doi",
          "self": "https://works.hcommons.org/api/records/rm5fd-6wj23",
          "self_doi": "https://works.hcommons.org/doi/10.17613/rm5fd-6wj23",
          "self_html": "https://works.hcommons.org/records/rm5fd-6wj23",
          "self_iiif_manifest": "https://works.hcommons.org/api/iiif/record:rm5fd-6wj23/manifest",
          "self_iiif_sequence": "https://works.hcommons.org/api/iiif/record:rm5fd-6wj23/sequence/default",
          "versions": "https://works.hcommons.org/api/records/rm5fd-6wj23/versions"
        },
        "media_files": {
          "count": 0,
          "enabled": false,
          "entries": {},
          "order": [],
          "total_bytes": 0
        },
        "metadata": {
          "creators": [
            {
              "person_or_org": {
                "family_name": "Caputo",
                "given_name": "John D.",
                "name": "Caputo, John D.",
                "type": "personal"
              },
              "role": {
                "id": "author",
                "title": {
                  "en": "Author"
                }
              }
            }
          ],
          "identifiers": [
            {
              "identifier": "SVKJsO",
              "scheme": "import-recid"
            },
            {
              "identifier": "https://jcrt.org/archives/17.1/caputo/",
              "scheme": "url"
            }
          ],
          "languages": [
            {
              "id": "eng",
              "title": {
                "en": "English"
              }
            }
          ],
          "publication_date": "2018",
          "publisher": "Whitestone Publications",
          "resource_type": {
            "id": "textDocument-journalArticle",
            "title": {
              "de": "Zeitschriftenartikel",
              "en": "Journal article"
            }
          },
          "rights": [
            {
              "link": "https://jcrt.org/copyright/",
              "title": {
                "en": "Copyright held by the author(s). Published in the Journal for Cultural and Religious Theory."
              }
            }
          ],
          "subjects": [
            {
              "id": "http://id.worldcat.org/fast/1093763",
              "scheme": "FAST-topical",
              "subject": "Religion"
            }
          ],
          "title": "If There Is Such A Thing: Posse Ipsum, The Impossible, And Le Peut-\u00eatre M\u00eame Reading Catherine Keller's Cloud Of The Impossible"
        },
        "parent": {
          "access": {
            "grants": [],
            "links": [],
            "owned_by": {
              "user": "3742"
            },
            "settings": {
              "accept_conditions_text": null,
              "allow_guest_requests": false,
              "allow_user_requests": false,
              "secret_link_expiration": 0
            }
          },
          "communities": {
            "default": "a07a49eb-d6bc-464b-92fb-df572554d011",
            "entries": [
              {
                "access": {
                  "member_policy": "open",
                  "members_visibility": "public",
                  "record_policy": "open",
                  "review_policy": "closed",
                  "visibility": "public"
                },
                "children": {
                  "allow": false
                },
                "created": "2026-08-30T10:28:16.178305+00:00",
                "custom_fields": {
                  "stats:dashboard_enabled": false
                },
                "deletion_status": {
                  "is_deleted": false,
                  "status": "P"
                },
                "id": "a07a49eb-d6bc-464b-92fb-df572554d011",
                "links": {},
                "metadata": {
                  "description": "JCRT 17.1",
                  "title": "JCRT 17.1",
                  "type": {
                    "id": "journal"
                  },
                  "website": "https://jcrt.org/archives/17.1/"
                },
                "revision_id": 3,
                "slug": "jcrt-171",
                "updated": "2026-08-30T10:28:16.804363+00:00"
              }
            ],
            "ids": [
              "a07a49eb-d6bc-464b-92fb-df572554d011"
            ]
          },
          "id": "c7sjr-cap87",
          "pids": {
            "doi": {
              "client": "datacite",
              "identifier": "10.17613/c7sjr-cap87",
              "provider": "datacite"
            }
          }
        },
        "pids": {
          "doi": {
            "client": "datacite",
            "identifier": "10.17613/rm5fd-6wj23",
            "provider": "datacite"
          },
          "oai": {
            "identifier": "oai:https://works.hcommons.org:rm5fd-6wj23",
            "provider": "oai"
          }
        },
        "revision_id": 5,
        "stats": {
          "all_versions": {
            "data_volume": 0.0,
            "downloads": 0,
            "unique_downloads": 0,
            "unique_views": 0,
            "views": 0
          },
          "this_version": {
            "data_volume": 0.0,
            "downloads": 0,
            "unique_downloads": 0,
            "unique_views": 0,
            "views": 0
          }
        },
        "status": "published",
        "updated": "2026-08-30T10:28:23.811392+00:00",
        "versions": {
          "index": 1,
          "is_latest": true,
          "is_latest_draft": true
        }
      },
      "record_id": "rm5fd-6wj23",
      "record_url": "https://works.hcommons.org/records/rm5fd-6wj23",
      "source_id": ""
    },
    {
      "collection_id": "a07a49eb-d6bc-464b-92fb-df572554d011",
      "errors": [],
      "files": {
        "Dean.pdf": {
          "messages": [],
          "status": "uploaded"
        }
      },
      "item_index": 3,
      "metadata": {
        "access": {
          "embargo": {
            "active": false,
            "reason": null
          },
          "files": "public",
          "record": "public",
          "status": "open"
        },
        "created": "2026-08-30T10:28:25.417788+00:00",
        "custom_fields": {
          "journal:journal": {
            "issn": "1530-5228",
            "issue": "1",
            "pages": "36-49",
            "title": "Journal for Cultural & Religious Theory",
            "volume": "17"
          },
          "kcr:user_defined_tags": [
            "capitalism",
            "berardi",
            "franco"
          ]
        },
        "deletion_status": {
          "is_deleted": false,
          "status": "P"
        },
        "files": {
          "count": 1,
          "enabled": true,
          "entries": {
            "Dean.pdf": {
              "access": {
                "hidden": false
              },
              "checksum": "md5:6ccdf59c06c9d5cc5b6a8bb166b825dc",
              "ext": "pdf",
              "id": "2a580299-1647-4afa-9c40-1e9032d93e8b",
              "key": "Dean.pdf",
              "links": {
                "content": "https://works.hcommons.org/api/records/b9dc3-62s04/files/Dean.pdf/content",
                "iiif_api": "https://works.hcommons.org/api/iiif/record:b9dc3-62s04:Dean.pdf/full/full/0/default.png",
                "iiif_base": "https://works.hcommons.org/api/iiif/record:b9dc3-62s04:Dean.pdf",
                "iiif_canvas": "https://works.hcommons.org/api/iiif/record:b9dc3-62s04/canvas/Dean.pdf",
                "iiif_info": "https://works.hcommons.org/api/iiif/record:b9dc3-62s04:Dean.pdf/info.json",
                "self": "https://works.hcommons.org/api/records/b9dc3-62s04/files/Dean.pdf"
              },
              "metadata": {},
              "mimetype": "application/pdf",
              "size": 569977,
              "storage_class": "L"
            }
          },
          "order": [],
          "total_bytes": 569977
        },
        "id": "b9dc3-62s04",
        "is_draft": false,
        "is_published": true,
        "links": {
          "access": "https://works.hcommons.org/api/records/b9dc3-62s04/access",
          "access_grants": "https://works.hcommons.org/api/records/b9dc3-62s04/access/grants",
          "access_groups": "https://works.hcommons.org/api/records/b9dc3-62s04/access/groups",
          "access_links": "https://works.hcommons.org/api/records/b9dc3-62s04/access/links",
          "access_request": "https://works.hcommons.org/api/records/b9dc3-62s04/access/request",
          "access_users": "https://works.hcommons.org/api/records/b9dc3-62s04/access/users",
          "archive": "https://works.hcommons.org/api/records/b9dc3-62s04/files-archive",
          "archive_media": "https://works.hcommons.org/api/records/b9dc3-62s04/media-files-archive",
          "communities": "https://works.hcommons.org/api/records/b9dc3-62s04/communities",
          "communities-suggestions": "https://works.hcommons.org/api/records/b9dc3-62s04/communities-suggestions",
          "doi": "https://doi.org/10.17613/b9dc3-62s04",
          "draft": "https://works.hcommons.org/api/records/b9dc3-62s04/draft",
          "files": "https://works.hcommons.org/api/records/b9dc3-62s04/files",
          "latest": "https://works.hcommons.org/api/records/b9dc3-62s04/versions/latest",
          "latest_html": "https://works.hcommons.org/records/b9dc3-62s04/latest",
          "media_files": "https://works.hcommons.org/api/records/b9dc3-62s04/media-files",
          "parent": "https://works.hcommons.org/api/records/csmv6-n3495",
          "parent_doi": "https://works.hcommons.org/doi/10.17613/csmv6-n3495",
          "parent_html": "https://works.hcommons.org/records/csmv6-n3495",
          "requests": "https://works.hcommons.org/api/records/b9dc3-62s04/requests",
          "reserve_doi": "https://works.hcommons.org/api/records/b9dc3-62s04/draft/pids/doi",
          "self": "https://works.hcommons.org/api/records/b9dc3-62s04",
          "self_doi": "https://works.hcommons.org/doi/10.17613/b9dc3-62s04",
          "self_html": "https://works.hcommons.org/records/b9dc3-62s04",
          "self_iiif_manifest": "https://works.hcommons.org/api/iiif/record:b9dc3-62s04/manifest",
          "self_iiif_sequence": "https://works.hcommons.org/api/iiif/record:b9dc3-62s04/sequence/default",
          "versions": "https://works.hcommons.org/api/records/b9dc3-62s04/versions"
        },
        "media_files": {
          "count": 0,
          "enabled": false,
          "entries": {},
          "order": [],
          "total_bytes": 0
        },
        "metadata": {
          "creators": [
            {
              "person_or_org": {
                "family_name": "Dean",
                "given_name": "Jodi",
                "name": "Dean, Jodi",
                "type": "personal"
              },
              "role": {
                "id": "author",
                "title": {
                  "en": "Author"
                }
              }
            }
          ],
          "identifiers": [
            {
              "identifier": "x21d8X",
              "scheme": "import-recid"
            },
            {
              "identifier": "https://jcrt.org/archives/17.1/dean/",
              "scheme": "url"
            }
          ],
          "languages": [
            {
              "id": "eng",
              "title": {
                "en": "English"
              }
            }
          ],
          "publication_date": "2018",
          "publisher": "Whitestone Publications",
          "resource_type": {
            "id": "textDocument-journalArticle",
            "title": {
              "de": "Zeitschriftenartikel",
              "en": "Journal article"
            }
          },
          "rights": [
            {
              "link": "https://jcrt.org/copyright/",
              "title": {
                "en": "Copyright held by the author(s). Published in the Journal for Cultural and Religious Theory."
              }
            }
          ],
          "subjects": [
            {
              "id": "http://id.worldcat.org/fast/846425",
              "scheme": "FAST-topical",
              "subject": "Capitalism"
            }
          ],
          "title": "Collective Desire and the Pathology of the Individual."
        },
        "parent": {
          "access": {
            "grants": [],
            "links": [],
            "owned_by": {
              "user": "3742"
            },
            "settings": {
              "accept_conditions_text": null,
              "allow_guest_requests": false,
              "allow_user_requests": false,
              "secret_link_expiration": 0
            }
          },
          "communities": {
            "default": "a07a49eb-d6bc-464b-92fb-df572554d011",
            "entries": [
              {
                "access": {
                  "member_policy": "open",
                  "members_visibility": "public",
                  "record_policy": "open",
                  "review_policy": "closed",
                  "visibility": "public"
                },
                "children": {
                  "allow": false
                },
                "created": "2026-08-30T10:28:16.178305+00:00",
                "custom_fields": {
                  "stats:dashboard_enabled": false
                },
                "deletion_status": {
                  "is_deleted": false,
                  "status": "P"
                },
                "id": "a07a49eb-d6bc-464b-92fb-df572554d011",
                "links": {},
                "metadata": {
                  "description": "JCRT 17.1",
                  "title": "JCRT 17.1",
                  "type": {
                    "id": "journal"
                  },
                  "website": "https://jcrt.org/archives/17.1/"
                },
                "revision_id": 3,
                "slug": "jcrt-171",
                "updated": "2026-08-30T10:28:16.804363+00:00"
              }
            ],
            "ids": [
              "a07a49eb-d6bc-464b-92fb-df572554d011"
            ]
          },
          "id": "csmv6-n3495",
          "pids": {
            "doi": {
              "client": "datacite",
              "identifier": "10.17613/csmv6-n3495",
              "provider": "datacite"
            }
          }
        },
        "pids": {
          "doi": {
            "client": "datacite",
            "identifier": "10.17613/b9dc3-62s04",
            "provider": "datacite"
          },
          "oai": {
            "identifier": "oai:https://works.hcommons.org:b9dc3-62s04",
            "provider": "oai"
          }
        },
        "revision_id": 5,
        "stats": {
          "all_versions": {
            "data_volume": 0.0,
            "downloads": 0,
            "unique_downloads": 0,
            "unique_views": 0,
            "views": 0
          },
          "this_version": {
            "data_volume": 0.0,
            "downloads": 0,
            "unique_downloads": 0,
            "unique_views": 0,
            "views": 0
          }
        },
        "status": "published",
        "updated": "2026-08-30T10:28:25.629930+00:00",
        "versions": {
          "index": 1,
          "is_latest": true,
          "is_latest_draft": true
        }
      },
      "record_id": "b9dc3-62s04",
      "record_url": "https://works.hcommons.org/records/b9dc3-62s04",
      "source_id": ""
    }
  ],
  "errors": [],
  "message": "All records were successfully imported",
  "status": "success"
}