{
  "data": [
    {
      "collection_id": "3eb8a95b-6c2e-4bc2-a286-32c6cfeff3a1",
      "errors": [],
      "files": {
        "Alvis.pdf": {
          "messages": [],
          "status": "uploaded"
        }
      },
      "item_index": 0,
      "metadata": {
        "access": {
          "embargo": {
            "active": false,
            "reason": null
          },
          "files": "public",
          "record": "public",
          "status": "open"
        },
        "created": "2026-08-30T10:26:59.052144+00:00",
        "custom_fields": {
          "journal:journal": {
            "issn": "1530-5228",
            "issue": "2",
            "pages": "396-414",
            "title": "Journal for Cultural & Religious Theory",
            "volume": "17"
          },
          "kcr:user_defined_tags": [
            "love",
            "practical-politics",
            "economic-status"
          ]
        },
        "deletion_status": {
          "is_deleted": false,
          "status": "P"
        },
        "files": {
          "count": 1,
          "enabled": true,
          "entries": {
            "Alvis.pdf": {
              "access": {
                "hidden": false
              },
              "checksum": "md5:3eac5628aa43f72d7ff38c356ef929f3",
              "ext": "pdf",
              "id": "c8a10d3a-75cc-4102-82e7-6d9d35ea88a3",
              "key": "Alvis.pdf",
              "links": {
                "content": "https://works.hcommons.org/api/records/8e2r7-4c432/files/Alvis.pdf/content",
                "iiif_api": "https://works.hcommons.org/api/iiif/record:8e2r7-4c432:Alvis.pdf/full/full/0/default.png",
                "iiif_base": "https://works.hcommons.org/api/iiif/record:8e2r7-4c432:Alvis.pdf",
                "iiif_canvas": "https://works.hcommons.org/api/iiif/record:8e2r7-4c432/canvas/Alvis.pdf",
                "iiif_info": "https://works.hcommons.org/api/iiif/record:8e2r7-4c432:Alvis.pdf/info.json",
                "self": "https://works.hcommons.org/api/records/8e2r7-4c432/files/Alvis.pdf"
              },
              "metadata": {},
              "mimetype": "application/pdf",
              "size": 2511355,
              "storage_class": "L"
            }
          },
          "order": [],
          "total_bytes": 2511355
        },
        "id": "8e2r7-4c432",
        "is_draft": false,
        "is_published": true,
        "links": {
          "access": "https://works.hcommons.org/api/records/8e2r7-4c432/access",
          "access_grants": "https://works.hcommons.org/api/records/8e2r7-4c432/access/grants",
          "access_groups": "https://works.hcommons.org/api/records/8e2r7-4c432/access/groups",
          "access_links": "https://works.hcommons.org/api/records/8e2r7-4c432/access/links",
          "access_request": "https://works.hcommons.org/api/records/8e2r7-4c432/access/request",
          "access_users": "https://works.hcommons.org/api/records/8e2r7-4c432/access/users",
          "archive": "https://works.hcommons.org/api/records/8e2r7-4c432/files-archive",
          "archive_media": "https://works.hcommons.org/api/records/8e2r7-4c432/media-files-archive",
          "communities": "https://works.hcommons.org/api/records/8e2r7-4c432/communities",
          "communities-suggestions": "https://works.hcommons.org/api/records/8e2r7-4c432/communities-suggestions",
          "doi": "https://doi.org/10.17613/8e2r7-4c432",
          "draft": "https://works.hcommons.org/api/records/8e2r7-4c432/draft",
          "files": "https://works.hcommons.org/api/records/8e2r7-4c432/files",
          "latest": "https://works.hcommons.org/api/records/8e2r7-4c432/versions/latest",
          "latest_html": "https://works.hcommons.org/records/8e2r7-4c432/latest",
          "media_files": "https://works.hcommons.org/api/records/8e2r7-4c432/media-files",
          "parent": "https://works.hcommons.org/api/records/w41p5-b1q14",
          "parent_doi": "https://works.hcommons.org/doi/10.17613/w41p5-b1q14",
          "parent_html": "https://works.hcommons.org/records/w41p5-b1q14",
          "requests": "https://works.hcommons.org/api/records/8e2r7-4c432/requests",
          "reserve_doi": "https://works.hcommons.org/api/records/8e2r7-4c432/draft/pids/doi",
          "self": "https://works.hcommons.org/api/records/8e2r7-4c432",
          "self_doi": "https://works.hcommons.org/doi/10.17613/8e2r7-4c432",
          "self_html": "https://works.hcommons.org/records/8e2r7-4c432",
          "self_iiif_manifest": "https://works.hcommons.org/api/iiif/record:8e2r7-4c432/manifest",
          "self_iiif_sequence": "https://works.hcommons.org/api/iiif/record:8e2r7-4c432/sequence/default",
          "versions": "https://works.hcommons.org/api/records/8e2r7-4c432/versions"
        },
        "media_files": {
          "count": 0,
          "enabled": false,
          "entries": {},
          "order": [],
          "total_bytes": 0
        },
        "metadata": {
          "creators": [
            {
              "person_or_org": {
                "family_name": "Alvis",
                "given_name": "Jason",
                "name": "Alvis, Jason",
                "type": "personal"
              },
              "role": {
                "id": "author",
                "title": {
                  "en": "Author"
                }
              }
            }
          ],
          "description": "Liebe deinen N\u00e4chsten. Love your neighbor. The 2013 FP\u00d6 candidate for chancellor of Austria, H.C. Strache, was sharply criticized for the politicization of the command of love in the service of a political agenda that insinuated the governmental",
          "identifiers": [
            {
              "identifier": "cj_Zmj",
              "scheme": "import-recid"
            },
            {
              "identifier": "https://jcrt.org/archives/17.2/alvis/",
              "scheme": "url"
            }
          ],
          "languages": [
            {
              "id": "eng",
              "title": {
                "en": "English"
              }
            }
          ],
          "publication_date": "2018",
          "publisher": "Whitestone Publications",
          "resource_type": {
            "id": "textDocument-journalArticle",
            "title": {
              "de": "Zeitschriftenartikel",
              "en": "Journal article"
            }
          },
          "rights": [
            {
              "link": "https://jcrt.org/copyright/",
              "title": {
                "en": "Copyright held by the author(s). Published in the Journal for Cultural and Religious Theory."
              }
            }
          ],
          "subjects": [
            {
              "id": "http://id.worldcat.org/fast/1002769",
              "scheme": "FAST-topical",
              "subject": "Love"
            },
            {
              "id": "http://id.worldcat.org/fast/1069977",
              "scheme": "FAST-topical",
              "subject": "Politics, Practical"
            }
          ],
          "title": "The Political as Saturated Phenomenon: Marion's Givenness and the Irreconcilability of Politics and Love."
        },
        "parent": {
          "access": {
            "grants": [],
            "links": [],
            "owned_by": {
              "user": "3742"
            },
            "settings": {
              "accept_conditions_text": null,
              "allow_guest_requests": false,
              "allow_user_requests": false,
              "secret_link_expiration": 0
            }
          },
          "communities": {
            "default": "3eb8a95b-6c2e-4bc2-a286-32c6cfeff3a1",
            "entries": [
              {
                "access": {
                  "member_policy": "open",
                  "members_visibility": "public",
                  "record_policy": "open",
                  "review_policy": "closed",
                  "visibility": "public"
                },
                "children": {
                  "allow": false
                },
                "created": "2026-08-30T10:26:54.834760+00:00",
                "custom_fields": {
                  "stats:dashboard_enabled": false
                },
                "deletion_status": {
                  "is_deleted": false,
                  "status": "P"
                },
                "id": "3eb8a95b-6c2e-4bc2-a286-32c6cfeff3a1",
                "links": {},
                "metadata": {
                  "description": "JCRT 17.2",
                  "title": "JCRT 17.2",
                  "type": {
                    "id": "journal"
                  },
                  "website": "https://jcrt.org/archives/17.2/"
                },
                "revision_id": 3,
                "slug": "jcrt-172",
                "updated": "2026-08-30T10:26:55.497742+00:00"
              }
            ],
            "ids": [
              "3eb8a95b-6c2e-4bc2-a286-32c6cfeff3a1"
            ]
          },
          "id": "w41p5-b1q14",
          "pids": {
            "doi": {
              "client": "datacite",
              "identifier": "10.17613/w41p5-b1q14",
              "provider": "datacite"
            }
          }
        },
        "pids": {
          "doi": {
            "client": "datacite",
            "identifier": "10.17613/8e2r7-4c432",
            "provider": "datacite"
          },
          "oai": {
            "identifier": "oai:https://works.hcommons.org:8e2r7-4c432",
            "provider": "oai"
          }
        },
        "revision_id": 5,
        "stats": {
          "all_versions": {
            "data_volume": 0.0,
            "downloads": 0,
            "unique_downloads": 0,
            "unique_views": 0,
            "views": 0
          },
          "this_version": {
            "data_volume": 0.0,
            "downloads": 0,
            "unique_downloads": 0,
            "unique_views": 0,
            "views": 0
          }
        },
        "status": "published",
        "updated": "2026-08-30T10:26:59.260003+00:00",
        "versions": {
          "index": 1,
          "is_latest": true,
          "is_latest_draft": true
        }
      },
      "record_id": "8e2r7-4c432",
      "record_url": "https://works.hcommons.org/records/8e2r7-4c432",
      "source_id": ""
    },
    {
      "collection_id": "3eb8a95b-6c2e-4bc2-a286-32c6cfeff3a1",
      "errors": [],
      "files": {
        "Bornemark.pdf": {
          "messages": [],
          "status": "uploaded"
        }
      },
      "item_index": 1,
      "metadata": {
        "access": {
          "embargo": {
            "active": false,
            "reason": null
          },
          "files": "public",
          "record": "public",
          "status": "open"
        },
        "created": "2026-08-30T10:27:01.085513+00:00",
        "custom_fields": {
          "journal:journal": {
            "issn": "1530-5228",
            "issue": "2",
            "pages": "432-445",
            "title": "Journal for Cultural & Religious Theory",
            "volume": "17"
          },
          "kcr:user_defined_tags": [
            "secularism",
            "phenomenology",
            "scientism"
          ]
        },
        "deletion_status": {
          "is_deleted": false,
          "status": "P"
        },
        "files": {
          "count": 1,
          "enabled": true,
          "entries": {
            "Bornemark.pdf": {
              "access": {
                "hidden": false
              },
              "checksum": "md5:ea69049977506e78ed320b67852d0814",
              "ext": "pdf",
              "id": "3695cf27-271d-4a84-a5a7-9ebeb3164404",
              "key": "Bornemark.pdf",
              "links": {
                "content": "https://works.hcommons.org/api/records/379xk-0yz96/files/Bornemark.pdf/content",
                "iiif_api": "https://works.hcommons.org/api/iiif/record:379xk-0yz96:Bornemark.pdf/full/full/0/default.png",
                "iiif_base": "https://works.hcommons.org/api/iiif/record:379xk-0yz96:Bornemark.pdf",
                "iiif_canvas": "https://works.hcommons.org/api/iiif/record:379xk-0yz96/canvas/Bornemark.pdf",
                "iiif_info": "https://works.hcommons.org/api/iiif/record:379xk-0yz96:Bornemark.pdf/info.json",
                "self": "https://works.hcommons.org/api/records/379xk-0yz96/files/Bornemark.pdf"
              },
              "metadata": {},
              "mimetype": "application/pdf",
              "size": 2070729,
              "storage_class": "L"
            }
          },
          "order": [],
          "total_bytes": 2070729
        },
        "id": "379xk-0yz96",
        "is_draft": false,
        "is_published": true,
        "links": {
          "access": "https://works.hcommons.org/api/records/379xk-0yz96/access",
          "access_grants": "https://works.hcommons.org/api/records/379xk-0yz96/access/grants",
          "access_groups": "https://works.hcommons.org/api/records/379xk-0yz96/access/groups",
          "access_links": "https://works.hcommons.org/api/records/379xk-0yz96/access/links",
          "access_request": "https://works.hcommons.org/api/records/379xk-0yz96/access/request",
          "access_users": "https://works.hcommons.org/api/records/379xk-0yz96/access/users",
          "archive": "https://works.hcommons.org/api/records/379xk-0yz96/files-archive",
          "archive_media": "https://works.hcommons.org/api/records/379xk-0yz96/media-files-archive",
          "communities": "https://works.hcommons.org/api/records/379xk-0yz96/communities",
          "communities-suggestions": "https://works.hcommons.org/api/records/379xk-0yz96/communities-suggestions",
          "doi": "https://doi.org/10.17613/379xk-0yz96",
          "draft": "https://works.hcommons.org/api/records/379xk-0yz96/draft",
          "files": "https://works.hcommons.org/api/records/379xk-0yz96/files",
          "latest": "https://works.hcommons.org/api/records/379xk-0yz96/versions/latest",
          "latest_html": "https://works.hcommons.org/records/379xk-0yz96/latest",
          "media_files": "https://works.hcommons.org/api/records/379xk-0yz96/media-files",
          "parent": "https://works.hcommons.org/api/records/4q634-rpe63",
          "parent_doi": "https://works.hcommons.org/doi/10.17613/4q634-rpe63",
          "parent_html": "https://works.hcommons.org/records/4q634-rpe63",
          "requests": "https://works.hcommons.org/api/records/379xk-0yz96/requests",
          "reserve_doi": "https://works.hcommons.org/api/records/379xk-0yz96/draft/pids/doi",
          "self": "https://works.hcommons.org/api/records/379xk-0yz96",
          "self_doi": "https://works.hcommons.org/doi/10.17613/379xk-0yz96",
          "self_html": "https://works.hcommons.org/records/379xk-0yz96",
          "self_iiif_manifest": "https://works.hcommons.org/api/iiif/record:379xk-0yz96/manifest",
          "self_iiif_sequence": "https://works.hcommons.org/api/iiif/record:379xk-0yz96/sequence/default",
          "versions": "https://works.hcommons.org/api/records/379xk-0yz96/versions"
        },
        "media_files": {
          "count": 0,
          "enabled": false,
          "entries": {},
          "order": [],
          "total_bytes": 0
        },
        "metadata": {
          "creators": [
            {
              "person_or_org": {
                "family_name": "Bornemark",
                "given_name": "Jonna",
                "name": "Bornemark, Jonna",
                "type": "personal"
              },
              "role": {
                "id": "author",
                "title": {
                  "en": "Author"
                }
              }
            }
          ],
          "description": "Since its inception, phenomenology has been a forceful power against scientism and positivism. For this reason, among others, it has the capacity to give us tools to develop nuanced understandings of religion and to see beyond what Heidegger called onto-theology, i.e., the understanding of the divine as a highest being and as an object of thought on the one hand, and on the other hand, being as a generality. But it has not given us the same nuanced understanding of the secular society. Perhaps this is due to the strong criticisms and skepticisms railed against technology and the modern society, most present, for example, in Heidegger's philosophy, and later even more explicit in the phenomenology of Klaus Held and Michel Henry.1 But these criticisms tend to only be conservative and when posed to political questions, lose their radical force and dynamic capacity. There is also a risk for phenomenology, just as for any philosophy, to lock itself and its criticisms against modern society",
          "identifiers": [
            {
              "identifier": "AKkNXc",
              "scheme": "import-recid"
            },
            {
              "identifier": "https://jcrt.org/archives/17.2/bornemark/",
              "scheme": "url"
            }
          ],
          "languages": [
            {
              "id": "eng",
              "title": {
                "en": "English"
              }
            }
          ],
          "publication_date": "2018",
          "publisher": "Whitestone Publications",
          "resource_type": {
            "id": "textDocument-journalArticle",
            "title": {
              "de": "Zeitschriftenartikel",
              "en": "Journal article"
            }
          },
          "rights": [
            {
              "link": "https://jcrt.org/copyright/",
              "title": {
                "en": "Copyright held by the author(s). Published in the Journal for Cultural and Religious Theory."
              }
            }
          ],
          "subjects": [
            {
              "id": "http://id.worldcat.org/fast/1060522",
              "scheme": "FAST-topical",
              "subject": "Phenomenology"
            },
            {
              "id": "http://id.worldcat.org/fast/1108891",
              "scheme": "FAST-topical",
              "subject": "Scientism"
            },
            {
              "id": "http://id.worldcat.org/fast/1110732",
              "scheme": "FAST-topical",
              "subject": "Secularism"
            }
          ],
          "title": "Phenomenology of Secular Society and Its Scientism."
        },
        "parent": {
          "access": {
            "grants": [],
            "links": [],
            "owned_by": {
              "user": "3742"
            },
            "settings": {
              "accept_conditions_text": null,
              "allow_guest_requests": false,
              "allow_user_requests": false,
              "secret_link_expiration": 0
            }
          },
          "communities": {
            "default": "3eb8a95b-6c2e-4bc2-a286-32c6cfeff3a1",
            "entries": [
              {
                "access": {
                  "member_policy": "open",
                  "members_visibility": "public",
                  "record_policy": "open",
                  "review_policy": "closed",
                  "visibility": "public"
                },
                "children": {
                  "allow": false
                },
                "created": "2026-08-30T10:26:54.834760+00:00",
                "custom_fields": {
                  "stats:dashboard_enabled": false
                },
                "deletion_status": {
                  "is_deleted": false,
                  "status": "P"
                },
                "id": "3eb8a95b-6c2e-4bc2-a286-32c6cfeff3a1",
                "links": {},
                "metadata": {
                  "description": "JCRT 17.2",
                  "title": "JCRT 17.2",
                  "type": {
                    "id": "journal"
                  },
                  "website": "https://jcrt.org/archives/17.2/"
                },
                "revision_id": 3,
                "slug": "jcrt-172",
                "updated": "2026-08-30T10:26:55.497742+00:00"
              }
            ],
            "ids": [
              "3eb8a95b-6c2e-4bc2-a286-32c6cfeff3a1"
            ]
          },
          "id": "4q634-rpe63",
          "pids": {
            "doi": {
              "client": "datacite",
              "identifier": "10.17613/4q634-rpe63",
              "provider": "datacite"
            }
          }
        },
        "pids": {
          "doi": {
            "client": "datacite",
            "identifier": "10.17613/379xk-0yz96",
            "provider": "datacite"
          },
          "oai": {
            "identifier": "oai:https://works.hcommons.org:379xk-0yz96",
            "provider": "oai"
          }
        },
        "revision_id": 5,
        "stats": {
          "all_versions": {
            "data_volume": 0.0,
            "downloads": 0,
            "unique_downloads": 0,
            "unique_views": 0,
            "views": 0
          },
          "this_version": {
            "data_volume": 0.0,
            "downloads": 0,
            "unique_downloads": 0,
            "unique_views": 0,
            "views": 0
          }
        },
        "status": "published",
        "updated": "2026-08-30T10:27:01.316176+00:00",
        "versions": {
          "index": 1,
          "is_latest": true,
          "is_latest_draft": true
        }
      },
      "record_id": "379xk-0yz96",
      "record_url": "https://works.hcommons.org/records/379xk-0yz96",
      "source_id": ""
    },
    {
      "collection_id": "3eb8a95b-6c2e-4bc2-a286-32c6cfeff3a1",
      "errors": [],
      "files": {
        "DeWarren.pdf": {
          "messages": [],
          "status": "uploaded"
        }
      },
      "item_index": 2,
      "metadata": {
        "access": {
          "embargo": {
            "active": false,
            "reason": null
          },
          "files": "public",
          "record": "public",
          "status": "open"
        },
        "created": "2026-08-30T10:27:03.145612+00:00",
        "custom_fields": {
          "journal:journal": {
            "issn": "1530-5228",
            "issue": "2",
            "pages": "415-431",
            "title": "Journal for Cultural & Religious Theory",
            "volume": "17"
          },
          "kcr:user_defined_tags": [
            "theology",
            "good-evil",
            "national-socialism"
          ]
        },
        "deletion_status": {
          "is_deleted": false,
          "status": "P"
        },
        "files": {
          "count": 1,
          "enabled": true,
          "entries": {
            "DeWarren.pdf": {
              "access": {
                "hidden": false
              },
              "checksum": "md5:33bae7df1f57161aeebf7e20417799ce",
              "ext": "pdf",
              "id": "b95963bc-6925-49f1-9632-bcd1b713d6d9",
              "key": "DeWarren.pdf",
              "links": {
                "content": "https://works.hcommons.org/api/records/v6cwa-s6w61/files/DeWarren.pdf/content",
                "iiif_api": "https://works.hcommons.org/api/iiif/record:v6cwa-s6w61:DeWarren.pdf/full/full/0/default.png",
                "iiif_base": "https://works.hcommons.org/api/iiif/record:v6cwa-s6w61:DeWarren.pdf",
                "iiif_canvas": "https://works.hcommons.org/api/iiif/record:v6cwa-s6w61/canvas/DeWarren.pdf",
                "iiif_info": "https://works.hcommons.org/api/iiif/record:v6cwa-s6w61:DeWarren.pdf/info.json",
                "self": "https://works.hcommons.org/api/records/v6cwa-s6w61/files/DeWarren.pdf"
              },
              "metadata": {},
              "mimetype": "application/pdf",
              "size": 2191445,
              "storage_class": "L"
            }
          },
          "order": [],
          "total_bytes": 2191445
        },
        "id": "v6cwa-s6w61",
        "is_draft": false,
        "is_published": true,
        "links": {
          "access": "https://works.hcommons.org/api/records/v6cwa-s6w61/access",
          "access_grants": "https://works.hcommons.org/api/records/v6cwa-s6w61/access/grants",
          "access_groups": "https://works.hcommons.org/api/records/v6cwa-s6w61/access/groups",
          "access_links": "https://works.hcommons.org/api/records/v6cwa-s6w61/access/links",
          "access_request": "https://works.hcommons.org/api/records/v6cwa-s6w61/access/request",
          "access_users": "https://works.hcommons.org/api/records/v6cwa-s6w61/access/users",
          "archive": "https://works.hcommons.org/api/records/v6cwa-s6w61/files-archive",
          "archive_media": "https://works.hcommons.org/api/records/v6cwa-s6w61/media-files-archive",
          "communities": "https://works.hcommons.org/api/records/v6cwa-s6w61/communities",
          "communities-suggestions": "https://works.hcommons.org/api/records/v6cwa-s6w61/communities-suggestions",
          "doi": "https://doi.org/10.17613/v6cwa-s6w61",
          "draft": "https://works.hcommons.org/api/records/v6cwa-s6w61/draft",
          "files": "https://works.hcommons.org/api/records/v6cwa-s6w61/files",
          "latest": "https://works.hcommons.org/api/records/v6cwa-s6w61/versions/latest",
          "latest_html": "https://works.hcommons.org/records/v6cwa-s6w61/latest",
          "media_files": "https://works.hcommons.org/api/records/v6cwa-s6w61/media-files",
          "parent": "https://works.hcommons.org/api/records/43kxe-87p90",
          "parent_doi": "https://works.hcommons.org/doi/10.17613/43kxe-87p90",
          "parent_html": "https://works.hcommons.org/records/43kxe-87p90",
          "requests": "https://works.hcommons.org/api/records/v6cwa-s6w61/requests",
          "reserve_doi": "https://works.hcommons.org/api/records/v6cwa-s6w61/draft/pids/doi",
          "self": "https://works.hcommons.org/api/records/v6cwa-s6w61",
          "self_doi": "https://works.hcommons.org/doi/10.17613/v6cwa-s6w61",
          "self_html": "https://works.hcommons.org/records/v6cwa-s6w61",
          "self_iiif_manifest": "https://works.hcommons.org/api/iiif/record:v6cwa-s6w61/manifest",
          "self_iiif_sequence": "https://works.hcommons.org/api/iiif/record:v6cwa-s6w61/sequence/default",
          "versions": "https://works.hcommons.org/api/records/v6cwa-s6w61/versions"
        },
        "media_files": {
          "count": 0,
          "enabled": false,
          "entries": {},
          "order": [],
          "total_bytes": 0
        },
        "metadata": {
          "creators": [
            {
              "person_or_org": {
                "family_name": "Warren",
                "given_name": "Nicolas de",
                "name": "Warren, Nicolas de",
                "type": "personal"
              },
              "role": {
                "id": "author",
                "title": {
                  "en": "Author"
                }
              }
            }
          ],
          "description": "The misery of the 20<sup>th</sup> century has indelibly rendered evil the least academic of problems in transforming its enigma into one of the more urgent questions for philosophical reflection in our times, and for some, for all time. As widely acknowledged, the phenomenon of evil poses a fundamental challenge for philosophy as well as theology. Significant is less the acknowledgment of this challenge per se, but the manner in which this challenge is accepted and met:",
          "identifiers": [
            {
              "identifier": "anaCjC",
              "scheme": "import-recid"
            },
            {
              "identifier": "https://jcrt.org/archives/17.2/dewarren/",
              "scheme": "url"
            }
          ],
          "languages": [
            {
              "id": "eng",
              "title": {
                "en": "English"
              }
            }
          ],
          "publication_date": "2018",
          "publisher": "Whitestone Publications",
          "resource_type": {
            "id": "textDocument-journalArticle",
            "title": {
              "de": "Zeitschriftenartikel",
              "en": "Journal article"
            }
          },
          "rights": [
            {
              "link": "https://jcrt.org/copyright/",
              "title": {
                "en": "Copyright held by the author(s). Published in the Journal for Cultural and Religious Theory."
              }
            }
          ],
          "subjects": [
            {
              "id": "http://id.worldcat.org/fast/1033761",
              "scheme": "FAST-topical",
              "subject": "National socialism"
            },
            {
              "id": "http://id.worldcat.org/fast/1149559",
              "scheme": "FAST-topical",
              "subject": "Theology"
            }
          ],
          "title": "Darkness over the Deep: Levinas and the Evil of Being."
        },
        "parent": {
          "access": {
            "grants": [],
            "links": [],
            "owned_by": {
              "user": "3742"
            },
            "settings": {
              "accept_conditions_text": null,
              "allow_guest_requests": false,
              "allow_user_requests": false,
              "secret_link_expiration": 0
            }
          },
          "communities": {
            "default": "3eb8a95b-6c2e-4bc2-a286-32c6cfeff3a1",
            "entries": [
              {
                "access": {
                  "member_policy": "open",
                  "members_visibility": "public",
                  "record_policy": "open",
                  "review_policy": "closed",
                  "visibility": "public"
                },
                "children": {
                  "allow": false
                },
                "created": "2026-08-30T10:26:54.834760+00:00",
                "custom_fields": {
                  "stats:dashboard_enabled": false
                },
                "deletion_status": {
                  "is_deleted": false,
                  "status": "P"
                },
                "id": "3eb8a95b-6c2e-4bc2-a286-32c6cfeff3a1",
                "links": {},
                "metadata": {
                  "description": "JCRT 17.2",
                  "title": "JCRT 17.2",
                  "type": {
                    "id": "journal"
                  },
                  "website": "https://jcrt.org/archives/17.2/"
                },
                "revision_id": 3,
                "slug": "jcrt-172",
                "updated": "2026-08-30T10:26:55.497742+00:00"
              }
            ],
            "ids": [
              "3eb8a95b-6c2e-4bc2-a286-32c6cfeff3a1"
            ]
          },
          "id": "43kxe-87p90",
          "pids": {
            "doi": {
              "client": "datacite",
              "identifier": "10.17613/43kxe-87p90",
              "provider": "datacite"
            }
          }
        },
        "pids": {
          "doi": {
            "client": "datacite",
            "identifier": "10.17613/v6cwa-s6w61",
            "provider": "datacite"
          },
          "oai": {
            "identifier": "oai:https://works.hcommons.org:v6cwa-s6w61",
            "provider": "oai"
          }
        },
        "revision_id": 5,
        "stats": {
          "all_versions": {
            "data_volume": 0.0,
            "downloads": 0,
            "unique_downloads": 0,
            "unique_views": 0,
            "views": 0
          },
          "this_version": {
            "data_volume": 0.0,
            "downloads": 0,
            "unique_downloads": 0,
            "unique_views": 0,
            "views": 0
          }
        },
        "status": "published",
        "updated": "2026-08-30T10:27:03.355844+00:00",
        "versions": {
          "index": 1,
          "is_latest": true,
          "is_latest_draft": true
        }
      },
      "record_id": "v6cwa-s6w61",
      "record_url": "https://works.hcommons.org/records/v6cwa-s6w61",
      "source_id": ""
    },
    {
      "collection_id": "3eb8a95b-6c2e-4bc2-a286-32c6cfeff3a1",
      "errors": [],
      "files": {
        "Dodd.pdf": {
          "messages": [],
          "status": "uploaded"
        }
      },
      "item_index": 3,
      "metadata": {
        "access": {
          "embargo": {
            "active": false,
            "reason": null
          },
          "files": "public",
          "record": "public",
          "status": "open"
        },
        "created": "2026-08-30T10:27:05.465506+00:00",
        "custom_fields": {
          "journal:journal": {
            "issn": "1530-5228",
            "issue": "2",
            "pages": "455-479",
            "title": "Journal for Cultural & Religious Theory",
            "volume": "17"
          },
          "kcr:user_defined_tags": [
            "religion",
            "religiousness",
            "violence",
            "justification-ethics"
          ]
        },
        "deletion_status": {
          "is_deleted": false,
          "status": "P"
        },
        "files": {
          "count": 1,
          "enabled": true,
          "entries": {
            "Dodd.pdf": {
              "access": {
                "hidden": false
              },
              "checksum": "md5:d47ba841b76af2a73950eb556fb2ac94",
              "ext": "pdf",
              "id": "9b1f29b3-3ce6-409a-9b7d-dd84f2d6deb8",
              "key": "Dodd.pdf",
              "links": {
                "content": "https://works.hcommons.org/api/records/80cmj-8mr86/files/Dodd.pdf/content",
                "iiif_api": "https://works.hcommons.org/api/iiif/record:80cmj-8mr86:Dodd.pdf/full/full/0/default.png",
                "iiif_base": "https://works.hcommons.org/api/iiif/record:80cmj-8mr86:Dodd.pdf",
                "iiif_canvas": "https://works.hcommons.org/api/iiif/record:80cmj-8mr86/canvas/Dodd.pdf",
                "iiif_info": "https://works.hcommons.org/api/iiif/record:80cmj-8mr86:Dodd.pdf/info.json",
                "self": "https://works.hcommons.org/api/records/80cmj-8mr86/files/Dodd.pdf"
              },
              "metadata": {},
              "mimetype": "application/pdf",
              "size": 3438686,
              "storage_class": "L"
            }
          },
          "order": [],
          "total_bytes": 3438686
        },
        "id": "80cmj-8mr86",
        "is_draft": false,
        "is_published": true,
        "links": {
          "access": "https://works.hcommons.org/api/records/80cmj-8mr86/access",
          "access_grants": "https://works.hcommons.org/api/records/80cmj-8mr86/access/grants",
          "access_groups": "https://works.hcommons.org/api/records/80cmj-8mr86/access/groups",
          "access_links": "https://works.hcommons.org/api/records/80cmj-8mr86/access/links",
          "access_request": "https://works.hcommons.org/api/records/80cmj-8mr86/access/request",
          "access_users": "https://works.hcommons.org/api/records/80cmj-8mr86/access/users",
          "archive": "https://works.hcommons.org/api/records/80cmj-8mr86/files-archive",
          "archive_media": "https://works.hcommons.org/api/records/80cmj-8mr86/media-files-archive",
          "communities": "https://works.hcommons.org/api/records/80cmj-8mr86/communities",
          "communities-suggestions": "https://works.hcommons.org/api/records/80cmj-8mr86/communities-suggestions",
          "doi": "https://doi.org/10.17613/80cmj-8mr86",
          "draft": "https://works.hcommons.org/api/records/80cmj-8mr86/draft",
          "files": "https://works.hcommons.org/api/records/80cmj-8mr86/files",
          "latest": "https://works.hcommons.org/api/records/80cmj-8mr86/versions/latest",
          "latest_html": "https://works.hcommons.org/records/80cmj-8mr86/latest",
          "media_files": "https://works.hcommons.org/api/records/80cmj-8mr86/media-files",
          "parent": "https://works.hcommons.org/api/records/gfsrn-vqz11",
          "parent_doi": "https://works.hcommons.org/doi/10.17613/gfsrn-vqz11",
          "parent_html": "https://works.hcommons.org/records/gfsrn-vqz11",
          "requests": "https://works.hcommons.org/api/records/80cmj-8mr86/requests",
          "reserve_doi": "https://works.hcommons.org/api/records/80cmj-8mr86/draft/pids/doi",
          "self": "https://works.hcommons.org/api/records/80cmj-8mr86",
          "self_doi": "https://works.hcommons.org/doi/10.17613/80cmj-8mr86",
          "self_html": "https://works.hcommons.org/records/80cmj-8mr86",
          "self_iiif_manifest": "https://works.hcommons.org/api/iiif/record:80cmj-8mr86/manifest",
          "self_iiif_sequence": "https://works.hcommons.org/api/iiif/record:80cmj-8mr86/sequence/default",
          "versions": "https://works.hcommons.org/api/records/80cmj-8mr86/versions"
        },
        "media_files": {
          "count": 0,
          "enabled": false,
          "entries": {},
          "order": [],
          "total_bytes": 0
        },
        "metadata": {
          "creators": [
            {
              "person_or_org": {
                "family_name": "Dodd",
                "given_name": "James",
                "name": "Dodd, James",
                "type": "personal"
              },
              "role": {
                "id": "author",
                "title": {
                  "en": "Author"
                }
              }
            }
          ],
          "description": "Often the discussion of religious violence, as with violence in general, tends to be guided by the question of the justification of violence as a means. Theological variants of just war theory are a case in point. So for example Aquinas, drawing on Augustine, develops a conception of a",
          "identifiers": [
            {
              "identifier": "8I09R3",
              "scheme": "import-recid"
            },
            {
              "identifier": "https://jcrt.org/archives/17.2/dodd/",
              "scheme": "url"
            }
          ],
          "languages": [
            {
              "id": "eng",
              "title": {
                "en": "English"
              }
            }
          ],
          "publication_date": "2018",
          "publisher": "Whitestone Publications",
          "resource_type": {
            "id": "textDocument-journalArticle",
            "title": {
              "de": "Zeitschriftenartikel",
              "en": "Journal article"
            }
          },
          "rights": [
            {
              "link": "https://jcrt.org/copyright/",
              "title": {
                "en": "Copyright held by the author(s). Published in the Journal for Cultural and Religious Theory."
              }
            }
          ],
          "subjects": [
            {
              "id": "http://id.worldcat.org/fast/985243",
              "scheme": "FAST-topical",
              "subject": "Justification (Ethics)"
            },
            {
              "id": "http://id.worldcat.org/fast/1093763",
              "scheme": "FAST-topical",
              "subject": "Religion"
            },
            {
              "id": "http://id.worldcat.org/fast/1094344",
              "scheme": "FAST-topical",
              "subject": "Religiousness"
            },
            {
              "id": "http://id.worldcat.org/fast/1167224",
              "scheme": "FAST-topical",
              "subject": "Violence"
            }
          ],
          "title": "Violence and Religion, or Between Tyranny and Care."
        },
        "parent": {
          "access": {
            "grants": [],
            "links": [],
            "owned_by": {
              "user": "3742"
            },
            "settings": {
              "accept_conditions_text": null,
              "allow_guest_requests": false,
              "allow_user_requests": false,
              "secret_link_expiration": 0
            }
          },
          "communities": {
            "default": "3eb8a95b-6c2e-4bc2-a286-32c6cfeff3a1",
            "entries": [
              {
                "access": {
                  "member_policy": "open",
                  "members_visibility": "public",
                  "record_policy": "open",
                  "review_policy": "closed",
                  "visibility": "public"
                },
                "children": {
                  "allow": false
                },
                "created": "2026-08-30T10:26:54.834760+00:00",
                "custom_fields": {
                  "stats:dashboard_enabled": false
                },
                "deletion_status": {
                  "is_deleted": false,
                  "status": "P"
                },
                "id": "3eb8a95b-6c2e-4bc2-a286-32c6cfeff3a1",
                "links": {},
                "metadata": {
                  "description": "JCRT 17.2",
                  "title": "JCRT 17.2",
                  "type": {
                    "id": "journal"
                  },
                  "website": "https://jcrt.org/archives/17.2/"
                },
                "revision_id": 3,
                "slug": "jcrt-172",
                "updated": "2026-08-30T10:26:55.497742+00:00"
              }
            ],
            "ids": [
              "3eb8a95b-6c2e-4bc2-a286-32c6cfeff3a1"
            ]
          },
          "id": "gfsrn-vqz11",
          "pids": {
            "doi": {
              "client": "datacite",
              "identifier": "10.17613/gfsrn-vqz11",
              "provider": "datacite"
            }
          }
        },
        "pids": {
          "doi": {
            "client": "datacite",
            "identifier": "10.17613/80cmj-8mr86",
            "provider": "datacite"
          },
          "oai": {
            "identifier": "oai:https://works.hcommons.org:80cmj-8mr86",
            "provider": "oai"
          }
        },
        "revision_id": 5,
        "stats": {
          "all_versions": {
            "data_volume": 0.0,
            "downloads": 0,
            "unique_downloads": 0,
            "unique_views": 0,
            "views": 0
          },
          "this_version": {
            "data_volume": 0.0,
            "downloads": 0,
            "unique_downloads": 0,
            "unique_views": 0,
            "views": 0
          }
        },
        "status": "published",
        "updated": "2026-08-30T10:27:05.682184+00:00",
        "versions": {
          "index": 1,
          "is_latest": true,
          "is_latest_draft": true
        }
      },
      "record_id": "80cmj-8mr86",
      "record_url": "https://works.hcommons.org/records/80cmj-8mr86",
      "source_id": ""
    }
  ],
  "errors": [],
  "message": "All records were successfully imported",
  "status": "success"
}