{
  "status": 200,
  "message": "17.2 records verified in KC Works",
  "errors": [],
  "data": [
    {
      "record_id": "8e2r7-4c432"
    },
    {
      "record_id": "379xk-0yz96"
    },
    {
      "record_id": "v6cwa-s6w61"
    },
    {
      "record_id": "80cmj-8mr86"
    },
    {
      "record_id": "p2c2h-kvg33"
    },
    {
      "record_id": "57zr9-g0d89"
    },
    {
      "record_id": "31tkr-15z85"
    },
    {
      "record_id": "agjnp-c3y59"
    },
    {
      "record_id": "jrvst-ye309"
    },
    {
      "record_id": "qhqx7-cg926"
    },
    {
      "record_id": "xdvmr-svt63"
    },
    {
      "record_id": "9vyng-qkd74"
    },
    {
      "record_id": "zz3ym-5t930"
    },
    {
      "record_id": "8b6gs-kfc85"
    },
    {
      "record_id": "4q2sb-08348"
    }
  ]
}
