{
  "data": [
    {
      "collection_id": "c6d8d0ee-c5e8-4179-8727-922c2bbfbf8d",
      "errors": [],
      "files": {
        "Hovorun.pdf": {
          "messages": [],
          "status": "uploaded"
        }
      },
      "item_index": 0,
      "metadata": {
        "access": {
          "embargo": {
            "active": false,
            "reason": null
          },
          "files": "public",
          "record": "public",
          "status": "open"
        },
        "created": "2026-08-30T10:23:48.892355+00:00",
        "custom_fields": {
          "journal:journal": {
            "issn": "1530-5228",
            "issue": "2",
            "pages": "319-328",
            "title": "Journal for Cultural & Religious Theory",
            "volume": "18"
          },
          "kcr:user_defined_tags": [
            "christians",
            "political-theology",
            "christology"
          ]
        },
        "deletion_status": {
          "is_deleted": false,
          "status": "P"
        },
        "files": {
          "count": 1,
          "enabled": true,
          "entries": {
            "Hovorun.pdf": {
              "access": {
                "hidden": false
              },
              "checksum": "md5:b4cf0bf3c55c61aba5936bb759f42d31",
              "ext": "pdf",
              "id": "dfc38c45-7149-45ea-a716-3704a31a9cd7",
              "key": "Hovorun.pdf",
              "links": {
                "content": "https://works.hcommons.org/api/records/h6cde-hz264/files/Hovorun.pdf/content",
                "iiif_api": "https://works.hcommons.org/api/iiif/record:h6cde-hz264:Hovorun.pdf/full/full/0/default.png",
                "iiif_base": "https://works.hcommons.org/api/iiif/record:h6cde-hz264:Hovorun.pdf",
                "iiif_canvas": "https://works.hcommons.org/api/iiif/record:h6cde-hz264/canvas/Hovorun.pdf",
                "iiif_info": "https://works.hcommons.org/api/iiif/record:h6cde-hz264:Hovorun.pdf/info.json",
                "self": "https://works.hcommons.org/api/records/h6cde-hz264/files/Hovorun.pdf"
              },
              "metadata": {},
              "mimetype": "application/pdf",
              "size": 549119,
              "storage_class": "L"
            }
          },
          "order": [],
          "total_bytes": 549119
        },
        "id": "h6cde-hz264",
        "is_draft": false,
        "is_published": true,
        "links": {
          "access": "https://works.hcommons.org/api/records/h6cde-hz264/access",
          "access_grants": "https://works.hcommons.org/api/records/h6cde-hz264/access/grants",
          "access_groups": "https://works.hcommons.org/api/records/h6cde-hz264/access/groups",
          "access_links": "https://works.hcommons.org/api/records/h6cde-hz264/access/links",
          "access_request": "https://works.hcommons.org/api/records/h6cde-hz264/access/request",
          "access_users": "https://works.hcommons.org/api/records/h6cde-hz264/access/users",
          "archive": "https://works.hcommons.org/api/records/h6cde-hz264/files-archive",
          "archive_media": "https://works.hcommons.org/api/records/h6cde-hz264/media-files-archive",
          "communities": "https://works.hcommons.org/api/records/h6cde-hz264/communities",
          "communities-suggestions": "https://works.hcommons.org/api/records/h6cde-hz264/communities-suggestions",
          "doi": "https://doi.org/10.17613/h6cde-hz264",
          "draft": "https://works.hcommons.org/api/records/h6cde-hz264/draft",
          "files": "https://works.hcommons.org/api/records/h6cde-hz264/files",
          "latest": "https://works.hcommons.org/api/records/h6cde-hz264/versions/latest",
          "latest_html": "https://works.hcommons.org/records/h6cde-hz264/latest",
          "media_files": "https://works.hcommons.org/api/records/h6cde-hz264/media-files",
          "parent": "https://works.hcommons.org/api/records/9rse8-6et29",
          "parent_doi": "https://works.hcommons.org/doi/10.17613/9rse8-6et29",
          "parent_html": "https://works.hcommons.org/records/9rse8-6et29",
          "requests": "https://works.hcommons.org/api/records/h6cde-hz264/requests",
          "reserve_doi": "https://works.hcommons.org/api/records/h6cde-hz264/draft/pids/doi",
          "self": "https://works.hcommons.org/api/records/h6cde-hz264",
          "self_doi": "https://works.hcommons.org/doi/10.17613/h6cde-hz264",
          "self_html": "https://works.hcommons.org/records/h6cde-hz264",
          "self_iiif_manifest": "https://works.hcommons.org/api/iiif/record:h6cde-hz264/manifest",
          "self_iiif_sequence": "https://works.hcommons.org/api/iiif/record:h6cde-hz264/sequence/default",
          "versions": "https://works.hcommons.org/api/records/h6cde-hz264/versions"
        },
        "media_files": {
          "count": 0,
          "enabled": false,
          "entries": {},
          "order": [],
          "total_bytes": 0
        },
        "metadata": {
          "creators": [
            {
              "person_or_org": {
                "family_name": "Hovorun",
                "given_name": "Cyril",
                "name": "Hovorun, Cyril",
                "type": "personal"
              },
              "role": {
                "id": "author",
                "title": {
                  "en": "Author"
                }
              }
            }
          ],
          "identifiers": [
            {
              "identifier": "vNm5wp",
              "scheme": "import-recid"
            },
            {
              "identifier": "https://jcrt.org/archives/18.2/hovorun/",
              "scheme": "url"
            }
          ],
          "languages": [
            {
              "id": "eng",
              "title": {
                "en": "English"
              }
            }
          ],
          "publication_date": "2019",
          "publisher": "Whitestone Publications",
          "resource_type": {
            "id": "textDocument-journalArticle",
            "title": {
              "de": "Zeitschriftenartikel",
              "en": "Journal article"
            }
          },
          "rights": [
            {
              "link": "https://jcrt.org/copyright/",
              "title": {
                "en": "Copyright held by the author(s). Published in the Journal for Cultural and Religious Theory."
              }
            }
          ],
          "subjects": [
            {
              "id": "http://id.worldcat.org/fast/859760",
              "scheme": "FAST-topical",
              "subject": "Christians"
            },
            {
              "id": "http://id.worldcat.org/fast/1352288",
              "scheme": "FAST-topical",
              "subject": "Christology"
            },
            {
              "id": "http://id.worldcat.org/fast/1069899",
              "scheme": "FAST-topical",
              "subject": "Political theology"
            }
          ],
          "title": "From Christology to Political Theology."
        },
        "parent": {
          "access": {
            "grants": [],
            "links": [],
            "owned_by": {
              "user": "3742"
            },
            "settings": {
              "accept_conditions_text": null,
              "allow_guest_requests": false,
              "allow_user_requests": false,
              "secret_link_expiration": 0
            }
          },
          "communities": {
            "default": "c6d8d0ee-c5e8-4179-8727-922c2bbfbf8d",
            "entries": [
              {
                "access": {
                  "member_policy": "open",
                  "members_visibility": "public",
                  "record_policy": "open",
                  "review_policy": "closed",
                  "visibility": "public"
                },
                "children": {
                  "allow": false
                },
                "created": "2026-08-30T10:23:13.683650+00:00",
                "custom_fields": {
                  "stats:dashboard_enabled": false
                },
                "deletion_status": {
                  "is_deleted": false,
                  "status": "P"
                },
                "id": "c6d8d0ee-c5e8-4179-8727-922c2bbfbf8d",
                "links": {},
                "metadata": {
                  "description": "JCRT 18.2",
                  "title": "JCRT 18.2",
                  "type": {
                    "id": "journal"
                  },
                  "website": "https://jcrt.org/archives/18.2/"
                },
                "revision_id": 3,
                "slug": "jcrt-182",
                "updated": "2026-08-30T10:23:14.290721+00:00"
              }
            ],
            "ids": [
              "c6d8d0ee-c5e8-4179-8727-922c2bbfbf8d"
            ]
          },
          "id": "9rse8-6et29",
          "pids": {
            "doi": {
              "client": "datacite",
              "identifier": "10.17613/9rse8-6et29",
              "provider": "datacite"
            }
          }
        },
        "pids": {
          "doi": {
            "client": "datacite",
            "identifier": "10.17613/h6cde-hz264",
            "provider": "datacite"
          },
          "oai": {
            "identifier": "oai:https://works.hcommons.org:h6cde-hz264",
            "provider": "oai"
          }
        },
        "revision_id": 5,
        "stats": {
          "all_versions": {
            "data_volume": 0.0,
            "downloads": 0,
            "unique_downloads": 0,
            "unique_views": 0,
            "views": 0
          },
          "this_version": {
            "data_volume": 0.0,
            "downloads": 0,
            "unique_downloads": 0,
            "unique_views": 0,
            "views": 0
          }
        },
        "status": "published",
        "updated": "2026-08-30T10:23:49.127261+00:00",
        "versions": {
          "index": 1,
          "is_latest": true,
          "is_latest_draft": true
        }
      },
      "record_id": "h6cde-hz264",
      "record_url": "https://works.hcommons.org/records/h6cde-hz264",
      "source_id": ""
    },
    {
      "collection_id": "c6d8d0ee-c5e8-4179-8727-922c2bbfbf8d",
      "errors": [],
      "files": {
        "Konigsburg.pdf": {
          "messages": [],
          "status": "uploaded"
        }
      },
      "item_index": 1,
      "metadata": {
        "access": {
          "embargo": {
            "active": false,
            "reason": null
          },
          "files": "public",
          "record": "public",
          "status": "open"
        },
        "created": "2026-08-30T10:23:50.719632+00:00",
        "custom_fields": {
          "journal:journal": {
            "issn": "1530-5228",
            "issue": "2",
            "pages": "246-252",
            "title": "Journal for Cultural & Religious Theory",
            "volume": "18"
          },
          "kcr:user_defined_tags": [
            "divine-transcendence",
            "non-contrastive-transcendence",
            "apophatic-theology",
            "presence-and-absence",
            "god-language",
            "immanence",
            "negative-theology",
            "analogy",
            "kathryn-tanner",
            "theology-of-language",
            "ineffability",
            "divine-otherness"
          ]
        },
        "deletion_status": {
          "is_deleted": false,
          "status": "P"
        },
        "files": {
          "count": 1,
          "enabled": true,
          "entries": {
            "Konigsburg.pdf": {
              "access": {
                "hidden": false
              },
              "checksum": "md5:91652b2a12bf86c71786248e4f7c4d87",
              "ext": "pdf",
              "id": "bb913f35-4d90-445a-839c-37a97ab10593",
              "key": "Konigsburg.pdf",
              "links": {
                "content": "https://works.hcommons.org/api/records/93n0c-thy79/files/Konigsburg.pdf/content",
                "iiif_api": "https://works.hcommons.org/api/iiif/record:93n0c-thy79:Konigsburg.pdf/full/full/0/default.png",
                "iiif_base": "https://works.hcommons.org/api/iiif/record:93n0c-thy79:Konigsburg.pdf",
                "iiif_canvas": "https://works.hcommons.org/api/iiif/record:93n0c-thy79/canvas/Konigsburg.pdf",
                "iiif_info": "https://works.hcommons.org/api/iiif/record:93n0c-thy79:Konigsburg.pdf/info.json",
                "self": "https://works.hcommons.org/api/records/93n0c-thy79/files/Konigsburg.pdf"
              },
              "metadata": {},
              "mimetype": "application/pdf",
              "size": 444541,
              "storage_class": "L"
            }
          },
          "order": [],
          "total_bytes": 444541
        },
        "id": "93n0c-thy79",
        "is_draft": false,
        "is_published": true,
        "links": {
          "access": "https://works.hcommons.org/api/records/93n0c-thy79/access",
          "access_grants": "https://works.hcommons.org/api/records/93n0c-thy79/access/grants",
          "access_groups": "https://works.hcommons.org/api/records/93n0c-thy79/access/groups",
          "access_links": "https://works.hcommons.org/api/records/93n0c-thy79/access/links",
          "access_request": "https://works.hcommons.org/api/records/93n0c-thy79/access/request",
          "access_users": "https://works.hcommons.org/api/records/93n0c-thy79/access/users",
          "archive": "https://works.hcommons.org/api/records/93n0c-thy79/files-archive",
          "archive_media": "https://works.hcommons.org/api/records/93n0c-thy79/media-files-archive",
          "communities": "https://works.hcommons.org/api/records/93n0c-thy79/communities",
          "communities-suggestions": "https://works.hcommons.org/api/records/93n0c-thy79/communities-suggestions",
          "doi": "https://doi.org/10.17613/93n0c-thy79",
          "draft": "https://works.hcommons.org/api/records/93n0c-thy79/draft",
          "files": "https://works.hcommons.org/api/records/93n0c-thy79/files",
          "latest": "https://works.hcommons.org/api/records/93n0c-thy79/versions/latest",
          "latest_html": "https://works.hcommons.org/records/93n0c-thy79/latest",
          "media_files": "https://works.hcommons.org/api/records/93n0c-thy79/media-files",
          "parent": "https://works.hcommons.org/api/records/hdgj2-e2p24",
          "parent_doi": "https://works.hcommons.org/doi/10.17613/hdgj2-e2p24",
          "parent_html": "https://works.hcommons.org/records/hdgj2-e2p24",
          "requests": "https://works.hcommons.org/api/records/93n0c-thy79/requests",
          "reserve_doi": "https://works.hcommons.org/api/records/93n0c-thy79/draft/pids/doi",
          "self": "https://works.hcommons.org/api/records/93n0c-thy79",
          "self_doi": "https://works.hcommons.org/doi/10.17613/93n0c-thy79",
          "self_html": "https://works.hcommons.org/records/93n0c-thy79",
          "self_iiif_manifest": "https://works.hcommons.org/api/iiif/record:93n0c-thy79/manifest",
          "self_iiif_sequence": "https://works.hcommons.org/api/iiif/record:93n0c-thy79/sequence/default",
          "versions": "https://works.hcommons.org/api/records/93n0c-thy79/versions"
        },
        "media_files": {
          "count": 0,
          "enabled": false,
          "entries": {},
          "order": [],
          "total_bytes": 0
        },
        "metadata": {
          "creators": [
            {
              "person_or_org": {
                "family_name": "Konigsburg",
                "given_name": "Joyce Ann",
                "name": "Konigsburg, Joyce Ann",
                "type": "personal"
              },
              "role": {
                "id": "author",
                "title": {
                  "en": "Author"
                }
              }
            }
          ],
          "identifiers": [
            {
              "identifier": "CbM7Af",
              "scheme": "import-recid"
            },
            {
              "identifier": "https://jcrt.org/archives/18.2/Konigsburg/",
              "scheme": "url"
            }
          ],
          "languages": [
            {
              "id": "eng",
              "title": {
                "en": "English"
              }
            }
          ],
          "publication_date": "2019",
          "publisher": "Whitestone Publications",
          "resource_type": {
            "id": "textDocument-journalArticle",
            "title": {
              "de": "Zeitschriftenartikel",
              "en": "Journal article"
            }
          },
          "rights": [
            {
              "link": "https://jcrt.org/copyright/",
              "title": {
                "en": "Copyright held by the author(s). Published in the Journal for Cultural and Religious Theory."
              }
            }
          ],
          "subjects": [
            {
              "id": "http://id.worldcat.org/fast/808308",
              "scheme": "FAST-topical",
              "subject": "Analogy"
            },
            {
              "id": "http://id.worldcat.org/fast/1035499",
              "scheme": "FAST-topical",
              "subject": "Negative theology"
            },
            {
              "id": "http://id.worldcat.org/fast/1154533",
              "scheme": "FAST-topical",
              "subject": "Transcendence of God"
            }
          ],
          "title": "Speaking God's Presence and Absence as Non-Contrastive Transcendent Distinction"
        },
        "parent": {
          "access": {
            "grants": [],
            "links": [],
            "owned_by": {
              "user": "3742"
            },
            "settings": {
              "accept_conditions_text": null,
              "allow_guest_requests": false,
              "allow_user_requests": false,
              "secret_link_expiration": 0
            }
          },
          "communities": {
            "default": "c6d8d0ee-c5e8-4179-8727-922c2bbfbf8d",
            "entries": [
              {
                "access": {
                  "member_policy": "open",
                  "members_visibility": "public",
                  "record_policy": "open",
                  "review_policy": "closed",
                  "visibility": "public"
                },
                "children": {
                  "allow": false
                },
                "created": "2026-08-30T10:23:13.683650+00:00",
                "custom_fields": {
                  "stats:dashboard_enabled": false
                },
                "deletion_status": {
                  "is_deleted": false,
                  "status": "P"
                },
                "id": "c6d8d0ee-c5e8-4179-8727-922c2bbfbf8d",
                "links": {},
                "metadata": {
                  "description": "JCRT 18.2",
                  "title": "JCRT 18.2",
                  "type": {
                    "id": "journal"
                  },
                  "website": "https://jcrt.org/archives/18.2/"
                },
                "revision_id": 3,
                "slug": "jcrt-182",
                "updated": "2026-08-30T10:23:14.290721+00:00"
              }
            ],
            "ids": [
              "c6d8d0ee-c5e8-4179-8727-922c2bbfbf8d"
            ]
          },
          "id": "hdgj2-e2p24",
          "pids": {
            "doi": {
              "client": "datacite",
              "identifier": "10.17613/hdgj2-e2p24",
              "provider": "datacite"
            }
          }
        },
        "pids": {
          "doi": {
            "client": "datacite",
            "identifier": "10.17613/93n0c-thy79",
            "provider": "datacite"
          },
          "oai": {
            "identifier": "oai:https://works.hcommons.org:93n0c-thy79",
            "provider": "oai"
          }
        },
        "revision_id": 5,
        "stats": {
          "all_versions": {
            "data_volume": 0.0,
            "downloads": 0,
            "unique_downloads": 0,
            "unique_views": 0,
            "views": 0
          },
          "this_version": {
            "data_volume": 0.0,
            "downloads": 0,
            "unique_downloads": 0,
            "unique_views": 0,
            "views": 0
          }
        },
        "status": "published",
        "updated": "2026-08-30T10:23:50.934137+00:00",
        "versions": {
          "index": 1,
          "is_latest": true,
          "is_latest_draft": true
        }
      },
      "record_id": "93n0c-thy79",
      "record_url": "https://works.hcommons.org/records/93n0c-thy79",
      "source_id": ""
    },
    {
      "collection_id": "c6d8d0ee-c5e8-4179-8727-922c2bbfbf8d",
      "errors": [],
      "files": {
        "Lewis.pdf": {
          "messages": [],
          "status": "uploaded"
        }
      },
      "item_index": 2,
      "metadata": {
        "access": {
          "embargo": {
            "active": false,
            "reason": null
          },
          "files": "public",
          "record": "public",
          "status": "open"
        },
        "created": "2026-08-30T10:23:52.471183+00:00",
        "custom_fields": {
          "journal:journal": {
            "issn": "1530-5228",
            "issue": "2",
            "pages": "299-318",
            "title": "Journal for Cultural & Religious Theory",
            "volume": "18"
          },
          "kcr:user_defined_tags": [
            "christian-communities",
            "biblical-hermeneutics",
            "old-testament"
          ]
        },
        "deletion_status": {
          "is_deleted": false,
          "status": "P"
        },
        "files": {
          "count": 1,
          "enabled": true,
          "entries": {
            "Lewis.pdf": {
              "access": {
                "hidden": false
              },
              "checksum": "md5:0d524ab9e1cd2fd8039624cb039da3e7",
              "ext": "pdf",
              "id": "44f39b2e-95c2-47b4-b5a0-2a9cb36cd6ff",
              "key": "Lewis.pdf",
              "links": {
                "content": "https://works.hcommons.org/api/records/qhb15-tyy70/files/Lewis.pdf/content",
                "iiif_api": "https://works.hcommons.org/api/iiif/record:qhb15-tyy70:Lewis.pdf/full/full/0/default.png",
                "iiif_base": "https://works.hcommons.org/api/iiif/record:qhb15-tyy70:Lewis.pdf",
                "iiif_canvas": "https://works.hcommons.org/api/iiif/record:qhb15-tyy70/canvas/Lewis.pdf",
                "iiif_info": "https://works.hcommons.org/api/iiif/record:qhb15-tyy70:Lewis.pdf/info.json",
                "self": "https://works.hcommons.org/api/records/qhb15-tyy70/files/Lewis.pdf"
              },
              "metadata": {},
              "mimetype": "application/pdf",
              "size": 762373,
              "storage_class": "L"
            }
          },
          "order": [],
          "total_bytes": 762373
        },
        "id": "qhb15-tyy70",
        "is_draft": false,
        "is_published": true,
        "links": {
          "access": "https://works.hcommons.org/api/records/qhb15-tyy70/access",
          "access_grants": "https://works.hcommons.org/api/records/qhb15-tyy70/access/grants",
          "access_groups": "https://works.hcommons.org/api/records/qhb15-tyy70/access/groups",
          "access_links": "https://works.hcommons.org/api/records/qhb15-tyy70/access/links",
          "access_request": "https://works.hcommons.org/api/records/qhb15-tyy70/access/request",
          "access_users": "https://works.hcommons.org/api/records/qhb15-tyy70/access/users",
          "archive": "https://works.hcommons.org/api/records/qhb15-tyy70/files-archive",
          "archive_media": "https://works.hcommons.org/api/records/qhb15-tyy70/media-files-archive",
          "communities": "https://works.hcommons.org/api/records/qhb15-tyy70/communities",
          "communities-suggestions": "https://works.hcommons.org/api/records/qhb15-tyy70/communities-suggestions",
          "doi": "https://doi.org/10.17613/qhb15-tyy70",
          "draft": "https://works.hcommons.org/api/records/qhb15-tyy70/draft",
          "files": "https://works.hcommons.org/api/records/qhb15-tyy70/files",
          "latest": "https://works.hcommons.org/api/records/qhb15-tyy70/versions/latest",
          "latest_html": "https://works.hcommons.org/records/qhb15-tyy70/latest",
          "media_files": "https://works.hcommons.org/api/records/qhb15-tyy70/media-files",
          "parent": "https://works.hcommons.org/api/records/by4rf-sy760",
          "parent_doi": "https://works.hcommons.org/doi/10.17613/by4rf-sy760",
          "parent_html": "https://works.hcommons.org/records/by4rf-sy760",
          "requests": "https://works.hcommons.org/api/records/qhb15-tyy70/requests",
          "reserve_doi": "https://works.hcommons.org/api/records/qhb15-tyy70/draft/pids/doi",
          "self": "https://works.hcommons.org/api/records/qhb15-tyy70",
          "self_doi": "https://works.hcommons.org/doi/10.17613/qhb15-tyy70",
          "self_html": "https://works.hcommons.org/records/qhb15-tyy70",
          "self_iiif_manifest": "https://works.hcommons.org/api/iiif/record:qhb15-tyy70/manifest",
          "self_iiif_sequence": "https://works.hcommons.org/api/iiif/record:qhb15-tyy70/sequence/default",
          "versions": "https://works.hcommons.org/api/records/qhb15-tyy70/versions"
        },
        "media_files": {
          "count": 0,
          "enabled": false,
          "entries": {},
          "order": [],
          "total_bytes": 0
        },
        "metadata": {
          "creators": [
            {
              "person_or_org": {
                "family_name": "Lewis",
                "given_name": "Kevin",
                "name": "Lewis, Kevin",
                "type": "personal"
              },
              "role": {
                "id": "author",
                "title": {
                  "en": "Author"
                }
              }
            }
          ],
          "identifiers": [
            {
              "identifier": "vkVG9T",
              "scheme": "import-recid"
            },
            {
              "identifier": "https://jcrt.org/archives/18.2/lewis/",
              "scheme": "url"
            }
          ],
          "languages": [
            {
              "id": "eng",
              "title": {
                "en": "English"
              }
            }
          ],
          "publication_date": "2019",
          "publisher": "Whitestone Publications",
          "resource_type": {
            "id": "textDocument-journalArticle",
            "title": {
              "de": "Zeitschriftenartikel",
              "en": "Journal article"
            }
          },
          "rights": [
            {
              "link": "https://jcrt.org/copyright/",
              "title": {
                "en": "Copyright held by the author(s). Published in the Journal for Cultural and Religious Theory."
              }
            }
          ],
          "subjects": [
            {
              "id": "http://id.worldcat.org/fast/1352004",
              "scheme": "FAST-topical",
              "subject": "Biblical hermeneutics"
            },
            {
              "id": "http://id.worldcat.org/fast/858951",
              "scheme": "FAST-topical",
              "subject": "Christian communities"
            }
          ],
          "title": "Mischief, Idolatry, and the Demonic: Toward a Hermeneutic of Play."
        },
        "parent": {
          "access": {
            "grants": [],
            "links": [],
            "owned_by": {
              "user": "3742"
            },
            "settings": {
              "accept_conditions_text": null,
              "allow_guest_requests": false,
              "allow_user_requests": false,
              "secret_link_expiration": 0
            }
          },
          "communities": {
            "default": "c6d8d0ee-c5e8-4179-8727-922c2bbfbf8d",
            "entries": [
              {
                "access": {
                  "member_policy": "open",
                  "members_visibility": "public",
                  "record_policy": "open",
                  "review_policy": "closed",
                  "visibility": "public"
                },
                "children": {
                  "allow": false
                },
                "created": "2026-08-30T10:23:13.683650+00:00",
                "custom_fields": {
                  "stats:dashboard_enabled": false
                },
                "deletion_status": {
                  "is_deleted": false,
                  "status": "P"
                },
                "id": "c6d8d0ee-c5e8-4179-8727-922c2bbfbf8d",
                "links": {},
                "metadata": {
                  "description": "JCRT 18.2",
                  "title": "JCRT 18.2",
                  "type": {
                    "id": "journal"
                  },
                  "website": "https://jcrt.org/archives/18.2/"
                },
                "revision_id": 3,
                "slug": "jcrt-182",
                "updated": "2026-08-30T10:23:14.290721+00:00"
              }
            ],
            "ids": [
              "c6d8d0ee-c5e8-4179-8727-922c2bbfbf8d"
            ]
          },
          "id": "by4rf-sy760",
          "pids": {
            "doi": {
              "client": "datacite",
              "identifier": "10.17613/by4rf-sy760",
              "provider": "datacite"
            }
          }
        },
        "pids": {
          "doi": {
            "client": "datacite",
            "identifier": "10.17613/qhb15-tyy70",
            "provider": "datacite"
          },
          "oai": {
            "identifier": "oai:https://works.hcommons.org:qhb15-tyy70",
            "provider": "oai"
          }
        },
        "revision_id": 5,
        "stats": {
          "all_versions": {
            "data_volume": 0.0,
            "downloads": 0,
            "unique_downloads": 0,
            "unique_views": 0,
            "views": 0
          },
          "this_version": {
            "data_volume": 0.0,
            "downloads": 0,
            "unique_downloads": 0,
            "unique_views": 0,
            "views": 0
          }
        },
        "status": "published",
        "updated": "2026-08-30T10:23:52.693018+00:00",
        "versions": {
          "index": 1,
          "is_latest": true,
          "is_latest_draft": true
        }
      },
      "record_id": "qhb15-tyy70",
      "record_url": "https://works.hcommons.org/records/qhb15-tyy70",
      "source_id": ""
    },
    {
      "collection_id": "c6d8d0ee-c5e8-4179-8727-922c2bbfbf8d",
      "errors": [],
      "files": {
        "McAvan.pdf": {
          "messages": [],
          "status": "uploaded"
        }
      },
      "item_index": 3,
      "metadata": {
        "access": {
          "embargo": {
            "active": false,
            "reason": null
          },
          "files": "public",
          "record": "public",
          "status": "open"
        },
        "created": "2026-08-30T10:23:54.250707+00:00",
        "custom_fields": {
          "journal:journal": {
            "issn": "1530-5228",
            "issue": "2",
            "pages": "236-245",
            "title": "Journal for Cultural & Religious Theory",
            "volume": "18"
          },
          "kcr:user_defined_tags": [
            "christians",
            "theologians",
            "revenge"
          ]
        },
        "deletion_status": {
          "is_deleted": false,
          "status": "P"
        },
        "files": {
          "count": 1,
          "enabled": true,
          "entries": {
            "McAvan.pdf": {
              "access": {
                "hidden": false
              },
              "checksum": "md5:6719323e0e7443a6b876a1caa8f62799",
              "ext": "pdf",
              "id": "59e74da2-58e8-4f7f-a87e-8e8eedccb2cf",
              "key": "McAvan.pdf",
              "links": {
                "content": "https://works.hcommons.org/api/records/ra73r-jq716/files/McAvan.pdf/content",
                "iiif_api": "https://works.hcommons.org/api/iiif/record:ra73r-jq716:McAvan.pdf/full/full/0/default.png",
                "iiif_base": "https://works.hcommons.org/api/iiif/record:ra73r-jq716:McAvan.pdf",
                "iiif_canvas": "https://works.hcommons.org/api/iiif/record:ra73r-jq716/canvas/McAvan.pdf",
                "iiif_info": "https://works.hcommons.org/api/iiif/record:ra73r-jq716:McAvan.pdf/info.json",
                "self": "https://works.hcommons.org/api/records/ra73r-jq716/files/McAvan.pdf"
              },
              "metadata": {},
              "mimetype": "application/pdf",
              "size": 504785,
              "storage_class": "L"
            }
          },
          "order": [],
          "total_bytes": 504785
        },
        "id": "ra73r-jq716",
        "is_draft": false,
        "is_published": true,
        "links": {
          "access": "https://works.hcommons.org/api/records/ra73r-jq716/access",
          "access_grants": "https://works.hcommons.org/api/records/ra73r-jq716/access/grants",
          "access_groups": "https://works.hcommons.org/api/records/ra73r-jq716/access/groups",
          "access_links": "https://works.hcommons.org/api/records/ra73r-jq716/access/links",
          "access_request": "https://works.hcommons.org/api/records/ra73r-jq716/access/request",
          "access_users": "https://works.hcommons.org/api/records/ra73r-jq716/access/users",
          "archive": "https://works.hcommons.org/api/records/ra73r-jq716/files-archive",
          "archive_media": "https://works.hcommons.org/api/records/ra73r-jq716/media-files-archive",
          "communities": "https://works.hcommons.org/api/records/ra73r-jq716/communities",
          "communities-suggestions": "https://works.hcommons.org/api/records/ra73r-jq716/communities-suggestions",
          "doi": "https://doi.org/10.17613/ra73r-jq716",
          "draft": "https://works.hcommons.org/api/records/ra73r-jq716/draft",
          "files": "https://works.hcommons.org/api/records/ra73r-jq716/files",
          "latest": "https://works.hcommons.org/api/records/ra73r-jq716/versions/latest",
          "latest_html": "https://works.hcommons.org/records/ra73r-jq716/latest",
          "media_files": "https://works.hcommons.org/api/records/ra73r-jq716/media-files",
          "parent": "https://works.hcommons.org/api/records/bva87-c1w32",
          "parent_doi": "https://works.hcommons.org/doi/10.17613/bva87-c1w32",
          "parent_html": "https://works.hcommons.org/records/bva87-c1w32",
          "requests": "https://works.hcommons.org/api/records/ra73r-jq716/requests",
          "reserve_doi": "https://works.hcommons.org/api/records/ra73r-jq716/draft/pids/doi",
          "self": "https://works.hcommons.org/api/records/ra73r-jq716",
          "self_doi": "https://works.hcommons.org/doi/10.17613/ra73r-jq716",
          "self_html": "https://works.hcommons.org/records/ra73r-jq716",
          "self_iiif_manifest": "https://works.hcommons.org/api/iiif/record:ra73r-jq716/manifest",
          "self_iiif_sequence": "https://works.hcommons.org/api/iiif/record:ra73r-jq716/sequence/default",
          "versions": "https://works.hcommons.org/api/records/ra73r-jq716/versions"
        },
        "media_files": {
          "count": 0,
          "enabled": false,
          "entries": {},
          "order": [],
          "total_bytes": 0
        },
        "metadata": {
          "creators": [
            {
              "person_or_org": {
                "family_name": "McAvan",
                "given_name": "Emily",
                "name": "McAvan, Emily",
                "type": "personal"
              },
              "role": {
                "id": "author",
                "title": {
                  "en": "Author"
                }
              }
            }
          ],
          "identifiers": [
            {
              "identifier": "iCU0C9",
              "scheme": "import-recid"
            },
            {
              "identifier": "https://jcrt.org/archives/18.2/mcavan/",
              "scheme": "url"
            }
          ],
          "languages": [
            {
              "id": "eng",
              "title": {
                "en": "English"
              }
            }
          ],
          "publication_date": "2019",
          "publisher": "Whitestone Publications",
          "resource_type": {
            "id": "textDocument-journalArticle",
            "title": {
              "de": "Zeitschriftenartikel",
              "en": "Journal article"
            }
          },
          "rights": [
            {
              "link": "https://jcrt.org/copyright/",
              "title": {
                "en": "Copyright held by the author(s). Published in the Journal for Cultural and Religious Theory."
              }
            }
          ],
          "subjects": [
            {
              "id": "http://id.worldcat.org/fast/859760",
              "scheme": "FAST-topical",
              "subject": "Christians"
            },
            {
              "id": "http://id.worldcat.org/fast/1096476",
              "scheme": "FAST-topical",
              "subject": "Revenge"
            },
            {
              "id": "http://id.worldcat.org/fast/1149517",
              "scheme": "FAST-topical",
              "subject": "Theologians"
            }
          ],
          "title": "Spring in Italy: Anna Karenina and the God Who May Be."
        },
        "parent": {
          "access": {
            "grants": [],
            "links": [],
            "owned_by": {
              "user": "3742"
            },
            "settings": {
              "accept_conditions_text": null,
              "allow_guest_requests": false,
              "allow_user_requests": false,
              "secret_link_expiration": 0
            }
          },
          "communities": {
            "default": "c6d8d0ee-c5e8-4179-8727-922c2bbfbf8d",
            "entries": [
              {
                "access": {
                  "member_policy": "open",
                  "members_visibility": "public",
                  "record_policy": "open",
                  "review_policy": "closed",
                  "visibility": "public"
                },
                "children": {
                  "allow": false
                },
                "created": "2026-08-30T10:23:13.683650+00:00",
                "custom_fields": {
                  "stats:dashboard_enabled": false
                },
                "deletion_status": {
                  "is_deleted": false,
                  "status": "P"
                },
                "id": "c6d8d0ee-c5e8-4179-8727-922c2bbfbf8d",
                "links": {},
                "metadata": {
                  "description": "JCRT 18.2",
                  "title": "JCRT 18.2",
                  "type": {
                    "id": "journal"
                  },
                  "website": "https://jcrt.org/archives/18.2/"
                },
                "revision_id": 3,
                "slug": "jcrt-182",
                "updated": "2026-08-30T10:23:14.290721+00:00"
              }
            ],
            "ids": [
              "c6d8d0ee-c5e8-4179-8727-922c2bbfbf8d"
            ]
          },
          "id": "bva87-c1w32",
          "pids": {
            "doi": {
              "client": "datacite",
              "identifier": "10.17613/bva87-c1w32",
              "provider": "datacite"
            }
          }
        },
        "pids": {
          "doi": {
            "client": "datacite",
            "identifier": "10.17613/ra73r-jq716",
            "provider": "datacite"
          },
          "oai": {
            "identifier": "oai:https://works.hcommons.org:ra73r-jq716",
            "provider": "oai"
          }
        },
        "revision_id": 5,
        "stats": {
          "all_versions": {
            "data_volume": 0.0,
            "downloads": 0,
            "unique_downloads": 0,
            "unique_views": 0,
            "views": 0
          },
          "this_version": {
            "data_volume": 0.0,
            "downloads": 0,
            "unique_downloads": 0,
            "unique_views": 0,
            "views": 0
          }
        },
        "status": "published",
        "updated": "2026-08-30T10:23:54.471369+00:00",
        "versions": {
          "index": 1,
          "is_latest": true,
          "is_latest_draft": true
        }
      },
      "record_id": "ra73r-jq716",
      "record_url": "https://works.hcommons.org/records/ra73r-jq716",
      "source_id": ""
    }
  ],
  "errors": [],
  "message": "All records were successfully imported",
  "status": "success"
}