{
  "data": [
    {
      "collection_id": "c6d8d0ee-c5e8-4179-8727-922c2bbfbf8d",
      "errors": [],
      "files": {
        "Bios.pdf": {
          "messages": [],
          "status": "uploaded"
        }
      },
      "item_index": 0,
      "metadata": {
        "access": {
          "embargo": {
            "active": false,
            "reason": null
          },
          "files": "public",
          "record": "public",
          "status": "open"
        },
        "created": "2026-08-30T10:23:17.379633+00:00",
        "custom_fields": {
          "journal:journal": {
            "issn": "1530-5228",
            "issue": "2",
            "pages": "",
            "title": "Journal for Cultural & Religious Theory",
            "volume": "18"
          },
          "kcr:user_defined_tags": [
            "phenomenology",
            "philosophy-of-religion",
            "continental-philosophy",
            "political-theology",
            "systematic-theology",
            "radical-theology",
            "meister-eckhart",
            "gilles-deleuze",
            "islamic-studies",
            "mysticism",
            "religious-studies",
            "contributor-biographies"
          ]
        },
        "deletion_status": {
          "is_deleted": false,
          "status": "P"
        },
        "files": {
          "count": 1,
          "enabled": true,
          "entries": {
            "Bios.pdf": {
              "access": {
                "hidden": false
              },
              "checksum": "md5:cc71247bd383512ff88e74c0a4fd4fe4",
              "ext": "pdf",
              "id": "9a293e97-c6d9-45ae-b90b-a8827506433c",
              "key": "Bios.pdf",
              "links": {
                "content": "https://works.hcommons.org/api/records/sgngt-ghg92/files/Bios.pdf/content",
                "iiif_api": "https://works.hcommons.org/api/iiif/record:sgngt-ghg92:Bios.pdf/full/full/0/default.png",
                "iiif_base": "https://works.hcommons.org/api/iiif/record:sgngt-ghg92:Bios.pdf",
                "iiif_canvas": "https://works.hcommons.org/api/iiif/record:sgngt-ghg92/canvas/Bios.pdf",
                "iiif_info": "https://works.hcommons.org/api/iiif/record:sgngt-ghg92:Bios.pdf/info.json",
                "self": "https://works.hcommons.org/api/records/sgngt-ghg92/files/Bios.pdf"
              },
              "metadata": {},
              "mimetype": "application/pdf",
              "size": 208895,
              "storage_class": "L"
            }
          },
          "order": [],
          "total_bytes": 208895
        },
        "id": "sgngt-ghg92",
        "is_draft": false,
        "is_published": true,
        "links": {
          "access": "https://works.hcommons.org/api/records/sgngt-ghg92/access",
          "access_grants": "https://works.hcommons.org/api/records/sgngt-ghg92/access/grants",
          "access_groups": "https://works.hcommons.org/api/records/sgngt-ghg92/access/groups",
          "access_links": "https://works.hcommons.org/api/records/sgngt-ghg92/access/links",
          "access_request": "https://works.hcommons.org/api/records/sgngt-ghg92/access/request",
          "access_users": "https://works.hcommons.org/api/records/sgngt-ghg92/access/users",
          "archive": "https://works.hcommons.org/api/records/sgngt-ghg92/files-archive",
          "archive_media": "https://works.hcommons.org/api/records/sgngt-ghg92/media-files-archive",
          "communities": "https://works.hcommons.org/api/records/sgngt-ghg92/communities",
          "communities-suggestions": "https://works.hcommons.org/api/records/sgngt-ghg92/communities-suggestions",
          "doi": "https://doi.org/10.17613/sgngt-ghg92",
          "draft": "https://works.hcommons.org/api/records/sgngt-ghg92/draft",
          "files": "https://works.hcommons.org/api/records/sgngt-ghg92/files",
          "latest": "https://works.hcommons.org/api/records/sgngt-ghg92/versions/latest",
          "latest_html": "https://works.hcommons.org/records/sgngt-ghg92/latest",
          "media_files": "https://works.hcommons.org/api/records/sgngt-ghg92/media-files",
          "parent": "https://works.hcommons.org/api/records/0phdh-c3936",
          "parent_doi": "https://works.hcommons.org/doi/10.17613/0phdh-c3936",
          "parent_html": "https://works.hcommons.org/records/0phdh-c3936",
          "requests": "https://works.hcommons.org/api/records/sgngt-ghg92/requests",
          "reserve_doi": "https://works.hcommons.org/api/records/sgngt-ghg92/draft/pids/doi",
          "self": "https://works.hcommons.org/api/records/sgngt-ghg92",
          "self_doi": "https://works.hcommons.org/doi/10.17613/sgngt-ghg92",
          "self_html": "https://works.hcommons.org/records/sgngt-ghg92",
          "self_iiif_manifest": "https://works.hcommons.org/api/iiif/record:sgngt-ghg92/manifest",
          "self_iiif_sequence": "https://works.hcommons.org/api/iiif/record:sgngt-ghg92/sequence/default",
          "versions": "https://works.hcommons.org/api/records/sgngt-ghg92/versions"
        },
        "media_files": {
          "count": 0,
          "enabled": false,
          "entries": {},
          "order": [],
          "total_bytes": 0
        },
        "metadata": {
          "creators": [
            {
              "person_or_org": {
                "family_name": "editors",
                "given_name": "",
                "name": "editors",
                "type": "personal"
              },
              "role": {
                "id": "author",
                "title": {
                  "en": "Author"
                }
              }
            }
          ],
          "identifiers": [
            {
              "identifier": "T6x2f-",
              "scheme": "import-recid"
            },
            {
              "identifier": "https://jcrt.org/archives/18.2/bios/",
              "scheme": "url"
            }
          ],
          "languages": [
            {
              "id": "eng",
              "title": {
                "en": "English"
              }
            }
          ],
          "publication_date": "2019",
          "publisher": "Whitestone Publications",
          "resource_type": {
            "id": "textDocument-journalArticle",
            "title": {
              "de": "Zeitschriftenartikel",
              "en": "Journal article"
            }
          },
          "rights": [
            {
              "link": "https://jcrt.org/copyright/",
              "title": {
                "en": "Copyright held by the author(s). Published in the Journal for Cultural and Religious Theory."
              }
            }
          ],
          "subjects": [
            {
              "id": "http://id.worldcat.org/fast/1765182",
              "scheme": "FAST-topical",
              "subject": "Continental philosophy"
            },
            {
              "id": "http://id.worldcat.org/fast/1031629",
              "scheme": "FAST-topical",
              "subject": "Mysticism"
            },
            {
              "id": "http://id.worldcat.org/fast/1060522",
              "scheme": "FAST-topical",
              "subject": "Phenomenology"
            },
            {
              "id": "http://id.worldcat.org/fast/1069899",
              "scheme": "FAST-topical",
              "subject": "Political theology"
            },
            {
              "id": "http://id.worldcat.org/fast/1149617",
              "scheme": "FAST-topical",
              "subject": "Theology, Doctrinal"
            }
          ],
          "title": "Author Bios"
        },
        "parent": {
          "access": {
            "grants": [],
            "links": [],
            "owned_by": {
              "user": "3742"
            },
            "settings": {
              "accept_conditions_text": null,
              "allow_guest_requests": false,
              "allow_user_requests": false,
              "secret_link_expiration": 0
            }
          },
          "communities": {
            "default": "c6d8d0ee-c5e8-4179-8727-922c2bbfbf8d",
            "entries": [
              {
                "access": {
                  "member_policy": "open",
                  "members_visibility": "public",
                  "record_policy": "open",
                  "review_policy": "closed",
                  "visibility": "public"
                },
                "children": {
                  "allow": false
                },
                "created": "2026-08-30T10:23:13.683650+00:00",
                "custom_fields": {
                  "stats:dashboard_enabled": false
                },
                "deletion_status": {
                  "is_deleted": false,
                  "status": "P"
                },
                "id": "c6d8d0ee-c5e8-4179-8727-922c2bbfbf8d",
                "links": {},
                "metadata": {
                  "description": "JCRT 18.2",
                  "title": "JCRT 18.2",
                  "type": {
                    "id": "journal"
                  },
                  "website": "https://jcrt.org/archives/18.2/"
                },
                "revision_id": 3,
                "slug": "jcrt-182",
                "updated": "2026-08-30T10:23:14.290721+00:00"
              }
            ],
            "ids": [
              "c6d8d0ee-c5e8-4179-8727-922c2bbfbf8d"
            ]
          },
          "id": "0phdh-c3936",
          "pids": {
            "doi": {
              "client": "datacite",
              "identifier": "10.17613/0phdh-c3936",
              "provider": "datacite"
            }
          }
        },
        "pids": {
          "doi": {
            "client": "datacite",
            "identifier": "10.17613/sgngt-ghg92",
            "provider": "datacite"
          },
          "oai": {
            "identifier": "oai:https://works.hcommons.org:sgngt-ghg92",
            "provider": "oai"
          }
        },
        "revision_id": 5,
        "stats": {
          "all_versions": {
            "data_volume": 0.0,
            "downloads": 0,
            "unique_downloads": 0,
            "unique_views": 0,
            "views": 0
          },
          "this_version": {
            "data_volume": 0.0,
            "downloads": 0,
            "unique_downloads": 0,
            "unique_views": 0,
            "views": 0
          }
        },
        "status": "published",
        "updated": "2026-08-30T10:23:17.598633+00:00",
        "versions": {
          "index": 1,
          "is_latest": true,
          "is_latest_draft": true
        }
      },
      "record_id": "sgngt-ghg92",
      "record_url": "https://works.hcommons.org/records/sgngt-ghg92",
      "source_id": ""
    },
    {
      "collection_id": "c6d8d0ee-c5e8-4179-8727-922c2bbfbf8d",
      "errors": [],
      "files": {
        "DeRoo.pdf": {
          "messages": [],
          "status": "uploaded"
        }
      },
      "item_index": 1,
      "metadata": {
        "access": {
          "embargo": {
            "active": false,
            "reason": null
          },
          "files": "public",
          "record": "public",
          "status": "open"
        },
        "created": "2026-08-30T10:23:19.196631+00:00",
        "custom_fields": {
          "journal:journal": {
            "issn": "1530-5228",
            "issue": "2",
            "pages": "362-381",
            "title": "Journal for Cultural & Religious Theory",
            "volume": "18"
          },
          "kcr:user_defined_tags": [
            "religious-studies",
            "debate",
            "deconstruction"
          ]
        },
        "deletion_status": {
          "is_deleted": false,
          "status": "P"
        },
        "files": {
          "count": 1,
          "enabled": true,
          "entries": {
            "DeRoo.pdf": {
              "access": {
                "hidden": false
              },
              "checksum": "md5:d06ad7ac4eaf3efaea888c9e32ea84c7",
              "ext": "pdf",
              "id": "8f2f8398-b142-4c0d-8d32-5b196cf8e59e",
              "key": "DeRoo.pdf",
              "links": {
                "content": "https://works.hcommons.org/api/records/gvgfn-9ky03/files/DeRoo.pdf/content",
                "iiif_api": "https://works.hcommons.org/api/iiif/record:gvgfn-9ky03:DeRoo.pdf/full/full/0/default.png",
                "iiif_base": "https://works.hcommons.org/api/iiif/record:gvgfn-9ky03:DeRoo.pdf",
                "iiif_canvas": "https://works.hcommons.org/api/iiif/record:gvgfn-9ky03/canvas/DeRoo.pdf",
                "iiif_info": "https://works.hcommons.org/api/iiif/record:gvgfn-9ky03:DeRoo.pdf/info.json",
                "self": "https://works.hcommons.org/api/records/gvgfn-9ky03/files/DeRoo.pdf"
              },
              "metadata": {},
              "mimetype": "application/pdf",
              "size": 761600,
              "storage_class": "L"
            }
          },
          "order": [],
          "total_bytes": 761600
        },
        "id": "gvgfn-9ky03",
        "is_draft": false,
        "is_published": true,
        "links": {
          "access": "https://works.hcommons.org/api/records/gvgfn-9ky03/access",
          "access_grants": "https://works.hcommons.org/api/records/gvgfn-9ky03/access/grants",
          "access_groups": "https://works.hcommons.org/api/records/gvgfn-9ky03/access/groups",
          "access_links": "https://works.hcommons.org/api/records/gvgfn-9ky03/access/links",
          "access_request": "https://works.hcommons.org/api/records/gvgfn-9ky03/access/request",
          "access_users": "https://works.hcommons.org/api/records/gvgfn-9ky03/access/users",
          "archive": "https://works.hcommons.org/api/records/gvgfn-9ky03/files-archive",
          "archive_media": "https://works.hcommons.org/api/records/gvgfn-9ky03/media-files-archive",
          "communities": "https://works.hcommons.org/api/records/gvgfn-9ky03/communities",
          "communities-suggestions": "https://works.hcommons.org/api/records/gvgfn-9ky03/communities-suggestions",
          "doi": "https://doi.org/10.17613/gvgfn-9ky03",
          "draft": "https://works.hcommons.org/api/records/gvgfn-9ky03/draft",
          "files": "https://works.hcommons.org/api/records/gvgfn-9ky03/files",
          "latest": "https://works.hcommons.org/api/records/gvgfn-9ky03/versions/latest",
          "latest_html": "https://works.hcommons.org/records/gvgfn-9ky03/latest",
          "media_files": "https://works.hcommons.org/api/records/gvgfn-9ky03/media-files",
          "parent": "https://works.hcommons.org/api/records/gy8kt-jds56",
          "parent_doi": "https://works.hcommons.org/doi/10.17613/gy8kt-jds56",
          "parent_html": "https://works.hcommons.org/records/gy8kt-jds56",
          "requests": "https://works.hcommons.org/api/records/gvgfn-9ky03/requests",
          "reserve_doi": "https://works.hcommons.org/api/records/gvgfn-9ky03/draft/pids/doi",
          "self": "https://works.hcommons.org/api/records/gvgfn-9ky03",
          "self_doi": "https://works.hcommons.org/doi/10.17613/gvgfn-9ky03",
          "self_html": "https://works.hcommons.org/records/gvgfn-9ky03",
          "self_iiif_manifest": "https://works.hcommons.org/api/iiif/record:gvgfn-9ky03/manifest",
          "self_iiif_sequence": "https://works.hcommons.org/api/iiif/record:gvgfn-9ky03/sequence/default",
          "versions": "https://works.hcommons.org/api/records/gvgfn-9ky03/versions"
        },
        "media_files": {
          "count": 0,
          "enabled": false,
          "entries": {},
          "order": [],
          "total_bytes": 0
        },
        "metadata": {
          "creators": [
            {
              "person_or_org": {
                "family_name": "Deroo",
                "given_name": "Neal",
                "name": "Deroo, Neal",
                "type": "personal"
              },
              "role": {
                "id": "author",
                "title": {
                  "en": "Author"
                }
              }
            }
          ],
          "identifiers": [
            {
              "identifier": "Enoh-P",
              "scheme": "import-recid"
            },
            {
              "identifier": "https://jcrt.org/archives/18.2/deroo/",
              "scheme": "url"
            }
          ],
          "languages": [
            {
              "id": "eng",
              "title": {
                "en": "English"
              }
            }
          ],
          "publication_date": "2019",
          "publisher": "Whitestone Publications",
          "resource_type": {
            "id": "textDocument-journalArticle",
            "title": {
              "de": "Zeitschriftenartikel",
              "en": "Journal article"
            }
          },
          "rights": [
            {
              "link": "https://jcrt.org/copyright/",
              "title": {
                "en": "Copyright held by the author(s). Published in the Journal for Cultural and Religious Theory."
              }
            }
          ],
          "subjects": [
            {
              "id": "http://id.worldcat.org/fast/889137",
              "scheme": "FAST-topical",
              "subject": "Deconstruction"
            }
          ],
          "title": "The Dangers of Dealing with Derrida: Revisiting the Caputo-H\u00c4Gglund Debate on The"
        },
        "parent": {
          "access": {
            "grants": [],
            "links": [],
            "owned_by": {
              "user": "3742"
            },
            "settings": {
              "accept_conditions_text": null,
              "allow_guest_requests": false,
              "allow_user_requests": false,
              "secret_link_expiration": 0
            }
          },
          "communities": {
            "default": "c6d8d0ee-c5e8-4179-8727-922c2bbfbf8d",
            "entries": [
              {
                "access": {
                  "member_policy": "open",
                  "members_visibility": "public",
                  "record_policy": "open",
                  "review_policy": "closed",
                  "visibility": "public"
                },
                "children": {
                  "allow": false
                },
                "created": "2026-08-30T10:23:13.683650+00:00",
                "custom_fields": {
                  "stats:dashboard_enabled": false
                },
                "deletion_status": {
                  "is_deleted": false,
                  "status": "P"
                },
                "id": "c6d8d0ee-c5e8-4179-8727-922c2bbfbf8d",
                "links": {},
                "metadata": {
                  "description": "JCRT 18.2",
                  "title": "JCRT 18.2",
                  "type": {
                    "id": "journal"
                  },
                  "website": "https://jcrt.org/archives/18.2/"
                },
                "revision_id": 3,
                "slug": "jcrt-182",
                "updated": "2026-08-30T10:23:14.290721+00:00"
              }
            ],
            "ids": [
              "c6d8d0ee-c5e8-4179-8727-922c2bbfbf8d"
            ]
          },
          "id": "gy8kt-jds56",
          "pids": {
            "doi": {
              "client": "datacite",
              "identifier": "10.17613/gy8kt-jds56",
              "provider": "datacite"
            }
          }
        },
        "pids": {
          "doi": {
            "client": "datacite",
            "identifier": "10.17613/gvgfn-9ky03",
            "provider": "datacite"
          },
          "oai": {
            "identifier": "oai:https://works.hcommons.org:gvgfn-9ky03",
            "provider": "oai"
          }
        },
        "revision_id": 5,
        "stats": {
          "all_versions": {
            "data_volume": 0.0,
            "downloads": 0,
            "unique_downloads": 0,
            "unique_views": 0,
            "views": 0
          },
          "this_version": {
            "data_volume": 0.0,
            "downloads": 0,
            "unique_downloads": 0,
            "unique_views": 0,
            "views": 0
          }
        },
        "status": "published",
        "updated": "2026-08-30T10:23:19.408175+00:00",
        "versions": {
          "index": 1,
          "is_latest": true,
          "is_latest_draft": true
        }
      },
      "record_id": "gvgfn-9ky03",
      "record_url": "https://works.hcommons.org/records/gvgfn-9ky03",
      "source_id": ""
    },
    {
      "collection_id": "c6d8d0ee-c5e8-4179-8727-922c2bbfbf8d",
      "errors": [],
      "files": {
        "Fishley.pdf": {
          "messages": [],
          "status": "uploaded"
        }
      },
      "item_index": 2,
      "metadata": {
        "access": {
          "embargo": {
            "active": false,
            "reason": null
          },
          "files": "public",
          "record": "public",
          "status": "open"
        },
        "created": "2026-08-30T10:23:20.980508+00:00",
        "custom_fields": {
          "journal:journal": {
            "issn": "1530-5228",
            "issue": "2",
            "pages": "193-201",
            "title": "Journal for Cultural & Religious Theory",
            "volume": "18"
          },
          "kcr:user_defined_tags": [
            "bible-in-literature",
            "theologians",
            "1912-1991",
            "frye",
            "northrop"
          ]
        },
        "deletion_status": {
          "is_deleted": false,
          "status": "P"
        },
        "files": {
          "count": 1,
          "enabled": true,
          "entries": {
            "Fishley.pdf": {
              "access": {
                "hidden": false
              },
              "checksum": "md5:72724657d88907bf895557e62d189517",
              "ext": "pdf",
              "id": "bbc88e70-552d-4d4d-9a44-e59018d995cd",
              "key": "Fishley.pdf",
              "links": {
                "content": "https://works.hcommons.org/api/records/54eqv-5nw25/files/Fishley.pdf/content",
                "iiif_api": "https://works.hcommons.org/api/iiif/record:54eqv-5nw25:Fishley.pdf/full/full/0/default.png",
                "iiif_base": "https://works.hcommons.org/api/iiif/record:54eqv-5nw25:Fishley.pdf",
                "iiif_canvas": "https://works.hcommons.org/api/iiif/record:54eqv-5nw25/canvas/Fishley.pdf",
                "iiif_info": "https://works.hcommons.org/api/iiif/record:54eqv-5nw25:Fishley.pdf/info.json",
                "self": "https://works.hcommons.org/api/records/54eqv-5nw25/files/Fishley.pdf"
              },
              "metadata": {},
              "mimetype": "application/pdf",
              "size": 505593,
              "storage_class": "L"
            }
          },
          "order": [],
          "total_bytes": 505593
        },
        "id": "54eqv-5nw25",
        "is_draft": false,
        "is_published": true,
        "links": {
          "access": "https://works.hcommons.org/api/records/54eqv-5nw25/access",
          "access_grants": "https://works.hcommons.org/api/records/54eqv-5nw25/access/grants",
          "access_groups": "https://works.hcommons.org/api/records/54eqv-5nw25/access/groups",
          "access_links": "https://works.hcommons.org/api/records/54eqv-5nw25/access/links",
          "access_request": "https://works.hcommons.org/api/records/54eqv-5nw25/access/request",
          "access_users": "https://works.hcommons.org/api/records/54eqv-5nw25/access/users",
          "archive": "https://works.hcommons.org/api/records/54eqv-5nw25/files-archive",
          "archive_media": "https://works.hcommons.org/api/records/54eqv-5nw25/media-files-archive",
          "communities": "https://works.hcommons.org/api/records/54eqv-5nw25/communities",
          "communities-suggestions": "https://works.hcommons.org/api/records/54eqv-5nw25/communities-suggestions",
          "doi": "https://doi.org/10.17613/54eqv-5nw25",
          "draft": "https://works.hcommons.org/api/records/54eqv-5nw25/draft",
          "files": "https://works.hcommons.org/api/records/54eqv-5nw25/files",
          "latest": "https://works.hcommons.org/api/records/54eqv-5nw25/versions/latest",
          "latest_html": "https://works.hcommons.org/records/54eqv-5nw25/latest",
          "media_files": "https://works.hcommons.org/api/records/54eqv-5nw25/media-files",
          "parent": "https://works.hcommons.org/api/records/fggt7-ef351",
          "parent_doi": "https://works.hcommons.org/doi/10.17613/fggt7-ef351",
          "parent_html": "https://works.hcommons.org/records/fggt7-ef351",
          "requests": "https://works.hcommons.org/api/records/54eqv-5nw25/requests",
          "reserve_doi": "https://works.hcommons.org/api/records/54eqv-5nw25/draft/pids/doi",
          "self": "https://works.hcommons.org/api/records/54eqv-5nw25",
          "self_doi": "https://works.hcommons.org/doi/10.17613/54eqv-5nw25",
          "self_html": "https://works.hcommons.org/records/54eqv-5nw25",
          "self_iiif_manifest": "https://works.hcommons.org/api/iiif/record:54eqv-5nw25/manifest",
          "self_iiif_sequence": "https://works.hcommons.org/api/iiif/record:54eqv-5nw25/sequence/default",
          "versions": "https://works.hcommons.org/api/records/54eqv-5nw25/versions"
        },
        "media_files": {
          "count": 0,
          "enabled": false,
          "entries": {},
          "order": [],
          "total_bytes": 0
        },
        "metadata": {
          "creators": [
            {
              "person_or_org": {
                "family_name": "Fishley",
                "given_name": "Daniel",
                "name": "Fishley, Daniel",
                "type": "personal"
              },
              "role": {
                "id": "author",
                "title": {
                  "en": "Author"
                }
              }
            }
          ],
          "identifiers": [
            {
              "identifier": "yo4Fuu",
              "scheme": "import-recid"
            },
            {
              "identifier": "https://jcrt.org/archives/18.2/fishley/",
              "scheme": "url"
            }
          ],
          "languages": [
            {
              "id": "eng",
              "title": {
                "en": "English"
              }
            }
          ],
          "publication_date": "2019",
          "publisher": "Whitestone Publications",
          "resource_type": {
            "id": "textDocument-journalArticle",
            "title": {
              "de": "Zeitschriftenartikel",
              "en": "Journal article"
            }
          },
          "rights": [
            {
              "link": "https://jcrt.org/copyright/",
              "title": {
                "en": "Copyright held by the author(s). Published in the Journal for Cultural and Religious Theory."
              }
            }
          ],
          "subjects": [
            {
              "id": "http://id.worldcat.org/fast/1149517",
              "scheme": "FAST-topical",
              "subject": "Theologians"
            }
          ],
          "title": "God's Absence as Textual Presence: the Radical (Literary) Theology of Northrop Frye."
        },
        "parent": {
          "access": {
            "grants": [],
            "links": [],
            "owned_by": {
              "user": "3742"
            },
            "settings": {
              "accept_conditions_text": null,
              "allow_guest_requests": false,
              "allow_user_requests": false,
              "secret_link_expiration": 0
            }
          },
          "communities": {
            "default": "c6d8d0ee-c5e8-4179-8727-922c2bbfbf8d",
            "entries": [
              {
                "access": {
                  "member_policy": "open",
                  "members_visibility": "public",
                  "record_policy": "open",
                  "review_policy": "closed",
                  "visibility": "public"
                },
                "children": {
                  "allow": false
                },
                "created": "2026-08-30T10:23:13.683650+00:00",
                "custom_fields": {
                  "stats:dashboard_enabled": false
                },
                "deletion_status": {
                  "is_deleted": false,
                  "status": "P"
                },
                "id": "c6d8d0ee-c5e8-4179-8727-922c2bbfbf8d",
                "links": {},
                "metadata": {
                  "description": "JCRT 18.2",
                  "title": "JCRT 18.2",
                  "type": {
                    "id": "journal"
                  },
                  "website": "https://jcrt.org/archives/18.2/"
                },
                "revision_id": 3,
                "slug": "jcrt-182",
                "updated": "2026-08-30T10:23:14.290721+00:00"
              }
            ],
            "ids": [
              "c6d8d0ee-c5e8-4179-8727-922c2bbfbf8d"
            ]
          },
          "id": "fggt7-ef351",
          "pids": {
            "doi": {
              "client": "datacite",
              "identifier": "10.17613/fggt7-ef351",
              "provider": "datacite"
            }
          }
        },
        "pids": {
          "doi": {
            "client": "datacite",
            "identifier": "10.17613/54eqv-5nw25",
            "provider": "datacite"
          },
          "oai": {
            "identifier": "oai:https://works.hcommons.org:54eqv-5nw25",
            "provider": "oai"
          }
        },
        "revision_id": 5,
        "stats": {
          "all_versions": {
            "data_volume": 0.0,
            "downloads": 0,
            "unique_downloads": 0,
            "unique_views": 0,
            "views": 0
          },
          "this_version": {
            "data_volume": 0.0,
            "downloads": 0,
            "unique_downloads": 0,
            "unique_views": 0,
            "views": 0
          }
        },
        "status": "published",
        "updated": "2026-08-30T10:23:21.197073+00:00",
        "versions": {
          "index": 1,
          "is_latest": true,
          "is_latest_draft": true
        }
      },
      "record_id": "54eqv-5nw25",
      "record_url": "https://works.hcommons.org/records/54eqv-5nw25",
      "source_id": ""
    },
    {
      "collection_id": "c6d8d0ee-c5e8-4179-8727-922c2bbfbf8d",
      "errors": [],
      "files": {
        "Giardino.pdf": {
          "messages": [],
          "status": "uploaded"
        }
      },
      "item_index": 3,
      "metadata": {
        "access": {
          "embargo": {
            "active": false,
            "reason": null
          },
          "files": "public",
          "record": "public",
          "status": "open"
        },
        "created": "2026-08-30T10:23:23.193250+00:00",
        "custom_fields": {
          "journal:journal": {
            "issn": "1530-5228",
            "issue": "2",
            "pages": "224-235",
            "title": "Journal for Cultural & Religious Theory",
            "volume": "18"
          },
          "kcr:user_defined_tags": [
            "catholics",
            "apologists-christians",
            "theory-of-knowledge"
          ]
        },
        "deletion_status": {
          "is_deleted": false,
          "status": "P"
        },
        "files": {
          "count": 1,
          "enabled": true,
          "entries": {
            "Giardino.pdf": {
              "access": {
                "hidden": false
              },
              "checksum": "md5:79a58d621e93820a313064a685b53338",
              "ext": "pdf",
              "id": "444b28a3-0526-4cc2-92d3-054bd27c534d",
              "key": "Giardino.pdf",
              "links": {
                "content": "https://works.hcommons.org/api/records/6n1zp-59m29/files/Giardino.pdf/content",
                "iiif_api": "https://works.hcommons.org/api/iiif/record:6n1zp-59m29:Giardino.pdf/full/full/0/default.png",
                "iiif_base": "https://works.hcommons.org/api/iiif/record:6n1zp-59m29:Giardino.pdf",
                "iiif_canvas": "https://works.hcommons.org/api/iiif/record:6n1zp-59m29/canvas/Giardino.pdf",
                "iiif_info": "https://works.hcommons.org/api/iiif/record:6n1zp-59m29:Giardino.pdf/info.json",
                "self": "https://works.hcommons.org/api/records/6n1zp-59m29/files/Giardino.pdf"
              },
              "metadata": {},
              "mimetype": "application/pdf",
              "size": 585435,
              "storage_class": "L"
            }
          },
          "order": [],
          "total_bytes": 585435
        },
        "id": "6n1zp-59m29",
        "is_draft": false,
        "is_published": true,
        "links": {
          "access": "https://works.hcommons.org/api/records/6n1zp-59m29/access",
          "access_grants": "https://works.hcommons.org/api/records/6n1zp-59m29/access/grants",
          "access_groups": "https://works.hcommons.org/api/records/6n1zp-59m29/access/groups",
          "access_links": "https://works.hcommons.org/api/records/6n1zp-59m29/access/links",
          "access_request": "https://works.hcommons.org/api/records/6n1zp-59m29/access/request",
          "access_users": "https://works.hcommons.org/api/records/6n1zp-59m29/access/users",
          "archive": "https://works.hcommons.org/api/records/6n1zp-59m29/files-archive",
          "archive_media": "https://works.hcommons.org/api/records/6n1zp-59m29/media-files-archive",
          "communities": "https://works.hcommons.org/api/records/6n1zp-59m29/communities",
          "communities-suggestions": "https://works.hcommons.org/api/records/6n1zp-59m29/communities-suggestions",
          "doi": "https://doi.org/10.17613/6n1zp-59m29",
          "draft": "https://works.hcommons.org/api/records/6n1zp-59m29/draft",
          "files": "https://works.hcommons.org/api/records/6n1zp-59m29/files",
          "latest": "https://works.hcommons.org/api/records/6n1zp-59m29/versions/latest",
          "latest_html": "https://works.hcommons.org/records/6n1zp-59m29/latest",
          "media_files": "https://works.hcommons.org/api/records/6n1zp-59m29/media-files",
          "parent": "https://works.hcommons.org/api/records/6qq5k-j4j07",
          "parent_doi": "https://works.hcommons.org/doi/10.17613/6qq5k-j4j07",
          "parent_html": "https://works.hcommons.org/records/6qq5k-j4j07",
          "requests": "https://works.hcommons.org/api/records/6n1zp-59m29/requests",
          "reserve_doi": "https://works.hcommons.org/api/records/6n1zp-59m29/draft/pids/doi",
          "self": "https://works.hcommons.org/api/records/6n1zp-59m29",
          "self_doi": "https://works.hcommons.org/doi/10.17613/6n1zp-59m29",
          "self_html": "https://works.hcommons.org/records/6n1zp-59m29",
          "self_iiif_manifest": "https://works.hcommons.org/api/iiif/record:6n1zp-59m29/manifest",
          "self_iiif_sequence": "https://works.hcommons.org/api/iiif/record:6n1zp-59m29/sequence/default",
          "versions": "https://works.hcommons.org/api/records/6n1zp-59m29/versions"
        },
        "media_files": {
          "count": 0,
          "enabled": false,
          "entries": {},
          "order": [],
          "total_bytes": 0
        },
        "metadata": {
          "creators": [
            {
              "person_or_org": {
                "family_name": "Giardino",
                "given_name": "Joshua",
                "name": "Giardino, Joshua",
                "type": "personal"
              },
              "role": {
                "id": "author",
                "title": {
                  "en": "Author"
                }
              }
            }
          ],
          "identifiers": [
            {
              "identifier": "oWVe8j",
              "scheme": "import-recid"
            },
            {
              "identifier": "https://jcrt.org/archives/18.2/giardino/",
              "scheme": "url"
            }
          ],
          "languages": [
            {
              "id": "eng",
              "title": {
                "en": "English"
              }
            }
          ],
          "publication_date": "2019",
          "publisher": "Whitestone Publications",
          "resource_type": {
            "id": "textDocument-journalArticle",
            "title": {
              "de": "Zeitschriftenartikel",
              "en": "Journal article"
            }
          },
          "rights": [
            {
              "link": "https://jcrt.org/copyright/",
              "title": {
                "en": "Copyright held by the author(s). Published in the Journal for Cultural and Religious Theory."
              }
            }
          ],
          "subjects": [
            {
              "id": "http://id.worldcat.org/fast/849297",
              "scheme": "FAST-topical",
              "subject": "Catholics"
            },
            {
              "id": "http://id.worldcat.org/fast/988194",
              "scheme": "FAST-topical",
              "subject": "Knowledge, Theory of"
            }
          ],
          "title": "Divine Absence as Divine Presence."
        },
        "parent": {
          "access": {
            "grants": [],
            "links": [],
            "owned_by": {
              "user": "3742"
            },
            "settings": {
              "accept_conditions_text": null,
              "allow_guest_requests": false,
              "allow_user_requests": false,
              "secret_link_expiration": 0
            }
          },
          "communities": {
            "default": "c6d8d0ee-c5e8-4179-8727-922c2bbfbf8d",
            "entries": [
              {
                "access": {
                  "member_policy": "open",
                  "members_visibility": "public",
                  "record_policy": "open",
                  "review_policy": "closed",
                  "visibility": "public"
                },
                "children": {
                  "allow": false
                },
                "created": "2026-08-30T10:23:13.683650+00:00",
                "custom_fields": {
                  "stats:dashboard_enabled": false
                },
                "deletion_status": {
                  "is_deleted": false,
                  "status": "P"
                },
                "id": "c6d8d0ee-c5e8-4179-8727-922c2bbfbf8d",
                "links": {},
                "metadata": {
                  "description": "JCRT 18.2",
                  "title": "JCRT 18.2",
                  "type": {
                    "id": "journal"
                  },
                  "website": "https://jcrt.org/archives/18.2/"
                },
                "revision_id": 3,
                "slug": "jcrt-182",
                "updated": "2026-08-30T10:23:14.290721+00:00"
              }
            ],
            "ids": [
              "c6d8d0ee-c5e8-4179-8727-922c2bbfbf8d"
            ]
          },
          "id": "6qq5k-j4j07",
          "pids": {
            "doi": {
              "client": "datacite",
              "identifier": "10.17613/6qq5k-j4j07",
              "provider": "datacite"
            }
          }
        },
        "pids": {
          "doi": {
            "client": "datacite",
            "identifier": "10.17613/6n1zp-59m29",
            "provider": "datacite"
          },
          "oai": {
            "identifier": "oai:https://works.hcommons.org:6n1zp-59m29",
            "provider": "oai"
          }
        },
        "revision_id": 5,
        "stats": {
          "all_versions": {
            "data_volume": 0.0,
            "downloads": 0,
            "unique_downloads": 0,
            "unique_views": 0,
            "views": 0
          },
          "this_version": {
            "data_volume": 0.0,
            "downloads": 0,
            "unique_downloads": 0,
            "unique_views": 0,
            "views": 0
          }
        },
        "status": "published",
        "updated": "2026-08-30T10:23:23.455425+00:00",
        "versions": {
          "index": 1,
          "is_latest": true,
          "is_latest_draft": true
        }
      },
      "record_id": "6n1zp-59m29",
      "record_url": "https://works.hcommons.org/records/6n1zp-59m29",
      "source_id": ""
    }
  ],
  "errors": [],
  "message": "All records were successfully imported",
  "status": "success"
}