{
  "status": 200,
  "message": "19.1 records verified in KC Works",
  "errors": [],
  "data": [
    {
      "record_id": "5v1s2-m5d91"
    },
    {
      "record_id": "ja1v7-b1x60"
    },
    {
      "record_id": "mpsn6-xnb77"
    },
    {
      "record_id": "adefj-kbz65"
    },
    {
      "record_id": "7qt9k-9gz59"
    },
    {
      "record_id": "yrz4v-c0b53"
    },
    {
      "record_id": "kf2ek-47h13"
    },
    {
      "record_id": "9bp4f-yaq10"
    },
    {
      "record_id": "tgfa9-81z29"
    },
    {
      "record_id": "kejea-prr03"
    },
    {
      "record_id": "z5b5t-rbw82"
    },
    {
      "record_id": "j6wx8-tc826"
    },
    {
      "record_id": "8racn-fxq83"
    },
    {
      "record_id": "6cfym-sds88"
    },
    {
      "record_id": "v66wd-n6h92"
    },
    {
      "record_id": "znwfw-rc456"
    },
    {
      "record_id": "m8hhq-ks473"
    }
  ]
}
