{
  "data": [
    {
      "collection_id": "82476a4f-7d93-40cd-89b5-e328bbed0f11",
      "errors": [],
      "files": {
        "Jennings.pdf": {
          "messages": [],
          "status": "uploaded"
        }
      },
      "item_index": 0,
      "metadata": {
        "access": {
          "embargo": {
            "active": false,
            "reason": null
          },
          "files": "public",
          "record": "public",
          "status": "open"
        },
        "created": "2026-08-30T10:21:20.652298+00:00",
        "custom_fields": {
          "journal:journal": {
            "issn": "1530-5228",
            "issue": "1",
            "pages": "103-117",
            "title": "Journal for Cultural & Religious Theory",
            "volume": "19"
          },
          "kcr:user_defined_tags": [
            "jesus-christ",
            "1927-2018",
            "altizer",
            "thomas-j-j"
          ]
        },
        "deletion_status": {
          "is_deleted": false,
          "status": "P"
        },
        "files": {
          "count": 1,
          "enabled": true,
          "entries": {
            "Jennings.pdf": {
              "access": {
                "hidden": false
              },
              "checksum": "md5:4b0340499356e6248f063b5030e2400c",
              "ext": "pdf",
              "id": "1d5dbfbc-53e2-4b4d-8486-7203e4ce4f2f",
              "key": "Jennings.pdf",
              "links": {
                "content": "https://works.hcommons.org/api/records/tgfa9-81z29/files/Jennings.pdf/content",
                "iiif_api": "https://works.hcommons.org/api/iiif/record:tgfa9-81z29:Jennings.pdf/full/full/0/default.png",
                "iiif_base": "https://works.hcommons.org/api/iiif/record:tgfa9-81z29:Jennings.pdf",
                "iiif_canvas": "https://works.hcommons.org/api/iiif/record:tgfa9-81z29/canvas/Jennings.pdf",
                "iiif_info": "https://works.hcommons.org/api/iiif/record:tgfa9-81z29:Jennings.pdf/info.json",
                "self": "https://works.hcommons.org/api/records/tgfa9-81z29/files/Jennings.pdf"
              },
              "metadata": {},
              "mimetype": "application/pdf",
              "size": 612353,
              "storage_class": "L"
            }
          },
          "order": [],
          "total_bytes": 612353
        },
        "id": "tgfa9-81z29",
        "is_draft": false,
        "is_published": true,
        "links": {
          "access": "https://works.hcommons.org/api/records/tgfa9-81z29/access",
          "access_grants": "https://works.hcommons.org/api/records/tgfa9-81z29/access/grants",
          "access_groups": "https://works.hcommons.org/api/records/tgfa9-81z29/access/groups",
          "access_links": "https://works.hcommons.org/api/records/tgfa9-81z29/access/links",
          "access_request": "https://works.hcommons.org/api/records/tgfa9-81z29/access/request",
          "access_users": "https://works.hcommons.org/api/records/tgfa9-81z29/access/users",
          "archive": "https://works.hcommons.org/api/records/tgfa9-81z29/files-archive",
          "archive_media": "https://works.hcommons.org/api/records/tgfa9-81z29/media-files-archive",
          "communities": "https://works.hcommons.org/api/records/tgfa9-81z29/communities",
          "communities-suggestions": "https://works.hcommons.org/api/records/tgfa9-81z29/communities-suggestions",
          "doi": "https://doi.org/10.17613/tgfa9-81z29",
          "draft": "https://works.hcommons.org/api/records/tgfa9-81z29/draft",
          "files": "https://works.hcommons.org/api/records/tgfa9-81z29/files",
          "latest": "https://works.hcommons.org/api/records/tgfa9-81z29/versions/latest",
          "latest_html": "https://works.hcommons.org/records/tgfa9-81z29/latest",
          "media_files": "https://works.hcommons.org/api/records/tgfa9-81z29/media-files",
          "parent": "https://works.hcommons.org/api/records/wt7vg-a8a39",
          "parent_doi": "https://works.hcommons.org/doi/10.17613/wt7vg-a8a39",
          "parent_html": "https://works.hcommons.org/records/wt7vg-a8a39",
          "requests": "https://works.hcommons.org/api/records/tgfa9-81z29/requests",
          "reserve_doi": "https://works.hcommons.org/api/records/tgfa9-81z29/draft/pids/doi",
          "self": "https://works.hcommons.org/api/records/tgfa9-81z29",
          "self_doi": "https://works.hcommons.org/doi/10.17613/tgfa9-81z29",
          "self_html": "https://works.hcommons.org/records/tgfa9-81z29",
          "self_iiif_manifest": "https://works.hcommons.org/api/iiif/record:tgfa9-81z29/manifest",
          "self_iiif_sequence": "https://works.hcommons.org/api/iiif/record:tgfa9-81z29/sequence/default",
          "versions": "https://works.hcommons.org/api/records/tgfa9-81z29/versions"
        },
        "media_files": {
          "count": 0,
          "enabled": false,
          "entries": {},
          "order": [],
          "total_bytes": 0
        },
        "metadata": {
          "creators": [
            {
              "person_or_org": {
                "family_name": "Jennings",
                "given_name": "Theodore W.",
                "name": "Jennings, Theodore W.",
                "type": "personal"
              },
              "role": {
                "id": "author",
                "title": {
                  "en": "Author"
                }
              }
            }
          ],
          "identifiers": [
            {
              "identifier": "0vqWOZ",
              "scheme": "import-recid"
            },
            {
              "identifier": "https://jcrt.org/archives/19.1/jennings/",
              "scheme": "url"
            }
          ],
          "languages": [
            {
              "id": "eng",
              "title": {
                "en": "English"
              }
            }
          ],
          "publication_date": "2020",
          "publisher": "Whitestone Publications",
          "resource_type": {
            "id": "textDocument-journalArticle",
            "title": {
              "de": "Zeitschriftenartikel",
              "en": "Journal article"
            }
          },
          "rights": [
            {
              "link": "https://jcrt.org/copyright/",
              "title": {
                "en": "Copyright held by the author(s). Published in the Journal for Cultural and Religious Theory."
              }
            }
          ],
          "subjects": [
            {
              "id": "http://id.worldcat.org/fast/40116",
              "scheme": "FAST-personal",
              "subject": "Jesus Christ"
            },
            {
              "id": "http://id.worldcat.org/fast/1474140",
              "scheme": "FAST-personal",
              "subject": "Thomas, J. J."
            }
          ],
          "title": "Altizer's Apocalyptic Jesus."
        },
        "parent": {
          "access": {
            "grants": [],
            "links": [],
            "owned_by": {
              "user": "3742"
            },
            "settings": {
              "accept_conditions_text": null,
              "allow_guest_requests": false,
              "allow_user_requests": false,
              "secret_link_expiration": 0
            }
          },
          "communities": {
            "default": "82476a4f-7d93-40cd-89b5-e328bbed0f11",
            "entries": [
              {
                "access": {
                  "member_policy": "open",
                  "members_visibility": "public",
                  "record_policy": "open",
                  "review_policy": "closed",
                  "visibility": "public"
                },
                "children": {
                  "allow": false
                },
                "created": "2026-08-30T10:20:54.980453+00:00",
                "custom_fields": {
                  "stats:dashboard_enabled": false
                },
                "deletion_status": {
                  "is_deleted": false,
                  "status": "P"
                },
                "id": "82476a4f-7d93-40cd-89b5-e328bbed0f11",
                "links": {},
                "metadata": {
                  "description": "JCRT 19.1",
                  "title": "JCRT 19.1",
                  "type": {
                    "id": "journal"
                  },
                  "website": "https://jcrt.org/archives/19.1/"
                },
                "revision_id": 3,
                "slug": "jcrt-191",
                "updated": "2026-08-30T10:20:55.740648+00:00"
              }
            ],
            "ids": [
              "82476a4f-7d93-40cd-89b5-e328bbed0f11"
            ]
          },
          "id": "wt7vg-a8a39",
          "pids": {
            "doi": {
              "client": "datacite",
              "identifier": "10.17613/wt7vg-a8a39",
              "provider": "datacite"
            }
          }
        },
        "pids": {
          "doi": {
            "client": "datacite",
            "identifier": "10.17613/tgfa9-81z29",
            "provider": "datacite"
          },
          "oai": {
            "identifier": "oai:https://works.hcommons.org:tgfa9-81z29",
            "provider": "oai"
          }
        },
        "revision_id": 5,
        "stats": {
          "all_versions": {
            "data_volume": 0.0,
            "downloads": 0,
            "unique_downloads": 0,
            "unique_views": 0,
            "views": 0
          },
          "this_version": {
            "data_volume": 0.0,
            "downloads": 0,
            "unique_downloads": 0,
            "unique_views": 0,
            "views": 0
          }
        },
        "status": "published",
        "updated": "2026-08-30T10:21:21.263083+00:00",
        "versions": {
          "index": 1,
          "is_latest": true,
          "is_latest_draft": true
        }
      },
      "record_id": "tgfa9-81z29",
      "record_url": "https://works.hcommons.org/records/tgfa9-81z29",
      "source_id": ""
    },
    {
      "collection_id": "82476a4f-7d93-40cd-89b5-e328bbed0f11",
      "errors": [],
      "files": {
        "McCullough.pdf": {
          "messages": [],
          "status": "uploaded"
        }
      },
      "item_index": 1,
      "metadata": {
        "access": {
          "embargo": {
            "active": false,
            "reason": null
          },
          "files": "public",
          "record": "public",
          "status": "open"
        },
        "created": "2026-08-30T10:21:22.976524+00:00",
        "custom_fields": {
          "journal:journal": {
            "issn": "1530-5228",
            "issue": "1",
            "pages": "149-170",
            "title": "Journal for Cultural & Religious Theory",
            "volume": "19"
          },
          "kcr:user_defined_tags": [
            "political-theology",
            "1927-2018",
            "altizer",
            "thomas-j-j"
          ]
        },
        "deletion_status": {
          "is_deleted": false,
          "status": "P"
        },
        "files": {
          "count": 1,
          "enabled": true,
          "entries": {
            "McCullough.pdf": {
              "access": {
                "hidden": false
              },
              "checksum": "md5:89e2520fbbcf84e026fbfbf142bca4d7",
              "ext": "pdf",
              "id": "4325ffeb-c17e-45ff-927b-9ede4fbcf13c",
              "key": "McCullough.pdf",
              "links": {
                "content": "https://works.hcommons.org/api/records/kejea-prr03/files/McCullough.pdf/content",
                "iiif_api": "https://works.hcommons.org/api/iiif/record:kejea-prr03:McCullough.pdf/full/full/0/default.png",
                "iiif_base": "https://works.hcommons.org/api/iiif/record:kejea-prr03:McCullough.pdf",
                "iiif_canvas": "https://works.hcommons.org/api/iiif/record:kejea-prr03/canvas/McCullough.pdf",
                "iiif_info": "https://works.hcommons.org/api/iiif/record:kejea-prr03:McCullough.pdf/info.json",
                "self": "https://works.hcommons.org/api/records/kejea-prr03/files/McCullough.pdf"
              },
              "metadata": {},
              "mimetype": "application/pdf",
              "size": 951172,
              "storage_class": "L"
            }
          },
          "order": [],
          "total_bytes": 951172
        },
        "id": "kejea-prr03",
        "is_draft": false,
        "is_published": true,
        "links": {
          "access": "https://works.hcommons.org/api/records/kejea-prr03/access",
          "access_grants": "https://works.hcommons.org/api/records/kejea-prr03/access/grants",
          "access_groups": "https://works.hcommons.org/api/records/kejea-prr03/access/groups",
          "access_links": "https://works.hcommons.org/api/records/kejea-prr03/access/links",
          "access_request": "https://works.hcommons.org/api/records/kejea-prr03/access/request",
          "access_users": "https://works.hcommons.org/api/records/kejea-prr03/access/users",
          "archive": "https://works.hcommons.org/api/records/kejea-prr03/files-archive",
          "archive_media": "https://works.hcommons.org/api/records/kejea-prr03/media-files-archive",
          "communities": "https://works.hcommons.org/api/records/kejea-prr03/communities",
          "communities-suggestions": "https://works.hcommons.org/api/records/kejea-prr03/communities-suggestions",
          "doi": "https://doi.org/10.17613/kejea-prr03",
          "draft": "https://works.hcommons.org/api/records/kejea-prr03/draft",
          "files": "https://works.hcommons.org/api/records/kejea-prr03/files",
          "latest": "https://works.hcommons.org/api/records/kejea-prr03/versions/latest",
          "latest_html": "https://works.hcommons.org/records/kejea-prr03/latest",
          "media_files": "https://works.hcommons.org/api/records/kejea-prr03/media-files",
          "parent": "https://works.hcommons.org/api/records/4g89p-5b473",
          "parent_doi": "https://works.hcommons.org/doi/10.17613/4g89p-5b473",
          "parent_html": "https://works.hcommons.org/records/4g89p-5b473",
          "requests": "https://works.hcommons.org/api/records/kejea-prr03/requests",
          "reserve_doi": "https://works.hcommons.org/api/records/kejea-prr03/draft/pids/doi",
          "self": "https://works.hcommons.org/api/records/kejea-prr03",
          "self_doi": "https://works.hcommons.org/doi/10.17613/kejea-prr03",
          "self_html": "https://works.hcommons.org/records/kejea-prr03",
          "self_iiif_manifest": "https://works.hcommons.org/api/iiif/record:kejea-prr03/manifest",
          "self_iiif_sequence": "https://works.hcommons.org/api/iiif/record:kejea-prr03/sequence/default",
          "versions": "https://works.hcommons.org/api/records/kejea-prr03/versions"
        },
        "media_files": {
          "count": 0,
          "enabled": false,
          "entries": {},
          "order": [],
          "total_bytes": 0
        },
        "metadata": {
          "creators": [
            {
              "person_or_org": {
                "family_name": "McCullough",
                "given_name": "Lissa",
                "name": "McCullough, Lissa",
                "type": "personal"
              },
              "role": {
                "id": "author",
                "title": {
                  "en": "Author"
                }
              }
            }
          ],
          "identifiers": [
            {
              "identifier": "uT9gbR",
              "scheme": "import-recid"
            },
            {
              "identifier": "https://jcrt.org/archives/19.1/mccullough/",
              "scheme": "url"
            }
          ],
          "languages": [
            {
              "id": "eng",
              "title": {
                "en": "English"
              }
            }
          ],
          "publication_date": "2020",
          "publisher": "Whitestone Publications",
          "resource_type": {
            "id": "textDocument-journalArticle",
            "title": {
              "de": "Zeitschriftenartikel",
              "en": "Journal article"
            }
          },
          "rights": [
            {
              "link": "https://jcrt.org/copyright/",
              "title": {
                "en": "Copyright held by the author(s). Published in the Journal for Cultural and Religious Theory."
              }
            }
          ],
          "subjects": [
            {
              "id": "http://id.worldcat.org/fast/1069899",
              "scheme": "FAST-topical",
              "subject": "Political theology"
            },
            {
              "id": "http://id.worldcat.org/fast/1474140",
              "scheme": "FAST-personal",
              "subject": "Thomas, J. J."
            }
          ],
          "title": "Apocalypticism as Political Theology."
        },
        "parent": {
          "access": {
            "grants": [],
            "links": [],
            "owned_by": {
              "user": "3742"
            },
            "settings": {
              "accept_conditions_text": null,
              "allow_guest_requests": false,
              "allow_user_requests": false,
              "secret_link_expiration": 0
            }
          },
          "communities": {
            "default": "82476a4f-7d93-40cd-89b5-e328bbed0f11",
            "entries": [
              {
                "access": {
                  "member_policy": "open",
                  "members_visibility": "public",
                  "record_policy": "open",
                  "review_policy": "closed",
                  "visibility": "public"
                },
                "children": {
                  "allow": false
                },
                "created": "2026-08-30T10:20:54.980453+00:00",
                "custom_fields": {
                  "stats:dashboard_enabled": false
                },
                "deletion_status": {
                  "is_deleted": false,
                  "status": "P"
                },
                "id": "82476a4f-7d93-40cd-89b5-e328bbed0f11",
                "links": {},
                "metadata": {
                  "description": "JCRT 19.1",
                  "title": "JCRT 19.1",
                  "type": {
                    "id": "journal"
                  },
                  "website": "https://jcrt.org/archives/19.1/"
                },
                "revision_id": 3,
                "slug": "jcrt-191",
                "updated": "2026-08-30T10:20:55.740648+00:00"
              }
            ],
            "ids": [
              "82476a4f-7d93-40cd-89b5-e328bbed0f11"
            ]
          },
          "id": "4g89p-5b473",
          "pids": {
            "doi": {
              "client": "datacite",
              "identifier": "10.17613/4g89p-5b473",
              "provider": "datacite"
            }
          }
        },
        "pids": {
          "doi": {
            "client": "datacite",
            "identifier": "10.17613/kejea-prr03",
            "provider": "datacite"
          },
          "oai": {
            "identifier": "oai:https://works.hcommons.org:kejea-prr03",
            "provider": "oai"
          }
        },
        "revision_id": 5,
        "stats": {
          "all_versions": {
            "data_volume": 0.0,
            "downloads": 0,
            "unique_downloads": 0,
            "unique_views": 0,
            "views": 0
          },
          "this_version": {
            "data_volume": 0.0,
            "downloads": 0,
            "unique_downloads": 0,
            "unique_views": 0,
            "views": 0
          }
        },
        "status": "published",
        "updated": "2026-08-30T10:21:23.225348+00:00",
        "versions": {
          "index": 1,
          "is_latest": true,
          "is_latest_draft": true
        }
      },
      "record_id": "kejea-prr03",
      "record_url": "https://works.hcommons.org/records/kejea-prr03",
      "source_id": ""
    },
    {
      "collection_id": "82476a4f-7d93-40cd-89b5-e328bbed0f11",
      "errors": [],
      "files": {
        "Quasha.pdf": {
          "messages": [],
          "status": "uploaded"
        }
      },
      "item_index": 2,
      "metadata": {
        "access": {
          "embargo": {
            "active": false,
            "reason": null
          },
          "files": "public",
          "record": "public",
          "status": "open"
        },
        "created": "2026-08-30T10:21:24.918758+00:00",
        "custom_fields": {
          "journal:journal": {
            "issn": "1530-5228",
            "issue": "1",
            "pages": "189-21",
            "title": "Journal for Cultural & Religious Theory",
            "volume": "19"
          },
          "kcr:user_defined_tags": [
            "theologians",
            "birth-of-tragedy",
            "ecce-homo-poem",
            "the-poem"
          ]
        },
        "deletion_status": {
          "is_deleted": false,
          "status": "P"
        },
        "files": {
          "count": 1,
          "enabled": true,
          "entries": {
            "Quasha.pdf": {
              "access": {
                "hidden": false
              },
              "checksum": "md5:2d2b542e751db2518a740dde17e028fd",
              "ext": "pdf",
              "id": "6aa670e0-23a6-449d-a147-bba4407a89e1",
              "key": "Quasha.pdf",
              "links": {
                "content": "https://works.hcommons.org/api/records/z5b5t-rbw82/files/Quasha.pdf/content",
                "iiif_api": "https://works.hcommons.org/api/iiif/record:z5b5t-rbw82:Quasha.pdf/full/full/0/default.png",
                "iiif_base": "https://works.hcommons.org/api/iiif/record:z5b5t-rbw82:Quasha.pdf",
                "iiif_canvas": "https://works.hcommons.org/api/iiif/record:z5b5t-rbw82/canvas/Quasha.pdf",
                "iiif_info": "https://works.hcommons.org/api/iiif/record:z5b5t-rbw82:Quasha.pdf/info.json",
                "self": "https://works.hcommons.org/api/records/z5b5t-rbw82/files/Quasha.pdf"
              },
              "metadata": {},
              "mimetype": "application/pdf",
              "size": 650035,
              "storage_class": "L"
            }
          },
          "order": [],
          "total_bytes": 650035
        },
        "id": "z5b5t-rbw82",
        "is_draft": false,
        "is_published": true,
        "links": {
          "access": "https://works.hcommons.org/api/records/z5b5t-rbw82/access",
          "access_grants": "https://works.hcommons.org/api/records/z5b5t-rbw82/access/grants",
          "access_groups": "https://works.hcommons.org/api/records/z5b5t-rbw82/access/groups",
          "access_links": "https://works.hcommons.org/api/records/z5b5t-rbw82/access/links",
          "access_request": "https://works.hcommons.org/api/records/z5b5t-rbw82/access/request",
          "access_users": "https://works.hcommons.org/api/records/z5b5t-rbw82/access/users",
          "archive": "https://works.hcommons.org/api/records/z5b5t-rbw82/files-archive",
          "archive_media": "https://works.hcommons.org/api/records/z5b5t-rbw82/media-files-archive",
          "communities": "https://works.hcommons.org/api/records/z5b5t-rbw82/communities",
          "communities-suggestions": "https://works.hcommons.org/api/records/z5b5t-rbw82/communities-suggestions",
          "doi": "https://doi.org/10.17613/z5b5t-rbw82",
          "draft": "https://works.hcommons.org/api/records/z5b5t-rbw82/draft",
          "files": "https://works.hcommons.org/api/records/z5b5t-rbw82/files",
          "latest": "https://works.hcommons.org/api/records/z5b5t-rbw82/versions/latest",
          "latest_html": "https://works.hcommons.org/records/z5b5t-rbw82/latest",
          "media_files": "https://works.hcommons.org/api/records/z5b5t-rbw82/media-files",
          "parent": "https://works.hcommons.org/api/records/f7b9e-cej31",
          "parent_doi": "https://works.hcommons.org/doi/10.17613/f7b9e-cej31",
          "parent_html": "https://works.hcommons.org/records/f7b9e-cej31",
          "requests": "https://works.hcommons.org/api/records/z5b5t-rbw82/requests",
          "reserve_doi": "https://works.hcommons.org/api/records/z5b5t-rbw82/draft/pids/doi",
          "self": "https://works.hcommons.org/api/records/z5b5t-rbw82",
          "self_doi": "https://works.hcommons.org/doi/10.17613/z5b5t-rbw82",
          "self_html": "https://works.hcommons.org/records/z5b5t-rbw82",
          "self_iiif_manifest": "https://works.hcommons.org/api/iiif/record:z5b5t-rbw82/manifest",
          "self_iiif_sequence": "https://works.hcommons.org/api/iiif/record:z5b5t-rbw82/sequence/default",
          "versions": "https://works.hcommons.org/api/records/z5b5t-rbw82/versions"
        },
        "media_files": {
          "count": 0,
          "enabled": false,
          "entries": {},
          "order": [],
          "total_bytes": 0
        },
        "metadata": {
          "creators": [
            {
              "person_or_org": {
                "family_name": "Quasha",
                "given_name": "George",
                "name": "Quasha, George",
                "type": "personal"
              },
              "role": {
                "id": "author",
                "title": {
                  "en": "Author"
                }
              }
            }
          ],
          "identifiers": [
            {
              "identifier": "WW7URA",
              "scheme": "import-recid"
            },
            {
              "identifier": "https://jcrt.org/archives/19.1/quasha/",
              "scheme": "url"
            }
          ],
          "languages": [
            {
              "id": "eng",
              "title": {
                "en": "English"
              }
            }
          ],
          "publication_date": "2020",
          "publisher": "Whitestone Publications",
          "resource_type": {
            "id": "textDocument-journalArticle",
            "title": {
              "de": "Zeitschriftenartikel",
              "en": "Journal article"
            }
          },
          "rights": [
            {
              "link": "https://jcrt.org/copyright/",
              "title": {
                "en": "Copyright held by the author(s). Published in the Journal for Cultural and Religious Theory."
              }
            }
          ],
          "subjects": [
            {
              "id": "http://id.worldcat.org/fast/1149517",
              "scheme": "FAST-topical",
              "subject": "Theologians"
            }
          ],
          "title": "Divine Revelation in the Literal Expression."
        },
        "parent": {
          "access": {
            "grants": [],
            "links": [],
            "owned_by": {
              "user": "3742"
            },
            "settings": {
              "accept_conditions_text": null,
              "allow_guest_requests": false,
              "allow_user_requests": false,
              "secret_link_expiration": 0
            }
          },
          "communities": {
            "default": "82476a4f-7d93-40cd-89b5-e328bbed0f11",
            "entries": [
              {
                "access": {
                  "member_policy": "open",
                  "members_visibility": "public",
                  "record_policy": "open",
                  "review_policy": "closed",
                  "visibility": "public"
                },
                "children": {
                  "allow": false
                },
                "created": "2026-08-30T10:20:54.980453+00:00",
                "custom_fields": {
                  "stats:dashboard_enabled": false
                },
                "deletion_status": {
                  "is_deleted": false,
                  "status": "P"
                },
                "id": "82476a4f-7d93-40cd-89b5-e328bbed0f11",
                "links": {},
                "metadata": {
                  "description": "JCRT 19.1",
                  "title": "JCRT 19.1",
                  "type": {
                    "id": "journal"
                  },
                  "website": "https://jcrt.org/archives/19.1/"
                },
                "revision_id": 3,
                "slug": "jcrt-191",
                "updated": "2026-08-30T10:20:55.740648+00:00"
              }
            ],
            "ids": [
              "82476a4f-7d93-40cd-89b5-e328bbed0f11"
            ]
          },
          "id": "f7b9e-cej31",
          "pids": {
            "doi": {
              "client": "datacite",
              "identifier": "10.17613/f7b9e-cej31",
              "provider": "datacite"
            }
          }
        },
        "pids": {
          "doi": {
            "client": "datacite",
            "identifier": "10.17613/z5b5t-rbw82",
            "provider": "datacite"
          },
          "oai": {
            "identifier": "oai:https://works.hcommons.org:z5b5t-rbw82",
            "provider": "oai"
          }
        },
        "revision_id": 5,
        "stats": {
          "all_versions": {
            "data_volume": 0.0,
            "downloads": 0,
            "unique_downloads": 0,
            "unique_views": 0,
            "views": 0
          },
          "this_version": {
            "data_volume": 0.0,
            "downloads": 0,
            "unique_downloads": 0,
            "unique_views": 0,
            "views": 0
          }
        },
        "status": "published",
        "updated": "2026-08-30T10:21:25.129927+00:00",
        "versions": {
          "index": 1,
          "is_latest": true,
          "is_latest_draft": true
        }
      },
      "record_id": "z5b5t-rbw82",
      "record_url": "https://works.hcommons.org/records/z5b5t-rbw82",
      "source_id": ""
    },
    {
      "collection_id": "82476a4f-7d93-40cd-89b5-e328bbed0f11",
      "errors": [],
      "files": {
        "Raschke.pdf": {
          "messages": [],
          "status": "uploaded"
        }
      },
      "item_index": 3,
      "metadata": {
        "access": {
          "embargo": {
            "active": false,
            "reason": null
          },
          "files": "public",
          "record": "public",
          "status": "open"
        },
        "created": "2026-08-30T10:21:26.795798+00:00",
        "custom_fields": {
          "journal:journal": {
            "issn": "1530-5228",
            "issue": "1",
            "pages": "",
            "title": "Journal for Cultural & Religious Theory",
            "volume": "19"
          },
          "kcr:user_defined_tags": [
            "thomas-altizer",
            "death-of-god-theology",
            "radical-theology",
            "kenosis",
            "apocalyptic-theology",
            "g-w-f-hegel",
            "secularization",
            "christian-atheism",
            "dialectics",
            "incarnation",
            "carl-raschke",
            "nihilism"
          ]
        },
        "deletion_status": {
          "is_deleted": false,
          "status": "P"
        },
        "files": {
          "count": 1,
          "enabled": true,
          "entries": {
            "Raschke.pdf": {
              "access": {
                "hidden": false
              },
              "checksum": "md5:63681097fccff9421102c620e2b6b9a3",
              "ext": "pdf",
              "id": "4cb66b91-6155-47ef-8b08-bd8c1620cc7a",
              "key": "Raschke.pdf",
              "links": {
                "content": "https://works.hcommons.org/api/records/j6wx8-tc826/files/Raschke.pdf/content",
                "iiif_api": "https://works.hcommons.org/api/iiif/record:j6wx8-tc826:Raschke.pdf/full/full/0/default.png",
                "iiif_base": "https://works.hcommons.org/api/iiif/record:j6wx8-tc826:Raschke.pdf",
                "iiif_canvas": "https://works.hcommons.org/api/iiif/record:j6wx8-tc826/canvas/Raschke.pdf",
                "iiif_info": "https://works.hcommons.org/api/iiif/record:j6wx8-tc826:Raschke.pdf/info.json",
                "self": "https://works.hcommons.org/api/records/j6wx8-tc826/files/Raschke.pdf"
              },
              "metadata": {},
              "mimetype": "application/pdf",
              "size": 845145,
              "storage_class": "L"
            }
          },
          "order": [],
          "total_bytes": 845145
        },
        "id": "j6wx8-tc826",
        "is_draft": false,
        "is_published": true,
        "links": {
          "access": "https://works.hcommons.org/api/records/j6wx8-tc826/access",
          "access_grants": "https://works.hcommons.org/api/records/j6wx8-tc826/access/grants",
          "access_groups": "https://works.hcommons.org/api/records/j6wx8-tc826/access/groups",
          "access_links": "https://works.hcommons.org/api/records/j6wx8-tc826/access/links",
          "access_request": "https://works.hcommons.org/api/records/j6wx8-tc826/access/request",
          "access_users": "https://works.hcommons.org/api/records/j6wx8-tc826/access/users",
          "archive": "https://works.hcommons.org/api/records/j6wx8-tc826/files-archive",
          "archive_media": "https://works.hcommons.org/api/records/j6wx8-tc826/media-files-archive",
          "communities": "https://works.hcommons.org/api/records/j6wx8-tc826/communities",
          "communities-suggestions": "https://works.hcommons.org/api/records/j6wx8-tc826/communities-suggestions",
          "doi": "https://doi.org/10.17613/j6wx8-tc826",
          "draft": "https://works.hcommons.org/api/records/j6wx8-tc826/draft",
          "files": "https://works.hcommons.org/api/records/j6wx8-tc826/files",
          "latest": "https://works.hcommons.org/api/records/j6wx8-tc826/versions/latest",
          "latest_html": "https://works.hcommons.org/records/j6wx8-tc826/latest",
          "media_files": "https://works.hcommons.org/api/records/j6wx8-tc826/media-files",
          "parent": "https://works.hcommons.org/api/records/p2yyq-sj677",
          "parent_doi": "https://works.hcommons.org/doi/10.17613/p2yyq-sj677",
          "parent_html": "https://works.hcommons.org/records/p2yyq-sj677",
          "requests": "https://works.hcommons.org/api/records/j6wx8-tc826/requests",
          "reserve_doi": "https://works.hcommons.org/api/records/j6wx8-tc826/draft/pids/doi",
          "self": "https://works.hcommons.org/api/records/j6wx8-tc826",
          "self_doi": "https://works.hcommons.org/doi/10.17613/j6wx8-tc826",
          "self_html": "https://works.hcommons.org/records/j6wx8-tc826",
          "self_iiif_manifest": "https://works.hcommons.org/api/iiif/record:j6wx8-tc826/manifest",
          "self_iiif_sequence": "https://works.hcommons.org/api/iiif/record:j6wx8-tc826/sequence/default",
          "versions": "https://works.hcommons.org/api/records/j6wx8-tc826/versions"
        },
        "media_files": {
          "count": 0,
          "enabled": false,
          "entries": {},
          "order": [],
          "total_bytes": 0
        },
        "metadata": {
          "creators": [
            {
              "person_or_org": {
                "family_name": "Raschke",
                "given_name": "Carl A.",
                "name": "Raschke, Carl A.",
                "type": "personal"
              },
              "role": {
                "id": "author",
                "title": {
                  "en": "Author"
                }
              }
            }
          ],
          "identifiers": [
            {
              "identifier": "pycYpQ",
              "scheme": "import-recid"
            },
            {
              "identifier": "https://jcrt.org/archives/19.1/raschke/",
              "scheme": "url"
            }
          ],
          "languages": [
            {
              "id": "eng",
              "title": {
                "en": "English"
              }
            }
          ],
          "publication_date": "2020",
          "publisher": "Whitestone Publications",
          "resource_type": {
            "id": "textDocument-journalArticle",
            "title": {
              "de": "Zeitschriftenartikel",
              "en": "Journal article"
            }
          },
          "rights": [
            {
              "link": "https://jcrt.org/copyright/",
              "title": {
                "en": "Copyright held by the author(s). Published in the Journal for Cultural and Religious Theory."
              }
            }
          ],
          "subjects": [
            {
              "id": "http://id.worldcat.org/fast/888716",
              "scheme": "FAST-topical",
              "subject": "Death of God theology"
            },
            {
              "id": "http://id.worldcat.org/fast/968453",
              "scheme": "FAST-topical",
              "subject": "Incarnation"
            },
            {
              "id": "http://id.worldcat.org/fast/1037702",
              "scheme": "FAST-topical",
              "subject": "Nihilism"
            },
            {
              "id": "http://id.worldcat.org/fast/1110738",
              "scheme": "FAST-topical",
              "subject": "Secularization"
            }
          ],
          "title": "Altizer's Theology in Context"
        },
        "parent": {
          "access": {
            "grants": [],
            "links": [],
            "owned_by": {
              "user": "3742"
            },
            "settings": {
              "accept_conditions_text": null,
              "allow_guest_requests": false,
              "allow_user_requests": false,
              "secret_link_expiration": 0
            }
          },
          "communities": {
            "default": "82476a4f-7d93-40cd-89b5-e328bbed0f11",
            "entries": [
              {
                "access": {
                  "member_policy": "open",
                  "members_visibility": "public",
                  "record_policy": "open",
                  "review_policy": "closed",
                  "visibility": "public"
                },
                "children": {
                  "allow": false
                },
                "created": "2026-08-30T10:20:54.980453+00:00",
                "custom_fields": {
                  "stats:dashboard_enabled": false
                },
                "deletion_status": {
                  "is_deleted": false,
                  "status": "P"
                },
                "id": "82476a4f-7d93-40cd-89b5-e328bbed0f11",
                "links": {},
                "metadata": {
                  "description": "JCRT 19.1",
                  "title": "JCRT 19.1",
                  "type": {
                    "id": "journal"
                  },
                  "website": "https://jcrt.org/archives/19.1/"
                },
                "revision_id": 3,
                "slug": "jcrt-191",
                "updated": "2026-08-30T10:20:55.740648+00:00"
              }
            ],
            "ids": [
              "82476a4f-7d93-40cd-89b5-e328bbed0f11"
            ]
          },
          "id": "p2yyq-sj677",
          "pids": {
            "doi": {
              "client": "datacite",
              "identifier": "10.17613/p2yyq-sj677",
              "provider": "datacite"
            }
          }
        },
        "pids": {
          "doi": {
            "client": "datacite",
            "identifier": "10.17613/j6wx8-tc826",
            "provider": "datacite"
          },
          "oai": {
            "identifier": "oai:https://works.hcommons.org:j6wx8-tc826",
            "provider": "oai"
          }
        },
        "revision_id": 5,
        "stats": {
          "all_versions": {
            "data_volume": 0.0,
            "downloads": 0,
            "unique_downloads": 0,
            "unique_views": 0,
            "views": 0
          },
          "this_version": {
            "data_volume": 0.0,
            "downloads": 0,
            "unique_downloads": 0,
            "unique_views": 0,
            "views": 0
          }
        },
        "status": "published",
        "updated": "2026-08-30T10:21:27.016293+00:00",
        "versions": {
          "index": 1,
          "is_latest": true,
          "is_latest_draft": true
        }
      },
      "record_id": "j6wx8-tc826",
      "record_url": "https://works.hcommons.org/records/j6wx8-tc826",
      "source_id": ""
    }
  ],
  "errors": [],
  "message": "All records were successfully imported",
  "status": "success"
}