{
  "data": [
    {
      "collection_id": "82476a4f-7d93-40cd-89b5-e328bbed0f11",
      "errors": [],
      "files": {
        "bios.pdf": {
          "messages": [],
          "status": "uploaded"
        }
      },
      "item_index": 0,
      "metadata": {
        "access": {
          "embargo": {
            "active": false,
            "reason": null
          },
          "files": "public",
          "record": "public",
          "status": "open"
        },
        "created": "2026-08-30T10:20:59.113490+00:00",
        "custom_fields": {
          "journal:journal": {
            "issn": "1530-5228",
            "issue": "1",
            "pages": "",
            "title": "Journal for Cultural & Religious Theory",
            "volume": "19"
          },
          "kcr:user_defined_tags": [
            "radical-theology",
            "death-of-god-theology",
            "thomas-altizer",
            "process-theology",
            "alfred-north-whitehead",
            "phenomenology-of-place",
            "g-w-f-hegel",
            "apophatic-theology",
            "jewish-mysticism",
            "negation",
            "philosophy-of-religion",
            "continental-philosophy"
          ]
        },
        "deletion_status": {
          "is_deleted": false,
          "status": "P"
        },
        "files": {
          "count": 1,
          "enabled": true,
          "entries": {
            "bios.pdf": {
              "access": {
                "hidden": false
              },
              "checksum": "md5:cb4986f1de6310f1edf153e481e58832",
              "ext": "pdf",
              "id": "bfb16d9b-c6b8-4903-bd65-f029b11d00ae",
              "key": "bios.pdf",
              "links": {
                "content": "https://works.hcommons.org/api/records/5v1s2-m5d91/files/bios.pdf/content",
                "iiif_api": "https://works.hcommons.org/api/iiif/record:5v1s2-m5d91:bios.pdf/full/full/0/default.png",
                "iiif_base": "https://works.hcommons.org/api/iiif/record:5v1s2-m5d91:bios.pdf",
                "iiif_canvas": "https://works.hcommons.org/api/iiif/record:5v1s2-m5d91/canvas/bios.pdf",
                "iiif_info": "https://works.hcommons.org/api/iiif/record:5v1s2-m5d91:bios.pdf/info.json",
                "self": "https://works.hcommons.org/api/records/5v1s2-m5d91/files/bios.pdf"
              },
              "metadata": {},
              "mimetype": "application/pdf",
              "size": 198149,
              "storage_class": "L"
            }
          },
          "order": [],
          "total_bytes": 198149
        },
        "id": "5v1s2-m5d91",
        "is_draft": false,
        "is_published": true,
        "links": {
          "access": "https://works.hcommons.org/api/records/5v1s2-m5d91/access",
          "access_grants": "https://works.hcommons.org/api/records/5v1s2-m5d91/access/grants",
          "access_groups": "https://works.hcommons.org/api/records/5v1s2-m5d91/access/groups",
          "access_links": "https://works.hcommons.org/api/records/5v1s2-m5d91/access/links",
          "access_request": "https://works.hcommons.org/api/records/5v1s2-m5d91/access/request",
          "access_users": "https://works.hcommons.org/api/records/5v1s2-m5d91/access/users",
          "archive": "https://works.hcommons.org/api/records/5v1s2-m5d91/files-archive",
          "archive_media": "https://works.hcommons.org/api/records/5v1s2-m5d91/media-files-archive",
          "communities": "https://works.hcommons.org/api/records/5v1s2-m5d91/communities",
          "communities-suggestions": "https://works.hcommons.org/api/records/5v1s2-m5d91/communities-suggestions",
          "doi": "https://doi.org/10.17613/5v1s2-m5d91",
          "draft": "https://works.hcommons.org/api/records/5v1s2-m5d91/draft",
          "files": "https://works.hcommons.org/api/records/5v1s2-m5d91/files",
          "latest": "https://works.hcommons.org/api/records/5v1s2-m5d91/versions/latest",
          "latest_html": "https://works.hcommons.org/records/5v1s2-m5d91/latest",
          "media_files": "https://works.hcommons.org/api/records/5v1s2-m5d91/media-files",
          "parent": "https://works.hcommons.org/api/records/7cwjx-cmv98",
          "parent_doi": "https://works.hcommons.org/doi/10.17613/7cwjx-cmv98",
          "parent_html": "https://works.hcommons.org/records/7cwjx-cmv98",
          "requests": "https://works.hcommons.org/api/records/5v1s2-m5d91/requests",
          "reserve_doi": "https://works.hcommons.org/api/records/5v1s2-m5d91/draft/pids/doi",
          "self": "https://works.hcommons.org/api/records/5v1s2-m5d91",
          "self_doi": "https://works.hcommons.org/doi/10.17613/5v1s2-m5d91",
          "self_html": "https://works.hcommons.org/records/5v1s2-m5d91",
          "self_iiif_manifest": "https://works.hcommons.org/api/iiif/record:5v1s2-m5d91/manifest",
          "self_iiif_sequence": "https://works.hcommons.org/api/iiif/record:5v1s2-m5d91/sequence/default",
          "versions": "https://works.hcommons.org/api/records/5v1s2-m5d91/versions"
        },
        "media_files": {
          "count": 0,
          "enabled": false,
          "entries": {},
          "order": [],
          "total_bytes": 0
        },
        "metadata": {
          "creators": [
            {
              "person_or_org": {
                "family_name": "editors",
                "given_name": "",
                "name": "editors",
                "type": "personal"
              },
              "role": {
                "id": "author",
                "title": {
                  "en": "Author"
                }
              }
            }
          ],
          "identifiers": [
            {
              "identifier": "zbHeW7",
              "scheme": "import-recid"
            },
            {
              "identifier": "https://jcrt.org/archives/19.1/bios/",
              "scheme": "url"
            }
          ],
          "languages": [
            {
              "id": "eng",
              "title": {
                "en": "English"
              }
            }
          ],
          "publication_date": "2020",
          "publisher": "Whitestone Publications",
          "resource_type": {
            "id": "textDocument-journalArticle",
            "title": {
              "de": "Zeitschriftenartikel",
              "en": "Journal article"
            }
          },
          "rights": [
            {
              "link": "https://jcrt.org/copyright/",
              "title": {
                "en": "Copyright held by the author(s). Published in the Journal for Cultural and Religious Theory."
              }
            }
          ],
          "subjects": [
            {
              "id": "http://id.worldcat.org/fast/1765182",
              "scheme": "FAST-topical",
              "subject": "Continental philosophy"
            },
            {
              "id": "http://id.worldcat.org/fast/888716",
              "scheme": "FAST-topical",
              "subject": "Death of God theology"
            },
            {
              "id": "http://id.worldcat.org/fast/1035499",
              "scheme": "FAST-topical",
              "subject": "Negative theology"
            },
            {
              "id": "http://id.worldcat.org/fast/1078050",
              "scheme": "FAST-topical",
              "subject": "Process theology"
            }
          ],
          "title": "Author Bios"
        },
        "parent": {
          "access": {
            "grants": [],
            "links": [],
            "owned_by": {
              "user": "3742"
            },
            "settings": {
              "accept_conditions_text": null,
              "allow_guest_requests": false,
              "allow_user_requests": false,
              "secret_link_expiration": 0
            }
          },
          "communities": {
            "default": "82476a4f-7d93-40cd-89b5-e328bbed0f11",
            "entries": [
              {
                "access": {
                  "member_policy": "open",
                  "members_visibility": "public",
                  "record_policy": "open",
                  "review_policy": "closed",
                  "visibility": "public"
                },
                "children": {
                  "allow": false
                },
                "created": "2026-08-30T10:20:54.980453+00:00",
                "custom_fields": {
                  "stats:dashboard_enabled": false
                },
                "deletion_status": {
                  "is_deleted": false,
                  "status": "P"
                },
                "id": "82476a4f-7d93-40cd-89b5-e328bbed0f11",
                "links": {},
                "metadata": {
                  "description": "JCRT 19.1",
                  "title": "JCRT 19.1",
                  "type": {
                    "id": "journal"
                  },
                  "website": "https://jcrt.org/archives/19.1/"
                },
                "revision_id": 3,
                "slug": "jcrt-191",
                "updated": "2026-08-30T10:20:55.740648+00:00"
              }
            ],
            "ids": [
              "82476a4f-7d93-40cd-89b5-e328bbed0f11"
            ]
          },
          "id": "7cwjx-cmv98",
          "pids": {
            "doi": {
              "client": "datacite",
              "identifier": "10.17613/7cwjx-cmv98",
              "provider": "datacite"
            }
          }
        },
        "pids": {
          "doi": {
            "client": "datacite",
            "identifier": "10.17613/5v1s2-m5d91",
            "provider": "datacite"
          },
          "oai": {
            "identifier": "oai:https://works.hcommons.org:5v1s2-m5d91",
            "provider": "oai"
          }
        },
        "revision_id": 5,
        "stats": {
          "all_versions": {
            "data_volume": 0.0,
            "downloads": 0,
            "unique_downloads": 0,
            "unique_views": 0,
            "views": 0
          },
          "this_version": {
            "data_volume": 0.0,
            "downloads": 0,
            "unique_downloads": 0,
            "unique_views": 0,
            "views": 0
          }
        },
        "status": "published",
        "updated": "2026-08-30T10:20:59.335472+00:00",
        "versions": {
          "index": 1,
          "is_latest": true,
          "is_latest_draft": true
        }
      },
      "record_id": "5v1s2-m5d91",
      "record_url": "https://works.hcommons.org/records/5v1s2-m5d91",
      "source_id": ""
    },
    {
      "collection_id": "82476a4f-7d93-40cd-89b5-e328bbed0f11",
      "errors": [],
      "files": {
        "Casey.pdf": {
          "messages": [],
          "status": "uploaded"
        }
      },
      "item_index": 1,
      "metadata": {
        "access": {
          "embargo": {
            "active": false,
            "reason": null
          },
          "files": "public",
          "record": "public",
          "status": "open"
        },
        "created": "2026-08-30T10:21:01.084384+00:00",
        "custom_fields": {
          "journal:journal": {
            "issn": "1530-5228",
            "issue": "1",
            "pages": "219-224",
            "title": "Journal for Cultural & Religious Theory",
            "volume": "19"
          },
          "kcr:user_defined_tags": [
            "1927-2018",
            "altizer",
            "thomas-j-j",
            "transformative-learning"
          ]
        },
        "deletion_status": {
          "is_deleted": false,
          "status": "P"
        },
        "files": {
          "count": 1,
          "enabled": true,
          "entries": {
            "Casey.pdf": {
              "access": {
                "hidden": false
              },
              "checksum": "md5:eed2fc2e6a9015ce97dd5b07c1981467",
              "ext": "pdf",
              "id": "d48ed1ab-cd78-4dc0-ab64-adddcc4abd3e",
              "key": "Casey.pdf",
              "links": {
                "content": "https://works.hcommons.org/api/records/ja1v7-b1x60/files/Casey.pdf/content",
                "iiif_api": "https://works.hcommons.org/api/iiif/record:ja1v7-b1x60:Casey.pdf/full/full/0/default.png",
                "iiif_base": "https://works.hcommons.org/api/iiif/record:ja1v7-b1x60:Casey.pdf",
                "iiif_canvas": "https://works.hcommons.org/api/iiif/record:ja1v7-b1x60/canvas/Casey.pdf",
                "iiif_info": "https://works.hcommons.org/api/iiif/record:ja1v7-b1x60:Casey.pdf/info.json",
                "self": "https://works.hcommons.org/api/records/ja1v7-b1x60/files/Casey.pdf"
              },
              "metadata": {},
              "mimetype": "application/pdf",
              "size": 352041,
              "storage_class": "L"
            }
          },
          "order": [],
          "total_bytes": 352041
        },
        "id": "ja1v7-b1x60",
        "is_draft": false,
        "is_published": true,
        "links": {
          "access": "https://works.hcommons.org/api/records/ja1v7-b1x60/access",
          "access_grants": "https://works.hcommons.org/api/records/ja1v7-b1x60/access/grants",
          "access_groups": "https://works.hcommons.org/api/records/ja1v7-b1x60/access/groups",
          "access_links": "https://works.hcommons.org/api/records/ja1v7-b1x60/access/links",
          "access_request": "https://works.hcommons.org/api/records/ja1v7-b1x60/access/request",
          "access_users": "https://works.hcommons.org/api/records/ja1v7-b1x60/access/users",
          "archive": "https://works.hcommons.org/api/records/ja1v7-b1x60/files-archive",
          "archive_media": "https://works.hcommons.org/api/records/ja1v7-b1x60/media-files-archive",
          "communities": "https://works.hcommons.org/api/records/ja1v7-b1x60/communities",
          "communities-suggestions": "https://works.hcommons.org/api/records/ja1v7-b1x60/communities-suggestions",
          "doi": "https://doi.org/10.17613/ja1v7-b1x60",
          "draft": "https://works.hcommons.org/api/records/ja1v7-b1x60/draft",
          "files": "https://works.hcommons.org/api/records/ja1v7-b1x60/files",
          "latest": "https://works.hcommons.org/api/records/ja1v7-b1x60/versions/latest",
          "latest_html": "https://works.hcommons.org/records/ja1v7-b1x60/latest",
          "media_files": "https://works.hcommons.org/api/records/ja1v7-b1x60/media-files",
          "parent": "https://works.hcommons.org/api/records/s9j3v-qre31",
          "parent_doi": "https://works.hcommons.org/doi/10.17613/s9j3v-qre31",
          "parent_html": "https://works.hcommons.org/records/s9j3v-qre31",
          "requests": "https://works.hcommons.org/api/records/ja1v7-b1x60/requests",
          "reserve_doi": "https://works.hcommons.org/api/records/ja1v7-b1x60/draft/pids/doi",
          "self": "https://works.hcommons.org/api/records/ja1v7-b1x60",
          "self_doi": "https://works.hcommons.org/doi/10.17613/ja1v7-b1x60",
          "self_html": "https://works.hcommons.org/records/ja1v7-b1x60",
          "self_iiif_manifest": "https://works.hcommons.org/api/iiif/record:ja1v7-b1x60/manifest",
          "self_iiif_sequence": "https://works.hcommons.org/api/iiif/record:ja1v7-b1x60/sequence/default",
          "versions": "https://works.hcommons.org/api/records/ja1v7-b1x60/versions"
        },
        "media_files": {
          "count": 0,
          "enabled": false,
          "entries": {},
          "order": [],
          "total_bytes": 0
        },
        "metadata": {
          "creators": [
            {
              "person_or_org": {
                "family_name": "Casey",
                "given_name": "Edward S.",
                "name": "Casey, Edward S.",
                "type": "personal"
              },
              "role": {
                "id": "author",
                "title": {
                  "en": "Author"
                }
              }
            }
          ],
          "identifiers": [
            {
              "identifier": "_Pzg5Z",
              "scheme": "import-recid"
            },
            {
              "identifier": "https://jcrt.org/archives/19.1/casey/",
              "scheme": "url"
            }
          ],
          "languages": [
            {
              "id": "eng",
              "title": {
                "en": "English"
              }
            }
          ],
          "publication_date": "2020",
          "publisher": "Whitestone Publications",
          "resource_type": {
            "id": "textDocument-journalArticle",
            "title": {
              "de": "Zeitschriftenartikel",
              "en": "Journal article"
            }
          },
          "rights": [
            {
              "link": "https://jcrt.org/copyright/",
              "title": {
                "en": "Copyright held by the author(s). Published in the Journal for Cultural and Religious Theory."
              }
            }
          ],
          "subjects": [
            {
              "id": "http://id.worldcat.org/fast/1474140",
              "scheme": "FAST-personal",
              "subject": "Thomas, J. J."
            },
            {
              "id": "http://id.worldcat.org/fast/1743611",
              "scheme": "FAST-topical",
              "subject": "Transformative learning"
            }
          ],
          "title": "Altizer: Presence in Absence."
        },
        "parent": {
          "access": {
            "grants": [],
            "links": [],
            "owned_by": {
              "user": "3742"
            },
            "settings": {
              "accept_conditions_text": null,
              "allow_guest_requests": false,
              "allow_user_requests": false,
              "secret_link_expiration": 0
            }
          },
          "communities": {
            "default": "82476a4f-7d93-40cd-89b5-e328bbed0f11",
            "entries": [
              {
                "access": {
                  "member_policy": "open",
                  "members_visibility": "public",
                  "record_policy": "open",
                  "review_policy": "closed",
                  "visibility": "public"
                },
                "children": {
                  "allow": false
                },
                "created": "2026-08-30T10:20:54.980453+00:00",
                "custom_fields": {
                  "stats:dashboard_enabled": false
                },
                "deletion_status": {
                  "is_deleted": false,
                  "status": "P"
                },
                "id": "82476a4f-7d93-40cd-89b5-e328bbed0f11",
                "links": {},
                "metadata": {
                  "description": "JCRT 19.1",
                  "title": "JCRT 19.1",
                  "type": {
                    "id": "journal"
                  },
                  "website": "https://jcrt.org/archives/19.1/"
                },
                "revision_id": 3,
                "slug": "jcrt-191",
                "updated": "2026-08-30T10:20:55.740648+00:00"
              }
            ],
            "ids": [
              "82476a4f-7d93-40cd-89b5-e328bbed0f11"
            ]
          },
          "id": "s9j3v-qre31",
          "pids": {
            "doi": {
              "client": "datacite",
              "identifier": "10.17613/s9j3v-qre31",
              "provider": "datacite"
            }
          }
        },
        "pids": {
          "doi": {
            "client": "datacite",
            "identifier": "10.17613/ja1v7-b1x60",
            "provider": "datacite"
          },
          "oai": {
            "identifier": "oai:https://works.hcommons.org:ja1v7-b1x60",
            "provider": "oai"
          }
        },
        "revision_id": 5,
        "stats": {
          "all_versions": {
            "data_volume": 0.0,
            "downloads": 0,
            "unique_downloads": 0,
            "unique_views": 0,
            "views": 0
          },
          "this_version": {
            "data_volume": 0.0,
            "downloads": 0,
            "unique_downloads": 0,
            "unique_views": 0,
            "views": 0
          }
        },
        "status": "published",
        "updated": "2026-08-30T10:21:01.344234+00:00",
        "versions": {
          "index": 1,
          "is_latest": true,
          "is_latest_draft": true
        }
      },
      "record_id": "ja1v7-b1x60",
      "record_url": "https://works.hcommons.org/records/ja1v7-b1x60",
      "source_id": ""
    },
    {
      "collection_id": "82476a4f-7d93-40cd-89b5-e328bbed0f11",
      "errors": [],
      "files": {
        "Cobb.pdf": {
          "messages": [],
          "status": "uploaded"
        }
      },
      "item_index": 2,
      "metadata": {
        "access": {
          "embargo": {
            "active": false,
            "reason": null
          },
          "files": "public",
          "record": "public",
          "status": "open"
        },
        "created": "2026-08-30T10:21:03.148123+00:00",
        "custom_fields": {
          "journal:journal": {
            "issn": "1530-5228",
            "issue": "1",
            "pages": "202-207",
            "title": "Journal for Cultural & Religious Theory",
            "volume": "19"
          },
          "kcr:user_defined_tags": [
            "theologians",
            "1927-2018",
            "altizer",
            "thomas-j-j"
          ]
        },
        "deletion_status": {
          "is_deleted": false,
          "status": "P"
        },
        "files": {
          "count": 1,
          "enabled": true,
          "entries": {
            "Cobb.pdf": {
              "access": {
                "hidden": false
              },
              "checksum": "md5:c8f30e18203bfacdbeb053b41474934e",
              "ext": "pdf",
              "id": "a7334c8e-5446-46f3-84bb-59feb458a9f5",
              "key": "Cobb.pdf",
              "links": {
                "content": "https://works.hcommons.org/api/records/mpsn6-xnb77/files/Cobb.pdf/content",
                "iiif_api": "https://works.hcommons.org/api/iiif/record:mpsn6-xnb77:Cobb.pdf/full/full/0/default.png",
                "iiif_base": "https://works.hcommons.org/api/iiif/record:mpsn6-xnb77:Cobb.pdf",
                "iiif_canvas": "https://works.hcommons.org/api/iiif/record:mpsn6-xnb77/canvas/Cobb.pdf",
                "iiif_info": "https://works.hcommons.org/api/iiif/record:mpsn6-xnb77:Cobb.pdf/info.json",
                "self": "https://works.hcommons.org/api/records/mpsn6-xnb77/files/Cobb.pdf"
              },
              "metadata": {},
              "mimetype": "application/pdf",
              "size": 392184,
              "storage_class": "L"
            }
          },
          "order": [],
          "total_bytes": 392184
        },
        "id": "mpsn6-xnb77",
        "is_draft": false,
        "is_published": true,
        "links": {
          "access": "https://works.hcommons.org/api/records/mpsn6-xnb77/access",
          "access_grants": "https://works.hcommons.org/api/records/mpsn6-xnb77/access/grants",
          "access_groups": "https://works.hcommons.org/api/records/mpsn6-xnb77/access/groups",
          "access_links": "https://works.hcommons.org/api/records/mpsn6-xnb77/access/links",
          "access_request": "https://works.hcommons.org/api/records/mpsn6-xnb77/access/request",
          "access_users": "https://works.hcommons.org/api/records/mpsn6-xnb77/access/users",
          "archive": "https://works.hcommons.org/api/records/mpsn6-xnb77/files-archive",
          "archive_media": "https://works.hcommons.org/api/records/mpsn6-xnb77/media-files-archive",
          "communities": "https://works.hcommons.org/api/records/mpsn6-xnb77/communities",
          "communities-suggestions": "https://works.hcommons.org/api/records/mpsn6-xnb77/communities-suggestions",
          "doi": "https://doi.org/10.17613/mpsn6-xnb77",
          "draft": "https://works.hcommons.org/api/records/mpsn6-xnb77/draft",
          "files": "https://works.hcommons.org/api/records/mpsn6-xnb77/files",
          "latest": "https://works.hcommons.org/api/records/mpsn6-xnb77/versions/latest",
          "latest_html": "https://works.hcommons.org/records/mpsn6-xnb77/latest",
          "media_files": "https://works.hcommons.org/api/records/mpsn6-xnb77/media-files",
          "parent": "https://works.hcommons.org/api/records/2rcbk-z6656",
          "parent_doi": "https://works.hcommons.org/doi/10.17613/2rcbk-z6656",
          "parent_html": "https://works.hcommons.org/records/2rcbk-z6656",
          "requests": "https://works.hcommons.org/api/records/mpsn6-xnb77/requests",
          "reserve_doi": "https://works.hcommons.org/api/records/mpsn6-xnb77/draft/pids/doi",
          "self": "https://works.hcommons.org/api/records/mpsn6-xnb77",
          "self_doi": "https://works.hcommons.org/doi/10.17613/mpsn6-xnb77",
          "self_html": "https://works.hcommons.org/records/mpsn6-xnb77",
          "self_iiif_manifest": "https://works.hcommons.org/api/iiif/record:mpsn6-xnb77/manifest",
          "self_iiif_sequence": "https://works.hcommons.org/api/iiif/record:mpsn6-xnb77/sequence/default",
          "versions": "https://works.hcommons.org/api/records/mpsn6-xnb77/versions"
        },
        "media_files": {
          "count": 0,
          "enabled": false,
          "entries": {},
          "order": [],
          "total_bytes": 0
        },
        "metadata": {
          "creators": [
            {
              "person_or_org": {
                "family_name": "Cobb",
                "given_name": "John B.",
                "name": "Cobb, John B.",
                "type": "personal"
              },
              "role": {
                "id": "author",
                "title": {
                  "en": "Author"
                }
              }
            }
          ],
          "identifiers": [
            {
              "identifier": "vmdEIq",
              "scheme": "import-recid"
            },
            {
              "identifier": "https://jcrt.org/archives/19.1/cobb/",
              "scheme": "url"
            }
          ],
          "languages": [
            {
              "id": "eng",
              "title": {
                "en": "English"
              }
            }
          ],
          "publication_date": "2020",
          "publisher": "Whitestone Publications",
          "resource_type": {
            "id": "textDocument-journalArticle",
            "title": {
              "de": "Zeitschriftenartikel",
              "en": "Journal article"
            }
          },
          "rights": [
            {
              "link": "https://jcrt.org/copyright/",
              "title": {
                "en": "Copyright held by the author(s). Published in the Journal for Cultural and Religious Theory."
              }
            }
          ],
          "subjects": [
            {
              "id": "http://id.worldcat.org/fast/1149517",
              "scheme": "FAST-topical",
              "subject": "Theologians"
            },
            {
              "id": "http://id.worldcat.org/fast/1474140",
              "scheme": "FAST-personal",
              "subject": "Thomas, J. J."
            }
          ],
          "title": "Altizer, My Theological Contemporary."
        },
        "parent": {
          "access": {
            "grants": [],
            "links": [],
            "owned_by": {
              "user": "3742"
            },
            "settings": {
              "accept_conditions_text": null,
              "allow_guest_requests": false,
              "allow_user_requests": false,
              "secret_link_expiration": 0
            }
          },
          "communities": {
            "default": "82476a4f-7d93-40cd-89b5-e328bbed0f11",
            "entries": [
              {
                "access": {
                  "member_policy": "open",
                  "members_visibility": "public",
                  "record_policy": "open",
                  "review_policy": "closed",
                  "visibility": "public"
                },
                "children": {
                  "allow": false
                },
                "created": "2026-08-30T10:20:54.980453+00:00",
                "custom_fields": {
                  "stats:dashboard_enabled": false
                },
                "deletion_status": {
                  "is_deleted": false,
                  "status": "P"
                },
                "id": "82476a4f-7d93-40cd-89b5-e328bbed0f11",
                "links": {},
                "metadata": {
                  "description": "JCRT 19.1",
                  "title": "JCRT 19.1",
                  "type": {
                    "id": "journal"
                  },
                  "website": "https://jcrt.org/archives/19.1/"
                },
                "revision_id": 3,
                "slug": "jcrt-191",
                "updated": "2026-08-30T10:20:55.740648+00:00"
              }
            ],
            "ids": [
              "82476a4f-7d93-40cd-89b5-e328bbed0f11"
            ]
          },
          "id": "2rcbk-z6656",
          "pids": {
            "doi": {
              "client": "datacite",
              "identifier": "10.17613/2rcbk-z6656",
              "provider": "datacite"
            }
          }
        },
        "pids": {
          "doi": {
            "client": "datacite",
            "identifier": "10.17613/mpsn6-xnb77",
            "provider": "datacite"
          },
          "oai": {
            "identifier": "oai:https://works.hcommons.org:mpsn6-xnb77",
            "provider": "oai"
          }
        },
        "revision_id": 5,
        "stats": {
          "all_versions": {
            "data_volume": 0.0,
            "downloads": 0,
            "unique_downloads": 0,
            "unique_views": 0,
            "views": 0
          },
          "this_version": {
            "data_volume": 0.0,
            "downloads": 0,
            "unique_downloads": 0,
            "unique_views": 0,
            "views": 0
          }
        },
        "status": "published",
        "updated": "2026-08-30T10:21:03.370499+00:00",
        "versions": {
          "index": 1,
          "is_latest": true,
          "is_latest_draft": true
        }
      },
      "record_id": "mpsn6-xnb77",
      "record_url": "https://works.hcommons.org/records/mpsn6-xnb77",
      "source_id": ""
    },
    {
      "collection_id": "82476a4f-7d93-40cd-89b5-e328bbed0f11",
      "errors": [],
      "files": {
        "Dise.pdf": {
          "messages": [],
          "status": "uploaded"
        }
      },
      "item_index": 3,
      "metadata": {
        "access": {
          "embargo": {
            "active": false,
            "reason": null
          },
          "files": "public",
          "record": "public",
          "status": "open"
        },
        "created": "2026-08-30T10:21:04.981091+00:00",
        "custom_fields": {
          "journal:journal": {
            "issn": "1530-5228",
            "issue": "1",
            "pages": "118-133",
            "title": "Journal for Cultural & Religious Theory",
            "volume": "19"
          },
          "kcr:user_defined_tags": [
            "incarnation",
            "1927-2018",
            "altizer",
            "thomas-j-j"
          ]
        },
        "deletion_status": {
          "is_deleted": false,
          "status": "P"
        },
        "files": {
          "count": 1,
          "enabled": true,
          "entries": {
            "Dise.pdf": {
              "access": {
                "hidden": false
              },
              "checksum": "md5:c50ac89f47a115a4336e2e7662b9ec2e",
              "ext": "pdf",
              "id": "29e796f6-6c7e-454d-a540-834fe85716f1",
              "key": "Dise.pdf",
              "links": {
                "content": "https://works.hcommons.org/api/records/adefj-kbz65/files/Dise.pdf/content",
                "iiif_api": "https://works.hcommons.org/api/iiif/record:adefj-kbz65:Dise.pdf/full/full/0/default.png",
                "iiif_base": "https://works.hcommons.org/api/iiif/record:adefj-kbz65:Dise.pdf",
                "iiif_canvas": "https://works.hcommons.org/api/iiif/record:adefj-kbz65/canvas/Dise.pdf",
                "iiif_info": "https://works.hcommons.org/api/iiif/record:adefj-kbz65:Dise.pdf/info.json",
                "self": "https://works.hcommons.org/api/records/adefj-kbz65/files/Dise.pdf"
              },
              "metadata": {},
              "mimetype": "application/pdf",
              "size": 666087,
              "storage_class": "L"
            }
          },
          "order": [],
          "total_bytes": 666087
        },
        "id": "adefj-kbz65",
        "is_draft": false,
        "is_published": true,
        "links": {
          "access": "https://works.hcommons.org/api/records/adefj-kbz65/access",
          "access_grants": "https://works.hcommons.org/api/records/adefj-kbz65/access/grants",
          "access_groups": "https://works.hcommons.org/api/records/adefj-kbz65/access/groups",
          "access_links": "https://works.hcommons.org/api/records/adefj-kbz65/access/links",
          "access_request": "https://works.hcommons.org/api/records/adefj-kbz65/access/request",
          "access_users": "https://works.hcommons.org/api/records/adefj-kbz65/access/users",
          "archive": "https://works.hcommons.org/api/records/adefj-kbz65/files-archive",
          "archive_media": "https://works.hcommons.org/api/records/adefj-kbz65/media-files-archive",
          "communities": "https://works.hcommons.org/api/records/adefj-kbz65/communities",
          "communities-suggestions": "https://works.hcommons.org/api/records/adefj-kbz65/communities-suggestions",
          "doi": "https://doi.org/10.17613/adefj-kbz65",
          "draft": "https://works.hcommons.org/api/records/adefj-kbz65/draft",
          "files": "https://works.hcommons.org/api/records/adefj-kbz65/files",
          "latest": "https://works.hcommons.org/api/records/adefj-kbz65/versions/latest",
          "latest_html": "https://works.hcommons.org/records/adefj-kbz65/latest",
          "media_files": "https://works.hcommons.org/api/records/adefj-kbz65/media-files",
          "parent": "https://works.hcommons.org/api/records/z31gb-gcn45",
          "parent_doi": "https://works.hcommons.org/doi/10.17613/z31gb-gcn45",
          "parent_html": "https://works.hcommons.org/records/z31gb-gcn45",
          "requests": "https://works.hcommons.org/api/records/adefj-kbz65/requests",
          "reserve_doi": "https://works.hcommons.org/api/records/adefj-kbz65/draft/pids/doi",
          "self": "https://works.hcommons.org/api/records/adefj-kbz65",
          "self_doi": "https://works.hcommons.org/doi/10.17613/adefj-kbz65",
          "self_html": "https://works.hcommons.org/records/adefj-kbz65",
          "self_iiif_manifest": "https://works.hcommons.org/api/iiif/record:adefj-kbz65/manifest",
          "self_iiif_sequence": "https://works.hcommons.org/api/iiif/record:adefj-kbz65/sequence/default",
          "versions": "https://works.hcommons.org/api/records/adefj-kbz65/versions"
        },
        "media_files": {
          "count": 0,
          "enabled": false,
          "entries": {},
          "order": [],
          "total_bytes": 0
        },
        "metadata": {
          "creators": [
            {
              "person_or_org": {
                "family_name": "Dise",
                "given_name": "Michael James",
                "name": "Dise, Michael James",
                "type": "personal"
              },
              "role": {
                "id": "author",
                "title": {
                  "en": "Author"
                }
              }
            }
          ],
          "description": "Nothing whatsoever finally distinguishes death and life or crucifixion and resurrection, for crucifixion and resurrection are one event, and are that one event which is the full and final incarnation of I AM. Now I AM perishes as absolute otherness, and perishes as such in that final and total act which is the ultimate actualization of the eternal act of God, an actualization which is the ultimate actualization of life and death, and thus an eschatological actualization of the life and death of God. Now the life of God is the death of God, for resurrection is crucifixion, just as crucifixion is resurrection . . . resurrection is apocalypse, and is the apocalypse of the eternal act of God, an apocalypse which is the apocalypse of God, but nevertheless and even thereby the apocalypse of act or actuality, and thus an apocalypse which is all in all.",
          "identifiers": [
            {
              "identifier": "DuhebG",
              "scheme": "import-recid"
            },
            {
              "identifier": "https://jcrt.org/archives/19.1/dise/",
              "scheme": "url"
            }
          ],
          "languages": [
            {
              "id": "eng",
              "title": {
                "en": "English"
              }
            }
          ],
          "publication_date": "2020",
          "publisher": "Whitestone Publications",
          "resource_type": {
            "id": "textDocument-journalArticle",
            "title": {
              "de": "Zeitschriftenartikel",
              "en": "Journal article"
            }
          },
          "rights": [
            {
              "link": "https://jcrt.org/copyright/",
              "title": {
                "en": "Copyright held by the author(s). Published in the Journal for Cultural and Religious Theory."
              }
            }
          ],
          "subjects": [
            {
              "id": "http://id.worldcat.org/fast/968453",
              "scheme": "FAST-topical",
              "subject": "Incarnation"
            },
            {
              "id": "http://id.worldcat.org/fast/1474140",
              "scheme": "FAST-personal",
              "subject": "Thomas, J. J."
            }
          ],
          "title": "Altizer and Incarnation."
        },
        "parent": {
          "access": {
            "grants": [],
            "links": [],
            "owned_by": {
              "user": "3742"
            },
            "settings": {
              "accept_conditions_text": null,
              "allow_guest_requests": false,
              "allow_user_requests": false,
              "secret_link_expiration": 0
            }
          },
          "communities": {
            "default": "82476a4f-7d93-40cd-89b5-e328bbed0f11",
            "entries": [
              {
                "access": {
                  "member_policy": "open",
                  "members_visibility": "public",
                  "record_policy": "open",
                  "review_policy": "closed",
                  "visibility": "public"
                },
                "children": {
                  "allow": false
                },
                "created": "2026-08-30T10:20:54.980453+00:00",
                "custom_fields": {
                  "stats:dashboard_enabled": false
                },
                "deletion_status": {
                  "is_deleted": false,
                  "status": "P"
                },
                "id": "82476a4f-7d93-40cd-89b5-e328bbed0f11",
                "links": {},
                "metadata": {
                  "description": "JCRT 19.1",
                  "title": "JCRT 19.1",
                  "type": {
                    "id": "journal"
                  },
                  "website": "https://jcrt.org/archives/19.1/"
                },
                "revision_id": 3,
                "slug": "jcrt-191",
                "updated": "2026-08-30T10:20:55.740648+00:00"
              }
            ],
            "ids": [
              "82476a4f-7d93-40cd-89b5-e328bbed0f11"
            ]
          },
          "id": "z31gb-gcn45",
          "pids": {
            "doi": {
              "client": "datacite",
              "identifier": "10.17613/z31gb-gcn45",
              "provider": "datacite"
            }
          }
        },
        "pids": {
          "doi": {
            "client": "datacite",
            "identifier": "10.17613/adefj-kbz65",
            "provider": "datacite"
          },
          "oai": {
            "identifier": "oai:https://works.hcommons.org:adefj-kbz65",
            "provider": "oai"
          }
        },
        "revision_id": 5,
        "stats": {
          "all_versions": {
            "data_volume": 0.0,
            "downloads": 0,
            "unique_downloads": 0,
            "unique_views": 0,
            "views": 0
          },
          "this_version": {
            "data_volume": 0.0,
            "downloads": 0,
            "unique_downloads": 0,
            "unique_views": 0,
            "views": 0
          }
        },
        "status": "published",
        "updated": "2026-08-30T10:21:05.200332+00:00",
        "versions": {
          "index": 1,
          "is_latest": true,
          "is_latest_draft": true
        }
      },
      "record_id": "adefj-kbz65",
      "record_url": "https://works.hcommons.org/records/adefj-kbz65",
      "source_id": ""
    }
  ],
  "errors": [],
  "message": "All records were successfully imported",
  "status": "success"
}