{
  "status": 200,
  "message": "19.2 records verified in KC Works",
  "errors": [],
  "data": [
    {
      "record_id": "360y7-8ng58"
    },
    {
      "record_id": "7zapg-ve897"
    },
    {
      "record_id": "qqd3q-czb34"
    },
    {
      "record_id": "k2z76-bq607"
    },
    {
      "record_id": "61e4e-vqw22"
    },
    {
      "record_id": "5dn9g-0de66"
    },
    {
      "record_id": "abfd0-3e663"
    },
    {
      "record_id": "rc5b3-cxk52"
    },
    {
      "record_id": "q0x5a-kvq10"
    },
    {
      "record_id": "9h768-v7919"
    },
    {
      "record_id": "z6yzf-ydt11"
    },
    {
      "record_id": "z8yjb-26d34"
    }
  ]
}
