{
  "status": 200,
  "message": "19.3 records verified in KC Works",
  "errors": [],
  "data": [
    {
      "record_id": "xpyva-ye764"
    },
    {
      "record_id": "8es74-1ys76"
    },
    {
      "record_id": "7ghwz-4jb33"
    },
    {
      "record_id": "2fdqs-mvd30"
    },
    {
      "record_id": "b1pcr-twm46"
    },
    {
      "record_id": "4nfaf-3q251"
    },
    {
      "record_id": "ns6y2-e8x35"
    },
    {
      "record_id": "85rja-wde27"
    },
    {
      "record_id": "cpa77-rzf61"
    },
    {
      "record_id": "7d1j6-xw877"
    }
  ]
}
