{
  "data": [
    {
      "collection_id": "cb4d9153-de8c-4c5c-a503-5260624827b4",
      "errors": [],
      "files": {
        "bios.pdf": {
          "messages": [],
          "status": "uploaded"
        }
      },
      "item_index": 0,
      "metadata": {
        "access": {
          "embargo": {
            "active": false,
            "reason": null
          },
          "files": "public",
          "record": "public",
          "status": "open"
        },
        "created": "2026-08-30T10:17:09.550679+00:00",
        "custom_fields": {
          "journal:journal": {
            "issn": "1530-5228",
            "issue": "3",
            "pages": "",
            "title": "Journal for Cultural & Religious Theory",
            "volume": "20"
          },
          "kcr:user_defined_tags": [
            "contributor-biographies",
            "decoloniality",
            "walter-mignolo",
            "catherine-walsh",
            "native-american-religions",
            "american-indian-liberation-theology",
            "tink-tinker",
            "charles-sanders-peirce",
            "philosophy-of-religion",
            "racism",
            "political-theology",
            "dogmatic-theology"
          ]
        },
        "deletion_status": {
          "is_deleted": false,
          "status": "P"
        },
        "files": {
          "count": 1,
          "enabled": true,
          "entries": {
            "bios.pdf": {
              "access": {
                "hidden": false
              },
              "checksum": "md5:a1653c2f425c5795de32ba7af6203f98",
              "ext": "pdf",
              "id": "f707f4cb-ede4-486f-97fe-533eeebd33ab",
              "key": "bios.pdf",
              "links": {
                "content": "https://works.hcommons.org/api/records/mhdch-5fj73/files/bios.pdf/content",
                "iiif_api": "https://works.hcommons.org/api/iiif/record:mhdch-5fj73:bios.pdf/full/full/0/default.png",
                "iiif_base": "https://works.hcommons.org/api/iiif/record:mhdch-5fj73:bios.pdf",
                "iiif_canvas": "https://works.hcommons.org/api/iiif/record:mhdch-5fj73/canvas/bios.pdf",
                "iiif_info": "https://works.hcommons.org/api/iiif/record:mhdch-5fj73:bios.pdf/info.json",
                "self": "https://works.hcommons.org/api/records/mhdch-5fj73/files/bios.pdf"
              },
              "metadata": {},
              "mimetype": "application/pdf",
              "size": 150602,
              "storage_class": "L"
            }
          },
          "order": [],
          "total_bytes": 150602
        },
        "id": "mhdch-5fj73",
        "is_draft": false,
        "is_published": true,
        "links": {
          "access": "https://works.hcommons.org/api/records/mhdch-5fj73/access",
          "access_grants": "https://works.hcommons.org/api/records/mhdch-5fj73/access/grants",
          "access_groups": "https://works.hcommons.org/api/records/mhdch-5fj73/access/groups",
          "access_links": "https://works.hcommons.org/api/records/mhdch-5fj73/access/links",
          "access_request": "https://works.hcommons.org/api/records/mhdch-5fj73/access/request",
          "access_users": "https://works.hcommons.org/api/records/mhdch-5fj73/access/users",
          "archive": "https://works.hcommons.org/api/records/mhdch-5fj73/files-archive",
          "archive_media": "https://works.hcommons.org/api/records/mhdch-5fj73/media-files-archive",
          "communities": "https://works.hcommons.org/api/records/mhdch-5fj73/communities",
          "communities-suggestions": "https://works.hcommons.org/api/records/mhdch-5fj73/communities-suggestions",
          "doi": "https://doi.org/10.17613/mhdch-5fj73",
          "draft": "https://works.hcommons.org/api/records/mhdch-5fj73/draft",
          "files": "https://works.hcommons.org/api/records/mhdch-5fj73/files",
          "latest": "https://works.hcommons.org/api/records/mhdch-5fj73/versions/latest",
          "latest_html": "https://works.hcommons.org/records/mhdch-5fj73/latest",
          "media_files": "https://works.hcommons.org/api/records/mhdch-5fj73/media-files",
          "parent": "https://works.hcommons.org/api/records/rzswg-89e09",
          "parent_doi": "https://works.hcommons.org/doi/10.17613/rzswg-89e09",
          "parent_html": "https://works.hcommons.org/records/rzswg-89e09",
          "requests": "https://works.hcommons.org/api/records/mhdch-5fj73/requests",
          "reserve_doi": "https://works.hcommons.org/api/records/mhdch-5fj73/draft/pids/doi",
          "self": "https://works.hcommons.org/api/records/mhdch-5fj73",
          "self_doi": "https://works.hcommons.org/doi/10.17613/mhdch-5fj73",
          "self_html": "https://works.hcommons.org/records/mhdch-5fj73",
          "self_iiif_manifest": "https://works.hcommons.org/api/iiif/record:mhdch-5fj73/manifest",
          "self_iiif_sequence": "https://works.hcommons.org/api/iiif/record:mhdch-5fj73/sequence/default",
          "versions": "https://works.hcommons.org/api/records/mhdch-5fj73/versions"
        },
        "media_files": {
          "count": 0,
          "enabled": false,
          "entries": {},
          "order": [],
          "total_bytes": 0
        },
        "metadata": {
          "creators": [
            {
              "person_or_org": {
                "family_name": "editors",
                "given_name": "",
                "name": "editors",
                "type": "personal"
              },
              "role": {
                "id": "author",
                "title": {
                  "en": "Author"
                }
              }
            }
          ],
          "identifiers": [
            {
              "identifier": "vDbhWS",
              "scheme": "import-recid"
            },
            {
              "identifier": "https://jcrt.org/archives/20.3/bios/",
              "scheme": "url"
            }
          ],
          "languages": [
            {
              "id": "eng",
              "title": {
                "en": "English"
              }
            }
          ],
          "publication_date": "2021",
          "publisher": "Whitestone Publications",
          "resource_type": {
            "id": "textDocument-journalArticle",
            "title": {
              "de": "Zeitschriftenartikel",
              "en": "Journal article"
            }
          },
          "rights": [
            {
              "link": "https://jcrt.org/copyright/",
              "title": {
                "en": "Copyright held by the author(s). Published in the Journal for Cultural and Religious Theory."
              }
            }
          ],
          "subjects": [
            {
              "id": "http://id.worldcat.org/fast/1069899",
              "scheme": "FAST-topical",
              "subject": "Political theology"
            },
            {
              "id": "http://id.worldcat.org/fast/1086616",
              "scheme": "FAST-topical",
              "subject": "Racism"
            },
            {
              "id": "http://id.worldcat.org/fast/1149617",
              "scheme": "FAST-topical",
              "subject": "Theology, Doctrinal"
            }
          ],
          "title": "Author Bios"
        },
        "parent": {
          "access": {
            "grants": [],
            "links": [],
            "owned_by": {
              "user": "3742"
            },
            "settings": {
              "accept_conditions_text": null,
              "allow_guest_requests": false,
              "allow_user_requests": false,
              "secret_link_expiration": 0
            }
          },
          "communities": {
            "default": "cb4d9153-de8c-4c5c-a503-5260624827b4",
            "entries": [
              {
                "access": {
                  "member_policy": "open",
                  "members_visibility": "public",
                  "record_policy": "open",
                  "review_policy": "closed",
                  "visibility": "public"
                },
                "children": {
                  "allow": false
                },
                "created": "2026-08-30T10:16:13.991249+00:00",
                "custom_fields": {
                  "stats:dashboard_enabled": false
                },
                "deletion_status": {
                  "is_deleted": false,
                  "status": "P"
                },
                "id": "cb4d9153-de8c-4c5c-a503-5260624827b4",
                "links": {},
                "metadata": {
                  "description": "JCRT 20.3",
                  "title": "JCRT 20.3",
                  "type": {
                    "id": "journal"
                  },
                  "website": "https://jcrt.org/archives/20.3/"
                },
                "revision_id": 4,
                "slug": "jcrt-203",
                "updated": "2026-08-30T10:17:06.625788+00:00"
              }
            ],
            "ids": [
              "cb4d9153-de8c-4c5c-a503-5260624827b4"
            ]
          },
          "id": "rzswg-89e09",
          "pids": {
            "doi": {
              "client": "datacite",
              "identifier": "10.17613/rzswg-89e09",
              "provider": "datacite"
            }
          }
        },
        "pids": {
          "doi": {
            "client": "datacite",
            "identifier": "10.17613/mhdch-5fj73",
            "provider": "datacite"
          },
          "oai": {
            "identifier": "oai:https://works.hcommons.org:mhdch-5fj73",
            "provider": "oai"
          }
        },
        "revision_id": 5,
        "stats": {
          "all_versions": {
            "data_volume": 0.0,
            "downloads": 0,
            "unique_downloads": 0,
            "unique_views": 0,
            "views": 0
          },
          "this_version": {
            "data_volume": 0.0,
            "downloads": 0,
            "unique_downloads": 0,
            "unique_views": 0,
            "views": 0
          }
        },
        "status": "published",
        "updated": "2026-08-30T10:17:09.771947+00:00",
        "versions": {
          "index": 1,
          "is_latest": true,
          "is_latest_draft": true
        }
      },
      "record_id": "mhdch-5fj73",
      "record_url": "https://works.hcommons.org/records/mhdch-5fj73",
      "source_id": ""
    },
    {
      "collection_id": "cb4d9153-de8c-4c5c-a503-5260624827b4",
      "errors": [],
      "files": {
        "Boulting.pdf": {
          "messages": [],
          "status": "uploaded"
        }
      },
      "item_index": 1,
      "metadata": {
        "access": {
          "embargo": {
            "active": false,
            "reason": null
          },
          "files": "public",
          "record": "public",
          "status": "open"
        },
        "created": "2026-08-30T10:17:11.419650+00:00",
        "custom_fields": {
          "journal:journal": {
            "issn": "1530-5228",
            "issue": "3",
            "pages": "302-317",
            "title": "Journal for Cultural & Religious Theory",
            "volume": "20"
          },
          "kcr:user_defined_tags": [
            "1909-1943",
            "simone",
            "weil",
            "intentionalism-aesthetics",
            "platonists"
          ]
        },
        "deletion_status": {
          "is_deleted": false,
          "status": "P"
        },
        "files": {
          "count": 1,
          "enabled": true,
          "entries": {
            "Boulting.pdf": {
              "access": {
                "hidden": false
              },
              "checksum": "md5:72bf182973d32d95db97157d05118f80",
              "ext": "pdf",
              "id": "b35af15a-75d8-492d-a884-61d25e321f09",
              "key": "Boulting.pdf",
              "links": {
                "content": "https://works.hcommons.org/api/records/rwhkr-z0651/files/Boulting.pdf/content",
                "iiif_api": "https://works.hcommons.org/api/iiif/record:rwhkr-z0651:Boulting.pdf/full/full/0/default.png",
                "iiif_base": "https://works.hcommons.org/api/iiif/record:rwhkr-z0651:Boulting.pdf",
                "iiif_canvas": "https://works.hcommons.org/api/iiif/record:rwhkr-z0651/canvas/Boulting.pdf",
                "iiif_info": "https://works.hcommons.org/api/iiif/record:rwhkr-z0651:Boulting.pdf/info.json",
                "self": "https://works.hcommons.org/api/records/rwhkr-z0651/files/Boulting.pdf"
              },
              "metadata": {},
              "mimetype": "application/pdf",
              "size": 1581918,
              "storage_class": "L"
            }
          },
          "order": [],
          "total_bytes": 1581918
        },
        "id": "rwhkr-z0651",
        "is_draft": false,
        "is_published": true,
        "links": {
          "access": "https://works.hcommons.org/api/records/rwhkr-z0651/access",
          "access_grants": "https://works.hcommons.org/api/records/rwhkr-z0651/access/grants",
          "access_groups": "https://works.hcommons.org/api/records/rwhkr-z0651/access/groups",
          "access_links": "https://works.hcommons.org/api/records/rwhkr-z0651/access/links",
          "access_request": "https://works.hcommons.org/api/records/rwhkr-z0651/access/request",
          "access_users": "https://works.hcommons.org/api/records/rwhkr-z0651/access/users",
          "archive": "https://works.hcommons.org/api/records/rwhkr-z0651/files-archive",
          "archive_media": "https://works.hcommons.org/api/records/rwhkr-z0651/media-files-archive",
          "communities": "https://works.hcommons.org/api/records/rwhkr-z0651/communities",
          "communities-suggestions": "https://works.hcommons.org/api/records/rwhkr-z0651/communities-suggestions",
          "doi": "https://doi.org/10.17613/rwhkr-z0651",
          "draft": "https://works.hcommons.org/api/records/rwhkr-z0651/draft",
          "files": "https://works.hcommons.org/api/records/rwhkr-z0651/files",
          "latest": "https://works.hcommons.org/api/records/rwhkr-z0651/versions/latest",
          "latest_html": "https://works.hcommons.org/records/rwhkr-z0651/latest",
          "media_files": "https://works.hcommons.org/api/records/rwhkr-z0651/media-files",
          "parent": "https://works.hcommons.org/api/records/xz17c-bdn77",
          "parent_doi": "https://works.hcommons.org/doi/10.17613/xz17c-bdn77",
          "parent_html": "https://works.hcommons.org/records/xz17c-bdn77",
          "requests": "https://works.hcommons.org/api/records/rwhkr-z0651/requests",
          "reserve_doi": "https://works.hcommons.org/api/records/rwhkr-z0651/draft/pids/doi",
          "self": "https://works.hcommons.org/api/records/rwhkr-z0651",
          "self_doi": "https://works.hcommons.org/doi/10.17613/rwhkr-z0651",
          "self_html": "https://works.hcommons.org/records/rwhkr-z0651",
          "self_iiif_manifest": "https://works.hcommons.org/api/iiif/record:rwhkr-z0651/manifest",
          "self_iiif_sequence": "https://works.hcommons.org/api/iiif/record:rwhkr-z0651/sequence/default",
          "versions": "https://works.hcommons.org/api/records/rwhkr-z0651/versions"
        },
        "media_files": {
          "count": 0,
          "enabled": false,
          "entries": {},
          "order": [],
          "total_bytes": 0
        },
        "metadata": {
          "creators": [
            {
              "person_or_org": {
                "family_name": "Boulting",
                "given_name": "Noel",
                "name": "Boulting, Noel",
                "type": "personal"
              },
              "role": {
                "id": "author",
                "title": {
                  "en": "Author"
                }
              }
            }
          ],
          "description": "Can the world be conceived as an artwork as Simone Weil sometimes suggests? And does this suggestion not imply examining the relation between the creator's intentions and what is created? Three approaches will be explored so as to ascertain Simone Weil's response in terms of her Decreation thesis. The first approach can be labelled a phenomenological perspective, employing an insight from Sartre's existentialism, the Frankfurt school of philosophy and the German Literary tradition, illustrating her concern for the significance of human experience. The second approach, the ontological, is illustrated through claims made by Luria - the Jewish mystic - and Von Schelling - arguably the founder of ecological philosophy - in establishing her claim on behalf of what",
          "identifiers": [
            {
              "identifier": "KrlrMA",
              "scheme": "import-recid"
            },
            {
              "identifier": "https://jcrt.org/archives/20.3/boulting/",
              "scheme": "url"
            }
          ],
          "languages": [
            {
              "id": "eng",
              "title": {
                "en": "English"
              }
            }
          ],
          "publication_date": "2021",
          "publisher": "Whitestone Publications",
          "resource_type": {
            "id": "textDocument-journalArticle",
            "title": {
              "de": "Zeitschriftenartikel",
              "en": "Journal article"
            }
          },
          "rights": [
            {
              "link": "https://jcrt.org/copyright/",
              "title": {
                "en": "Copyright held by the author(s). Published in the Journal for Cultural and Religious Theory."
              }
            }
          ],
          "subjects": [
            {
              "id": "http://id.worldcat.org/fast/1066881",
              "scheme": "FAST-topical",
              "subject": "Platonists"
            }
          ],
          "title": "Intentionalism and God's Fiction."
        },
        "parent": {
          "access": {
            "grants": [],
            "links": [],
            "owned_by": {
              "user": "3742"
            },
            "settings": {
              "accept_conditions_text": null,
              "allow_guest_requests": false,
              "allow_user_requests": false,
              "secret_link_expiration": 0
            }
          },
          "communities": {
            "default": "cb4d9153-de8c-4c5c-a503-5260624827b4",
            "entries": [
              {
                "access": {
                  "member_policy": "open",
                  "members_visibility": "public",
                  "record_policy": "open",
                  "review_policy": "closed",
                  "visibility": "public"
                },
                "children": {
                  "allow": false
                },
                "created": "2026-08-30T10:16:13.991249+00:00",
                "custom_fields": {
                  "stats:dashboard_enabled": false
                },
                "deletion_status": {
                  "is_deleted": false,
                  "status": "P"
                },
                "id": "cb4d9153-de8c-4c5c-a503-5260624827b4",
                "links": {},
                "metadata": {
                  "description": "JCRT 20.3",
                  "title": "JCRT 20.3",
                  "type": {
                    "id": "journal"
                  },
                  "website": "https://jcrt.org/archives/20.3/"
                },
                "revision_id": 4,
                "slug": "jcrt-203",
                "updated": "2026-08-30T10:17:06.625788+00:00"
              }
            ],
            "ids": [
              "cb4d9153-de8c-4c5c-a503-5260624827b4"
            ]
          },
          "id": "xz17c-bdn77",
          "pids": {
            "doi": {
              "client": "datacite",
              "identifier": "10.17613/xz17c-bdn77",
              "provider": "datacite"
            }
          }
        },
        "pids": {
          "doi": {
            "client": "datacite",
            "identifier": "10.17613/rwhkr-z0651",
            "provider": "datacite"
          },
          "oai": {
            "identifier": "oai:https://works.hcommons.org:rwhkr-z0651",
            "provider": "oai"
          }
        },
        "revision_id": 5,
        "stats": {
          "all_versions": {
            "data_volume": 0.0,
            "downloads": 0,
            "unique_downloads": 0,
            "unique_views": 0,
            "views": 0
          },
          "this_version": {
            "data_volume": 0.0,
            "downloads": 0,
            "unique_downloads": 0,
            "unique_views": 0,
            "views": 0
          }
        },
        "status": "published",
        "updated": "2026-08-30T10:17:11.640351+00:00",
        "versions": {
          "index": 1,
          "is_latest": true,
          "is_latest_draft": true
        }
      },
      "record_id": "rwhkr-z0651",
      "record_url": "https://works.hcommons.org/records/rwhkr-z0651",
      "source_id": ""
    },
    {
      "collection_id": "cb4d9153-de8c-4c5c-a503-5260624827b4",
      "errors": [],
      "files": {
        "Cuda.pdf": {
          "messages": [],
          "status": "uploaded"
        }
      },
      "item_index": 2,
      "metadata": {
        "access": {
          "embargo": {
            "active": false,
            "reason": null
          },
          "files": "public",
          "record": "public",
          "status": "open"
        },
        "created": "2026-08-30T10:17:13.337533+00:00",
        "custom_fields": {
          "journal:journal": {
            "issn": "1530-5228",
            "issue": "3",
            "pages": "316-339",
            "title": "Journal for Cultural & Religious Theory",
            "volume": "20"
          },
          "kcr:user_defined_tags": [
            "spirituality",
            "alice-s-adventures-in-wonderland-book-carroll"
          ]
        },
        "deletion_status": {
          "is_deleted": false,
          "status": "P"
        },
        "files": {
          "count": 1,
          "enabled": true,
          "entries": {
            "Cuda.pdf": {
              "access": {
                "hidden": false
              },
              "checksum": "md5:14a5e3a59d5170b81d3f1076910ce0a4",
              "ext": "pdf",
              "id": "aaf3c086-db57-4874-a62b-e98cade0cfa8",
              "key": "Cuda.pdf",
              "links": {
                "content": "https://works.hcommons.org/api/records/gwatk-v1a83/files/Cuda.pdf/content",
                "iiif_api": "https://works.hcommons.org/api/iiif/record:gwatk-v1a83:Cuda.pdf/full/full/0/default.png",
                "iiif_base": "https://works.hcommons.org/api/iiif/record:gwatk-v1a83:Cuda.pdf",
                "iiif_canvas": "https://works.hcommons.org/api/iiif/record:gwatk-v1a83/canvas/Cuda.pdf",
                "iiif_info": "https://works.hcommons.org/api/iiif/record:gwatk-v1a83:Cuda.pdf/info.json",
                "self": "https://works.hcommons.org/api/records/gwatk-v1a83/files/Cuda.pdf"
              },
              "metadata": {},
              "mimetype": "application/pdf",
              "size": 2321915,
              "storage_class": "L"
            }
          },
          "order": [],
          "total_bytes": 2321915
        },
        "id": "gwatk-v1a83",
        "is_draft": false,
        "is_published": true,
        "links": {
          "access": "https://works.hcommons.org/api/records/gwatk-v1a83/access",
          "access_grants": "https://works.hcommons.org/api/records/gwatk-v1a83/access/grants",
          "access_groups": "https://works.hcommons.org/api/records/gwatk-v1a83/access/groups",
          "access_links": "https://works.hcommons.org/api/records/gwatk-v1a83/access/links",
          "access_request": "https://works.hcommons.org/api/records/gwatk-v1a83/access/request",
          "access_users": "https://works.hcommons.org/api/records/gwatk-v1a83/access/users",
          "archive": "https://works.hcommons.org/api/records/gwatk-v1a83/files-archive",
          "archive_media": "https://works.hcommons.org/api/records/gwatk-v1a83/media-files-archive",
          "communities": "https://works.hcommons.org/api/records/gwatk-v1a83/communities",
          "communities-suggestions": "https://works.hcommons.org/api/records/gwatk-v1a83/communities-suggestions",
          "doi": "https://doi.org/10.17613/gwatk-v1a83",
          "draft": "https://works.hcommons.org/api/records/gwatk-v1a83/draft",
          "files": "https://works.hcommons.org/api/records/gwatk-v1a83/files",
          "latest": "https://works.hcommons.org/api/records/gwatk-v1a83/versions/latest",
          "latest_html": "https://works.hcommons.org/records/gwatk-v1a83/latest",
          "media_files": "https://works.hcommons.org/api/records/gwatk-v1a83/media-files",
          "parent": "https://works.hcommons.org/api/records/s1vep-r3b41",
          "parent_doi": "https://works.hcommons.org/doi/10.17613/s1vep-r3b41",
          "parent_html": "https://works.hcommons.org/records/s1vep-r3b41",
          "requests": "https://works.hcommons.org/api/records/gwatk-v1a83/requests",
          "reserve_doi": "https://works.hcommons.org/api/records/gwatk-v1a83/draft/pids/doi",
          "self": "https://works.hcommons.org/api/records/gwatk-v1a83",
          "self_doi": "https://works.hcommons.org/doi/10.17613/gwatk-v1a83",
          "self_html": "https://works.hcommons.org/records/gwatk-v1a83",
          "self_iiif_manifest": "https://works.hcommons.org/api/iiif/record:gwatk-v1a83/manifest",
          "self_iiif_sequence": "https://works.hcommons.org/api/iiif/record:gwatk-v1a83/sequence/default",
          "versions": "https://works.hcommons.org/api/records/gwatk-v1a83/versions"
        },
        "media_files": {
          "count": 0,
          "enabled": false,
          "entries": {},
          "order": [],
          "total_bytes": 0
        },
        "metadata": {
          "creators": [
            {
              "person_or_org": {
                "family_name": "Cuda",
                "given_name": "John",
                "name": "Cuda, John",
                "type": "personal"
              },
              "role": {
                "id": "author",
                "title": {
                  "en": "Author"
                }
              }
            }
          ],
          "identifiers": [
            {
              "identifier": "zo0QS2",
              "scheme": "import-recid"
            },
            {
              "identifier": "https://jcrt.org/archives/20.3/cuda/",
              "scheme": "url"
            }
          ],
          "languages": [
            {
              "id": "eng",
              "title": {
                "en": "English"
              }
            }
          ],
          "publication_date": "2021",
          "publisher": "Whitestone Publications",
          "resource_type": {
            "id": "textDocument-journalArticle",
            "title": {
              "de": "Zeitschriftenartikel",
              "en": "Journal article"
            }
          },
          "rights": [
            {
              "link": "https://jcrt.org/copyright/",
              "title": {
                "en": "Copyright held by the author(s). Published in the Journal for Cultural and Religious Theory."
              }
            }
          ],
          "subjects": [
            {
              "id": "http://id.worldcat.org/fast/1130186",
              "scheme": "FAST-topical",
              "subject": "Spirituality"
            }
          ],
          "title": "The Spirituality of Psychonautics: How Alice in Wonderland, the Matrix and Other Modern Myths Serve as Models for New Age Seekership and Identity Formation."
        },
        "parent": {
          "access": {
            "grants": [],
            "links": [],
            "owned_by": {
              "user": "3742"
            },
            "settings": {
              "accept_conditions_text": null,
              "allow_guest_requests": false,
              "allow_user_requests": false,
              "secret_link_expiration": 0
            }
          },
          "communities": {
            "default": "cb4d9153-de8c-4c5c-a503-5260624827b4",
            "entries": [
              {
                "access": {
                  "member_policy": "open",
                  "members_visibility": "public",
                  "record_policy": "open",
                  "review_policy": "closed",
                  "visibility": "public"
                },
                "children": {
                  "allow": false
                },
                "created": "2026-08-30T10:16:13.991249+00:00",
                "custom_fields": {
                  "stats:dashboard_enabled": false
                },
                "deletion_status": {
                  "is_deleted": false,
                  "status": "P"
                },
                "id": "cb4d9153-de8c-4c5c-a503-5260624827b4",
                "links": {},
                "metadata": {
                  "description": "JCRT 20.3",
                  "title": "JCRT 20.3",
                  "type": {
                    "id": "journal"
                  },
                  "website": "https://jcrt.org/archives/20.3/"
                },
                "revision_id": 4,
                "slug": "jcrt-203",
                "updated": "2026-08-30T10:17:06.625788+00:00"
              }
            ],
            "ids": [
              "cb4d9153-de8c-4c5c-a503-5260624827b4"
            ]
          },
          "id": "s1vep-r3b41",
          "pids": {
            "doi": {
              "client": "datacite",
              "identifier": "10.17613/s1vep-r3b41",
              "provider": "datacite"
            }
          }
        },
        "pids": {
          "doi": {
            "client": "datacite",
            "identifier": "10.17613/gwatk-v1a83",
            "provider": "datacite"
          },
          "oai": {
            "identifier": "oai:https://works.hcommons.org:gwatk-v1a83",
            "provider": "oai"
          }
        },
        "revision_id": 5,
        "stats": {
          "all_versions": {
            "data_volume": 0.0,
            "downloads": 0,
            "unique_downloads": 0,
            "unique_views": 0,
            "views": 0
          },
          "this_version": {
            "data_volume": 0.0,
            "downloads": 0,
            "unique_downloads": 0,
            "unique_views": 0,
            "views": 0
          }
        },
        "status": "published",
        "updated": "2026-08-30T10:17:13.547022+00:00",
        "versions": {
          "index": 1,
          "is_latest": true,
          "is_latest_draft": true
        }
      },
      "record_id": "gwatk-v1a83",
      "record_url": "https://works.hcommons.org/records/gwatk-v1a83",
      "source_id": ""
    },
    {
      "collection_id": "cb4d9153-de8c-4c5c-a503-5260624827b4",
      "errors": [],
      "files": {
        "Decoloniality.pdf": {
          "messages": [],
          "status": "uploaded"
        }
      },
      "item_index": 3,
      "metadata": {
        "access": {
          "embargo": {
            "active": false,
            "reason": null
          },
          "files": "public",
          "record": "public",
          "status": "open"
        },
        "created": "2026-08-30T10:17:15.243177+00:00",
        "custom_fields": {
          "journal:journal": {
            "issn": "1530-5228",
            "issue": "3",
            "pages": "",
            "title": "Journal for Cultural & Religious Theory",
            "volume": "20"
          },
          "kcr:user_defined_tags": [
            "decoloniality",
            "coloniality",
            "walter-mignolo",
            "catherine-walsh",
            "modernity",
            "colonial-matrix-of-power",
            "epistemology",
            "indigenous-knowledge",
            "latin-american-thought",
            "tink-tinker",
            "decolonial-thought",
            "eurocentrism"
          ]
        },
        "deletion_status": {
          "is_deleted": false,
          "status": "P"
        },
        "files": {
          "count": 1,
          "enabled": true,
          "entries": {
            "Decoloniality.pdf": {
              "access": {
                "hidden": false
              },
              "checksum": "md5:198ca256020b8c0812ce86c409e344a0",
              "ext": "pdf",
              "id": "a2cf1616-3368-4ccf-b1d1-4cfacb900640",
              "key": "Decoloniality.pdf",
              "links": {
                "content": "https://works.hcommons.org/api/records/xse5d-83796/files/Decoloniality.pdf/content",
                "iiif_api": "https://works.hcommons.org/api/iiif/record:xse5d-83796:Decoloniality.pdf/full/full/0/default.png",
                "iiif_base": "https://works.hcommons.org/api/iiif/record:xse5d-83796:Decoloniality.pdf",
                "iiif_canvas": "https://works.hcommons.org/api/iiif/record:xse5d-83796/canvas/Decoloniality.pdf",
                "iiif_info": "https://works.hcommons.org/api/iiif/record:xse5d-83796:Decoloniality.pdf/info.json",
                "self": "https://works.hcommons.org/api/records/xse5d-83796/files/Decoloniality.pdf"
              },
              "metadata": {},
              "mimetype": "application/pdf",
              "size": 2336977,
              "storage_class": "L"
            }
          },
          "order": [],
          "total_bytes": 2336977
        },
        "id": "xse5d-83796",
        "is_draft": false,
        "is_published": true,
        "links": {
          "access": "https://works.hcommons.org/api/records/xse5d-83796/access",
          "access_grants": "https://works.hcommons.org/api/records/xse5d-83796/access/grants",
          "access_groups": "https://works.hcommons.org/api/records/xse5d-83796/access/groups",
          "access_links": "https://works.hcommons.org/api/records/xse5d-83796/access/links",
          "access_request": "https://works.hcommons.org/api/records/xse5d-83796/access/request",
          "access_users": "https://works.hcommons.org/api/records/xse5d-83796/access/users",
          "archive": "https://works.hcommons.org/api/records/xse5d-83796/files-archive",
          "archive_media": "https://works.hcommons.org/api/records/xse5d-83796/media-files-archive",
          "communities": "https://works.hcommons.org/api/records/xse5d-83796/communities",
          "communities-suggestions": "https://works.hcommons.org/api/records/xse5d-83796/communities-suggestions",
          "doi": "https://doi.org/10.17613/xse5d-83796",
          "draft": "https://works.hcommons.org/api/records/xse5d-83796/draft",
          "files": "https://works.hcommons.org/api/records/xse5d-83796/files",
          "latest": "https://works.hcommons.org/api/records/xse5d-83796/versions/latest",
          "latest_html": "https://works.hcommons.org/records/xse5d-83796/latest",
          "media_files": "https://works.hcommons.org/api/records/xse5d-83796/media-files",
          "parent": "https://works.hcommons.org/api/records/zajve-5wf70",
          "parent_doi": "https://works.hcommons.org/doi/10.17613/zajve-5wf70",
          "parent_html": "https://works.hcommons.org/records/zajve-5wf70",
          "requests": "https://works.hcommons.org/api/records/xse5d-83796/requests",
          "reserve_doi": "https://works.hcommons.org/api/records/xse5d-83796/draft/pids/doi",
          "self": "https://works.hcommons.org/api/records/xse5d-83796",
          "self_doi": "https://works.hcommons.org/doi/10.17613/xse5d-83796",
          "self_html": "https://works.hcommons.org/records/xse5d-83796",
          "self_iiif_manifest": "https://works.hcommons.org/api/iiif/record:xse5d-83796/manifest",
          "self_iiif_sequence": "https://works.hcommons.org/api/iiif/record:xse5d-83796/sequence/default",
          "versions": "https://works.hcommons.org/api/records/xse5d-83796/versions"
        },
        "media_files": {
          "count": 0,
          "enabled": false,
          "entries": {},
          "order": [],
          "total_bytes": 0
        },
        "metadata": {
          "creators": [
            {
              "person_or_org": {
                "family_name": "Walsh",
                "given_name": "Catherine",
                "name": "Walsh, Catherine",
                "type": "personal"
              },
              "role": {
                "id": "author",
                "title": {
                  "en": "Author"
                }
              }
            },
            {
              "person_or_org": {
                "family_name": "Mignolo",
                "given_name": "Walter",
                "name": "Mignolo, Walter",
                "type": "personal"
              },
              "role": {
                "id": "author",
                "title": {
                  "en": "Author"
                }
              }
            },
            {
              "person_or_org": {
                "family_name": "Herrero",
                "given_name": "Fernando",
                "name": "Herrero, Fernando",
                "type": "personal"
              },
              "role": {
                "id": "author",
                "title": {
                  "en": "Author"
                }
              }
            },
            {
              "person_or_org": {
                "family_name": "Tinker",
                "given_name": "Tink",
                "name": "Tinker, Tink",
                "type": "personal"
              },
              "role": {
                "id": "author",
                "title": {
                  "en": "Author"
                }
              }
            }
          ],
          "identifiers": [
            {
              "identifier": "8we0HS",
              "scheme": "import-recid"
            },
            {
              "identifier": "https://jcrt.org/archives/20.3/decoloniality/",
              "scheme": "url"
            }
          ],
          "languages": [
            {
              "id": "eng",
              "title": {
                "en": "English"
              }
            }
          ],
          "publication_date": "2021",
          "publisher": "Whitestone Publications",
          "resource_type": {
            "id": "textDocument-journalArticle",
            "title": {
              "de": "Zeitschriftenartikel",
              "en": "Journal article"
            }
          },
          "rights": [
            {
              "link": "https://jcrt.org/copyright/",
              "title": {
                "en": "Copyright held by the author(s). Published in the Journal for Cultural and Religious Theory."
              }
            }
          ],
          "subjects": [
            {
              "id": "http://id.worldcat.org/fast/863073",
              "scheme": "FAST-topical",
              "subject": "Civilization, Modern"
            },
            {
              "id": "http://id.worldcat.org/fast/916597",
              "scheme": "FAST-topical",
              "subject": "Eurocentrism"
            },
            {
              "id": "http://id.worldcat.org/fast/988194",
              "scheme": "FAST-topical",
              "subject": "Knowledge, Theory of"
            }
          ],
          "title": "What do we Mean by Decoloniality?"
        },
        "parent": {
          "access": {
            "grants": [],
            "links": [],
            "owned_by": {
              "user": "3742"
            },
            "settings": {
              "accept_conditions_text": null,
              "allow_guest_requests": false,
              "allow_user_requests": false,
              "secret_link_expiration": 0
            }
          },
          "communities": {
            "default": "cb4d9153-de8c-4c5c-a503-5260624827b4",
            "entries": [
              {
                "access": {
                  "member_policy": "open",
                  "members_visibility": "public",
                  "record_policy": "open",
                  "review_policy": "closed",
                  "visibility": "public"
                },
                "children": {
                  "allow": false
                },
                "created": "2026-08-30T10:16:13.991249+00:00",
                "custom_fields": {
                  "stats:dashboard_enabled": false
                },
                "deletion_status": {
                  "is_deleted": false,
                  "status": "P"
                },
                "id": "cb4d9153-de8c-4c5c-a503-5260624827b4",
                "links": {},
                "metadata": {
                  "description": "JCRT 20.3",
                  "title": "JCRT 20.3",
                  "type": {
                    "id": "journal"
                  },
                  "website": "https://jcrt.org/archives/20.3/"
                },
                "revision_id": 4,
                "slug": "jcrt-203",
                "updated": "2026-08-30T10:17:06.625788+00:00"
              }
            ],
            "ids": [
              "cb4d9153-de8c-4c5c-a503-5260624827b4"
            ]
          },
          "id": "zajve-5wf70",
          "pids": {
            "doi": {
              "client": "datacite",
              "identifier": "10.17613/zajve-5wf70",
              "provider": "datacite"
            }
          }
        },
        "pids": {
          "doi": {
            "client": "datacite",
            "identifier": "10.17613/xse5d-83796",
            "provider": "datacite"
          },
          "oai": {
            "identifier": "oai:https://works.hcommons.org:xse5d-83796",
            "provider": "oai"
          }
        },
        "revision_id": 5,
        "stats": {
          "all_versions": {
            "data_volume": 0.0,
            "downloads": 0,
            "unique_downloads": 0,
            "unique_views": 0,
            "views": 0
          },
          "this_version": {
            "data_volume": 0.0,
            "downloads": 0,
            "unique_downloads": 0,
            "unique_views": 0,
            "views": 0
          }
        },
        "status": "published",
        "updated": "2026-08-30T10:17:15.464403+00:00",
        "versions": {
          "index": 1,
          "is_latest": true,
          "is_latest_draft": true
        }
      },
      "record_id": "xse5d-83796",
      "record_url": "https://works.hcommons.org/records/xse5d-83796",
      "source_id": ""
    }
  ],
  "errors": [],
  "message": "All records were successfully imported",
  "status": "success"
}