{
  "status": 200,
  "message": "20.3 records verified in KC Works",
  "errors": [],
  "data": [
    {
      "record_id": "mhdch-5fj73"
    },
    {
      "record_id": "rwhkr-z0651"
    },
    {
      "record_id": "gwatk-v1a83"
    },
    {
      "record_id": "xse5d-83796"
    },
    {
      "record_id": "b3awa-kg205"
    },
    {
      "record_id": "6br6v-5bq27"
    },
    {
      "record_id": "e7rsd-qdk82"
    },
    {
      "record_id": "jk7cr-1hs04"
    },
    {
      "record_id": "nxfc8-8bd06"
    }
  ]
}
