{
  "data": [
    {
      "collection_id": "88c8f039-de21-4ae0-b12b-c28357fa23fc",
      "errors": [],
      "files": {
        "Arnold.pdf": {
          "messages": [],
          "status": "uploaded"
        }
      },
      "item_index": 0,
      "metadata": {
        "access": {
          "embargo": {
            "active": false,
            "reason": null
          },
          "files": "public",
          "record": "public",
          "status": "open"
        },
        "created": "2026-08-30T09:56:14.332181+00:00",
        "custom_fields": {
          "journal:journal": {
            "issn": "1530-5228",
            "issue": "2",
            "pages": "132-139",
            "title": "Journal for Cultural & Religious Theory",
            "volume": "23"
          },
          "kcr:user_defined_tags": [
            "indigenous-values",
            "philip-p-arnold",
            "indigenous-religion",
            "native-american-religions",
            "doctrine-of-discovery",
            "sacred-land",
            "settler-colonialism",
            "environmentalism",
            "indigenous-studies",
            "decolonization"
          ]
        },
        "deletion_status": {
          "is_deleted": false,
          "status": "P"
        },
        "files": {
          "count": 1,
          "enabled": true,
          "entries": {
            "Arnold.pdf": {
              "access": {
                "hidden": false
              },
              "checksum": "md5:25fb08c5833440a0d984c9674bf2edbd",
              "ext": "pdf",
              "id": "ee7f4b5a-6bae-49a7-ae28-27cf070e25f4",
              "key": "Arnold.pdf",
              "links": {
                "content": "https://works.hcommons.org/api/records/kgq1v-av969/files/Arnold.pdf/content",
                "iiif_api": "https://works.hcommons.org/api/iiif/record:kgq1v-av969:Arnold.pdf/full/full/0/default.png",
                "iiif_base": "https://works.hcommons.org/api/iiif/record:kgq1v-av969:Arnold.pdf",
                "iiif_canvas": "https://works.hcommons.org/api/iiif/record:kgq1v-av969/canvas/Arnold.pdf",
                "iiif_info": "https://works.hcommons.org/api/iiif/record:kgq1v-av969:Arnold.pdf/info.json",
                "self": "https://works.hcommons.org/api/records/kgq1v-av969/files/Arnold.pdf"
              },
              "metadata": {},
              "mimetype": "application/pdf",
              "size": 346563,
              "storage_class": "L"
            }
          },
          "order": [],
          "total_bytes": 346563
        },
        "id": "kgq1v-av969",
        "is_draft": false,
        "is_published": true,
        "links": {
          "access": "https://works.hcommons.org/api/records/kgq1v-av969/access",
          "access_grants": "https://works.hcommons.org/api/records/kgq1v-av969/access/grants",
          "access_groups": "https://works.hcommons.org/api/records/kgq1v-av969/access/groups",
          "access_links": "https://works.hcommons.org/api/records/kgq1v-av969/access/links",
          "access_request": "https://works.hcommons.org/api/records/kgq1v-av969/access/request",
          "access_users": "https://works.hcommons.org/api/records/kgq1v-av969/access/users",
          "archive": "https://works.hcommons.org/api/records/kgq1v-av969/files-archive",
          "archive_media": "https://works.hcommons.org/api/records/kgq1v-av969/media-files-archive",
          "communities": "https://works.hcommons.org/api/records/kgq1v-av969/communities",
          "communities-suggestions": "https://works.hcommons.org/api/records/kgq1v-av969/communities-suggestions",
          "doi": "https://doi.org/10.17613/kgq1v-av969",
          "draft": "https://works.hcommons.org/api/records/kgq1v-av969/draft",
          "files": "https://works.hcommons.org/api/records/kgq1v-av969/files",
          "latest": "https://works.hcommons.org/api/records/kgq1v-av969/versions/latest",
          "latest_html": "https://works.hcommons.org/records/kgq1v-av969/latest",
          "media_files": "https://works.hcommons.org/api/records/kgq1v-av969/media-files",
          "parent": "https://works.hcommons.org/api/records/h96x6-jvn49",
          "parent_doi": "https://works.hcommons.org/doi/10.17613/h96x6-jvn49",
          "parent_html": "https://works.hcommons.org/records/h96x6-jvn49",
          "requests": "https://works.hcommons.org/api/records/kgq1v-av969/requests",
          "reserve_doi": "https://works.hcommons.org/api/records/kgq1v-av969/draft/pids/doi",
          "self": "https://works.hcommons.org/api/records/kgq1v-av969",
          "self_doi": "https://works.hcommons.org/doi/10.17613/kgq1v-av969",
          "self_html": "https://works.hcommons.org/records/kgq1v-av969",
          "self_iiif_manifest": "https://works.hcommons.org/api/iiif/record:kgq1v-av969/manifest",
          "self_iiif_sequence": "https://works.hcommons.org/api/iiif/record:kgq1v-av969/sequence/default",
          "versions": "https://works.hcommons.org/api/records/kgq1v-av969/versions"
        },
        "media_files": {
          "count": 0,
          "enabled": false,
          "entries": {},
          "order": [],
          "total_bytes": 0
        },
        "metadata": {
          "creators": [
            {
              "person_or_org": {
                "family_name": "Arnold",
                "given_name": "Philip P",
                "name": "Arnold, Philip P",
                "type": "personal"
              },
              "role": {
                "id": "author",
                "title": {
                  "en": "Author"
                }
              }
            },
            {
              "person_or_org": {
                "family_name": "Taylor",
                "given_name": "Victor",
                "name": "Taylor, Victor",
                "type": "personal"
              },
              "role": {
                "id": "author",
                "title": {
                  "en": "Author"
                }
              }
            }
          ],
          "identifiers": [
            {
              "identifier": "YEH7dc",
              "scheme": "import-recid"
            },
            {
              "identifier": "https://jcrt.org/archives/23.2/arnold/",
              "scheme": "url"
            }
          ],
          "languages": [
            {
              "id": "eng",
              "title": {
                "en": "English"
              }
            }
          ],
          "publication_date": "2025-01-01",
          "publisher": "Whitestone Publications",
          "resource_type": {
            "id": "textDocument-journalArticle",
            "title": {
              "de": "Zeitschriftenartikel",
              "en": "Journal article"
            }
          },
          "rights": [
            {
              "link": "https://jcrt.org/copyright/",
              "title": {
                "en": "Copyright held by the author(s). Published in the Journal for Cultural and Religious Theory."
              }
            }
          ],
          "subjects": [
            {
              "id": "http://id.worldcat.org/fast/889115",
              "scheme": "FAST-topical",
              "subject": "Decolonization"
            },
            {
              "id": "http://id.worldcat.org/fast/913543",
              "scheme": "FAST-topical",
              "subject": "Environmentalism"
            },
            {
              "id": "http://id.worldcat.org/fast/2025744",
              "scheme": "FAST-topical",
              "subject": "Settler colonialism"
            }
          ],
          "title": "A Conversation with Philip P. Arnold on the Urgency of Indigenous Values"
        },
        "parent": {
          "access": {
            "grants": [],
            "links": [],
            "owned_by": {
              "user": "3742"
            },
            "settings": {
              "accept_conditions_text": null,
              "allow_guest_requests": false,
              "allow_user_requests": false,
              "secret_link_expiration": 0
            }
          },
          "communities": {
            "default": "88c8f039-de21-4ae0-b12b-c28357fa23fc",
            "entries": [
              {
                "access": {
                  "member_policy": "open",
                  "members_visibility": "public",
                  "record_policy": "open",
                  "review_policy": "closed",
                  "visibility": "public"
                },
                "children": {
                  "allow": false
                },
                "created": "2026-08-30T09:55:16.261871+00:00",
                "custom_fields": {
                  "stats:dashboard_enabled": false
                },
                "deletion_status": {
                  "is_deleted": false,
                  "status": "P"
                },
                "id": "88c8f039-de21-4ae0-b12b-c28357fa23fc",
                "links": {},
                "metadata": {
                  "description": "JCRT 23.2",
                  "title": "JCRT 23.2",
                  "type": {
                    "id": "journal"
                  },
                  "website": "https://jcrt.org/archives/23.2/"
                },
                "revision_id": 3,
                "slug": "jcrt-232",
                "updated": "2026-08-30T09:55:53.096019+00:00"
              }
            ],
            "ids": [
              "88c8f039-de21-4ae0-b12b-c28357fa23fc"
            ]
          },
          "id": "h96x6-jvn49",
          "pids": {
            "doi": {
              "client": "datacite",
              "identifier": "10.17613/h96x6-jvn49",
              "provider": "datacite"
            }
          }
        },
        "pids": {
          "doi": {
            "client": "datacite",
            "identifier": "10.17613/kgq1v-av969",
            "provider": "datacite"
          },
          "oai": {
            "identifier": "oai:https://works.hcommons.org:kgq1v-av969",
            "provider": "oai"
          }
        },
        "revision_id": 5,
        "stats": {
          "all_versions": {
            "data_volume": 0.0,
            "downloads": 0,
            "unique_downloads": 0,
            "unique_views": 0,
            "views": 0
          },
          "this_version": {
            "data_volume": 0.0,
            "downloads": 0,
            "unique_downloads": 0,
            "unique_views": 0,
            "views": 0
          }
        },
        "status": "published",
        "updated": "2026-08-30T09:56:14.567302+00:00",
        "versions": {
          "index": 1,
          "is_latest": true,
          "is_latest_draft": true
        }
      },
      "record_id": "kgq1v-av969",
      "record_url": "https://works.hcommons.org/records/kgq1v-av969",
      "source_id": ""
    },
    {
      "collection_id": "88c8f039-de21-4ae0-b12b-c28357fa23fc",
      "errors": [],
      "files": {
        "bios.pdf": {
          "messages": [],
          "status": "uploaded"
        }
      },
      "item_index": 1,
      "metadata": {
        "access": {
          "embargo": {
            "active": false,
            "reason": null
          },
          "files": "public",
          "record": "public",
          "status": "open"
        },
        "created": "2026-08-30T09:56:16.129869+00:00",
        "custom_fields": {
          "journal:journal": {
            "issn": "1530-5228",
            "issue": "2",
            "pages": "",
            "title": "Journal for Cultural & Religious Theory",
            "volume": "23"
          }
        },
        "deletion_status": {
          "is_deleted": false,
          "status": "P"
        },
        "files": {
          "count": 1,
          "enabled": true,
          "entries": {
            "bios.pdf": {
              "access": {
                "hidden": false
              },
              "checksum": "md5:adc06662d48b0afba8b9325fe9107286",
              "ext": "pdf",
              "id": "bab99c87-c061-4fad-b83c-8bdc41491877",
              "key": "bios.pdf",
              "links": {
                "content": "https://works.hcommons.org/api/records/m721s-j5t69/files/bios.pdf/content",
                "iiif_api": "https://works.hcommons.org/api/iiif/record:m721s-j5t69:bios.pdf/full/full/0/default.png",
                "iiif_base": "https://works.hcommons.org/api/iiif/record:m721s-j5t69:bios.pdf",
                "iiif_canvas": "https://works.hcommons.org/api/iiif/record:m721s-j5t69/canvas/bios.pdf",
                "iiif_info": "https://works.hcommons.org/api/iiif/record:m721s-j5t69:bios.pdf/info.json",
                "self": "https://works.hcommons.org/api/records/m721s-j5t69/files/bios.pdf"
              },
              "metadata": {},
              "mimetype": "application/pdf",
              "size": 225656,
              "storage_class": "L"
            }
          },
          "order": [],
          "total_bytes": 225656
        },
        "id": "m721s-j5t69",
        "is_draft": false,
        "is_published": true,
        "links": {
          "access": "https://works.hcommons.org/api/records/m721s-j5t69/access",
          "access_grants": "https://works.hcommons.org/api/records/m721s-j5t69/access/grants",
          "access_groups": "https://works.hcommons.org/api/records/m721s-j5t69/access/groups",
          "access_links": "https://works.hcommons.org/api/records/m721s-j5t69/access/links",
          "access_request": "https://works.hcommons.org/api/records/m721s-j5t69/access/request",
          "access_users": "https://works.hcommons.org/api/records/m721s-j5t69/access/users",
          "archive": "https://works.hcommons.org/api/records/m721s-j5t69/files-archive",
          "archive_media": "https://works.hcommons.org/api/records/m721s-j5t69/media-files-archive",
          "communities": "https://works.hcommons.org/api/records/m721s-j5t69/communities",
          "communities-suggestions": "https://works.hcommons.org/api/records/m721s-j5t69/communities-suggestions",
          "doi": "https://doi.org/10.17613/m721s-j5t69",
          "draft": "https://works.hcommons.org/api/records/m721s-j5t69/draft",
          "files": "https://works.hcommons.org/api/records/m721s-j5t69/files",
          "latest": "https://works.hcommons.org/api/records/m721s-j5t69/versions/latest",
          "latest_html": "https://works.hcommons.org/records/m721s-j5t69/latest",
          "media_files": "https://works.hcommons.org/api/records/m721s-j5t69/media-files",
          "parent": "https://works.hcommons.org/api/records/050a6-03817",
          "parent_doi": "https://works.hcommons.org/doi/10.17613/050a6-03817",
          "parent_html": "https://works.hcommons.org/records/050a6-03817",
          "requests": "https://works.hcommons.org/api/records/m721s-j5t69/requests",
          "reserve_doi": "https://works.hcommons.org/api/records/m721s-j5t69/draft/pids/doi",
          "self": "https://works.hcommons.org/api/records/m721s-j5t69",
          "self_doi": "https://works.hcommons.org/doi/10.17613/m721s-j5t69",
          "self_html": "https://works.hcommons.org/records/m721s-j5t69",
          "self_iiif_manifest": "https://works.hcommons.org/api/iiif/record:m721s-j5t69/manifest",
          "self_iiif_sequence": "https://works.hcommons.org/api/iiif/record:m721s-j5t69/sequence/default",
          "versions": "https://works.hcommons.org/api/records/m721s-j5t69/versions"
        },
        "media_files": {
          "count": 0,
          "enabled": false,
          "entries": {},
          "order": [],
          "total_bytes": 0
        },
        "metadata": {
          "creators": [
            {
              "person_or_org": {
                "family_name": "editors",
                "given_name": "",
                "name": "editors",
                "type": "personal"
              },
              "role": {
                "id": "author",
                "title": {
                  "en": "Author"
                }
              }
            }
          ],
          "identifiers": [
            {
              "identifier": "0BQ7r9",
              "scheme": "import-recid"
            },
            {
              "identifier": "https://jcrt.org/archives/23.2/bios/",
              "scheme": "url"
            }
          ],
          "languages": [
            {
              "id": "eng",
              "title": {
                "en": "English"
              }
            }
          ],
          "publication_date": "2025-01-01",
          "publisher": "Whitestone Publications",
          "resource_type": {
            "id": "textDocument-journalArticle",
            "title": {
              "de": "Zeitschriftenartikel",
              "en": "Journal article"
            }
          },
          "rights": [
            {
              "link": "https://jcrt.org/copyright/",
              "title": {
                "en": "Copyright held by the author(s). Published in the Journal for Cultural and Religious Theory."
              }
            }
          ],
          "subjects": [
            {
              "id": "http://id.worldcat.org/fast/1093763",
              "scheme": "FAST-topical",
              "subject": "Religion"
            }
          ],
          "title": "Author bios"
        },
        "parent": {
          "access": {
            "grants": [],
            "links": [],
            "owned_by": {
              "user": "3742"
            },
            "settings": {
              "accept_conditions_text": null,
              "allow_guest_requests": false,
              "allow_user_requests": false,
              "secret_link_expiration": 0
            }
          },
          "communities": {
            "default": "88c8f039-de21-4ae0-b12b-c28357fa23fc",
            "entries": [
              {
                "access": {
                  "member_policy": "open",
                  "members_visibility": "public",
                  "record_policy": "open",
                  "review_policy": "closed",
                  "visibility": "public"
                },
                "children": {
                  "allow": false
                },
                "created": "2026-08-30T09:55:16.261871+00:00",
                "custom_fields": {
                  "stats:dashboard_enabled": false
                },
                "deletion_status": {
                  "is_deleted": false,
                  "status": "P"
                },
                "id": "88c8f039-de21-4ae0-b12b-c28357fa23fc",
                "links": {},
                "metadata": {
                  "description": "JCRT 23.2",
                  "title": "JCRT 23.2",
                  "type": {
                    "id": "journal"
                  },
                  "website": "https://jcrt.org/archives/23.2/"
                },
                "revision_id": 3,
                "slug": "jcrt-232",
                "updated": "2026-08-30T09:55:53.096019+00:00"
              }
            ],
            "ids": [
              "88c8f039-de21-4ae0-b12b-c28357fa23fc"
            ]
          },
          "id": "050a6-03817",
          "pids": {
            "doi": {
              "client": "datacite",
              "identifier": "10.17613/050a6-03817",
              "provider": "datacite"
            }
          }
        },
        "pids": {
          "doi": {
            "client": "datacite",
            "identifier": "10.17613/m721s-j5t69",
            "provider": "datacite"
          },
          "oai": {
            "identifier": "oai:https://works.hcommons.org:m721s-j5t69",
            "provider": "oai"
          }
        },
        "revision_id": 5,
        "stats": {
          "all_versions": {
            "data_volume": 0.0,
            "downloads": 0,
            "unique_downloads": 0,
            "unique_views": 0,
            "views": 0
          },
          "this_version": {
            "data_volume": 0.0,
            "downloads": 0,
            "unique_downloads": 0,
            "unique_views": 0,
            "views": 0
          }
        },
        "status": "published",
        "updated": "2026-08-30T09:56:16.368834+00:00",
        "versions": {
          "index": 1,
          "is_latest": true,
          "is_latest_draft": true
        }
      },
      "record_id": "m721s-j5t69",
      "record_url": "https://works.hcommons.org/records/m721s-j5t69",
      "source_id": ""
    },
    {
      "collection_id": "88c8f039-de21-4ae0-b12b-c28357fa23fc",
      "errors": [],
      "files": {
        "Marks.pdf": {
          "messages": [],
          "status": "uploaded"
        }
      },
      "item_index": 2,
      "metadata": {
        "access": {
          "embargo": {
            "active": false,
            "reason": null
          },
          "files": "public",
          "record": "public",
          "status": "open"
        },
        "created": "2026-08-30T09:56:17.958756+00:00",
        "custom_fields": {
          "journal:journal": {
            "issn": "1530-5228",
            "issue": "2",
            "pages": "140-164",
            "title": "Journal for Cultural & Religious Theory",
            "volume": "23"
          },
          "kcr:user_defined_tags": [
            "aesthetics",
            "saint",
            "thomas",
            "aquinas",
            "ca-1225-1274"
          ]
        },
        "deletion_status": {
          "is_deleted": false,
          "status": "P"
        },
        "files": {
          "count": 1,
          "enabled": true,
          "entries": {
            "Marks.pdf": {
              "access": {
                "hidden": false
              },
              "checksum": "md5:600b8b7e2ade2557735a0fa9af68bff1",
              "ext": "pdf",
              "id": "72a3b43f-9d47-4371-bbea-b32be60e708b",
              "key": "Marks.pdf",
              "links": {
                "content": "https://works.hcommons.org/api/records/wqbc8-4kg96/files/Marks.pdf/content",
                "iiif_api": "https://works.hcommons.org/api/iiif/record:wqbc8-4kg96:Marks.pdf/full/full/0/default.png",
                "iiif_base": "https://works.hcommons.org/api/iiif/record:wqbc8-4kg96:Marks.pdf",
                "iiif_canvas": "https://works.hcommons.org/api/iiif/record:wqbc8-4kg96/canvas/Marks.pdf",
                "iiif_info": "https://works.hcommons.org/api/iiif/record:wqbc8-4kg96:Marks.pdf/info.json",
                "self": "https://works.hcommons.org/api/records/wqbc8-4kg96/files/Marks.pdf"
              },
              "metadata": {},
              "mimetype": "application/pdf",
              "size": 1596629,
              "storage_class": "L"
            }
          },
          "order": [],
          "total_bytes": 1596629
        },
        "id": "wqbc8-4kg96",
        "is_draft": false,
        "is_published": true,
        "links": {
          "access": "https://works.hcommons.org/api/records/wqbc8-4kg96/access",
          "access_grants": "https://works.hcommons.org/api/records/wqbc8-4kg96/access/grants",
          "access_groups": "https://works.hcommons.org/api/records/wqbc8-4kg96/access/groups",
          "access_links": "https://works.hcommons.org/api/records/wqbc8-4kg96/access/links",
          "access_request": "https://works.hcommons.org/api/records/wqbc8-4kg96/access/request",
          "access_users": "https://works.hcommons.org/api/records/wqbc8-4kg96/access/users",
          "archive": "https://works.hcommons.org/api/records/wqbc8-4kg96/files-archive",
          "archive_media": "https://works.hcommons.org/api/records/wqbc8-4kg96/media-files-archive",
          "communities": "https://works.hcommons.org/api/records/wqbc8-4kg96/communities",
          "communities-suggestions": "https://works.hcommons.org/api/records/wqbc8-4kg96/communities-suggestions",
          "doi": "https://doi.org/10.17613/wqbc8-4kg96",
          "draft": "https://works.hcommons.org/api/records/wqbc8-4kg96/draft",
          "files": "https://works.hcommons.org/api/records/wqbc8-4kg96/files",
          "latest": "https://works.hcommons.org/api/records/wqbc8-4kg96/versions/latest",
          "latest_html": "https://works.hcommons.org/records/wqbc8-4kg96/latest",
          "media_files": "https://works.hcommons.org/api/records/wqbc8-4kg96/media-files",
          "parent": "https://works.hcommons.org/api/records/19q23-shw43",
          "parent_doi": "https://works.hcommons.org/doi/10.17613/19q23-shw43",
          "parent_html": "https://works.hcommons.org/records/19q23-shw43",
          "requests": "https://works.hcommons.org/api/records/wqbc8-4kg96/requests",
          "reserve_doi": "https://works.hcommons.org/api/records/wqbc8-4kg96/draft/pids/doi",
          "self": "https://works.hcommons.org/api/records/wqbc8-4kg96",
          "self_doi": "https://works.hcommons.org/doi/10.17613/wqbc8-4kg96",
          "self_html": "https://works.hcommons.org/records/wqbc8-4kg96",
          "self_iiif_manifest": "https://works.hcommons.org/api/iiif/record:wqbc8-4kg96/manifest",
          "self_iiif_sequence": "https://works.hcommons.org/api/iiif/record:wqbc8-4kg96/sequence/default",
          "versions": "https://works.hcommons.org/api/records/wqbc8-4kg96/versions"
        },
        "media_files": {
          "count": 0,
          "enabled": false,
          "entries": {},
          "order": [],
          "total_bytes": 0
        },
        "metadata": {
          "creators": [
            {
              "person_or_org": {
                "family_name": "Marks",
                "given_name": "Pierce",
                "name": "Marks, Pierce",
                "type": "personal"
              },
              "role": {
                "id": "author",
                "title": {
                  "en": "Author"
                }
              }
            }
          ],
          "identifiers": [
            {
              "identifier": "GTJYdz",
              "scheme": "import-recid"
            },
            {
              "identifier": "https://jcrt.org/archives/23.2/marks/",
              "scheme": "url"
            }
          ],
          "languages": [
            {
              "id": "eng",
              "title": {
                "en": "English"
              }
            }
          ],
          "publication_date": "2025-01-01",
          "publisher": "Whitestone Publications",
          "resource_type": {
            "id": "textDocument-journalArticle",
            "title": {
              "de": "Zeitschriftenartikel",
              "en": "Journal article"
            }
          },
          "rights": [
            {
              "link": "https://jcrt.org/copyright/",
              "title": {
                "en": "Copyright held by the author(s). Published in the Journal for Cultural and Religious Theory."
              }
            }
          ],
          "subjects": [
            {
              "id": "http://id.worldcat.org/fast/798702",
              "scheme": "FAST-topical",
              "subject": "Aesthetics"
            }
          ],
          "title": "Reuniting Ethics and Aesthetics: Augustinian and Thomistic Aesthetics and the Buck-Passing Account of Aesthetic Value."
        },
        "parent": {
          "access": {
            "grants": [],
            "links": [],
            "owned_by": {
              "user": "3742"
            },
            "settings": {
              "accept_conditions_text": null,
              "allow_guest_requests": false,
              "allow_user_requests": false,
              "secret_link_expiration": 0
            }
          },
          "communities": {
            "default": "88c8f039-de21-4ae0-b12b-c28357fa23fc",
            "entries": [
              {
                "access": {
                  "member_policy": "open",
                  "members_visibility": "public",
                  "record_policy": "open",
                  "review_policy": "closed",
                  "visibility": "public"
                },
                "children": {
                  "allow": false
                },
                "created": "2026-08-30T09:55:16.261871+00:00",
                "custom_fields": {
                  "stats:dashboard_enabled": false
                },
                "deletion_status": {
                  "is_deleted": false,
                  "status": "P"
                },
                "id": "88c8f039-de21-4ae0-b12b-c28357fa23fc",
                "links": {},
                "metadata": {
                  "description": "JCRT 23.2",
                  "title": "JCRT 23.2",
                  "type": {
                    "id": "journal"
                  },
                  "website": "https://jcrt.org/archives/23.2/"
                },
                "revision_id": 3,
                "slug": "jcrt-232",
                "updated": "2026-08-30T09:55:53.096019+00:00"
              }
            ],
            "ids": [
              "88c8f039-de21-4ae0-b12b-c28357fa23fc"
            ]
          },
          "id": "19q23-shw43",
          "pids": {
            "doi": {
              "client": "datacite",
              "identifier": "10.17613/19q23-shw43",
              "provider": "datacite"
            }
          }
        },
        "pids": {
          "doi": {
            "client": "datacite",
            "identifier": "10.17613/wqbc8-4kg96",
            "provider": "datacite"
          },
          "oai": {
            "identifier": "oai:https://works.hcommons.org:wqbc8-4kg96",
            "provider": "oai"
          }
        },
        "revision_id": 5,
        "stats": {
          "all_versions": {
            "data_volume": 0.0,
            "downloads": 0,
            "unique_downloads": 0,
            "unique_views": 0,
            "views": 0
          },
          "this_version": {
            "data_volume": 0.0,
            "downloads": 0,
            "unique_downloads": 0,
            "unique_views": 0,
            "views": 0
          }
        },
        "status": "published",
        "updated": "2026-08-30T09:56:18.208571+00:00",
        "versions": {
          "index": 1,
          "is_latest": true,
          "is_latest_draft": true
        }
      },
      "record_id": "wqbc8-4kg96",
      "record_url": "https://works.hcommons.org/records/wqbc8-4kg96",
      "source_id": ""
    },
    {
      "collection_id": "88c8f039-de21-4ae0-b12b-c28357fa23fc",
      "errors": [],
      "files": {
        "Porter.pdf": {
          "messages": [],
          "status": "uploaded"
        }
      },
      "item_index": 3,
      "metadata": {
        "access": {
          "embargo": {
            "active": false,
            "reason": null
          },
          "files": "public",
          "record": "public",
          "status": "open"
        },
        "created": "2026-08-30T09:56:19.863253+00:00",
        "custom_fields": {
          "journal:journal": {
            "issn": "1530-5228",
            "issue": "2",
            "pages": "165-174",
            "title": "Journal for Cultural & Religious Theory",
            "volume": "23"
          },
          "kcr:user_defined_tags": [
            "natural-law",
            "catholic-feminism"
          ]
        },
        "deletion_status": {
          "is_deleted": false,
          "status": "P"
        },
        "files": {
          "count": 1,
          "enabled": true,
          "entries": {
            "Porter.pdf": {
              "access": {
                "hidden": false
              },
              "checksum": "md5:ed7744c695bea441bde73e388c45ae86",
              "ext": "pdf",
              "id": "17661043-3c04-4217-8dba-19c6a1c852c6",
              "key": "Porter.pdf",
              "links": {
                "content": "https://works.hcommons.org/api/records/n18ag-d3p31/files/Porter.pdf/content",
                "iiif_api": "https://works.hcommons.org/api/iiif/record:n18ag-d3p31:Porter.pdf/full/full/0/default.png",
                "iiif_base": "https://works.hcommons.org/api/iiif/record:n18ag-d3p31:Porter.pdf",
                "iiif_canvas": "https://works.hcommons.org/api/iiif/record:n18ag-d3p31/canvas/Porter.pdf",
                "iiif_info": "https://works.hcommons.org/api/iiif/record:n18ag-d3p31:Porter.pdf/info.json",
                "self": "https://works.hcommons.org/api/records/n18ag-d3p31/files/Porter.pdf"
              },
              "metadata": {},
              "mimetype": "application/pdf",
              "size": 554450,
              "storage_class": "L"
            }
          },
          "order": [],
          "total_bytes": 554450
        },
        "id": "n18ag-d3p31",
        "is_draft": false,
        "is_published": true,
        "links": {
          "access": "https://works.hcommons.org/api/records/n18ag-d3p31/access",
          "access_grants": "https://works.hcommons.org/api/records/n18ag-d3p31/access/grants",
          "access_groups": "https://works.hcommons.org/api/records/n18ag-d3p31/access/groups",
          "access_links": "https://works.hcommons.org/api/records/n18ag-d3p31/access/links",
          "access_request": "https://works.hcommons.org/api/records/n18ag-d3p31/access/request",
          "access_users": "https://works.hcommons.org/api/records/n18ag-d3p31/access/users",
          "archive": "https://works.hcommons.org/api/records/n18ag-d3p31/files-archive",
          "archive_media": "https://works.hcommons.org/api/records/n18ag-d3p31/media-files-archive",
          "communities": "https://works.hcommons.org/api/records/n18ag-d3p31/communities",
          "communities-suggestions": "https://works.hcommons.org/api/records/n18ag-d3p31/communities-suggestions",
          "doi": "https://doi.org/10.17613/n18ag-d3p31",
          "draft": "https://works.hcommons.org/api/records/n18ag-d3p31/draft",
          "files": "https://works.hcommons.org/api/records/n18ag-d3p31/files",
          "latest": "https://works.hcommons.org/api/records/n18ag-d3p31/versions/latest",
          "latest_html": "https://works.hcommons.org/records/n18ag-d3p31/latest",
          "media_files": "https://works.hcommons.org/api/records/n18ag-d3p31/media-files",
          "parent": "https://works.hcommons.org/api/records/av72v-ydc59",
          "parent_doi": "https://works.hcommons.org/doi/10.17613/av72v-ydc59",
          "parent_html": "https://works.hcommons.org/records/av72v-ydc59",
          "requests": "https://works.hcommons.org/api/records/n18ag-d3p31/requests",
          "reserve_doi": "https://works.hcommons.org/api/records/n18ag-d3p31/draft/pids/doi",
          "self": "https://works.hcommons.org/api/records/n18ag-d3p31",
          "self_doi": "https://works.hcommons.org/doi/10.17613/n18ag-d3p31",
          "self_html": "https://works.hcommons.org/records/n18ag-d3p31",
          "self_iiif_manifest": "https://works.hcommons.org/api/iiif/record:n18ag-d3p31/manifest",
          "self_iiif_sequence": "https://works.hcommons.org/api/iiif/record:n18ag-d3p31/sequence/default",
          "versions": "https://works.hcommons.org/api/records/n18ag-d3p31/versions"
        },
        "media_files": {
          "count": 0,
          "enabled": false,
          "entries": {},
          "order": [],
          "total_bytes": 0
        },
        "metadata": {
          "creators": [
            {
              "person_or_org": {
                "family_name": "Porter",
                "given_name": "Andrew Stone",
                "name": "Porter, Andrew Stone",
                "type": "personal"
              },
              "role": {
                "id": "author",
                "title": {
                  "en": "Author"
                }
              }
            }
          ],
          "identifiers": [
            {
              "identifier": "15GdFL",
              "scheme": "import-recid"
            },
            {
              "identifier": "https://jcrt.org/archives/23.2/porter/",
              "scheme": "url"
            }
          ],
          "languages": [
            {
              "id": "eng",
              "title": {
                "en": "English"
              }
            }
          ],
          "publication_date": "2025-01-01",
          "publisher": "Whitestone Publications",
          "resource_type": {
            "id": "textDocument-journalArticle",
            "title": {
              "de": "Zeitschriftenartikel",
              "en": "Journal article"
            }
          },
          "rights": [
            {
              "link": "https://jcrt.org/copyright/",
              "title": {
                "en": "Copyright held by the author(s). Published in the Journal for Cultural and Religious Theory."
              }
            }
          ],
          "subjects": [
            {
              "id": "http://id.worldcat.org/fast/922703",
              "scheme": "FAST-topical",
              "subject": "Feminism--Religious aspects--Catholic Church"
            },
            {
              "id": "http://id.worldcat.org/fast/1034366",
              "scheme": "FAST-topical",
              "subject": "Natural law"
            }
          ],
          "title": "Dis/Ordered Liberty: Islamic and Catholic Feminist Perspectives on Natural Law After Dobbs"
        },
        "parent": {
          "access": {
            "grants": [],
            "links": [],
            "owned_by": {
              "user": "3742"
            },
            "settings": {
              "accept_conditions_text": null,
              "allow_guest_requests": false,
              "allow_user_requests": false,
              "secret_link_expiration": 0
            }
          },
          "communities": {
            "default": "88c8f039-de21-4ae0-b12b-c28357fa23fc",
            "entries": [
              {
                "access": {
                  "member_policy": "open",
                  "members_visibility": "public",
                  "record_policy": "open",
                  "review_policy": "closed",
                  "visibility": "public"
                },
                "children": {
                  "allow": false
                },
                "created": "2026-08-30T09:55:16.261871+00:00",
                "custom_fields": {
                  "stats:dashboard_enabled": false
                },
                "deletion_status": {
                  "is_deleted": false,
                  "status": "P"
                },
                "id": "88c8f039-de21-4ae0-b12b-c28357fa23fc",
                "links": {},
                "metadata": {
                  "description": "JCRT 23.2",
                  "title": "JCRT 23.2",
                  "type": {
                    "id": "journal"
                  },
                  "website": "https://jcrt.org/archives/23.2/"
                },
                "revision_id": 3,
                "slug": "jcrt-232",
                "updated": "2026-08-30T09:55:53.096019+00:00"
              }
            ],
            "ids": [
              "88c8f039-de21-4ae0-b12b-c28357fa23fc"
            ]
          },
          "id": "av72v-ydc59",
          "pids": {
            "doi": {
              "client": "datacite",
              "identifier": "10.17613/av72v-ydc59",
              "provider": "datacite"
            }
          }
        },
        "pids": {
          "doi": {
            "client": "datacite",
            "identifier": "10.17613/n18ag-d3p31",
            "provider": "datacite"
          },
          "oai": {
            "identifier": "oai:https://works.hcommons.org:n18ag-d3p31",
            "provider": "oai"
          }
        },
        "revision_id": 5,
        "stats": {
          "all_versions": {
            "data_volume": 0.0,
            "downloads": 0,
            "unique_downloads": 0,
            "unique_views": 0,
            "views": 0
          },
          "this_version": {
            "data_volume": 0.0,
            "downloads": 0,
            "unique_downloads": 0,
            "unique_views": 0,
            "views": 0
          }
        },
        "status": "published",
        "updated": "2026-08-30T09:56:20.089721+00:00",
        "versions": {
          "index": 1,
          "is_latest": true,
          "is_latest_draft": true
        }
      },
      "record_id": "n18ag-d3p31",
      "record_url": "https://works.hcommons.org/records/n18ag-d3p31",
      "source_id": ""
    },
    {
      "collection_id": "88c8f039-de21-4ae0-b12b-c28357fa23fc",
      "errors": [],
      "files": {
        "Raschke.pdf": {
          "messages": [],
          "status": "uploaded"
        }
      },
      "item_index": 4,
      "metadata": {
        "access": {
          "embargo": {
            "active": false,
            "reason": null
          },
          "files": "public",
          "record": "public",
          "status": "open"
        },
        "created": "2026-08-30T09:56:21.651540+00:00",
        "custom_fields": {
          "journal:journal": {
            "issn": "1530-5228",
            "issue": "2",
            "pages": "175-195",
            "title": "Journal for Cultural & Religious Theory",
            "volume": "23"
          },
          "kcr:user_defined_tags": [
            "grammar-of-address",
            "cognitive-science-of-religion",
            "carl-raschke",
            "second-person",
            "philosophy-of-language",
            "religious-studies",
            "phenomenology",
            "dialogue",
            "martin-buber",
            "semiotics",
            "personhood"
          ]
        },
        "deletion_status": {
          "is_deleted": false,
          "status": "P"
        },
        "files": {
          "count": 1,
          "enabled": true,
          "entries": {
            "Raschke.pdf": {
              "access": {
                "hidden": false
              },
              "checksum": "md5:508a4b55181996a9fa27aa8ba906f9dd",
              "ext": "pdf",
              "id": "a0cfe57d-13a5-4168-9544-a5b333a66097",
              "key": "Raschke.pdf",
              "links": {
                "content": "https://works.hcommons.org/api/records/yb5ec-f8s62/files/Raschke.pdf/content",
                "iiif_api": "https://works.hcommons.org/api/iiif/record:yb5ec-f8s62:Raschke.pdf/full/full/0/default.png",
                "iiif_base": "https://works.hcommons.org/api/iiif/record:yb5ec-f8s62:Raschke.pdf",
                "iiif_canvas": "https://works.hcommons.org/api/iiif/record:yb5ec-f8s62/canvas/Raschke.pdf",
                "iiif_info": "https://works.hcommons.org/api/iiif/record:yb5ec-f8s62:Raschke.pdf/info.json",
                "self": "https://works.hcommons.org/api/records/yb5ec-f8s62/files/Raschke.pdf"
              },
              "metadata": {},
              "mimetype": "application/pdf",
              "size": 862792,
              "storage_class": "L"
            }
          },
          "order": [],
          "total_bytes": 862792
        },
        "id": "yb5ec-f8s62",
        "is_draft": false,
        "is_published": true,
        "links": {
          "access": "https://works.hcommons.org/api/records/yb5ec-f8s62/access",
          "access_grants": "https://works.hcommons.org/api/records/yb5ec-f8s62/access/grants",
          "access_groups": "https://works.hcommons.org/api/records/yb5ec-f8s62/access/groups",
          "access_links": "https://works.hcommons.org/api/records/yb5ec-f8s62/access/links",
          "access_request": "https://works.hcommons.org/api/records/yb5ec-f8s62/access/request",
          "access_users": "https://works.hcommons.org/api/records/yb5ec-f8s62/access/users",
          "archive": "https://works.hcommons.org/api/records/yb5ec-f8s62/files-archive",
          "archive_media": "https://works.hcommons.org/api/records/yb5ec-f8s62/media-files-archive",
          "communities": "https://works.hcommons.org/api/records/yb5ec-f8s62/communities",
          "communities-suggestions": "https://works.hcommons.org/api/records/yb5ec-f8s62/communities-suggestions",
          "doi": "https://doi.org/10.17613/yb5ec-f8s62",
          "draft": "https://works.hcommons.org/api/records/yb5ec-f8s62/draft",
          "files": "https://works.hcommons.org/api/records/yb5ec-f8s62/files",
          "latest": "https://works.hcommons.org/api/records/yb5ec-f8s62/versions/latest",
          "latest_html": "https://works.hcommons.org/records/yb5ec-f8s62/latest",
          "media_files": "https://works.hcommons.org/api/records/yb5ec-f8s62/media-files",
          "parent": "https://works.hcommons.org/api/records/vx5tb-20a54",
          "parent_doi": "https://works.hcommons.org/doi/10.17613/vx5tb-20a54",
          "parent_html": "https://works.hcommons.org/records/vx5tb-20a54",
          "requests": "https://works.hcommons.org/api/records/yb5ec-f8s62/requests",
          "reserve_doi": "https://works.hcommons.org/api/records/yb5ec-f8s62/draft/pids/doi",
          "self": "https://works.hcommons.org/api/records/yb5ec-f8s62",
          "self_doi": "https://works.hcommons.org/doi/10.17613/yb5ec-f8s62",
          "self_html": "https://works.hcommons.org/records/yb5ec-f8s62",
          "self_iiif_manifest": "https://works.hcommons.org/api/iiif/record:yb5ec-f8s62/manifest",
          "self_iiif_sequence": "https://works.hcommons.org/api/iiif/record:yb5ec-f8s62/sequence/default",
          "versions": "https://works.hcommons.org/api/records/yb5ec-f8s62/versions"
        },
        "media_files": {
          "count": 0,
          "enabled": false,
          "entries": {},
          "order": [],
          "total_bytes": 0
        },
        "metadata": {
          "creators": [
            {
              "person_or_org": {
                "family_name": "Raschke",
                "given_name": "Carl A.",
                "name": "Raschke, Carl A.",
                "type": "personal"
              },
              "role": {
                "id": "author",
                "title": {
                  "en": "Author"
                }
              }
            }
          ],
          "identifiers": [
            {
              "identifier": "2x-OM7",
              "scheme": "import-recid"
            },
            {
              "identifier": "https://jcrt.org/archives/23.2/raschke/",
              "scheme": "url"
            }
          ],
          "languages": [
            {
              "id": "eng",
              "title": {
                "en": "English"
              }
            }
          ],
          "publication_date": "2025-01-01",
          "publisher": "Whitestone Publications",
          "resource_type": {
            "id": "textDocument-journalArticle",
            "title": {
              "de": "Zeitschriftenartikel",
              "en": "Journal article"
            }
          },
          "rights": [
            {
              "link": "https://jcrt.org/copyright/",
              "title": {
                "en": "Copyright held by the author(s). Published in the Journal for Cultural and Religious Theory."
              }
            }
          ],
          "subjects": [
            {
              "id": "http://id.worldcat.org/fast/892486",
              "scheme": "FAST-topical",
              "subject": "Dialogue"
            },
            {
              "id": "http://id.worldcat.org/fast/1060522",
              "scheme": "FAST-topical",
              "subject": "Phenomenology"
            },
            {
              "id": "http://id.worldcat.org/fast/1112351",
              "scheme": "FAST-topical",
              "subject": "Semiotics"
            }
          ],
          "title": "Saying \"You\": the Grammar of Address and the Limitations of Cognitive Theories of Religion"
        },
        "parent": {
          "access": {
            "grants": [],
            "links": [],
            "owned_by": {
              "user": "3742"
            },
            "settings": {
              "accept_conditions_text": null,
              "allow_guest_requests": false,
              "allow_user_requests": false,
              "secret_link_expiration": 0
            }
          },
          "communities": {
            "default": "88c8f039-de21-4ae0-b12b-c28357fa23fc",
            "entries": [
              {
                "access": {
                  "member_policy": "open",
                  "members_visibility": "public",
                  "record_policy": "open",
                  "review_policy": "closed",
                  "visibility": "public"
                },
                "children": {
                  "allow": false
                },
                "created": "2026-08-30T09:55:16.261871+00:00",
                "custom_fields": {
                  "stats:dashboard_enabled": false
                },
                "deletion_status": {
                  "is_deleted": false,
                  "status": "P"
                },
                "id": "88c8f039-de21-4ae0-b12b-c28357fa23fc",
                "links": {},
                "metadata": {
                  "description": "JCRT 23.2",
                  "title": "JCRT 23.2",
                  "type": {
                    "id": "journal"
                  },
                  "website": "https://jcrt.org/archives/23.2/"
                },
                "revision_id": 3,
                "slug": "jcrt-232",
                "updated": "2026-08-30T09:55:53.096019+00:00"
              }
            ],
            "ids": [
              "88c8f039-de21-4ae0-b12b-c28357fa23fc"
            ]
          },
          "id": "vx5tb-20a54",
          "pids": {
            "doi": {
              "client": "datacite",
              "identifier": "10.17613/vx5tb-20a54",
              "provider": "datacite"
            }
          }
        },
        "pids": {
          "doi": {
            "client": "datacite",
            "identifier": "10.17613/yb5ec-f8s62",
            "provider": "datacite"
          },
          "oai": {
            "identifier": "oai:https://works.hcommons.org:yb5ec-f8s62",
            "provider": "oai"
          }
        },
        "revision_id": 5,
        "stats": {
          "all_versions": {
            "data_volume": 0.0,
            "downloads": 0,
            "unique_downloads": 0,
            "unique_views": 0,
            "views": 0
          },
          "this_version": {
            "data_volume": 0.0,
            "downloads": 0,
            "unique_downloads": 0,
            "unique_views": 0,
            "views": 0
          }
        },
        "status": "published",
        "updated": "2026-08-30T09:56:21.873479+00:00",
        "versions": {
          "index": 1,
          "is_latest": true,
          "is_latest_draft": true
        }
      },
      "record_id": "yb5ec-f8s62",
      "record_url": "https://works.hcommons.org/records/yb5ec-f8s62",
      "source_id": ""
    },
    {
      "collection_id": "88c8f039-de21-4ae0-b12b-c28357fa23fc",
      "errors": [],
      "files": {
        "Sendag.pdf": {
          "messages": [],
          "status": "uploaded"
        }
      },
      "item_index": 5,
      "metadata": {
        "access": {
          "embargo": {
            "active": false,
            "reason": null
          },
          "files": "public",
          "record": "public",
          "status": "open"
        },
        "created": "2026-08-30T09:56:23.497181+00:00",
        "custom_fields": {
          "journal:journal": {
            "issn": "1530-5228",
            "issue": "2",
            "pages": "195-215",
            "title": "Journal for Cultural & Religious Theory",
            "volume": "23"
          },
          "kcr:user_defined_tags": [
            "spirituality",
            "healing",
            "turkey"
          ]
        },
        "deletion_status": {
          "is_deleted": false,
          "status": "P"
        },
        "files": {
          "count": 1,
          "enabled": true,
          "entries": {
            "Sendag.pdf": {
              "access": {
                "hidden": false
              },
              "checksum": "md5:46c1f31ff8fdd456c6264d18ecbbd4a3",
              "ext": "pdf",
              "id": "d1ca44f5-f153-454a-9809-059f0b2d5e86",
              "key": "Sendag.pdf",
              "links": {
                "content": "https://works.hcommons.org/api/records/sjwnw-4f877/files/Sendag.pdf/content",
                "iiif_api": "https://works.hcommons.org/api/iiif/record:sjwnw-4f877:Sendag.pdf/full/full/0/default.png",
                "iiif_base": "https://works.hcommons.org/api/iiif/record:sjwnw-4f877:Sendag.pdf",
                "iiif_canvas": "https://works.hcommons.org/api/iiif/record:sjwnw-4f877/canvas/Sendag.pdf",
                "iiif_info": "https://works.hcommons.org/api/iiif/record:sjwnw-4f877:Sendag.pdf/info.json",
                "self": "https://works.hcommons.org/api/records/sjwnw-4f877/files/Sendag.pdf"
              },
              "metadata": {},
              "mimetype": "application/pdf",
              "size": 1260562,
              "storage_class": "L"
            }
          },
          "order": [],
          "total_bytes": 1260562
        },
        "id": "sjwnw-4f877",
        "is_draft": false,
        "is_published": true,
        "links": {
          "access": "https://works.hcommons.org/api/records/sjwnw-4f877/access",
          "access_grants": "https://works.hcommons.org/api/records/sjwnw-4f877/access/grants",
          "access_groups": "https://works.hcommons.org/api/records/sjwnw-4f877/access/groups",
          "access_links": "https://works.hcommons.org/api/records/sjwnw-4f877/access/links",
          "access_request": "https://works.hcommons.org/api/records/sjwnw-4f877/access/request",
          "access_users": "https://works.hcommons.org/api/records/sjwnw-4f877/access/users",
          "archive": "https://works.hcommons.org/api/records/sjwnw-4f877/files-archive",
          "archive_media": "https://works.hcommons.org/api/records/sjwnw-4f877/media-files-archive",
          "communities": "https://works.hcommons.org/api/records/sjwnw-4f877/communities",
          "communities-suggestions": "https://works.hcommons.org/api/records/sjwnw-4f877/communities-suggestions",
          "doi": "https://doi.org/10.17613/sjwnw-4f877",
          "draft": "https://works.hcommons.org/api/records/sjwnw-4f877/draft",
          "files": "https://works.hcommons.org/api/records/sjwnw-4f877/files",
          "latest": "https://works.hcommons.org/api/records/sjwnw-4f877/versions/latest",
          "latest_html": "https://works.hcommons.org/records/sjwnw-4f877/latest",
          "media_files": "https://works.hcommons.org/api/records/sjwnw-4f877/media-files",
          "parent": "https://works.hcommons.org/api/records/p0xgz-d9q24",
          "parent_doi": "https://works.hcommons.org/doi/10.17613/p0xgz-d9q24",
          "parent_html": "https://works.hcommons.org/records/p0xgz-d9q24",
          "requests": "https://works.hcommons.org/api/records/sjwnw-4f877/requests",
          "reserve_doi": "https://works.hcommons.org/api/records/sjwnw-4f877/draft/pids/doi",
          "self": "https://works.hcommons.org/api/records/sjwnw-4f877",
          "self_doi": "https://works.hcommons.org/doi/10.17613/sjwnw-4f877",
          "self_html": "https://works.hcommons.org/records/sjwnw-4f877",
          "self_iiif_manifest": "https://works.hcommons.org/api/iiif/record:sjwnw-4f877/manifest",
          "self_iiif_sequence": "https://works.hcommons.org/api/iiif/record:sjwnw-4f877/sequence/default",
          "versions": "https://works.hcommons.org/api/records/sjwnw-4f877/versions"
        },
        "media_files": {
          "count": 0,
          "enabled": false,
          "entries": {},
          "order": [],
          "total_bytes": 0
        },
        "metadata": {
          "creators": [
            {
              "person_or_org": {
                "family_name": "Sendag",
                "given_name": "Duygu",
                "name": "Sendag, Duygu",
                "type": "personal"
              },
              "role": {
                "id": "author",
                "title": {
                  "en": "Author"
                }
              }
            }
          ],
          "identifiers": [
            {
              "identifier": "m08Zb1",
              "scheme": "import-recid"
            },
            {
              "identifier": "https://jcrt.org/archives/23.2/sendag/",
              "scheme": "url"
            }
          ],
          "languages": [
            {
              "id": "eng",
              "title": {
                "en": "English"
              }
            }
          ],
          "publication_date": "2025-01-01",
          "publisher": "Whitestone Publications",
          "resource_type": {
            "id": "textDocument-journalArticle",
            "title": {
              "de": "Zeitschriftenartikel",
              "en": "Journal article"
            }
          },
          "rights": [
            {
              "link": "https://jcrt.org/copyright/",
              "title": {
                "en": "Copyright held by the author(s). Published in the Journal for Cultural and Religious Theory."
              }
            }
          ],
          "subjects": [
            {
              "id": "http://id.worldcat.org/fast/952704",
              "scheme": "FAST-topical",
              "subject": "Healing"
            },
            {
              "id": "http://id.worldcat.org/fast/1130186",
              "scheme": "FAST-topical",
              "subject": "Spirituality"
            },
            {
              "id": "http://id.worldcat.org/fast/1208963",
              "scheme": "FAST-geographic",
              "subject": "Turkey"
            }
          ],
          "title": "Healing as Multimedia Practice: Contemporary Spirituality in Turkey"
        },
        "parent": {
          "access": {
            "grants": [],
            "links": [],
            "owned_by": {
              "user": "3742"
            },
            "settings": {
              "accept_conditions_text": null,
              "allow_guest_requests": false,
              "allow_user_requests": false,
              "secret_link_expiration": 0
            }
          },
          "communities": {
            "default": "88c8f039-de21-4ae0-b12b-c28357fa23fc",
            "entries": [
              {
                "access": {
                  "member_policy": "open",
                  "members_visibility": "public",
                  "record_policy": "open",
                  "review_policy": "closed",
                  "visibility": "public"
                },
                "children": {
                  "allow": false
                },
                "created": "2026-08-30T09:55:16.261871+00:00",
                "custom_fields": {
                  "stats:dashboard_enabled": false
                },
                "deletion_status": {
                  "is_deleted": false,
                  "status": "P"
                },
                "id": "88c8f039-de21-4ae0-b12b-c28357fa23fc",
                "links": {},
                "metadata": {
                  "description": "JCRT 23.2",
                  "title": "JCRT 23.2",
                  "type": {
                    "id": "journal"
                  },
                  "website": "https://jcrt.org/archives/23.2/"
                },
                "revision_id": 3,
                "slug": "jcrt-232",
                "updated": "2026-08-30T09:55:53.096019+00:00"
              }
            ],
            "ids": [
              "88c8f039-de21-4ae0-b12b-c28357fa23fc"
            ]
          },
          "id": "p0xgz-d9q24",
          "pids": {
            "doi": {
              "client": "datacite",
              "identifier": "10.17613/p0xgz-d9q24",
              "provider": "datacite"
            }
          }
        },
        "pids": {
          "doi": {
            "client": "datacite",
            "identifier": "10.17613/sjwnw-4f877",
            "provider": "datacite"
          },
          "oai": {
            "identifier": "oai:https://works.hcommons.org:sjwnw-4f877",
            "provider": "oai"
          }
        },
        "revision_id": 5,
        "stats": {
          "all_versions": {
            "data_volume": 0.0,
            "downloads": 0,
            "unique_downloads": 0,
            "unique_views": 0,
            "views": 0
          },
          "this_version": {
            "data_volume": 0.0,
            "downloads": 0,
            "unique_downloads": 0,
            "unique_views": 0,
            "views": 0
          }
        },
        "status": "published",
        "updated": "2026-08-30T09:56:23.715234+00:00",
        "versions": {
          "index": 1,
          "is_latest": true,
          "is_latest_draft": true
        }
      },
      "record_id": "sjwnw-4f877",
      "record_url": "https://works.hcommons.org/records/sjwnw-4f877",
      "source_id": ""
    }
  ],
  "errors": [],
  "message": "All records were successfully imported",
  "status": "success"
}