{
  "status": 200,
  "message": "25.2 records verified in KC Works",
  "errors": [],
  "data": [
    {
      "record_id": "e5kde-7hj15"
    },
    {
      "record_id": "2rm1h-9gg34"
    },
    {
      "record_id": "3h219-y9w73"
    },
    {
      "record_id": "97hvj-vey11"
    },
    {
      "record_id": "wp8yj-4wp93"
    },
    {
      "record_id": "a9h3h-kzt94"
    },
    {
      "record_id": "snmtg-sq183"
    },
    {
      "record_id": "8kj5v-qwf94"
    },
    {
      "record_id": "44dg3-c1k17"
    },
    {
      "record_id": "hqej7-fay84"
    }
  ]
}
